  console.log
    WA_RUNTIME_ACTIVE

      at console.fn [as log] (tests/jest.setup.js:37:12)

  console.log
    [TRACE_INTENT_1] incomingIntent GENERAL { text: 'kirim brosur ya', programHint: null }

      at console.fn [as log] (tests/jest.setup.js:37:12)

  console.log
    [TRACE_INTENT_DETAILED] { detectedIntent: 'GENERAL', confidence: 0.7, routedIntent: 'GENERAL' }

      at console.fn [as log] (tests/jest.setup.js:37:12)

  console.log
    [TRACE_INCOMING] {
      chatId: 'user1',
      text: 'kirim brosur ya',
      messageId: null,
      inboundTs: null
    }

      at console.fn [as log] (tests/jest.setup.js:37:12)

  console.log
    [safeSessionUpsert] called {
      chatId: 'user1',
      arg1Type: 'string',
      arg2Type: 'object',
      arg3Type: 'string',
      state: 'root'
    }

      at console.fn [as log] (tests/jest.setup.js:37:12)

  console.log
    [SESSION UPSERT] {
      chatId: 'user1',
      state: 'root',
      dataKeys: [ 'composerInputText', 'composerInputAt' ],
      arg1Type: 'string',
      arg2Type: 'object',
      arg3Type: 'string',
      existingState: null,
      existingDataKeys: []
    }

      at console.fn [as log] (tests/jest.setup.js:37:12)

  console.log
    [DEBUG] choose_program anchored rag check {
      chatId: 'user1',
      stage: '',
      degreeInFlow: '',
      programInText: null,
      looksSpecific: false,
      isPureSelection: false,
      ragReady: true,
      text: 'kirim brosur ya'
    }

      at console.fn [as log] (tests/jest.setup.js:37:12)

  console.log
    [findReplyByRules] No keyword match found

      at console.fn [as log] (tests/jest.setup.js:37:12)

  console.error
    [DEBUG] ragQueryWithEval ENTER {
      chatId: 'user1',
      question: 'kirim brosur ya',
      topK: 6,
      options: null
    }

    [0m [90m 35 |[39m   [36mreturn[39m ([33m...[39margs) [33m=>[39m {
     [90m 36 |[39m     [36mif[39m (shouldSuppressConsoleMessage(args)) [36mreturn[39m[33m;[39m
    [31m[1m>[22m[39m[90m 37 |[39m     [36mreturn[39m fn([33m...[39margs)[33m;[39m
     [90m    |[39m            [31m[1m^[22m[39m
     [90m 38 |[39m   }[33m;[39m
     [90m 39 |[39m }
     [90m 40 |[39m[0m

      at console.fn [as error] (tests/jest.setup.js:37:12)
      at error (src/routes/provider.js:841:15)
      at ragQueryWithEval (src/routes/provider.js:15517:33)

  console.log
    [TRACE_PROVIDER_ENTER] {
      chatId: 'user1',
      question: 'kirim brosur ya',
      topK: 6,
      options: null
    }

      at console.fn [as log] (tests/jest.setup.js:37:12)

  console.log
    [TRACE_RAG_QUERY_ENTITIES] {
      originalQuery: 'kirim brosur ya',
      effectiveQuestion: 'kirim brosur ya',
      divisionKey: 'pmb',
      effectiveQueryEntities: {}
    }

      at console.fn [as log] (tests/jest.setup.js:37:12)

  console.log
    [TRACE_INTENT_PROVIDER] {
      providerIntentOnOriginal: 'GENERAL',
      originalQuery: 'kirim brosur ya'
    }

      at console.fn [as log] (tests/jest.setup.js:37:12)

  console.log
    [TRACE_COST_PROGRAM_SESSION] {
      chatId: 'user1',
      programHintDet: null,
      gelDet: null,
      sessionProgram: null,
      sessionRegistrationFlowProgram: null,
      pendingTotalCost: null
    }

      at console.fn [as log] (tests/jest.setup.js:37:12)

  console.log
    [TRACE_COST_PROGRAM_RAG] {
      chatId: 'user1',
      originalQuery: 'kirim brosur ya',
      effectiveQuestion: 'kirim brosur ya',
      divisionKey: 'pmb',
      programHintDet: null,
      gelDet: null,
      providerIntentOnOriginal: 'GENERAL',
      isCostIntent: false,
      sessionProgram: null,
      sessionRegistrationFlowProgram: null,
      answerQuestion: null
    }

      at console.fn [as log] (tests/jest.setup.js:37:12)

  console.log
    [TRACE_PROVIDER_BEFORE_RAG] {
      chatId: 'user1',
      effectiveQuestion: 'kirim brosur ya',
      topK: 6,
      merged: { divisionKey: 'pmb', minScore: undefined }
    }

      at console.fn [as log] (tests/jest.setup.js:37:12)

  console.log
    [TRACE_PROVIDER_AFTER_RAG_QUERY_1] {
      chatId: 'user1',
      isNull: false,
      isUndefined: false,
      type: 'object',
      keys: [ 'success', 'answer', 'source', 'contexts' ],
      value: { success: true, answer: null, source: 'rag-no-match', contexts: [] }
    }

      at console.fn [as log] (tests/jest.setup.js:37:12)

  console.log
    [TRACE_PROVIDER_AFTER_RAG] {
      chatId: 'user1',
      ragSummary: {
        success: true,
        source: 'rag-no-match',
        contexts: 0,
        answerPreview: ''
      }
    }

      at console.fn [as log] (tests/jest.setup.js:37:12)

  console.log
    [TRACE_RAG_RESULT_ANSWER] {
      chatId: 'user1',
      ragSource: 'rag-no-match',
      ragSuccess: true,
      answerPreview: ''
    }

      at console.fn [as log] (tests/jest.setup.js:37:12)

  console.log
    [TRACE_RAG_SCHOLARSHIP] {
      detectedScholarship: null,
      topRetrievedChunks: [],
      selectedChunk: null
    }

      at console.fn [as log] (tests/jest.setup.js:37:12)

  console.log
    [TRACE_INTENT_RAG] { ragIntent: 'GENERAL', ragSource: 'rag-no-match' }

      at console.fn [as log] (tests/jest.setup.js:37:12)

  console.log
    [TRACE_INTENT_DETECT] {
      incomingIntent: null,
      mappedIncomingIntent: null,
      incomingConfidence: 0,
      candidateIntent: 'biaya',
      messageText: 'Maaf, saya belum dapat menemukan jawaban yang tepat untuk pertanyaan tersebut ≡ƒÖÅ\n' +
        '\n' +
        'Agar saya bisa membantu lebih baik, coba tuliskan pertanyaan\n' +
        'dengan lebih spesifik, misalnya:\n' +
        '  - Nama program studi yang dimaksud\n' +
        '  - Gelombang pendaftaran\n' +
        ' ',
      userQuery: 'kirim brosur ya'
    }

      at console.fn [as log] (tests/jest.setup.js:37:12)

  console.log
    [TRACE_INTENT_OVERRIDE] {
      action: 'overridden',
      incomingIntent: null,
      mappedIncomingIntent: null,
      incomingConfidence: 0,
      candidateIntent: 'biaya',
      userQuery: 'kirim brosur ya',
      preview: 'Maaf, saya belum dapat menemukan jawaban yang tepat untuk pertanyaan tersebut ≡ƒÖÅ\n' +
        '\n' +
        'Agar saya bisa membantu lebih baik, coba tuliskan pertanyaan\n' +
        'dengan lebih spesifik, misalnya:\n' +
        '  - Nama program studi yang dimaksud\n' +
        '  - Gelombang pendaftaran\n' +
        ' ',
      reason: 'candidate intent allowed to override (incoming general/low-confidence)'
    }

      at console.fn [as log] (tests/jest.setup.js:37:12)

  console.log
    [TRACE_INTENT_2] outgoingResponseIntent biaya {
      userQuery: 'kirim brosur ya',
      messagePreview: 'Maaf, saya belum dapat menemukan jawaban yang tepat untuk pertanyaan tersebut ≡ƒÖÅ\n' +
        '\n' +
        'Agar saya bisa membantu lebih baik, coba tuliskan pertanyaan\n' +
        'dengan lebih spesifik, misalnya:\n' +
        '  - Nama program studi yang dimaksud\n' +
        '  - Gelombang pendaftaran\n' +
        ' '
    }

      at console.fn [as log] (tests/jest.setup.js:37:12)

  console.log
    [TRACE_INTENT_DETECT] {
      incomingIntent: 'GENERAL',
      mappedIncomingIntent: 'general',
      incomingConfidence: 0.7,
      candidateIntent: 'biaya',
      messageText: 'Maaf, saya belum dapat menemukan jawaban yang tepat untuk pertanyaan tersebut ≡ƒÖÅ\n' +
        '\n' +
        'Agar saya bisa membantu lebih baik, coba tuliskan pertanyaan\n' +
        'dengan lebih spesifik, misalnya:\n' +
        '  - Nama program studi yang dimaksud\n' +
        '  - Gelombang pendaftaran\n' +
        ' ',
      userQuery: 'kirim brosur ya'
    }

      at console.fn [as log] (tests/jest.setup.js:37:12)

  console.log
    [TRACE_INTENT_OVERRIDE] {
      action: 'overridden',
      incomingIntent: 'GENERAL',
      mappedIncomingIntent: 'general',
      incomingConfidence: 0.7,
      candidateIntent: 'biaya',
      userQuery: 'kirim brosur ya',
      preview: 'Maaf, saya belum dapat menemukan jawaban yang tepat untuk pertanyaan tersebut ≡ƒÖÅ\n' +
        '\n' +
        'Agar saya bisa membantu lebih baik, coba tuliskan pertanyaan\n' +
        'dengan lebih spesifik, misalnya:\n' +
        '  - Nama program studi yang dimaksud\n' +
        '  - Gelombang pendaftaran\n' +
        ' ',
      reason: 'candidate intent allowed to override (incoming general/low-confidence)'
    }

      at console.fn [as log] (tests/jest.setup.js:37:12)

  console.log
    [TRACE_FINAL_WA_INTENT] {
      finalIntent: 'biaya',
      chatId: 'user1',
      preview: 'Maaf, saya belum dapat menemukan jawaban yang tepat untuk pertanyaan tersebut ≡ƒÖÅ\n' +
        '\n' +
        'Agar saya bisa membantu lebih baik, coba tuliskan pertanyaan\n' +
        'dengan lebih spesifik, misalnya:\n' +
        '  - Nama program studi yang dimaksud\n' +
        '  - Gelombang pendaftaran\n' +
        '  - Topik yang ingin diketahui\n' +
        '\n' +
        'Atau jika ingin langsung berb'
    }

      at console.fn [as log] (tests/jest.setup.js:37:12)

  console.log
    FINAL_WA_OUTPUT_V2 {
      chatId: 'user1',
      preview: 'Maaf, saya belum dapat menemukan jawaban yang tepat untuk pertanyaan tersebut ≡ƒÖÅ\n' +
        '\n' +
        'Agar saya bisa membantu lebih baik, coba tuliskan pertanyaan\n' +
        'dengan lebih spesifik, misalnya:\n' +
        '  - Nama program studi yang dimaksud\n' +
        '  - Gelombang pendaftaran\n' +
        '  - Topik yang ingin diketahui\n' +
        '\n' +
        'Atau jika ingin langsung berb'
    }

      at console.fn [as log] (tests/jest.setup.js:37:12)

  console.log
    === FULL_FINAL_WA_MESSAGE ===
    Maaf, saya belum dapat menemukan jawaban yang tepat untuk pertanyaan tersebut ≡ƒÖÅ
    
    Agar saya bisa membantu lebih baik, coba tuliskan pertanyaan
    dengan lebih spesifik, misalnya:
      - Nama program studi yang dimaksud
      - Gelombang pendaftaran
      - Topik yang ingin diketahui
    
    Atau jika ingin langsung berbicara dengan tim kami, di bawah ini ≡ƒæç
    
    [ ≡ƒÆ¼ Hubungi Admin ]

      at console.fn [as log] (tests/jest.setup.js:37:12)

  console.log
    [TRACE_COST_RESPONSE] {
      headerProgram: null,
      bodyProgram: 'yang dimaksud',
      finalProgram: 'yang dimaksud',
      preview: 'Maaf, saya belum dapat menemukan jawaban yang tepat untuk pertanyaan tersebut ≡ƒÖÅ\n' +
        '\n' +
        'Agar saya bisa membantu lebih baik, coba tuliskan pertanyaan\n' +
        'dengan lebih spesifik, misalnya:\n' +
        '  - Nama program studi yang dimaksud\n' +
        '  - Gelombang pendaftaran\n' +
        ' '
    }

      at console.fn [as log] (tests/jest.setup.js:37:12)

  console.log
    === FINAL WA MESSAGE === {
      chatId: 'user1',
      preview: 'Maaf, saya belum dapat menemukan jawaban yang tepat untuk pertanyaan tersebut ≡ƒÖÅ\n' +
        '\n' +
        'Agar saya bisa membantu lebih baik, coba tuliskan pertanyaan\n' +
        '\n' +
        'dengan lebih spesifik, misalnya:\n' +
        '\n' +
        '- Nama program studi yang dimaksud\n' +
        '- Gelombang pendaftaran\n' +
        '- Topik yang ingin diketahui\n' +
        '\n' +
        'Atau jika ingin langsung berbicara dengan tim kami, di bawah ini ≡ƒæç\n' +
        '\n' +
        '[ ≡ƒÆ¼ Hubungi Admin ]'
    }

      at console.fn [as log] (tests/jest.setup.js:37:12)

node.exe : FAIL tests/providerWebhook.test.js
At line:1 char:1
+ & "C:\Program Files\nodejs/node.exe" "C:\Program Files\nodejs/node_mo ...
+ ~~~~~~~~~~~~~~~~~~~~~~~~~~~~~~~~~~~~~~~~~~~~~~~~~~~~~~~~~~~~~~~~~~~~~
    + CategoryInfo          : NotSpecified: (FAIL tests/providerWebhook.test.j 
   s:String) [], RemoteException
    + FullyQualifiedErrorId : NativeCommandError
 
  Provider webhook
    ├ù bare image URL triggers sendImage + removes url from text (975 ms)
    Γùï skipped provider route records route debug events for incoming messages
    Γùï skipped provider keeps a short follow-up in the same session and sends 
a reply
    Γùï skipped provider multi-turn follow-up retains session context and 
records route debug events
    Γùï skipped with BOT_INTRO_MESSAGE enabled: greeting-only sends intro 
first, then welcome
    Γùï skipped intro reply persists composer telemetry and is sent through 
outbound.reply
    Γùï skipped with BOT_INTRO_MESSAGE enabled: intro is not re-sent within 
threshold when already sent
    Γùï skipped short follow-ups reuse TI context and set contextReused 
telemetry
    Γùï skipped reflection cooldown resets after greeting reuse and clears 
stale reflection timestamp
    Γùï skipped ambiguous short follow-up without topic returns a 
clarification prompt
    Γùï skipped greeting mid-conversation preserves topic memory and allows 
follow-up reuse
    Γùï skipped explicit program switch updates topic memory for subsequent 
follow-ups
    Γùï skipped latest explicit topic wins and sets previousProgramHint history
    Γùï skipped semantic curriculum+career question about SI answered directly 
(no menu hijack)
    Γùï skipped semantic career question about TI answered directly (no menu 
hijack)
    Γùï skipped semantic short TI difficulty question answered directly (no 
menu hijack)
    Γùï skipped semantic short follow-up uses prior SI context and answers 
directly
    Γùï skipped semantic follow-up "kerjanya nanti jadi apa?" reuses TI 
context and answers directly
    Γùï skipped semantic follow-up "mata kuliahnya apa?" uses prior SI context 
and answers directly
    Γùï skipped semantic short follow-up "gampang dipelajari?" uses prior 
context and answers directly
    Γùï skipped context inheritance: TI -> follow-up -> still TI
    Γùï skipped mixed-intent continuity: TI -> SI -> "kalau codingnya?" 
references SI
    Γùï skipped cross-topic recovery: unrelated RAG reply then ambiguous 
follow-up returns TI
    Γùï skipped temporary interruption handling: brief ack does not clear TI 
context
    Γùï skipped follow-up reference resolution: pronoun "yang itu" resolves to 
last topic SI
    Γùï skipped topic switching: explicit SI mention replaces TI context
    Γùï skipped context decay: stale program context is cleared before 
ambiguous follow-up handling
    Γùï skipped ambiguity safety: new generic follow-up does NOT auto-switch 
program
    Γùï skipped greeting after topic switch resumes latest topic
    Γùï skipped multiple topic switches preserve latest topic and allow later 
reuse
    Γùï skipped stale topic does not reuse older program hint
    Γùï skipped unhandled errors are caught and bot replies with a safe 
apology (not silent)
    Γùï skipped non-marketing question offers the inferred department contact; 
declining shows menu and option 5 returns dummy contacts
    Γùï skipped non-marketing dept offer: replying YA returns the specific 
department contact
    Γùï skipped study-mode question (online/offline/hybrid) is answered 
directly
    Γùï skipped permission-to-ask question is answered with "Boleh" and a 
prompt to ask
    Γùï skipped permission-to-ask phrasing "Apakah saya boleh ..." is handled 
(no AI error copy)
    Γùï skipped DKV availability question is answered (mentions UTB 
collaboration)
    Γùï skipped when RAG has no answer (training exists), fallback asks user 
to repeat/rephrase
    Γùï skipped outbound image marker ([[image:...]]) triggers sendImage + 
sends remaining text
    Γùï skipped RAG context image marker auto-attaches and triggers sendImage
    Γùï skipped tuition fee question without prodi -> asks program/dual 
degree, then answers after program pick
    Γùï skipped fee breakdown question with HELP code is treated as Dual 
Degree (not non-marketing)
    Γùï skipped HELP partner code in a per-semester fee question is recognized 
directly
    Γùï skipped provider answers comparison query for more expensive program 
via provider route
    Γùï skipped HELP per-semester fee answer uses the correct HELP fee label
    Γùï skipped explicit "HELP" fee breakdown does not fall back to previous 
S1 prodi (session lastProgramHint)
    Γùï skipped tuition fee prompt -> picking HELP triggers RAG anchored to 
Dual Degree HELP University
    Γùï skipped fee breakdown question ("rincian biaya kuliah") without prodi 
-> asks program, then after pick returns full breakdown (fast)
    Γùï skipped UKT answer offers full breakdown; replying YA returns the 
breakdown deterministically
    Γùï skipped program info question "apa itu si" returns a program-specific 
answer
    Γùï skipped program info question "apa itu sk" returns a program-specific 
answer
    Γùï skipped program info question "apa itu ti" returns a program-specific 
answer
    Γùï skipped program info question "apa itu bd" returns a program-specific 
answer
    Γùï skipped program info question "apa itu mi" returns a program-specific 
answer
    Γùï skipped program info question "apa itu utb" returns a program-specific 
answer
    Γùï skipped program info question "apa itu dnui" returns a 
program-specific answer
    Γùï skipped program info question "apa itu help" returns a 
program-specific answer
    Γùï skipped fee breakdown question across all supported programs and 
gelombang variants returns cost answers
    Γùï skipped tuition fee program pick is not hijacked by active 
registrationFlow (session carryover)
    Γùï skipped tuition fee/UKT question without prodi asks program again even 
if lastProgramHint exists (no direct answer)
    Γùï skipped registrationFlow(done): UKT question without prodi still asks 
program (no auto-answer from stored prodi)
    Γùï skipped program-pick menu: reply "syarat dan dokumen" after 
program_pick_prompt is handled deterministically (no fallback)
    Γùï skipped faculty question: if RAG says "not in data", route uses 
website excerpt fallback when enabled
    Γùï skipped location question: answered deterministically from bundled 
index (fast, no slow web/OpenAI dependency)
    Γùï skipped dual degree location question: answers with STIKOM + partner 
campuses (no mojibake)
    Γùï skipped PMB submenu numeric reply works even if last bot menu text is 
missing (pendingPmbMenu)
    Γùï skipped PMB submenu numeric reply works when last bot message contains 
Menu PMB
    Γùï skipped keyword rules short-circuit before RAG (starts_with match)
    Γùï skipped first non-greeting message: sends welcome first, then main 
reply (2 separate messages)
    Γùï skipped program code in cost question uses fast fee path ("biaya 
pendaftaran si" => Sistem Informasi)
    Γùï skipped program list follow-up: "prodi sk" is treated as Sistem 
Komputer selection (not SKS confusion)
    Γùï skipped program list question includes all core S1 programs and dual 
degree (no "tidak terdeteksi")
    Γùï skipped Phase 1 WhatsApp validation: program list query
    Γùï skipped Phase 1 WhatsApp validation: curriculum inquiry
    Γùï skipped Phase 1 WhatsApp validation: career/prospect inquiry
    Γùï skipped Phase 1 WhatsApp validation: tuition inquiry
    Γùï skipped Phase 1 WhatsApp validation: requirements inquiry
    Γùï skipped post-program follow-up: offers and handles biaya/kontak/alur 
keywords
    Γùï skipped pendingFeeDetail: "daftar ulang" is treated as new topic (not 
biaya pendaftaran)
    Γùï skipped pendingFeeDetail: requirements question uses formulir 
pendaftaran training data (not fee breakdown)
    Γùï skipped requirements fallback: when RAG has no answer, respond using 
FORMULIR PENDAFTARAN training content
    Γùï skipped requirements follow-up: reply "mahasiswa baru" after bot asks 
applicant type is handled (no generic fallback)
    Γùï skipped hobby clarification follow-up: short activity reply is treated 
as continuation (no generic fallback)
    Γùï skipped comparison question (TI vs SK) is prioritized over pending 
hobby follow-up
    Γùï skipped comparison question recognizes Teknik Informatika as Teknologi 
Informasi alias
    Γùï skipped comparison question supports non-S1 programs (D3 vs S2)
    Γùï skipped formal comparison sentence is recognized and answered as 
program comparison intent
    Γùï skipped slang comparison sentence is recognized and answered as 
program comparison intent
    Γùï skipped schedule shorthand: "jadwal lengkapnya 2 a" is answered 
deterministically (Gelombang II A)
    Γùï skipped schedule shorthand no-answer: still returns a deterministic 
schedule (not a format prompt)
    Γùï skipped post-program follow-up: "hitung total" triggers anchored RAG 
calculation
    Γùï skipped outbound sanitizer: strips markdown headings (##) from bot 
reply
    Γùï skipped outbound sanitizer: normalizes bullets, numbering, 
blockquotes, and markdown links
    Γùï skipped choose program + total question: answers directly without 
mini-menu
    Γùï skipped total-cost follow-up: replying with gelombang computes total 
(no loop)
    Γùï skipped pending total-cost follow-up: discount table is not treated as 
butir 1ΓÇô4 costs
    Γùï skipped must-pay question still uses deterministic total even when 
pendingTotalCost exists
    Γùï skipped wave-only follow-up: uses last-bot intent (discount) instead 
of asking "info apa"
    Γùï skipped normal inbound queries route through composer and persist 
composer telemetry
    Γùï skipped timeout fallback does not race with composer success
    Γùï skipped fee responder sanitizes raw OCR/training snippets before 
outbound
    Γùï skipped one inbound request sends exactly one outbound reply
    Γùï skipped outbound telemetry fields are always present for normal 
composer replies
    Γùï skipped composer bypass prevention is enforced for normal inbound 
replies
    Γùï skipped outbound path consistency uses composer reply funnel for 
normal messages
    Γùï skipped alumni SMK TI discount question is answered deterministically 
(no fallback)
    Γùï skipped must-pay phrasing with SI + gelombang 2B computes total (not 
clarify-wave)
    Γùï skipped must-pay phrasing with SI + gelombang 2B (compact) computes 
total
    Γùï skipped deterministic UTB mapping: potongan pendaftaran dan DPP sesuai 
gelombang I/IV
    Γùï skipped choose program + specific question: skips mini-menu and 
answers via anchored RAG
    Γùï skipped ack-only "siap" after scholarship category prompt asks 
category (no cost drift)
    Γùï skipped ack-only "siap" after payment-plan follow-up closes (does not 
elaborate)
    Γùï skipped anchors ultra-short affirmation to prior program context (TI)
    Γùï skipped anchors short continue request variant (oke jelasin) to prior 
program context (TI)
    Γùï skipped replies politely to gratitude without triggering RAG
    Γùï skipped does not answer with fees for acknowledgement-only "siap" when 
no follow-up was asked
    Γùï skipped pendaftaran answer offers the full fee breakdown (YA/TIDAK)
    Γùï skipped pendaftaran question without explicit prodi does not mention a 
prodi; still offers breakdown
    Γùï skipped breakdown request with explicit SK overrides prior TI hint 
(answers SK)
    Γùï skipped semester fee answer for DNUI uses per semester label, not 
Ujian/Subject
    Γùï skipped DNUI breakdown answer does not use Ujian/Subject label in 
detailed fee list
    Γùï skipped breakdown offer: pendaftaran without prodi -> YA -> pick TI -> 
returns full breakdown (fast)
    Γùï skipped registrationFlow pendingFeeDetail: pendaftaran answer does not 
mention prodi unless user types it; still offers breakdown
    Γùï skipped total pembayaran request computes from last bot breakdown 
(butir 1ΓÇô4 + extras)
    Γùï skipped registration intent asks degree (S1 vs S2)
    Γùï skipped replying "mau daftar s1" asks program choice (SI/TI/BD/SK) 
instead of defaulting
    Γùï skipped registration flow: after prodi pick, sends requirements/docs 
first and offers biaya; short "iya" triggers biaya follow-up
    Γùï skipped once FINAL_SEND occurs in registration flow, fallback never 
overrides the response
    Γùï skipped registration flow: does not repeat docs list if it was just 
sent recently
    Γùï skipped registration flow: stage choose_degree accepts "S1" reply even 
if lastBot context is missing (race-safe)
    Γùï skipped returns 400 when chatId missing
    Γùï skipped handles basic message flow
    Γùï skipped dedupes late retries by text+timestamp when messageId missing
    Γùï skipped allows a repeated same-text inbound after the bot already 
replied
    Γùï skipped sends welcome only for simple greeting
    Γùï skipped treats custom greeting alias as greeting-only and sends 
welcome only
    Γùï skipped treats "selamat sang" as greeting (typo for siang) and sends 
welcome only
    Γùï skipped treats common greeting variant "pagi kak" as greeting-only
    Γùï skipped treats common greeting variant "siang min" as greeting-only
    Γùï skipped treats common greeting variant "malem kak" as greeting-only
    Γùï skipped treats common greeting variant "selamat malem kak" as 
greeting-only
    Γùï skipped treats common greeting variant "halo selamat pagi" as 
greeting-only
    Γùï skipped treats common greeting variant "halo selamat pagi kak" as 
greeting-only
    Γùï skipped treats common greeting variant "met pagi" as greeting-only
    Γùï skipped treats common greeting variant "met siang kak" as greeting-only
    Γùï skipped treats common greeting variant "halo pak" as greeting-only
    Γùï skipped treats common greeting variant "halo bu" as greeting-only
    Γùï skipped treats common greeting variant "halo bang" as greeting-only
    Γùï skipped pure greeting "Halo" restarts session and re-sends welcome 
even if previously welcomed
    Γùï skipped pure greeting "Halo selamat pagi" restarts session and 
re-sends welcome even if previously welcomed
    Γùï skipped pure greeting "Halo selamat pagi kak" restarts session and 
re-sends welcome even if previously welcomed
    Γùï skipped typing "menu" resets session and re-sends welcome_message 
(preferred)
    Γùï skipped greeting + question is not hijacked by welcome-only
    Γùï skipped greeting + addressee + question is not hijacked by welcome-only
    Γùï skipped greeting-only (no welcome setting) is answered with a prompt 
(no RAG)
    Γùï skipped custom greeting alias (no welcome setting) is answered with a 
prompt (no RAG)
    Γùï skipped general small-talk is answered and not blocked by scope guard
    Γùï skipped treats apa kabar? as general small talk
    Γùï skipped treats kabar kamu gimana? as general small talk
    Γùï skipped treats gimana kabar kamu? as general small talk
    Γùï skipped treats bagaimana kabarmu? as general small talk
    Γùï skipped general chit-chat without STIKOM keywords is answered instead 
of scope guarding
    Γùï skipped double degree HELP process question returns daily 
Monday-Friday class answer
    Γùï skipped double degree DNUI process question returns Bali-online-China 
study path
    Γùï skipped follow-up "boleh, coba hitung" sums butir 1-4 
deterministically (no RPL/SKS clarifier)
    Γùï skipped follow-up compute ignores per-semester line when initial entry 
is only butir 1-3
    Γùï skipped follow-up "ya boleh" after dual offer (total awal masuk vs 
potongan gelombang) asks 1/2 choice
    Γùï skipped follow-up "iya tolong jelaskan" after biaya pendaftaran offer 
anchors to rincian biaya (not campus)
    Γùï skipped pending dual-offer choice "1" computes total (overrides 
numeric menu)
    Γùï skipped pending dual-offer: unclear reply triggers reprompt and keeps 
pending so next choice works
    Γùï skipped pending dual-offer choice does not hijack a new explicit 
question (clears pending and answers deterministically)
    Γùï skipped numeric welcome menu: custom "5 Lokasi Kampus" routes to 
location answer (label-driven)
    Γùï skipped numeric welcome menu: custom "6 Konsultasi Admin" offers 
handover (label-driven)
    Γùï skipped numeric welcome menu: custom "3) Cara Daftar" routes by label 
(no biaya mismatch)
    Γùï skipped anchors short follow-up total request to Bisnis Digital (no 
prodi drift)
    Γùï skipped anchors follow-up to session lastProgramHint when lastBot has 
no program name
    Γùï skipped persists lastProgramHint from RAG answer when unambiguous
    Γùï skipped handles numeric welcome-menu selection when active
    Γùï skipped accepts numeric menu selection with punctuation
    Γùï skipped does not force numeric menu for non-numeric questions
    Γùï skipped PMB submenu numeric reply routes to info (RAG) instead of 
registration flow
    Γùï skipped menu 3 (Biaya Pendidikan): prompts for prodi and persists 
pendingMenuCost
    Γùï skipped menu 2 (Program Studi): responds fast without calling RAG
    Γùï skipped welcome numeric selection prefers DB menuItem root.<digit> 
when available
    Γùï skipped menu 3 follow-up: program reply returns semester fee and 
clears pendingMenuCost
    Γùï skipped menu 4 (Beasiswa): returns scholarship overview and persists 
pendingScholarshipChoice
    Γùï skipped scholarship follow-up still works after delayed reply (within 
2 hours)
    Γùï skipped schedule wave follow-up: accepts arabic input like "2 b" and 
rewrites to gelombang II B
    Γùï skipped schedule wave follow-up: reply "semua gelombang" returns the 
calendar overview (all waves)
    Γùï skipped schedule rule follow-up prompt persists pendingScheduleWave so 
reply like "1c" is understood
    Γùï skipped pendingScheduleWave does not hijack unrelated questions (e.g., 
alur pendaftaran)
    Γùï skipped pendingScheduleWave does not hijack main welcome menu 
selection (digit 1-7)
    Γùï skipped scholarship overview persists pendingScholarshipChoice; 
follow-up "ranking" is expanded and answered
    Γùï skipped handles numeric menu option 7 by offering handover
    Γùï skipped in HUMAN mode, sends a one-time notice explaining bot will not 
auto-reply
    Γùï skipped allows user to return from HUMAN handover to BOT mode via 
keyword

  ΓùÅ Provider webhook ΓÇ║ bare image URL triggers sendImage + removes url 
from text

    expect(jest.fn()).toHaveBeenCalledTimes(expected)

    Expected number of calls: 1
    Received number of calls: 0

    [0m [90m 1396 |[39m     expect(res[33m.[39mbody[33m.[39mok)[33m.[3
9mtoBe([36mtrue[39m)[33m;[39m
     [90m 1397 |[39m
    [31m[1m>[22m[39m[90m 1398 |[39m     expect(provider[33m.[39msendIma
ge)[33m.[39mtoHaveBeenCalledTimes([35m1[39m)[33m;[39m
     [90m      |[39m                                [31m[1m^[22m[39m
     [90m 1399 |[39m     
expect(provider[33m.[39msendImage)[33m.[39mtoHaveBeenCalledWith(
     [90m 1400 |[39m       [32m'user1'[39m[33m,[39m
     [90m 1401 |[39m       
[32m'https://example.com/pic.webp'[39m[33m,[39m[0m

      at Object.toHaveBeenCalledTimes (tests/providerWebhook.test.js:1398:32)

Test Suites: 1 failed, 1 total
Tests:       1 failed, 196 skipped, 197 total
Snapshots:   0 total
Time:        3.015 s, estimated 5 s
Ran all test suites matching /tests\\providerWebhook.test.js/i with tests 
matching "bare image URL triggers sendImage".
