  console.log
    [TRACE_RAG_QUERY_ENTITIES] {
      queryForRetrieval: 'biaya prodi sistem informasi gelombang 1a sistem informasi program studi sistem informasi profil sistem informasi',
      normalizedUserQ: 'biaya prodi si gelombang 1a',
      currentUserQ: 'biaya prodi si gelombang 1A?',
      queryEntities: {
        intent: 'COST',
        program: 'SI',
        programLabel: 'SISTEM_INFORMASI',
        programMode: null,
        wave: '1A',
        waveGroup: '1',
        academicYear: null,
        partner: null,
        campus: null,
        jalur: null,
        feeType: null,
        category: 'BIAYA',
        pageNumber: null,
        academicIntent: 'BIAYA'
      }
    }

      at console.fn [as log] (tests/jest.setup.js:37:12)

  console.log
    [TRACE_FEE_ROUTE] {
      route: 'tryStructuredProgramRegistrationFeeAnswer',
      question: 'biaya prodi si gelombang 1A?',
      snippet: 'biaya prodi si gelombang 1A?'
    }

      at console.fn [as log] (tests/jest.setup.js:37:12)

  console.log
    [TRACE_FEE_BREAKDOWN] {
      route: 'tryStructuredFeeBreakdownAnswer',
      question: 'biaya prodi si gelombang 1A?',
      currentQ: 'biaya prodi si gelombang 1A?',
      qLower: 'biaya prodi si gelombang 1a?',
      topCount: 0,
      opts: { conversationContext: undefined, lastProgramHint: undefined }
    }

      at console.fn [as log] (tests/jest.setup.js:37:12)

  console.log
    [TRACE_FEE_ROUTE] {
      route: 'tryStructuredExactCostAnswer',
      question: 'biaya prodi si gelombang 1A?',
      queryEntities: {
        intent: 'COST',
        program: 'SI',
        programLabel: 'SISTEM_INFORMASI',
        programMode: null,
        wave: '1A',
        waveGroup: '1',
        academicYear: null,
        partner: null,
        campus: null,
        jalur: null,
        feeType: null,
        category: 'BIAYA',
        pageNumber: null,
        academicIntent: 'BIAYA'
      },
      indexCount: 337,
      topK: 3
    }

      at console.fn [as log] (tests/jest.setup.js:37:12)

  console.log
    [TRACE_COST_INPUT_1_PARAMS] {
      question: 'biaya prodi si gelombang 1A?',
      queryEntities: '{"intent":"COST","program":"SI","programLabel":"SISTEM_INFORMASI","programMode":null,"wave":"1A","waveGroup":"1","academicYear":null,"partner":null,"campus":null,"jalur":null,"feeType":null,"category":"BIAYA","pageNumber":null,"academicIntent":"BIAYA"}',
      indexCount: 337,
      topK: 3
    }

      at console.fn [as log] (tests/jest.setup.js:37:12)

  console.log
    [PROGRAM_REQUESTED] { programRequested: 'si' }

      at console.fn [as log] (tests/jest.setup.js:37:12)

  console.log
    [TRACE_REQUESTED_WAVE_LABEL] { requestedWaveLabel: '1A' }

      at console.fn [as log] (tests/jest.setup.js:37:12)

  console.log
    [TRACE_COST_ALLOWED_TRAINING_IDS] {
      programRequested: 'si',
      count: 7,
      trainingIds: [
        'd540ae42-ca48-4750-b5dd-5a1fbdbc05a0',
        '3c8b0b47-7c88-479c-967d-3fc1a956ee50',
        'a4834fc1-bb66-4146-8774-88b321fba707',
        'a4b4fba8-bc5a-40ce-b08a-122c729999cc',
        'file-6467e454a2de',
        'file-842336211fcd',
        'file-eac56d61b316'
      ]
    }

      at console.fn [as log] (tests/jest.setup.js:37:12)

  console.log
    [TRACE_TOP20_CANDIDATES_RAW] {
      totalCandidates: 35,
      top20Detailed: [
        {
          rank: 1,
          id: '0e2f1b54-9317-49c3-a4b8-9adc9e3f596e',
          trainingId: 'd540ae42-ca48-4750-b5dd-5a1fbdbc05a0',
          filename: 'rincian Biaya SI,TI dan BD Tahun Ajaran 2026-2027.pdf',
          totalScore: 319.4850385722923,
          exactMatchScore: 0,
          keywordScore: 15,
          semanticScore: 4.485038572292327,
          feeSignalScore: 140,
          tableBoost: 160,
          waveBoost: 0,
          breakdown: [Object],
          meta: [Object],
          chunkPreview: 'a. Dana Pendidikan Pokok (DPP)\n' +
            '- Jumlah pengakuan SKS antara 85 s/d 100 SKS dikenakan biaya DPP\n' +
            'sebesar Rp. 4.500.000\n' +
            '- Jumlah pengakuan SKS antara 44 s/d 84 SKS dikenakan biaya DPP\n' +
            'sebesar Rp. 5.000.000\n' +
            '- Jumlah pengakuan SKS antara 20 s/d'
        },
        {
          rank: 2,
          id: 'de0c842b-0051-4c45-b7c3-883d16aea288',
          trainingId: 'd540ae42-ca48-4750-b5dd-5a1fbdbc05a0',
          filename: 'rincian Biaya SI,TI dan BD Tahun Ajaran 2026-2027.pdf',
          totalScore: 315.2371534869401,
          exactMatchScore: 0,
          keywordScore: 10,
          semanticScore: 5.2371534869401195,
          feeSignalScore: 140,
          tableBoost: 160,
          waveBoost: 0,
          breakdown: [Object],
          meta: [Object],
          chunkPreview: 'b. Dana Pendidikan Pokok (DPP):\n' +
            '- Bagi Mahasiswa Renim/aktif kembali tidak dikenakan biaya DPP, Jas\n' +
            'Almamater dan GMTI.\n' +
            '-\n' +
            'D3,\n' +
            'dari\n' +
            'ITB\n' +
            'STIKOM\n' +
            'Bali\n' +
            'dikenakan\n' +
            'Rp.\n' +
            '3.000.000,\n' +
            'sedangkan\n' +
            'dari\n' +
            'PT lain Rp. 4.500.000\n' +
            '-\n' +
            'D2,\n' +
            'dari\n' +
            'Group\n' +
            'ITB\n' +
            'STIKOM\n' +
            'BAL'
        },
        {
          rank: 3,
          id: 'caabea12-6ff4-4938-84be-ecbaf28d7288',
          trainingId: 'd540ae42-ca48-4750-b5dd-5a1fbdbc05a0',
          filename: 'rincian Biaya SI,TI dan BD Tahun Ajaran 2026-2027.pdf',
          totalScore: 315.1422922008947,
          exactMatchScore: 0,
          keywordScore: 10,
          semanticScore: 5.142292200894712,
          feeSignalScore: 140,
          tableBoost: 160,
          waveBoost: 0,
          breakdown: [Object],
          meta: [Object],
          chunkPreview: 'No. Jenis Biaya Rp ΓÇÿWaktu Pembayaran\n' +
            '1. Pendaftaran 500.000 Pada Saat Daftar\n' +
            '2. Dana Pendidikan Pokok 14.000.000 Dicicil Per Bln s.d UTS-1\n' +
            '3. Jas Alamater, Topi 750.000 Saat Registrasi I\n' +
            '4. Kaos, Tas, GMTI 750.000 Saat Registrasi I\n' +
            '5. Biaya'
        },
        {
          rank: 4,
          id: '7372c1ff-a288-42d2-83e4-3137a1adec14',
          trainingId: 'd540ae42-ca48-4750-b5dd-5a1fbdbc05a0',
          filename: 'rincian Biaya SI,TI dan BD Tahun Ajaran 2026-2027.pdf',
          totalScore: 315.0233231946215,
          exactMatchScore: 0,
          keywordScore: 10,
          semanticScore: 5.023323194621499,
          feeSignalScore: 140,
          tableBoost: 160,
          waveBoost: 0,
          breakdown: [Object],
          meta: [Object],
          chunkPreview: '6. Biaya Pengalaman Industri\n' +
            '- Internasional 5.000.000\n' +
            '- Nasional 2.500.000\n' +
            '- Lokal 1.500.000\n' +
            'Dapat dicicil 5 kali per semester dan dimulai dari semester 3'
        },
        {
          rank: 5,
          id: '3c5b4175-a9d4-48c2-9b75-b05ebe46dbbf',
          trainingId: 'd540ae42-ca48-4750-b5dd-5a1fbdbc05a0',
          filename: 'rincian Biaya SI,TI dan BD Tahun Ajaran 2026-2027.pdf',
          totalScore: 269.77115407204917,
          exactMatchScore: 0,
          keywordScore: 15,
          semanticScore: 4.771154072049178,
          feeSignalScore: 140,
          tableBoost: 110,
          waveBoost: 0,
          breakdown: [Object],
          meta: [Object],
          chunkPreview: 'STIKOM Bali dengan ketentuan :\n' +
            '- D3 : antara 85 s/d 100 SKS\n' +
            '- D2 :antara 44 s/d 84 SKS\n' +
            '- D1 : antara 20 s/d 43 SKS\n' +
            '- Di bawah 20 SKS, DPP sama dengan dari SMA, kecuali dari ITB\n' +
            'STIKOM Bali dan Group ada potongan DPP sebesar Rp. 1.000.000\n' +
            '- '
        },
        {
          rank: 6,
          id: '58ecb4e1-d7fa-44a3-99fb-16fb17d88456',
          trainingId: 'd540ae42-ca48-4750-b5dd-5a1fbdbc05a0',
          filename: 'rincian Biaya SI,TI dan BD Tahun Ajaran 2026-2027.pdf',
          totalScore: 250.7296086693309,
          exactMatchScore: 100,
          keywordScore: 5,
          semanticScore: 5.729608669330881,
          feeSignalScore: 140,
          tableBoost: 0,
          waveBoost: 0,
          breakdown: [Object],
          meta: [Object],
          chunkPreview: 'PROGRAM STUDI SISTEM INFORMASI, TEKNOLOGI INFORMASI, DAN'
        },
        {
          rank: 7,
          id: '70b1eff4-29ea-4c75-9739-194870fceee3',
          trainingId: 'd540ae42-ca48-4750-b5dd-5a1fbdbc05a0',
          filename: 'rincian Biaya SI,TI dan BD Tahun Ajaran 2026-2027.pdf',
          totalScore: 209.55172950906524,
          exactMatchScore: 0,
          keywordScore: 5,
          semanticScore: 4.5517295090652246,
          feeSignalScore: 140,
          tableBoost: 60,
          waveBoost: 0,
          breakdown: [Object],
          meta: [Object],
          chunkPreview: 'diberikan tambahan beasiswa dari DPP untuk semua Program Studi sebesar :'
        },
        {
          rank: 8,
          id: '784597e2-07ab-4391-847b-ad17d23f4c3d',
          trainingId: 'd540ae42-ca48-4750-b5dd-5a1fbdbc05a0',
          filename: 'rincian Biaya SI,TI dan BD Tahun Ajaran 2026-2027.pdf',
          totalScore: 209.5227201660124,
          exactMatchScore: 0,
          keywordScore: 5,
          semanticScore: 4.522720166012394,
          feeSignalScore: 140,
          tableBoost: 60,
          waveBoost: 0,
          breakdown: [Object],
          meta: [Object],
          chunkPreview: '2. Potongan Biaya Pendaftaran :'
        },
        {
          rank: 9,
          id: '9fb44de0-a82a-44ba-bd55-086c72243698',
          trainingId: 'd540ae42-ca48-4750-b5dd-5a1fbdbc05a0',
          filename: 'rincian Biaya SI,TI dan BD Tahun Ajaran 2026-2027.pdf',
          totalScore: 175.17665881351462,
          exactMatchScore: 20,
          keywordScore: 10,
          semanticScore: 5.176658813514607,
          feeSignalScore: 140,
          tableBoost: 0,
          waveBoost: 0,
          breakdown: [Object],
          meta: [Object],
          chunkPreview: 'Rp. 2.000.000,- Jika Registrasi pada Gelombang I'
        },
        {
          rank: 10,
          id: '2a88a613-ef53-4eeb-b2da-6170b504b26f',
          trainingId: 'd540ae42-ca48-4750-b5dd-5a1fbdbc05a0',
          filename: 'rincian Biaya SI,TI dan BD Tahun Ajaran 2026-2027.pdf',
          totalScore: 168.8503860673162,
          exactMatchScore: 20,
          keywordScore: 5,
          semanticScore: 3.850386067316223,
          feeSignalScore: 140,
          tableBoost: 0,
          waveBoost: 0,
          breakdown: [Object],
          meta: [Object],
          chunkPreview: 'Gelombang I : 5090'
        },
        {
          rank: 11,
          id: '77cc68db-57a3-4d53-92c1-ce3d9d1654cc',
          trainingId: 'd540ae42-ca48-4750-b5dd-5a1fbdbc05a0',
          filename: 'rincian Biaya SI,TI dan BD Tahun Ajaran 2026-2027.pdf',
          totalScore: 155.01041860104922,
          exactMatchScore: 0,
          keywordScore: 10,
          semanticScore: 5.010418601049232,
          feeSignalScore: 140,
          tableBoost: 0,
          waveBoost: 0,
          breakdown: [Object],
          meta: [Object],
          chunkPreview: '10. Untuk mahasiswa pindahan/alih transfer :\n' +
            'a. Biaya Transfer: Dari ITB STIKOM Bali dan grup bebas biaya transfer,\n' +
            'sedangkan dari PT lainnya Rp. 100.000,- per sks'
        },
        {
          rank: 12,
          id: '0d40f1ae-0554-4f7a-9f28-a6083d02dab6',
          trainingId: 'd540ae42-ca48-4750-b5dd-5a1fbdbc05a0',
          filename: 'rincian Biaya SI,TI dan BD Tahun Ajaran 2026-2027.pdf',
          totalScore: 149.40264522231666,
          exactMatchScore: 0,
          keywordScore: 5,
          semanticScore: 4.402645222316664,
          feeSignalScore: 140,
          tableBoost: 0,
          waveBoost: 0,
          breakdown: [Object],
          meta: [Object],
          chunkPreview: 'INSTITUT TEKNOLOGI DAN BISNIS\n' +
            '(ITB) STIKOM BALI\n' +
            'Denpasar\n' +
            'Jimbaran\n' +
            'Kampus\n' +
            '3L Raya Kampus Udayana, Kuta Setatan, Jimbaran - Bal - Indonesia | Pfx (0367 8953534 | Hotline : 081289778840\n' +
            'Kampus Ablansemal\n' +
            '3L Janger, Ablanseral - Dauh Yeh Canl, '
        },
        {
          rank: 13,
          id: '3b0c07f2-a480-4bf7-939e-ff5a9bfc010e',
          trainingId: 'd540ae42-ca48-4750-b5dd-5a1fbdbc05a0',
          filename: 'rincian Biaya SI,TI dan BD Tahun Ajaran 2026-2027.pdf',
          totalScore: 149.31240888976993,
          exactMatchScore: 0,
          keywordScore: 5,
          semanticScore: 4.312408889769933,
          feeSignalScore: 140,
          tableBoost: 0,
          waveBoost: 0,
          breakdown: [Object],
          meta: [Object],
          chunkPreview: 'INSTITUT TEKNOLOGI DAN BISNIS\n' +
            '\\ (ITB) STIKOM BALI\n' +
            'Kampus Denpasar\n' +
            'Kampus Jimbaran\n' +
            '3L Raya Kampus Udayana, Kuta Selatan, Jimbaran - Ball - Indonesia | P (0361) 8953534 | Hotline: 061288778840\n' +
            'Kampus Abiansemal\n' +
            'T TEXNOLOGI DANBISHIS 3L3anger.'
        },
        {
          rank: 14,
          id: '8102b0f7-9116-44b7-acb4-845b657daa83',
          trainingId: 'd540ae42-ca48-4750-b5dd-5a1fbdbc05a0',
          filename: 'rincian Biaya SI,TI dan BD Tahun Ajaran 2026-2027.pdf',
          totalScore: 149.2625008536905,
          exactMatchScore: 0,
          keywordScore: 5,
          semanticScore: 4.26250085369052,
          feeSignalScore: 140,
          tableBoost: 0,
          waveBoost: 0,
          breakdown: [Object],
          meta: [Object],
          chunkPreview: 'INSTITUT TEKNOLOGI DAN BISNI5..\n' +
            '(ITB)\n' +
            'STIKOM\n' +
            'BALI\n' +
            'T\n' +
            'K\n' +
            'nw............-u-...:mm...lnΓÇö...l...:m;;_\n' +
            'Kampus\n' +
            'Jimbaran\n' +
            'be\n' +
            'PA\n' +
            '30\n' +
            'Raya\n' +
            'Kampus\n' +
            'Udayana,\n' +
            'Kuta\n' +
            'Selatan,\n' +
            'Jimbaran\n' +
            '-\n' +
            'Ball\n' +
            '-\n' +
            'Indonesia\n' +
            '|\n' +
            'P\n' +
            '(G351\n' +
            '8353534\n' +
            '|\n' +
            'Hotline\n' +
            ':\n' +
            '081288778840\n' +
            'Kampus\n' +
            'Abians'
        },
        {
          rank: 15,
          id: 'ad06a625-545a-442d-b22e-58b1ebe33ce0',
          trainingId: 'd540ae42-ca48-4750-b5dd-5a1fbdbc05a0',
          filename: 'rincian Biaya SI,TI dan BD Tahun Ajaran 2026-2027.pdf',
          totalScore: 149.1709860850428,
          exactMatchScore: 0,
          keywordScore: 5,
          semanticScore: 4.170986085042814,
          feeSignalScore: 140,
          tableBoost: 0,
          waveBoost: 0,
          breakdown: [Object],
          meta: [Object],
          chunkPreview: 'INSTITUT TEKNOLOGI DAN BISNIS\n' +
            '\\ (ITB) STIKOM BALI\n' +
            'Kamj\n' +
            'nwr:ummnmn-_-u-m-filmmmlmmmm:m\n' +
            'Kampus Jimbaran\n' +
            '3L Raya Kampus Udayana, Kuta Selatan, Jimbaran - Ball - Indonesia | P (0361 8353534 | Hotline:: 081288778840\n' +
            'Kampus Ablansemal\n' +
            'INSTITUT TE'
        },
        {
          rank: 16,
          id: '953ecfce-3c03-4645-9d93-1a806fe6d4d9',
          trainingId: 'd540ae42-ca48-4750-b5dd-5a1fbdbc05a0',
          filename: 'rincian Biaya SI,TI dan BD Tahun Ajaran 2026-2027.pdf',
          totalScore: 149.1106293028175,
          exactMatchScore: 0,
          keywordScore: 5,
          semanticScore: 4.110629302817513,
          feeSignalScore: 140,
          tableBoost: 0,
          waveBoost: 0,
          breakdown: [Object],
          meta: [Object],
          chunkPreview: 'rtifikasi, yudisium dan wisuda akan ditentukan kemudian\n' +
            '9. Diwajibkan memiliki laptop dengan spesifikasi yang sesuai ketentuan kampus. Untuk\n' +
            'spesifikasi laptop ini agar menghubungi PT MBC di counter AXIO Kampus Renon.\n' +
            'i Dipindai dengan\n' +
            'i@ C'
        },
        {
          rank: 17,
          id: 'd443904f-4b3b-4969-a989-be2bff67d5c8',
          trainingId: 'd540ae42-ca48-4750-b5dd-5a1fbdbc05a0',
          filename: 'rincian Biaya SI,TI dan BD Tahun Ajaran 2026-2027.pdf',
          totalScore: 149.10614241489992,
          exactMatchScore: 0,
          keywordScore: 5,
          semanticScore: 4.106142414899921,
          feeSignalScore: 140,
          tableBoost: 0,
          waveBoost: 0,
          breakdown: [Object],
          meta: [Object],
          chunkPreview: '12. Untuk mahasiswa program Rekognisi Pembelajaran Lampau (RPL) :'
        },
        {
          rank: 18,
          id: 'a1d6666a-0625-4a07-aded-8a8c53acaa2d',
          trainingId: 'd540ae42-ca48-4750-b5dd-5a1fbdbc05a0',
          filename: 'rincian Biaya SI,TI dan BD Tahun Ajaran 2026-2027.pdf',
          totalScore: 148.80691871346957,
          exactMatchScore: 0,
          keywordScore: 5,
          semanticScore: 3.806918713469577,
          feeSignalScore: 140,
          tableBoost: 0,
          waveBoost: 0,
          breakdown: [Object],
          meta: [Object],
          chunkPreview: '(kecuali biaya pendaftaan tidak dapat dikembalikan)\n' +
            'NΓÇö\n' +
            'i Dipindai dengan\n' +
            ': & CamScanner\n' +
            'W'
        },
        {
          rank: 19,
          id: '22e4abb3-d38b-4356-b7da-c90eefc778be',
          trainingId: 'd540ae42-ca48-4750-b5dd-5a1fbdbc05a0',
          filename: 'rincian Biaya SI,TI dan BD Tahun Ajaran 2026-2027.pdf',
          totalScore: 144.689791334218,
          exactMatchScore: 0,
          keywordScore: 0,
          semanticScore: 4.6897913342179915,
          feeSignalScore: 140,
          tableBoost: 0,
          waveBoost: 0,
          breakdown: [Object],
          meta: [Object],
          chunkPreview: 'INSTITUT TEKNOLOGI DAN B\nSTIKOM BALI'
        },
        {
          rank: 20,
          id: '41ce879a-1f69-4d4c-8c56-f338142e6247',
          trainingId: 'd540ae42-ca48-4750-b5dd-5a1fbdbc05a0',
          filename: 'rincian Biaya SI,TI dan BD Tahun Ajaran 2026-2027.pdf',
          totalScore: 143.9205156180121,
          exactMatchScore: 0,
          keywordScore: 0,
          semanticScore: 3.9205156180120913,
          feeSignalScore: 140,
          tableBoost: 0,
          waveBoost: 0,
          breakdown: [Object],
          meta: [Object],
          chunkPreview: 'email:\n' +
            'Info@stikom-baiacid\n' +
            '|\n' +
            'webslte\n' +
            ':\n' +
            'wwwitikom-ba.acid\n' +
            'Lampiran\n' +
            '-1\n' +
            'Surat Keputusan ITB STIKOM Bali Nomor : 629/ITBSTIKOM/WDS/X/25'
        }
      ]
    }

      at console.fn [as log] (tests/jest.setup.js:37:12)

  console.log
    [TRACE_TARGET_CHUNK_MISSING_FROM_CANDIDATES] { id: '7f6efb1c-4559-438e-857b-22537be53952', rejectedReason: null }

      at console.fn [as log] (tests/jest.setup.js:37:12)

  console.log
    [TRACE_WAVE_SCAN_START] {
      waveMention: true,
      selectedTrainingId: 'd540ae42-ca48-4750-b5dd-5a1fbdbc05a0',
      fullIndexCount: 337
    }

      at console.fn [as log] (tests/jest.setup.js:37:12)

  console.log
    [TRACE_WAVE_SCAN_MATCH_CAND] {
      id: '65f67b49-ee84-488f-b996-1d711d8a0c71',
      trainingId: '019d9084-e611-42c4-ab64-378b7880d585',
      preview: '1. Potongan Biaya Pendaftaran :\n' +
        'Rp. 200.000,- Jika Mendaftar pada Gelombang I\n' +
        'Rp. 100.000,- Jika Mendaftar pada Gelomban'
    }

      at console.fn [as log] (tests/jest.setup.js:37:12)

  console.log
    [TRACE_CALENDAR_CANDIDATE_FOUND] {
      chunkId: '65f67b49-ee84-488f-b996-1d711d8a0c71',
      trainingId: '019d9084-e611-42c4-ab64-378b7880d585',
      filename: 'CamScanner 12-02-2026 14.39 (1).pdf',
      preview: '1. Potongan Biaya Pendaftaran :\n' +
        'Rp. 200.000,- Jika Mendaftar pada Gelombang I\n' +
        'Rp. 100.000,- Jika Mendaftar pada Gelomban',
      norm: '1'
    }

      at console.fn [as log] (tests/jest.setup.js:37:12)

  console.log
    [TRACE_CALENDAR_INJECTED] {
      chunkId: '65f67b49-ee84-488f-b996-1d711d8a0c71',
      trainingId: '019d9084-e611-42c4-ab64-378b7880d585',
      filename: 'CamScanner 12-02-2026 14.39 (1).pdf'
    }

      at console.fn [as log] (tests/jest.setup.js:37:12)

  console.log
    [TRACE_WAVE_SCAN_MATCH_CAND] {
      id: '5afbb8eb-8aae-44ea-b66a-054fad333df5',
      trainingId: '019d9084-e611-42c4-ab64-378b7880d585',
      preview: 'Ringkasan dokumen:\n' +
        'Program internasional / kerja sama internasional: \\ (ITB) STIKOM BALI\n' +
        'Biaya pendaftaran: 1. Pendaftar'
    }

      at console.fn [as log] (tests/jest.setup.js:37:12)

  console.log
    [TRACE_CALENDAR_CANDIDATE_FOUND] {
      chunkId: '5afbb8eb-8aae-44ea-b66a-054fad333df5',
      trainingId: '019d9084-e611-42c4-ab64-378b7880d585',
      filename: 'CamScanner 12-02-2026 14.39 (1).pdf',
      preview: 'Ringkasan dokumen:\n' +
        'Program internasional / kerja sama internasional: \\ (ITB) STIKOM BALI\n' +
        'Biaya pendaftaran: 1. Pendaftar',
      norm: '1'
    }

      at console.fn [as log] (tests/jest.setup.js:37:12)

  console.log
    [TRACE_CALENDAR_INJECTED] {
      chunkId: '5afbb8eb-8aae-44ea-b66a-054fad333df5',
      trainingId: '019d9084-e611-42c4-ab64-378b7880d585',
      filename: 'CamScanner 12-02-2026 14.39 (1).pdf'
    }

      at console.fn [as log] (tests/jest.setup.js:37:12)

  console.log
    [TRACE_WAVE_SCAN_MATCH_CAND] {
      id: '72f8fe04-6bb4-4c2d-ab96-f87bb6045251',
      trainingId: '396fba62-a94b-4fb6-a1d9-dfcf1e5cd2ee',
      preview: '2. Potongan Biaya Pendaftaran :\n' +
        'Rp. 300.000, Jika Mendaftar pada Gelombang Khusus\n' +
        'Rp. 250.000,- Jika Mendaftar pada Gelo'
    }

      at console.fn [as log] (tests/jest.setup.js:37:12)

  console.log
    [TRACE_CALENDAR_CANDIDATE_FOUND] {
      chunkId: '72f8fe04-6bb4-4c2d-ab96-f87bb6045251',
      trainingId: '396fba62-a94b-4fb6-a1d9-dfcf1e5cd2ee',
      filename: 'rincian Biaya D3 Tahun Ajaran 2026-2027.pdf',
      preview: '2. Potongan Biaya Pendaftaran :\n' +
        'Rp. 300.000, Jika Mendaftar pada Gelombang Khusus\n' +
        'Rp. 250.000,- Jika Mendaftar pada Gelo',
      norm: 'KHUSUS'
    }

      at console.fn [as log] (tests/jest.setup.js:37:12)

  console.log
    [TRACE_CALENDAR_INJECTED] {
      chunkId: '72f8fe04-6bb4-4c2d-ab96-f87bb6045251',
      trainingId: '396fba62-a94b-4fb6-a1d9-dfcf1e5cd2ee',
      filename: 'rincian Biaya D3 Tahun Ajaran 2026-2027.pdf'
    }

      at console.fn [as log] (tests/jest.setup.js:37:12)

  console.log
    [TRACE_WAVE_SCAN_MATCH_CAND] {
      id: 'c95c206b-1fbc-4e51-9fd7-782aa29f4460',
      trainingId: '396fba62-a94b-4fb6-a1d9-dfcf1e5cd2ee',
      preview: 'Gelombang\nKhusus\nRp.\n1.000.000,-\nJika\nRegistrasi\npada'
    }

      at console.fn [as log] (tests/jest.setup.js:37:12)

  console.log
    [TRACE_CALENDAR_CANDIDATE_FOUND] {
      chunkId: 'c95c206b-1fbc-4e51-9fd7-782aa29f4460',
      trainingId: '396fba62-a94b-4fb6-a1d9-dfcf1e5cd2ee',
      filename: 'rincian Biaya D3 Tahun Ajaran 2026-2027.pdf',
      preview: 'Gelombang\nKhusus\nRp.\n1.000.000,-\nJika\nRegistrasi\npada',
      norm: 'KHUSUS'
    }

      at console.fn [as log] (tests/jest.setup.js:37:12)

  console.log
    [TRACE_CALENDAR_INJECTED] {
      chunkId: 'c95c206b-1fbc-4e51-9fd7-782aa29f4460',
      trainingId: '396fba62-a94b-4fb6-a1d9-dfcf1e5cd2ee',
      filename: 'rincian Biaya D3 Tahun Ajaran 2026-2027.pdf'
    }

      at console.fn [as log] (tests/jest.setup.js:37:12)

  console.log
    [TRACE_WAVE_SCAN_MATCH_CAND] {
      id: '28917300-e83b-4148-9af9-d723e338d5b1',
      trainingId: '396fba62-a94b-4fb6-a1d9-dfcf1e5cd2ee',
      preview: 'Gelombang\nI\nRp.\n750.000,-\nJika\nRegistrasi\npada'
    }

      at console.fn [as log] (tests/jest.setup.js:37:12)

  console.log
    [TRACE_CALENDAR_CANDIDATE_FOUND] {
      chunkId: '28917300-e83b-4148-9af9-d723e338d5b1',
      trainingId: '396fba62-a94b-4fb6-a1d9-dfcf1e5cd2ee',
      filename: 'rincian Biaya D3 Tahun Ajaran 2026-2027.pdf',
      preview: 'Gelombang\nI\nRp.\n750.000,-\nJika\nRegistrasi\npada',
      norm: '1'
    }

      at console.fn [as log] (tests/jest.setup.js:37:12)

  console.log
    [TRACE_CALENDAR_INJECTED] {
      chunkId: '28917300-e83b-4148-9af9-d723e338d5b1',
      trainingId: '396fba62-a94b-4fb6-a1d9-dfcf1e5cd2ee',
      filename: 'rincian Biaya D3 Tahun Ajaran 2026-2027.pdf'
    }

      at console.fn [as log] (tests/jest.setup.js:37:12)

  console.log
    [TRACE_WAVE_SCAN_MATCH_CAND] {
      id: 'a65a765f-5837-4d51-bc99-67c7196873b9',
      trainingId: '396fba62-a94b-4fb6-a1d9-dfcf1e5cd2ee',
      preview: 'Gelombang\nII\nRp.\n500.000,-\nJika\nRegistrasi\npada'
    }

      at console.fn [as log] (tests/jest.setup.js:37:12)

  console.log
    [TRACE_CALENDAR_CANDIDATE_FOUND] {
      chunkId: 'a65a765f-5837-4d51-bc99-67c7196873b9',
      trainingId: '396fba62-a94b-4fb6-a1d9-dfcf1e5cd2ee',
      filename: 'rincian Biaya D3 Tahun Ajaran 2026-2027.pdf',
      preview: 'Gelombang\nII\nRp.\n500.000,-\nJika\nRegistrasi\npada',
      norm: '2'
    }

      at console.fn [as log] (tests/jest.setup.js:37:12)

  console.log
    [TRACE_CALENDAR_INJECTED] {
      chunkId: 'a65a765f-5837-4d51-bc99-67c7196873b9',
      trainingId: '396fba62-a94b-4fb6-a1d9-dfcf1e5cd2ee',
      filename: 'rincian Biaya D3 Tahun Ajaran 2026-2027.pdf'
    }

      at console.fn [as log] (tests/jest.setup.js:37:12)

  console.log
    [TRACE_WAVE_SCAN_MATCH_CAND] {
      id: '2ce12ecf-b100-4131-8e03-8bbf33bf4f5e',
      trainingId: '396fba62-a94b-4fb6-a1d9-dfcf1e5cd2ee',
      preview: 'Gelombang\n' +
        'III\n' +
        'i Dipindai dengan\n' +
        'i@ CamScanner .\n' +
        'INSTITUT\n' +
        'TEKNOLOGI\n' +
        'DAN\n' +
        'BISNIS\n' +
        '\\\n' +
        '(ITB)\n' +
        'STIKOM\n' +
        'BALI\n' +
        'Kampus Denpasar\n' +
        'Kampus'
    }

      at console.fn [as log] (tests/jest.setup.js:37:12)

  console.log
    [TRACE_CALENDAR_CANDIDATE_FOUND] {
      chunkId: '2ce12ecf-b100-4131-8e03-8bbf33bf4f5e',
      trainingId: '396fba62-a94b-4fb6-a1d9-dfcf1e5cd2ee',
      filename: 'rincian Biaya D3 Tahun Ajaran 2026-2027.pdf',
      preview: 'Gelombang\n' +
        'III\n' +
        'i Dipindai dengan\n' +
        'i@ CamScanner .\n' +
        'INSTITUT\n' +
        'TEKNOLOGI\n' +
        'DAN\n' +
        'BISNIS\n' +
        '\\\n' +
        '(ITB)\n' +
        'STIKOM\n' +
        'BALI\n' +
        'Kampus Denpasar\n' +
        'Kampus',
      norm: '3I'
    }

      at console.fn [as log] (tests/jest.setup.js:37:12)

  console.log
    [TRACE_CALENDAR_INJECTED] {
      chunkId: '2ce12ecf-b100-4131-8e03-8bbf33bf4f5e',
      trainingId: '396fba62-a94b-4fb6-a1d9-dfcf1e5cd2ee',
      filename: 'rincian Biaya D3 Tahun Ajaran 2026-2027.pdf'
    }

      at console.fn [as log] (tests/jest.setup.js:37:12)

  console.log
    [TRACE_WAVE_SCAN_MATCH_CAND] {
      id: '356b3877-f213-441f-9754-a1ed0e13ee86',
      trainingId: '396fba62-a94b-4fb6-a1d9-dfcf1e5cd2ee',
      preview: 'Gelombang Khusus : 6090'
    }

      at console.fn [as log] (tests/jest.setup.js:37:12)

  console.log
    [TRACE_CALENDAR_CANDIDATE_FOUND] {
      chunkId: '356b3877-f213-441f-9754-a1ed0e13ee86',
      trainingId: '396fba62-a94b-4fb6-a1d9-dfcf1e5cd2ee',
      filename: 'rincian Biaya D3 Tahun Ajaran 2026-2027.pdf',
      preview: 'Gelombang Khusus : 6090',
      norm: 'KHUSUS'
    }

      at console.fn [as log] (tests/jest.setup.js:37:12)

  console.log
    [TRACE_CALENDAR_INJECTED] {
      chunkId: '356b3877-f213-441f-9754-a1ed0e13ee86',
      trainingId: '396fba62-a94b-4fb6-a1d9-dfcf1e5cd2ee',
      filename: 'rincian Biaya D3 Tahun Ajaran 2026-2027.pdf'
    }

      at console.fn [as log] (tests/jest.setup.js:37:12)

  console.log
    [TRACE_WAVE_SCAN_MATCH_CAND] {
      id: '9a0d3cfa-30cf-4d60-a570-bfcd59c3a081',
      trainingId: '396fba62-a94b-4fb6-a1d9-dfcf1e5cd2ee',
      preview: 'Gelombang I : 5096'
    }

      at console.fn [as log] (tests/jest.setup.js:37:12)

  console.log
    [TRACE_CALENDAR_CANDIDATE_FOUND] {
      chunkId: '9a0d3cfa-30cf-4d60-a570-bfcd59c3a081',
      trainingId: '396fba62-a94b-4fb6-a1d9-dfcf1e5cd2ee',
      filename: 'rincian Biaya D3 Tahun Ajaran 2026-2027.pdf',
      preview: 'Gelombang I : 5096',
      norm: '1'
    }

      at console.fn [as log] (tests/jest.setup.js:37:12)

  console.log
    [TRACE_CALENDAR_INJECTED] {
      chunkId: '9a0d3cfa-30cf-4d60-a570-bfcd59c3a081',
      trainingId: '396fba62-a94b-4fb6-a1d9-dfcf1e5cd2ee',
      filename: 'rincian Biaya D3 Tahun Ajaran 2026-2027.pdf'
    }

      at console.fn [as log] (tests/jest.setup.js:37:12)

  console.log
    [TRACE_WAVE_SCAN_MATCH_CAND] {
      id: '126a9340-7564-4f1e-8212-6c99b0e302fb',
      trainingId: '396fba62-a94b-4fb6-a1d9-dfcf1e5cd2ee',
      preview: 'Gelombang II : 40%'
    }

      at console.fn [as log] (tests/jest.setup.js:37:12)

  console.log
    [TRACE_CALENDAR_CANDIDATE_FOUND] {
      chunkId: '126a9340-7564-4f1e-8212-6c99b0e302fb',
      trainingId: '396fba62-a94b-4fb6-a1d9-dfcf1e5cd2ee',
      filename: 'rincian Biaya D3 Tahun Ajaran 2026-2027.pdf',
      preview: 'Gelombang II : 40%',
      norm: '2'
    }

      at console.fn [as log] (tests/jest.setup.js:37:12)

  console.log
    [TRACE_CALENDAR_INJECTED] {
      chunkId: '126a9340-7564-4f1e-8212-6c99b0e302fb',
      trainingId: '396fba62-a94b-4fb6-a1d9-dfcf1e5cd2ee',
      filename: 'rincian Biaya D3 Tahun Ajaran 2026-2027.pdf'
    }

      at console.fn [as log] (tests/jest.setup.js:37:12)

  console.log
    [TRACE_WAVE_SCAN_MATCH_CAND] {
      id: '31181f98-dd7e-42c7-9d76-20e26f03741d',
      trainingId: '396fba62-a94b-4fb6-a1d9-dfcf1e5cd2ee',
      preview: 'Gelombang III : 3090'
    }

      at console.fn [as log] (tests/jest.setup.js:37:12)

  console.log
    [TRACE_CALENDAR_CANDIDATE_FOUND] {
      chunkId: '31181f98-dd7e-42c7-9d76-20e26f03741d',
      trainingId: '396fba62-a94b-4fb6-a1d9-dfcf1e5cd2ee',
      filename: 'rincian Biaya D3 Tahun Ajaran 2026-2027.pdf',
      preview: 'Gelombang III : 3090',
      norm: '3'
    }

      at console.fn [as log] (tests/jest.setup.js:37:12)

  console.log
    [TRACE_CALENDAR_INJECTED] {
      chunkId: '31181f98-dd7e-42c7-9d76-20e26f03741d',
      trainingId: '396fba62-a94b-4fb6-a1d9-dfcf1e5cd2ee',
      filename: 'rincian Biaya D3 Tahun Ajaran 2026-2027.pdf'
    }

      at console.fn [as log] (tests/jest.setup.js:37:12)

  console.log
    [TRACE_WAVE_SCAN_MATCH_CAND] {
      id: '727bbf51-edd8-4865-bef2-20f901822068',
      trainingId: '396fba62-a94b-4fb6-a1d9-dfcf1e5cd2ee',
      preview: 'Gelombang IV :2090'
    }

      at console.fn [as log] (tests/jest.setup.js:37:12)

  console.log
    [TRACE_CALENDAR_CANDIDATE_FOUND] {
      chunkId: '727bbf51-edd8-4865-bef2-20f901822068',
      trainingId: '396fba62-a94b-4fb6-a1d9-dfcf1e5cd2ee',
      filename: 'rincian Biaya D3 Tahun Ajaran 2026-2027.pdf',
      preview: 'Gelombang IV :2090',
      norm: '4'
    }

      at console.fn [as log] (tests/jest.setup.js:37:12)

  console.log
    [TRACE_CALENDAR_INJECTED] {
      chunkId: '727bbf51-edd8-4865-bef2-20f901822068',
      trainingId: '396fba62-a94b-4fb6-a1d9-dfcf1e5cd2ee',
      filename: 'rincian Biaya D3 Tahun Ajaran 2026-2027.pdf'
    }

      at console.fn [as log] (tests/jest.setup.js:37:12)

  console.log
    [TRACE_WAVE_SCAN_MATCH_CAND] {
      id: '4160ea43-f23e-4bad-a544-b725195209b6',
      trainingId: '396fba62-a94b-4fb6-a1d9-dfcf1e5cd2ee',
      preview: 'Gelombang Sisipan 1 10%\n' +
        'c. Apabila DPP dibayar tunai potongan ditambah 10% (sepuluh persen).\n' +
        '4. Khusus Alumni SMK TI men'
    }

      at console.fn [as log] (tests/jest.setup.js:37:12)

  console.log
    [TRACE_CALENDAR_CANDIDATE_FOUND] {
      chunkId: '4160ea43-f23e-4bad-a544-b725195209b6',
      trainingId: '396fba62-a94b-4fb6-a1d9-dfcf1e5cd2ee',
      filename: 'rincian Biaya D3 Tahun Ajaran 2026-2027.pdf',
      preview: 'Gelombang Sisipan 1 10%\n' +
        'c. Apabila DPP dibayar tunai potongan ditambah 10% (sepuluh persen).\n' +
        '4. Khusus Alumni SMK TI men',
      norm: 'KHUSUS'
    }

      at console.fn [as log] (tests/jest.setup.js:37:12)

  console.log
    [TRACE_CALENDAR_INJECTED] {
      chunkId: '4160ea43-f23e-4bad-a544-b725195209b6',
      trainingId: '396fba62-a94b-4fb6-a1d9-dfcf1e5cd2ee',
      filename: 'rincian Biaya D3 Tahun Ajaran 2026-2027.pdf'
    }

      at console.fn [as log] (tests/jest.setup.js:37:12)

  console.log
    [TRACE_WAVE_SCAN_MATCH_CAND] {
      id: '7834d588-fce7-43d2-88e9-971f39a9624f',
      trainingId: '396fba62-a94b-4fb6-a1d9-dfcf1e5cd2ee',
      preview: 'Ringkasan dokumen:\n' +
        'Program studi terlihat: PROGRAM STUDI MANAJEMEN INFORMATIKA (INFORMATIC DIPLOMA)\n' +
        'Program internasiona'
    }

      at console.fn [as log] (tests/jest.setup.js:37:12)

  console.log
    [TRACE_CALENDAR_CANDIDATE_FOUND] {
      chunkId: '7834d588-fce7-43d2-88e9-971f39a9624f',
      trainingId: '396fba62-a94b-4fb6-a1d9-dfcf1e5cd2ee',
      filename: 'rincian Biaya D3 Tahun Ajaran 2026-2027.pdf',
      preview: 'Ringkasan dokumen:\n' +
        'Program studi terlihat: PROGRAM STUDI MANAJEMEN INFORMATIKA (INFORMATIC DIPLOMA)\n' +
        'Program internasiona',
      norm: 'KHUSUS'
    }

      at console.fn [as log] (tests/jest.setup.js:37:12)

  console.log
    [TRACE_CALENDAR_INJECTED] {
      chunkId: '7834d588-fce7-43d2-88e9-971f39a9624f',
      trainingId: '396fba62-a94b-4fb6-a1d9-dfcf1e5cd2ee',
      filename: 'rincian Biaya D3 Tahun Ajaran 2026-2027.pdf'
    }

      at console.fn [as log] (tests/jest.setup.js:37:12)

  console.log
    [TRACE_WAVE_SCAN_MATCH_CAND] {
      id: '54c56c37-ef0b-444c-9b9c-120758be339a',
      trainingId: '00200a21-fab7-45c8-953c-0ae5574b4aa1',
      preview: 'Rp. 1.500.000,- Jika Mendaftar pada Gelombang Khusus'
    }

      at console.fn [as log] (tests/jest.setup.js:37:12)

  console.log
    [TRACE_CALENDAR_CANDIDATE_FOUND] {
      chunkId: '54c56c37-ef0b-444c-9b9c-120758be339a',
      trainingId: '00200a21-fab7-45c8-953c-0ae5574b4aa1',
      filename: 'rincian Biaya DNUI Tahun Ajaran 2026-2027.pdf',
      preview: 'Rp. 1.500.000,- Jika Mendaftar pada Gelombang Khusus',
      norm: 'KHUSUS'
    }

      at console.fn [as log] (tests/jest.setup.js:37:12)

  console.log
    [TRACE_CALENDAR_INJECTED] {
      chunkId: '54c56c37-ef0b-444c-9b9c-120758be339a',
      trainingId: '00200a21-fab7-45c8-953c-0ae5574b4aa1',
      filename: 'rincian Biaya DNUI Tahun Ajaran 2026-2027.pdf'
    }

      at console.fn [as log] (tests/jest.setup.js:37:12)

  console.log
    [TRACE_WAVE_SCAN_MATCH_CAND] {
      id: '997e9a2c-a36e-43e3-99fa-fa49c15099a7',
      trainingId: '00200a21-fab7-45c8-953c-0ae5574b4aa1',
      preview: 'Rp. 1.250.000,- Jika Mendaftar pada Gelombang I'
    }

      at console.fn [as log] (tests/jest.setup.js:37:12)

  console.log
    [TRACE_CALENDAR_CANDIDATE_FOUND] {
      chunkId: '997e9a2c-a36e-43e3-99fa-fa49c15099a7',
      trainingId: '00200a21-fab7-45c8-953c-0ae5574b4aa1',
      filename: 'rincian Biaya DNUI Tahun Ajaran 2026-2027.pdf',
      preview: 'Rp. 1.250.000,- Jika Mendaftar pada Gelombang I',
      norm: '1'
    }

      at console.fn [as log] (tests/jest.setup.js:37:12)

  console.log
    [TRACE_CALENDAR_INJECTED] {
      chunkId: '997e9a2c-a36e-43e3-99fa-fa49c15099a7',
      trainingId: '00200a21-fab7-45c8-953c-0ae5574b4aa1',
      filename: 'rincian Biaya DNUI Tahun Ajaran 2026-2027.pdf'
    }

      at console.fn [as log] (tests/jest.setup.js:37:12)

  console.log
    [TRACE_WAVE_SCAN_MATCH_CAND] {
      id: 'fd5d2123-7825-41f4-88ee-89854bfbe9ab',
      trainingId: '00200a21-fab7-45c8-953c-0ae5574b4aa1',
      preview: 'Rp. 1.000.000,- Jika Mendaftar pada Gelombang II'
    }

      at console.fn [as log] (tests/jest.setup.js:37:12)

  console.log
    [TRACE_CALENDAR_CANDIDATE_FOUND] {
      chunkId: 'fd5d2123-7825-41f4-88ee-89854bfbe9ab',
      trainingId: '00200a21-fab7-45c8-953c-0ae5574b4aa1',
      filename: 'rincian Biaya DNUI Tahun Ajaran 2026-2027.pdf',
      preview: 'Rp. 1.000.000,- Jika Mendaftar pada Gelombang II',
      norm: '2'
    }

      at console.fn [as log] (tests/jest.setup.js:37:12)

  console.log
    [TRACE_CALENDAR_INJECTED] {
      chunkId: 'fd5d2123-7825-41f4-88ee-89854bfbe9ab',
      trainingId: '00200a21-fab7-45c8-953c-0ae5574b4aa1',
      filename: 'rincian Biaya DNUI Tahun Ajaran 2026-2027.pdf'
    }

      at console.fn [as log] (tests/jest.setup.js:37:12)

  console.log
    [TRACE_WAVE_SCAN_MATCH_CAND] {
      id: '7ce9be63-4100-42c1-873f-d640e536b797',
      trainingId: '00200a21-fab7-45c8-953c-0ae5574b4aa1',
      preview: 'Rp. 750.000,- Jika Mendaftar pada Gelombang III'
    }

      at console.fn [as log] (tests/jest.setup.js:37:12)

  console.log
    [TRACE_CALENDAR_CANDIDATE_FOUND] {
      chunkId: '7ce9be63-4100-42c1-873f-d640e536b797',
      trainingId: '00200a21-fab7-45c8-953c-0ae5574b4aa1',
      filename: 'rincian Biaya DNUI Tahun Ajaran 2026-2027.pdf',
      preview: 'Rp. 750.000,- Jika Mendaftar pada Gelombang III',
      norm: '3'
    }

      at console.fn [as log] (tests/jest.setup.js:37:12)

  console.log
    [TRACE_CALENDAR_INJECTED] {
      chunkId: '7ce9be63-4100-42c1-873f-d640e536b797',
      trainingId: '00200a21-fab7-45c8-953c-0ae5574b4aa1',
      filename: 'rincian Biaya DNUI Tahun Ajaran 2026-2027.pdf'
    }

      at console.fn [as log] (tests/jest.setup.js:37:12)

  console.log
    [TRACE_WAVE_SCAN_MATCH_CAND] {
      id: '200b724f-0b58-4fdd-b0ac-073bd9964e21',
      trainingId: '00200a21-fab7-45c8-953c-0ae5574b4aa1',
      preview: 'a. Gelombang Khusus : Rp. 10.000.000'
    }

      at console.fn [as log] (tests/jest.setup.js:37:12)

  console.log
    [TRACE_CALENDAR_CANDIDATE_FOUND] {
      chunkId: '200b724f-0b58-4fdd-b0ac-073bd9964e21',
      trainingId: '00200a21-fab7-45c8-953c-0ae5574b4aa1',
      filename: 'rincian Biaya DNUI Tahun Ajaran 2026-2027.pdf',
      preview: 'a. Gelombang Khusus : Rp. 10.000.000',
      norm: 'KHUSUS'
    }

      at console.fn [as log] (tests/jest.setup.js:37:12)

  console.log
    [TRACE_CALENDAR_INJECTED] {
      chunkId: '200b724f-0b58-4fdd-b0ac-073bd9964e21',
      trainingId: '00200a21-fab7-45c8-953c-0ae5574b4aa1',
      filename: 'rincian Biaya DNUI Tahun Ajaran 2026-2027.pdf'
    }

      at console.fn [as log] (tests/jest.setup.js:37:12)

  console.log
    [TRACE_WAVE_SCAN_MATCH_CAND] {
      id: '19987edb-f6d7-483e-9e85-91ccdbb12ac9',
      trainingId: '00200a21-fab7-45c8-953c-0ae5574b4aa1',
      preview: 'b. Gelombang I : Rp. 8.000.000'
    }

      at console.fn [as log] (tests/jest.setup.js:37:12)

  console.log
    [TRACE_CALENDAR_CANDIDATE_FOUND] {
      chunkId: '19987edb-f6d7-483e-9e85-91ccdbb12ac9',
      trainingId: '00200a21-fab7-45c8-953c-0ae5574b4aa1',
      filename: 'rincian Biaya DNUI Tahun Ajaran 2026-2027.pdf',
      preview: 'b. Gelombang I : Rp. 8.000.000',
      norm: '1'
    }

      at console.fn [as log] (tests/jest.setup.js:37:12)

  console.log
    [TRACE_CALENDAR_INJECTED] {
      chunkId: '19987edb-f6d7-483e-9e85-91ccdbb12ac9',
      trainingId: '00200a21-fab7-45c8-953c-0ae5574b4aa1',
      filename: 'rincian Biaya DNUI Tahun Ajaran 2026-2027.pdf'
    }

      at console.fn [as log] (tests/jest.setup.js:37:12)

  console.log
    [TRACE_WAVE_SCAN_MATCH_CAND] {
      id: 'ed2f8f03-652a-4693-b2b7-7362f66a2576',
      trainingId: '00200a21-fab7-45c8-953c-0ae5574b4aa1',
      preview: 'c. Gelombang II : Rp. 6.000.000'
    }

      at console.fn [as log] (tests/jest.setup.js:37:12)

  console.log
    [TRACE_CALENDAR_CANDIDATE_FOUND] {
      chunkId: 'ed2f8f03-652a-4693-b2b7-7362f66a2576',
      trainingId: '00200a21-fab7-45c8-953c-0ae5574b4aa1',
      filename: 'rincian Biaya DNUI Tahun Ajaran 2026-2027.pdf',
      preview: 'c. Gelombang II : Rp. 6.000.000',
      norm: '2'
    }

      at console.fn [as log] (tests/jest.setup.js:37:12)

  console.log
    [TRACE_CALENDAR_INJECTED] {
      chunkId: 'ed2f8f03-652a-4693-b2b7-7362f66a2576',
      trainingId: '00200a21-fab7-45c8-953c-0ae5574b4aa1',
      filename: 'rincian Biaya DNUI Tahun Ajaran 2026-2027.pdf'
    }

      at console.fn [as log] (tests/jest.setup.js:37:12)

  console.log
    [TRACE_WAVE_SCAN_MATCH_CAND] {
      id: '5fcd9d5c-d52f-4559-b88b-40811f1d628b',
      trainingId: '00200a21-fab7-45c8-953c-0ae5574b4aa1',
      preview: 'd. Gelombang III : Rp. 4.000.000'
    }

      at console.fn [as log] (tests/jest.setup.js:37:12)

  console.log
    [TRACE_CALENDAR_CANDIDATE_FOUND] {
      chunkId: '5fcd9d5c-d52f-4559-b88b-40811f1d628b',
      trainingId: '00200a21-fab7-45c8-953c-0ae5574b4aa1',
      filename: 'rincian Biaya DNUI Tahun Ajaran 2026-2027.pdf',
      preview: 'd. Gelombang III : Rp. 4.000.000',
      norm: '3'
    }

      at console.fn [as log] (tests/jest.setup.js:37:12)

  console.log
    [TRACE_CALENDAR_INJECTED] {
      chunkId: '5fcd9d5c-d52f-4559-b88b-40811f1d628b',
      trainingId: '00200a21-fab7-45c8-953c-0ae5574b4aa1',
      filename: 'rincian Biaya DNUI Tahun Ajaran 2026-2027.pdf'
    }

      at console.fn [as log] (tests/jest.setup.js:37:12)

  console.log
    [TRACE_WAVE_SCAN_MATCH_CAND] {
      id: '4432d4d8-93ed-4115-80ab-e3522db250d6',
      trainingId: '00200a21-fab7-45c8-953c-0ae5574b4aa1',
      preview: 'e. Gelombang IV : Rp. 2.000.000\ni Dipindai dengan\ni@ CamScanner .'
    }

      at console.fn [as log] (tests/jest.setup.js:37:12)

  console.log
    [TRACE_CALENDAR_CANDIDATE_FOUND] {
      chunkId: '4432d4d8-93ed-4115-80ab-e3522db250d6',
      trainingId: '00200a21-fab7-45c8-953c-0ae5574b4aa1',
      filename: 'rincian Biaya DNUI Tahun Ajaran 2026-2027.pdf',
      preview: 'e. Gelombang IV : Rp. 2.000.000\ni Dipindai dengan\ni@ CamScanner .',
      norm: '4'
    }

      at console.fn [as log] (tests/jest.setup.js:37:12)

  console.log
    [TRACE_CALENDAR_INJECTED] {
      chunkId: '4432d4d8-93ed-4115-80ab-e3522db250d6',
      trainingId: '00200a21-fab7-45c8-953c-0ae5574b4aa1',
      filename: 'rincian Biaya DNUI Tahun Ajaran 2026-2027.pdf'
    }

      at console.fn [as log] (tests/jest.setup.js:37:12)

  console.log
    [TRACE_WAVE_SCAN_MATCH_CAND] {
      id: '86174676-4135-47f8-a6ab-43a37fcd7d81',
      trainingId: '00200a21-fab7-45c8-953c-0ae5574b4aa1',
      preview: 'a. Gelombang Khusus : 6090'
    }

      at console.fn [as log] (tests/jest.setup.js:37:12)

  console.log
    [TRACE_CALENDAR_CANDIDATE_FOUND] {
      chunkId: '86174676-4135-47f8-a6ab-43a37fcd7d81',
      trainingId: '00200a21-fab7-45c8-953c-0ae5574b4aa1',
      filename: 'rincian Biaya DNUI Tahun Ajaran 2026-2027.pdf',
      preview: 'a. Gelombang Khusus : 6090',
      norm: 'KHUSUS'
    }

      at console.fn [as log] (tests/jest.setup.js:37:12)

  console.log
    [TRACE_CALENDAR_INJECTED] {
      chunkId: '86174676-4135-47f8-a6ab-43a37fcd7d81',
      trainingId: '00200a21-fab7-45c8-953c-0ae5574b4aa1',
      filename: 'rincian Biaya DNUI Tahun Ajaran 2026-2027.pdf'
    }

      at console.fn [as log] (tests/jest.setup.js:37:12)

  console.log
    [TRACE_WAVE_SCAN_MATCH_CAND] {
      id: '9c5b8d60-6a66-4566-a4ce-b410b9c2a7cb',
      trainingId: '00200a21-fab7-45c8-953c-0ae5574b4aa1',
      preview: 'b. Gelombang I : 5090'
    }

      at console.fn [as log] (tests/jest.setup.js:37:12)

  console.log
    [TRACE_CALENDAR_CANDIDATE_FOUND] {
      chunkId: '9c5b8d60-6a66-4566-a4ce-b410b9c2a7cb',
      trainingId: '00200a21-fab7-45c8-953c-0ae5574b4aa1',
      filename: 'rincian Biaya DNUI Tahun Ajaran 2026-2027.pdf',
      preview: 'b. Gelombang I : 5090',
      norm: '1'
    }

      at console.fn [as log] (tests/jest.setup.js:37:12)

  console.log
    [TRACE_CALENDAR_INJECTED] {
      chunkId: '9c5b8d60-6a66-4566-a4ce-b410b9c2a7cb',
      trainingId: '00200a21-fab7-45c8-953c-0ae5574b4aa1',
      filename: 'rincian Biaya DNUI Tahun Ajaran 2026-2027.pdf'
    }

      at console.fn [as log] (tests/jest.setup.js:37:12)

  console.log
    [TRACE_WAVE_SCAN_MATCH_CAND] {
      id: 'bd2b820b-0267-4177-9d20-7426a2ea423c',
      trainingId: '00200a21-fab7-45c8-953c-0ae5574b4aa1',
      preview: 'c. Gelombang II : 4090'
    }

      at console.fn [as log] (tests/jest.setup.js:37:12)

  console.log
    [TRACE_CALENDAR_CANDIDATE_FOUND] {
      chunkId: 'bd2b820b-0267-4177-9d20-7426a2ea423c',
      trainingId: '00200a21-fab7-45c8-953c-0ae5574b4aa1',
      filename: 'rincian Biaya DNUI Tahun Ajaran 2026-2027.pdf',
      preview: 'c. Gelombang II : 4090',
      norm: '2'
    }

      at console.fn [as log] (tests/jest.setup.js:37:12)

  console.log
    [TRACE_CALENDAR_INJECTED] {
      chunkId: 'bd2b820b-0267-4177-9d20-7426a2ea423c',
      trainingId: '00200a21-fab7-45c8-953c-0ae5574b4aa1',
      filename: 'rincian Biaya DNUI Tahun Ajaran 2026-2027.pdf'
    }

      at console.fn [as log] (tests/jest.setup.js:37:12)

  console.log
    [TRACE_WAVE_SCAN_MATCH_CAND] {
      id: '71bfa70d-f52f-4ba5-9def-65809c633e77',
      trainingId: '00200a21-fab7-45c8-953c-0ae5574b4aa1',
      preview: 'd. Gelombang III : 3090'
    }

      at console.fn [as log] (tests/jest.setup.js:37:12)

  console.log
    [TRACE_CALENDAR_CANDIDATE_FOUND] {
      chunkId: '71bfa70d-f52f-4ba5-9def-65809c633e77',
      trainingId: '00200a21-fab7-45c8-953c-0ae5574b4aa1',
      filename: 'rincian Biaya DNUI Tahun Ajaran 2026-2027.pdf',
      preview: 'd. Gelombang III : 3090',
      norm: '3'
    }

      at console.fn [as log] (tests/jest.setup.js:37:12)

  console.log
    [TRACE_CALENDAR_INJECTED] {
      chunkId: '71bfa70d-f52f-4ba5-9def-65809c633e77',
      trainingId: '00200a21-fab7-45c8-953c-0ae5574b4aa1',
      filename: 'rincian Biaya DNUI Tahun Ajaran 2026-2027.pdf'
    }

      at console.fn [as log] (tests/jest.setup.js:37:12)

  console.log
    [TRACE_WAVE_SCAN_MATCH_CAND] {
      id: 'b3f1a4e8-c34a-4b7d-a4c6-eec1493cc04f',
      trainingId: '00200a21-fab7-45c8-953c-0ae5574b4aa1',
      preview: 'e. Gelombang IV :20%'
    }

      at console.fn [as log] (tests/jest.setup.js:37:12)

  console.log
    [TRACE_CALENDAR_CANDIDATE_FOUND] {
      chunkId: 'b3f1a4e8-c34a-4b7d-a4c6-eec1493cc04f',
      trainingId: '00200a21-fab7-45c8-953c-0ae5574b4aa1',
      filename: 'rincian Biaya DNUI Tahun Ajaran 2026-2027.pdf',
      preview: 'e. Gelombang IV :20%',
      norm: '4'
    }

      at console.fn [as log] (tests/jest.setup.js:37:12)

  console.log
    [TRACE_CALENDAR_INJECTED] {
      chunkId: 'b3f1a4e8-c34a-4b7d-a4c6-eec1493cc04f',
      trainingId: '00200a21-fab7-45c8-953c-0ae5574b4aa1',
      filename: 'rincian Biaya DNUI Tahun Ajaran 2026-2027.pdf'
    }

      at console.fn [as log] (tests/jest.setup.js:37:12)

  console.log
    [TRACE_WAVE_SCAN_MATCH_CAND] {
      id: '14b1065d-97ca-49c2-864b-e9206c847871',
      trainingId: '00200a21-fab7-45c8-953c-0ae5574b4aa1',
      preview: 'f. Gelombang Siaipan :10%\n5.\nKhusus\nAlumni\nSMK\nTI\nmendapatkan'
    }

      at console.fn [as log] (tests/jest.setup.js:37:12)

  console.log
    [TRACE_CALENDAR_CANDIDATE_FOUND] {
      chunkId: '14b1065d-97ca-49c2-864b-e9206c847871',
      trainingId: '00200a21-fab7-45c8-953c-0ae5574b4aa1',
      filename: 'rincian Biaya DNUI Tahun Ajaran 2026-2027.pdf',
      preview: 'f. Gelombang Siaipan :10%\n5.\nKhusus\nAlumni\nSMK\nTI\nmendapatkan',
      norm: 'KHUSUS'
    }

      at console.fn [as log] (tests/jest.setup.js:37:12)

  console.log
    [TRACE_CALENDAR_INJECTED] {
      chunkId: '14b1065d-97ca-49c2-864b-e9206c847871',
      trainingId: '00200a21-fab7-45c8-953c-0ae5574b4aa1',
      filename: 'rincian Biaya DNUI Tahun Ajaran 2026-2027.pdf'
    }

      at console.fn [as log] (tests/jest.setup.js:37:12)

  console.log
    [TRACE_WAVE_SCAN_MATCH_CAND] {
      id: 'ae850772-34f7-4347-bc8a-81a322368ddd',
      trainingId: '00200a21-fab7-45c8-953c-0ae5574b4aa1',
      preview: 'Ringkasan dokumen:\n' +
        'Program internasional / kerja sama internasional: \\ (ITB) STIKOM BALI\n' +
        'Biaya pendaftaran: Pendaftaran\n'
    }

      at console.fn [as log] (tests/jest.setup.js:37:12)

  console.log
    [TRACE_CALENDAR_CANDIDATE_FOUND] {
      chunkId: 'ae850772-34f7-4347-bc8a-81a322368ddd',
      trainingId: '00200a21-fab7-45c8-953c-0ae5574b4aa1',
      filename: 'rincian Biaya DNUI Tahun Ajaran 2026-2027.pdf',
      preview: 'Ringkasan dokumen:\n' +
        'Program internasional / kerja sama internasional: \\ (ITB) STIKOM BALI\n' +
        'Biaya pendaftaran: Pendaftaran\n',
      norm: 'KHUSUS'
    }

      at console.fn [as log] (tests/jest.setup.js:37:12)

  console.log
    [TRACE_CALENDAR_INJECTED] {
      chunkId: 'ae850772-34f7-4347-bc8a-81a322368ddd',
      trainingId: '00200a21-fab7-45c8-953c-0ae5574b4aa1',
      filename: 'rincian Biaya DNUI Tahun Ajaran 2026-2027.pdf'
    }

      at console.fn [as log] (tests/jest.setup.js:37:12)

  console.log
    [TRACE_WAVE_SCAN_MATCH_CAND] {
      id: 'a4bc5b61-c2d9-44cb-a6f4-3a1dbfc5bcab',
      trainingId: '4f3faa7b-3a20-416e-8379-a4d1fc9fa9ff',
      preview: 'Gelombang\nKhusus\nRp.\n1.250.000,-\nJika\nMendaftar\npada'
    }

      at console.fn [as log] (tests/jest.setup.js:37:12)

  console.log
    [TRACE_CALENDAR_CANDIDATE_FOUND] {
      chunkId: 'a4bc5b61-c2d9-44cb-a6f4-3a1dbfc5bcab',
      trainingId: '4f3faa7b-3a20-416e-8379-a4d1fc9fa9ff',
      filename: 'rincian Biaya HELP Tahun Ajaran 2026-2027.pdf',
      preview: 'Gelombang\nKhusus\nRp.\n1.250.000,-\nJika\nMendaftar\npada',
      norm: 'KHUSUS'
    }

      at console.fn [as log] (tests/jest.setup.js:37:12)

  console.log
    [TRACE_CALENDAR_INJECTED] {
      chunkId: 'a4bc5b61-c2d9-44cb-a6f4-3a1dbfc5bcab',
      trainingId: '4f3faa7b-3a20-416e-8379-a4d1fc9fa9ff',
      filename: 'rincian Biaya HELP Tahun Ajaran 2026-2027.pdf'
    }

      at console.fn [as log] (tests/jest.setup.js:37:12)

  console.log
    [TRACE_WAVE_SCAN_MATCH_CAND] {
      id: '69514a57-91f6-4b63-8c95-f76005494484',
      trainingId: '4f3faa7b-3a20-416e-8379-a4d1fc9fa9ff',
      preview: 'Gelombang\nI\nRp.\n1.000.000,-\nJika\nMendaftar\npada'
    }

      at console.fn [as log] (tests/jest.setup.js:37:12)

  console.log
    [TRACE_CALENDAR_CANDIDATE_FOUND] {
      chunkId: '69514a57-91f6-4b63-8c95-f76005494484',
      trainingId: '4f3faa7b-3a20-416e-8379-a4d1fc9fa9ff',
      filename: 'rincian Biaya HELP Tahun Ajaran 2026-2027.pdf',
      preview: 'Gelombang\nI\nRp.\n1.000.000,-\nJika\nMendaftar\npada',
      norm: '1'
    }

      at console.fn [as log] (tests/jest.setup.js:37:12)

  console.log
    [TRACE_CALENDAR_INJECTED] {
      chunkId: '69514a57-91f6-4b63-8c95-f76005494484',
      trainingId: '4f3faa7b-3a20-416e-8379-a4d1fc9fa9ff',
      filename: 'rincian Biaya HELP Tahun Ajaran 2026-2027.pdf'
    }

      at console.fn [as log] (tests/jest.setup.js:37:12)

  console.log
    [TRACE_WAVE_SCAN_MATCH_CAND] {
      id: '5ce62f46-a265-42b7-a891-e8f4dd537322',
      trainingId: '4f3faa7b-3a20-416e-8379-a4d1fc9fa9ff',
      preview: 'Gelombang\nII\nRp.\n750.000,-\nJika\nMendaftar\npada'
    }

      at console.fn [as log] (tests/jest.setup.js:37:12)

  console.log
    [TRACE_CALENDAR_CANDIDATE_FOUND] {
      chunkId: '5ce62f46-a265-42b7-a891-e8f4dd537322',
      trainingId: '4f3faa7b-3a20-416e-8379-a4d1fc9fa9ff',
      filename: 'rincian Biaya HELP Tahun Ajaran 2026-2027.pdf',
      preview: 'Gelombang\nII\nRp.\n750.000,-\nJika\nMendaftar\npada',
      norm: '2'
    }

      at console.fn [as log] (tests/jest.setup.js:37:12)

  console.log
    [TRACE_CALENDAR_INJECTED] {
      chunkId: '5ce62f46-a265-42b7-a891-e8f4dd537322',
      trainingId: '4f3faa7b-3a20-416e-8379-a4d1fc9fa9ff',
      filename: 'rincian Biaya HELP Tahun Ajaran 2026-2027.pdf'
    }

      at console.fn [as log] (tests/jest.setup.js:37:12)

  console.log
    [TRACE_WAVE_SCAN_MATCH_CAND] {
      id: '17778999-6fbf-442a-8a8a-67f0b916aac8',
      trainingId: '4f3faa7b-3a20-416e-8379-a4d1fc9fa9ff',
      preview: 'Gelombang\nIII\nRp.\n500.000,-\nJika\nMendaftar\npada'
    }

      at console.fn [as log] (tests/jest.setup.js:37:12)

  console.log
    [TRACE_CALENDAR_CANDIDATE_FOUND] {
      chunkId: '17778999-6fbf-442a-8a8a-67f0b916aac8',
      trainingId: '4f3faa7b-3a20-416e-8379-a4d1fc9fa9ff',
      filename: 'rincian Biaya HELP Tahun Ajaran 2026-2027.pdf',
      preview: 'Gelombang\nIII\nRp.\n500.000,-\nJika\nMendaftar\npada',
      norm: '3'
    }

      at console.fn [as log] (tests/jest.setup.js:37:12)

  console.log
    [TRACE_CALENDAR_INJECTED] {
      chunkId: '17778999-6fbf-442a-8a8a-67f0b916aac8',
      trainingId: '4f3faa7b-3a20-416e-8379-a4d1fc9fa9ff',
      filename: 'rincian Biaya HELP Tahun Ajaran 2026-2027.pdf'
    }

      at console.fn [as log] (tests/jest.setup.js:37:12)

  console.log
    [TRACE_WAVE_SCAN_MATCH_CAND] {
      id: '9fe5b2ec-3528-43a7-ad9e-e7dfa127b441',
      trainingId: '4f3faa7b-3a20-416e-8379-a4d1fc9fa9ff',
      preview: '3. Beasiswa untuk Dana Pendidikan Pokok :\n' +
        'a. Gelombang Khusus : Rp. 10.000.000\n' +
        'b. Gelombang I : Rp. 8.000.000\n' +
        'c. Gelomba'
    }

      at console.fn [as log] (tests/jest.setup.js:37:12)

  console.log
    [TRACE_CALENDAR_CANDIDATE_FOUND] {
      chunkId: '9fe5b2ec-3528-43a7-ad9e-e7dfa127b441',
      trainingId: '4f3faa7b-3a20-416e-8379-a4d1fc9fa9ff',
      filename: 'rincian Biaya HELP Tahun Ajaran 2026-2027.pdf',
      preview: '3. Beasiswa untuk Dana Pendidikan Pokok :\n' +
        'a. Gelombang Khusus : Rp. 10.000.000\n' +
        'b. Gelombang I : Rp. 8.000.000\n' +
        'c. Gelomba',
      norm: 'KHUSUS'
    }

      at console.fn [as log] (tests/jest.setup.js:37:12)

  console.log
    [TRACE_CALENDAR_INJECTED] {
      chunkId: '9fe5b2ec-3528-43a7-ad9e-e7dfa127b441',
      trainingId: '4f3faa7b-3a20-416e-8379-a4d1fc9fa9ff',
      filename: 'rincian Biaya HELP Tahun Ajaran 2026-2027.pdf'
    }

      at console.fn [as log] (tests/jest.setup.js:37:12)

  console.log
    [TRACE_WAVE_SCAN_MATCH_CAND] {
      id: '77137b91-c4e2-4ba8-8ced-bd54cf0051be',
      trainingId: '4f3faa7b-3a20-416e-8379-a4d1fc9fa9ff',
      preview: 'a. Gelombang Khusus : 60%'
    }

      at console.fn [as log] (tests/jest.setup.js:37:12)

  console.log
    [TRACE_CALENDAR_CANDIDATE_FOUND] {
      chunkId: '77137b91-c4e2-4ba8-8ced-bd54cf0051be',
      trainingId: '4f3faa7b-3a20-416e-8379-a4d1fc9fa9ff',
      filename: 'rincian Biaya HELP Tahun Ajaran 2026-2027.pdf',
      preview: 'a. Gelombang Khusus : 60%',
      norm: 'KHUSUS'
    }

      at console.fn [as log] (tests/jest.setup.js:37:12)

  console.log
    [TRACE_CALENDAR_INJECTED] {
      chunkId: '77137b91-c4e2-4ba8-8ced-bd54cf0051be',
      trainingId: '4f3faa7b-3a20-416e-8379-a4d1fc9fa9ff',
      filename: 'rincian Biaya HELP Tahun Ajaran 2026-2027.pdf'
    }

      at console.fn [as log] (tests/jest.setup.js:37:12)

  console.log
    [TRACE_WAVE_SCAN_MATCH_CAND] {
      id: '38985f64-817b-4f40-9d52-9dbd4ac984c0',
      trainingId: '4f3faa7b-3a20-416e-8379-a4d1fc9fa9ff',
      preview: 'c. Gelombang II : 4096'
    }

      at console.fn [as log] (tests/jest.setup.js:37:12)

  console.log
    [TRACE_CALENDAR_CANDIDATE_FOUND] {
      chunkId: '38985f64-817b-4f40-9d52-9dbd4ac984c0',
      trainingId: '4f3faa7b-3a20-416e-8379-a4d1fc9fa9ff',
      filename: 'rincian Biaya HELP Tahun Ajaran 2026-2027.pdf',
      preview: 'c. Gelombang II : 4096',
      norm: '2'
    }

      at console.fn [as log] (tests/jest.setup.js:37:12)

  console.log
    [TRACE_CALENDAR_INJECTED] {
      chunkId: '38985f64-817b-4f40-9d52-9dbd4ac984c0',
      trainingId: '4f3faa7b-3a20-416e-8379-a4d1fc9fa9ff',
      filename: 'rincian Biaya HELP Tahun Ajaran 2026-2027.pdf'
    }

      at console.fn [as log] (tests/jest.setup.js:37:12)

  console.log
    [TRACE_WAVE_SCAN_MATCH_CAND] {
      id: '2fe3382f-0f9e-448e-add5-be69c30c7a53',
      trainingId: '4f3faa7b-3a20-416e-8379-a4d1fc9fa9ff',
      preview: 'f. Gelombang Sisipan 1 10%\n' +
        '5. Khusus Alumni SMK TI mendapatkan potongan 10% Biaya Pendidikan Per Semester\n' +
        'selama 4 tahun'
    }

      at console.fn [as log] (tests/jest.setup.js:37:12)

  console.log
    [TRACE_CALENDAR_CANDIDATE_FOUND] {
      chunkId: '2fe3382f-0f9e-448e-add5-be69c30c7a53',
      trainingId: '4f3faa7b-3a20-416e-8379-a4d1fc9fa9ff',
      filename: 'rincian Biaya HELP Tahun Ajaran 2026-2027.pdf',
      preview: 'f. Gelombang Sisipan 1 10%\n' +
        '5. Khusus Alumni SMK TI mendapatkan potongan 10% Biaya Pendidikan Per Semester\n' +
        'selama 4 tahun',
      norm: 'KHUSUS'
    }

      at console.fn [as log] (tests/jest.setup.js:37:12)

  console.log
    [TRACE_CALENDAR_INJECTED] {
      chunkId: '2fe3382f-0f9e-448e-add5-be69c30c7a53',
      trainingId: '4f3faa7b-3a20-416e-8379-a4d1fc9fa9ff',
      filename: 'rincian Biaya HELP Tahun Ajaran 2026-2027.pdf'
    }

      at console.fn [as log] (tests/jest.setup.js:37:12)

  console.log
    [TRACE_WAVE_SCAN_MATCH_CAND] {
      id: '01b75b42-07e0-424e-9522-e2edf35ff403',
      trainingId: '4f3faa7b-3a20-416e-8379-a4d1fc9fa9ff',
      preview: 'Ringkasan dokumen:\n' +
        "Program internasional / kerja sama internasional: ' (ITB) STIKOM BALI\n" +
        'Biaya pendaftaran: Pendaftaran\n'
    }

      at console.fn [as log] (tests/jest.setup.js:37:12)

  console.log
    [TRACE_WAVE_SCAN_MATCH_CAND] {
      id: 'ee2bfc90-3fbd-4eed-b93f-301cc2d704ff',
      trainingId: 'd540ae42-ca48-4750-b5dd-5a1fbdbc05a0',
      preview: '3. a. Beasiswa untuk Dana Pendidikan Pokok (DPP) :\n' +
        'Rp. 3.000.000,- Jika Registrasi pada Gelombang Khusus'
    }

      at console.fn [as log] (tests/jest.setup.js:37:12)

  console.log
    [TRACE_CALENDAR_CANDIDATE_FOUND] {
      chunkId: 'ee2bfc90-3fbd-4eed-b93f-301cc2d704ff',
      trainingId: 'd540ae42-ca48-4750-b5dd-5a1fbdbc05a0',
      filename: 'rincian Biaya SI,TI dan BD Tahun Ajaran 2026-2027.pdf',
      preview: '3. a. Beasiswa untuk Dana Pendidikan Pokok (DPP) :\n' +
        'Rp. 3.000.000,- Jika Registrasi pada Gelombang Khusus',
      norm: 'KHUSUS'
    }

      at console.fn [as log] (tests/jest.setup.js:37:12)

  console.log
    [TRACE_CALENDAR_INJECTED] {
      chunkId: 'ee2bfc90-3fbd-4eed-b93f-301cc2d704ff',
      trainingId: 'd540ae42-ca48-4750-b5dd-5a1fbdbc05a0',
      filename: 'rincian Biaya SI,TI dan BD Tahun Ajaran 2026-2027.pdf'
    }

      at console.fn [as log] (tests/jest.setup.js:37:12)

  console.log
    [TRACE_WAVE_SCAN_MATCH_CAND] {
      id: '9fb44de0-a82a-44ba-bd55-086c72243698',
      trainingId: 'd540ae42-ca48-4750-b5dd-5a1fbdbc05a0',
      preview: 'Rp. 2.000.000,- Jika Registrasi pada Gelombang I'
    }

      at console.fn [as log] (tests/jest.setup.js:37:12)

  console.log
    [TRACE_CALENDAR_CANDIDATE_FOUND] {
      chunkId: '9fb44de0-a82a-44ba-bd55-086c72243698',
      trainingId: 'd540ae42-ca48-4750-b5dd-5a1fbdbc05a0',
      filename: 'rincian Biaya SI,TI dan BD Tahun Ajaran 2026-2027.pdf',
      preview: 'Rp. 2.000.000,- Jika Registrasi pada Gelombang I',
      norm: '1'
    }

      at console.fn [as log] (tests/jest.setup.js:37:12)

  console.log
    [TRACE_WAVE_SCAN_MATCH_CAND] {
      id: 'f675714e-5e78-435a-af23-f32fbe23d159',
      trainingId: 'd540ae42-ca48-4750-b5dd-5a1fbdbc05a0',
      preview: 'Rp. 1.500.000,- Jika Registrasi pada Gelombang II'
    }

      at console.fn [as log] (tests/jest.setup.js:37:12)

  console.log
    [TRACE_CALENDAR_CANDIDATE_FOUND] {
      chunkId: 'f675714e-5e78-435a-af23-f32fbe23d159',
      trainingId: 'd540ae42-ca48-4750-b5dd-5a1fbdbc05a0',
      filename: 'rincian Biaya SI,TI dan BD Tahun Ajaran 2026-2027.pdf',
      preview: 'Rp. 1.500.000,- Jika Registrasi pada Gelombang II',
      norm: '2'
    }

      at console.fn [as log] (tests/jest.setup.js:37:12)

  console.log
    [TRACE_CALENDAR_INJECTED] {
      chunkId: 'f675714e-5e78-435a-af23-f32fbe23d159',
      trainingId: 'd540ae42-ca48-4750-b5dd-5a1fbdbc05a0',
      filename: 'rincian Biaya SI,TI dan BD Tahun Ajaran 2026-2027.pdf'
    }

      at console.fn [as log] (tests/jest.setup.js:37:12)

  console.log
    [TRACE_WAVE_SCAN_MATCH_CAND] {
      id: '4e33c2dd-5e54-4dbd-adf8-1a2238a2b540',
      trainingId: 'd540ae42-ca48-4750-b5dd-5a1fbdbc05a0',
      preview: 'Gelombang Khusus : 60%'
    }

      at console.fn [as log] (tests/jest.setup.js:37:12)

  console.log
    [TRACE_CALENDAR_CANDIDATE_FOUND] {
      chunkId: '4e33c2dd-5e54-4dbd-adf8-1a2238a2b540',
      trainingId: 'd540ae42-ca48-4750-b5dd-5a1fbdbc05a0',
      filename: 'rincian Biaya SI,TI dan BD Tahun Ajaran 2026-2027.pdf',
      preview: 'Gelombang Khusus : 60%',
      norm: 'KHUSUS'
    }

      at console.fn [as log] (tests/jest.setup.js:37:12)

  console.log
    [TRACE_CALENDAR_INJECTED] {
      chunkId: '4e33c2dd-5e54-4dbd-adf8-1a2238a2b540',
      trainingId: 'd540ae42-ca48-4750-b5dd-5a1fbdbc05a0',
      filename: 'rincian Biaya SI,TI dan BD Tahun Ajaran 2026-2027.pdf'
    }

      at console.fn [as log] (tests/jest.setup.js:37:12)

  console.log
    [TRACE_WAVE_SCAN_MATCH_CAND] {
      id: '2a88a613-ef53-4eeb-b2da-6170b504b26f',
      trainingId: 'd540ae42-ca48-4750-b5dd-5a1fbdbc05a0',
      preview: 'Gelombang I : 5090'
    }

      at console.fn [as log] (tests/jest.setup.js:37:12)

  console.log
    [TRACE_CALENDAR_CANDIDATE_FOUND] {
      chunkId: '2a88a613-ef53-4eeb-b2da-6170b504b26f',
      trainingId: 'd540ae42-ca48-4750-b5dd-5a1fbdbc05a0',
      filename: 'rincian Biaya SI,TI dan BD Tahun Ajaran 2026-2027.pdf',
      preview: 'Gelombang I : 5090',
      norm: '1'
    }

      at console.fn [as log] (tests/jest.setup.js:37:12)

  console.log
    [TRACE_WAVE_SCAN_MATCH_CAND] {
      id: 'aac87e30-d78e-48b5-ac4f-8cb61ecdde51',
      trainingId: 'd540ae42-ca48-4750-b5dd-5a1fbdbc05a0',
      preview: 'Gelombang II : 4090'
    }

      at console.fn [as log] (tests/jest.setup.js:37:12)

  console.log
    [TRACE_CALENDAR_CANDIDATE_FOUND] {
      chunkId: 'aac87e30-d78e-48b5-ac4f-8cb61ecdde51',
      trainingId: 'd540ae42-ca48-4750-b5dd-5a1fbdbc05a0',
      filename: 'rincian Biaya SI,TI dan BD Tahun Ajaran 2026-2027.pdf',
      preview: 'Gelombang II : 4090',
      norm: '2'
    }

      at console.fn [as log] (tests/jest.setup.js:37:12)

  console.log
    [TRACE_CALENDAR_INJECTED] {
      chunkId: 'aac87e30-d78e-48b5-ac4f-8cb61ecdde51',
      trainingId: 'd540ae42-ca48-4750-b5dd-5a1fbdbc05a0',
      filename: 'rincian Biaya SI,TI dan BD Tahun Ajaran 2026-2027.pdf'
    }

      at console.fn [as log] (tests/jest.setup.js:37:12)

  console.log
    [TRACE_WAVE_SCAN_MATCH_CAND] {
      id: '546bc060-81cd-43d9-b41c-f700743429aa',
      trainingId: 'd540ae42-ca48-4750-b5dd-5a1fbdbc05a0',
      preview: 'Gelombang III : 3096'
    }

      at console.fn [as log] (tests/jest.setup.js:37:12)

  console.log
    [TRACE_CALENDAR_CANDIDATE_FOUND] {
      chunkId: '546bc060-81cd-43d9-b41c-f700743429aa',
      trainingId: 'd540ae42-ca48-4750-b5dd-5a1fbdbc05a0',
      filename: 'rincian Biaya SI,TI dan BD Tahun Ajaran 2026-2027.pdf',
      preview: 'Gelombang III : 3096',
      norm: '3'
    }

      at console.fn [as log] (tests/jest.setup.js:37:12)

  console.log
    [TRACE_CALENDAR_INJECTED] {
      chunkId: '546bc060-81cd-43d9-b41c-f700743429aa',
      trainingId: 'd540ae42-ca48-4750-b5dd-5a1fbdbc05a0',
      filename: 'rincian Biaya SI,TI dan BD Tahun Ajaran 2026-2027.pdf'
    }

      at console.fn [as log] (tests/jest.setup.js:37:12)

  console.log
    [TRACE_WAVE_SCAN_MATCH_CAND] {
      id: '1ba4c54a-c870-485e-b488-dbaefdc21ca2',
      trainingId: 'd540ae42-ca48-4750-b5dd-5a1fbdbc05a0',
      preview: 'Gelombang IV :20%'
    }

      at console.fn [as log] (tests/jest.setup.js:37:12)

  console.log
    [TRACE_CALENDAR_CANDIDATE_FOUND] {
      chunkId: '1ba4c54a-c870-485e-b488-dbaefdc21ca2',
      trainingId: 'd540ae42-ca48-4750-b5dd-5a1fbdbc05a0',
      filename: 'rincian Biaya SI,TI dan BD Tahun Ajaran 2026-2027.pdf',
      preview: 'Gelombang IV :20%',
      norm: '4'
    }

      at console.fn [as log] (tests/jest.setup.js:37:12)

  console.log
    [TRACE_CALENDAR_INJECTED] {
      chunkId: '1ba4c54a-c870-485e-b488-dbaefdc21ca2',
      trainingId: 'd540ae42-ca48-4750-b5dd-5a1fbdbc05a0',
      filename: 'rincian Biaya SI,TI dan BD Tahun Ajaran 2026-2027.pdf'
    }

      at console.fn [as log] (tests/jest.setup.js:37:12)

  console.log
    [TRACE_WAVE_SCAN_MATCH_CAND] {
      id: 'f4e14c27-ce75-4f9a-abae-1359a6ae4473',
      trainingId: 'd540ae42-ca48-4750-b5dd-5a1fbdbc05a0',
      preview: 'Gelombang Sisipan : 10%\n' +
        'c. Apabila DPP dibayar tunai potongan ditambah 10% (sepuluh persen).\n' +
        '4. Khusus Alumni SMK TI men'
    }

      at console.fn [as log] (tests/jest.setup.js:37:12)

  console.log
    [TRACE_CALENDAR_CANDIDATE_FOUND] {
      chunkId: 'f4e14c27-ce75-4f9a-abae-1359a6ae4473',
      trainingId: 'd540ae42-ca48-4750-b5dd-5a1fbdbc05a0',
      filename: 'rincian Biaya SI,TI dan BD Tahun Ajaran 2026-2027.pdf',
      preview: 'Gelombang Sisipan : 10%\n' +
        'c. Apabila DPP dibayar tunai potongan ditambah 10% (sepuluh persen).\n' +
        '4. Khusus Alumni SMK TI men',
      norm: 'KHUSUS'
    }

      at console.fn [as log] (tests/jest.setup.js:37:12)

  console.log
    [TRACE_CALENDAR_INJECTED] {
      chunkId: 'f4e14c27-ce75-4f9a-abae-1359a6ae4473',
      trainingId: 'd540ae42-ca48-4750-b5dd-5a1fbdbc05a0',
      filename: 'rincian Biaya SI,TI dan BD Tahun Ajaran 2026-2027.pdf'
    }

      at console.fn [as log] (tests/jest.setup.js:37:12)

  console.log
    [TRACE_WAVE_SCAN_MATCH_CAND] {
      id: '3c5b4175-a9d4-48c2-9b75-b05ebe46dbbf',
      trainingId: 'd540ae42-ca48-4750-b5dd-5a1fbdbc05a0',
      preview: 'STIKOM Bali dengan ketentuan :\n' +
        '- D3 : antara 85 s/d 100 SKS\n' +
        '- D2 :antara 44 s/d 84 SKS\n' +
        '- D1 : antara 20 s/d 43 SKS\n' +
        '- Di '
    }

      at console.fn [as log] (tests/jest.setup.js:37:12)

  console.log
    [TRACE_WAVE_SCAN_MATCH_CAND] {
      id: '0e2f1b54-9317-49c3-a4b8-9adc9e3f596e',
      trainingId: 'd540ae42-ca48-4750-b5dd-5a1fbdbc05a0',
      preview: 'a. Dana Pendidikan Pokok (DPP)\n' +
        '- Jumlah pengakuan SKS antara 85 s/d 100 SKS dikenakan biaya DPP\n' +
        'sebesar Rp. 4.500.000\n' +
        '- '
    }

      at console.fn [as log] (tests/jest.setup.js:37:12)

  console.log
    [TRACE_WAVE_SCAN_MATCH_CAND] {
      id: 'e1167772-990a-4c1f-b46a-ad8d8da61e6c',
      trainingId: 'd540ae42-ca48-4750-b5dd-5a1fbdbc05a0',
      preview: 'Ringkasan dokumen:\n' +
        'Program studi terlihat: PROGRAM STUDI SISTEM INFORMASI, TEKNOLOGI INFORMASI, DAN\n' +
        'Program internasiona'
    }

      at console.fn [as log] (tests/jest.setup.js:37:12)

  console.log
    [TRACE_CALENDAR_CANDIDATE_FOUND] {
      chunkId: 'e1167772-990a-4c1f-b46a-ad8d8da61e6c',
      trainingId: 'd540ae42-ca48-4750-b5dd-5a1fbdbc05a0',
      filename: 'rincian Biaya SI,TI dan BD Tahun Ajaran 2026-2027.pdf',
      preview: 'Ringkasan dokumen:\n' +
        'Program studi terlihat: PROGRAM STUDI SISTEM INFORMASI, TEKNOLOGI INFORMASI, DAN\n' +
        'Program internasiona',
      norm: 'KHUSUS'
    }

      at console.fn [as log] (tests/jest.setup.js:37:12)

  console.log
    [TRACE_CALENDAR_INJECTED] {
      chunkId: 'e1167772-990a-4c1f-b46a-ad8d8da61e6c',
      trainingId: 'd540ae42-ca48-4750-b5dd-5a1fbdbc05a0',
      filename: 'rincian Biaya SI,TI dan BD Tahun Ajaran 2026-2027.pdf'
    }

      at console.fn [as log] (tests/jest.setup.js:37:12)

  console.log
    [TRACE_WAVE_SCAN_MATCH_CAND] {
      id: 'b3c4f753-6db4-400b-b9bd-9db748ef2057',
      trainingId: '5dd6cc3e-eab8-4c04-97b4-1aa28bf0f1d9',
      preview: 'Rp. 2.000.000,- Jika Registrasi pada Gelombang Khusus\n' +
        'Rp. 1.000.000.- Jika Registrasi pada Gelombang I'
    }

      at console.fn [as log] (tests/jest.setup.js:37:12)

  console.log
    [TRACE_CALENDAR_CANDIDATE_FOUND] {
      chunkId: 'b3c4f753-6db4-400b-b9bd-9db748ef2057',
      trainingId: '5dd6cc3e-eab8-4c04-97b4-1aa28bf0f1d9',
      filename: 'rincian Biaya SK Tahun Ajaran 2026-2027.pdf',
      preview: 'Rp. 2.000.000,- Jika Registrasi pada Gelombang Khusus\n' +
        'Rp. 1.000.000.- Jika Registrasi pada Gelombang I',
      norm: 'KHUSUS'
    }

      at console.fn [as log] (tests/jest.setup.js:37:12)

  console.log
    [TRACE_CALENDAR_INJECTED] {
      chunkId: 'b3c4f753-6db4-400b-b9bd-9db748ef2057',
      trainingId: '5dd6cc3e-eab8-4c04-97b4-1aa28bf0f1d9',
      filename: 'rincian Biaya SK Tahun Ajaran 2026-2027.pdf'
    }

      at console.fn [as log] (tests/jest.setup.js:37:12)

  console.log
    [TRACE_WAVE_SCAN_MATCH_CAND] {
      id: '888968fa-7ce3-455f-9a97-5bb910a02529',
      trainingId: '5dd6cc3e-eab8-4c04-97b4-1aa28bf0f1d9',
      preview: 'Rp. 750.000,- Jika Registrasi pada Gelombang II\n' +
        'IeΓÇö\n' +
        'i Dipindai dengan\n' +
        'i@ CamScanner .'
    }

      at console.fn [as log] (tests/jest.setup.js:37:12)

  console.log
    [TRACE_CALENDAR_CANDIDATE_FOUND] {
      chunkId: '888968fa-7ce3-455f-9a97-5bb910a02529',
      trainingId: '5dd6cc3e-eab8-4c04-97b4-1aa28bf0f1d9',
      filename: 'rincian Biaya SK Tahun Ajaran 2026-2027.pdf',
      preview: 'Rp. 750.000,- Jika Registrasi pada Gelombang II\n' +
        'IeΓÇö\n' +
        'i Dipindai dengan\n' +
        'i@ CamScanner .',
      norm: '2'
    }

      at console.fn [as log] (tests/jest.setup.js:37:12)

  console.log
    [TRACE_CALENDAR_INJECTED] {
      chunkId: '888968fa-7ce3-455f-9a97-5bb910a02529',
      trainingId: '5dd6cc3e-eab8-4c04-97b4-1aa28bf0f1d9',
      filename: 'rincian Biaya SK Tahun Ajaran 2026-2027.pdf'
    }

      at console.fn [as log] (tests/jest.setup.js:37:12)

  console.log
    [TRACE_WAVE_SCAN_MATCH_CAND] {
      id: 'fb2b1185-e1e9-4b61-8b17-299665d80906',
      trainingId: '5dd6cc3e-eab8-4c04-97b4-1aa28bf0f1d9',
      preview: 'Gelombang III :30%'
    }

      at console.fn [as log] (tests/jest.setup.js:37:12)

  console.log
    [TRACE_CALENDAR_CANDIDATE_FOUND] {
      chunkId: 'fb2b1185-e1e9-4b61-8b17-299665d80906',
      trainingId: '5dd6cc3e-eab8-4c04-97b4-1aa28bf0f1d9',
      filename: 'rincian Biaya SK Tahun Ajaran 2026-2027.pdf',
      preview: 'Gelombang III :30%',
      norm: '3'
    }

      at console.fn [as log] (tests/jest.setup.js:37:12)

  console.log
    [TRACE_CALENDAR_INJECTED] {
      chunkId: 'fb2b1185-e1e9-4b61-8b17-299665d80906',
      trainingId: '5dd6cc3e-eab8-4c04-97b4-1aa28bf0f1d9',
      filename: 'rincian Biaya SK Tahun Ajaran 2026-2027.pdf'
    }

      at console.fn [as log] (tests/jest.setup.js:37:12)

  console.log
    [TRACE_WAVE_SCAN_MATCH_CAND] {
      id: 'c08f4224-f0d9-43a6-80b1-6c61affd58b0',
      trainingId: '5dd6cc3e-eab8-4c04-97b4-1aa28bf0f1d9',
      preview: 'Gelombang IV 120%'
    }

      at console.fn [as log] (tests/jest.setup.js:37:12)

  console.log
    [TRACE_CALENDAR_CANDIDATE_FOUND] {
      chunkId: 'c08f4224-f0d9-43a6-80b1-6c61affd58b0',
      trainingId: '5dd6cc3e-eab8-4c04-97b4-1aa28bf0f1d9',
      filename: 'rincian Biaya SK Tahun Ajaran 2026-2027.pdf',
      preview: 'Gelombang IV 120%',
      norm: '4'
    }

      at console.fn [as log] (tests/jest.setup.js:37:12)

  console.log
    [TRACE_CALENDAR_INJECTED] {
      chunkId: 'c08f4224-f0d9-43a6-80b1-6c61affd58b0',
      trainingId: '5dd6cc3e-eab8-4c04-97b4-1aa28bf0f1d9',
      filename: 'rincian Biaya SK Tahun Ajaran 2026-2027.pdf'
    }

      at console.fn [as log] (tests/jest.setup.js:37:12)

  console.log
    [TRACE_WAVE_SCAN_MATCH_CAND] {
      id: '21e93d36-759d-4ae9-adc0-b6f48c890ebf',
      trainingId: '5dd6cc3e-eab8-4c04-97b4-1aa28bf0f1d9',
      preview: 'Gelombang Sisipan :10%\n' +
        'c. Apabila DPP dibayar tunai potongan ditambah 10% (sepuluh persen).\n' +
        '4. Khusus Alumni SMK TI mend'
    }

      at console.fn [as log] (tests/jest.setup.js:37:12)

  console.log
    [TRACE_CALENDAR_CANDIDATE_FOUND] {
      chunkId: '21e93d36-759d-4ae9-adc0-b6f48c890ebf',
      trainingId: '5dd6cc3e-eab8-4c04-97b4-1aa28bf0f1d9',
      filename: 'rincian Biaya SK Tahun Ajaran 2026-2027.pdf',
      preview: 'Gelombang Sisipan :10%\n' +
        'c. Apabila DPP dibayar tunai potongan ditambah 10% (sepuluh persen).\n' +
        '4. Khusus Alumni SMK TI mend',
      norm: 'KHUSUS'
    }

      at console.fn [as log] (tests/jest.setup.js:37:12)

  console.log
    [TRACE_CALENDAR_INJECTED] {
      chunkId: '21e93d36-759d-4ae9-adc0-b6f48c890ebf',
      trainingId: '5dd6cc3e-eab8-4c04-97b4-1aa28bf0f1d9',
      filename: 'rincian Biaya SK Tahun Ajaran 2026-2027.pdf'
    }

      at console.fn [as log] (tests/jest.setup.js:37:12)

  console.log
    [TRACE_WAVE_SCAN_MATCH_CAND] {
      id: '7d1a3347-8c7f-4248-814b-a32bfcf97535',
      trainingId: '5dd6cc3e-eab8-4c04-97b4-1aa28bf0f1d9',
      preview: 'STIKOM Bali dengan ketentuan :\n' +
        '- D3 :antara 85 s/d 100 SKS\n' +
        '- D2 :antara 44 s/d 84 SKS\n' +
        '- DI : antara 20 s/d 43 SKS\n' +
        '- Di b'
    }

      at console.fn [as log] (tests/jest.setup.js:37:12)

  console.log
    [TRACE_WAVE_SCAN_MATCH_CAND] {
      id: 'b796c661-7c07-428a-aaf7-89b780d4fd35',
      trainingId: '5dd6cc3e-eab8-4c04-97b4-1aa28bf0f1d9',
      preview: 'DPP\n' +
        'sebesar Rp. 4.500.000\n' +
        '- Jumlah pengakuan SKS antara 44 s/d 84 SKS dikenakan biaya DPP\n' +
        'sebesar Rp. 5.000.000\n' +
        '- Jumlah'
    }

      at console.fn [as log] (tests/jest.setup.js:37:12)

  console.log
    [TRACE_WAVE_SCAN_MATCH_CAND] {
      id: 'd09a0069-8da4-4fff-9b81-9d03995973a4',
      trainingId: '5dd6cc3e-eab8-4c04-97b4-1aa28bf0f1d9',
      preview: 'Ringkasan dokumen:\n' +
        'Program studi terlihat: PROGRAM STUDI SISTEM KOMPUTER T.A 2026/2027\n' +
        'Program internasional / kerja sam'
    }

      at console.fn [as log] (tests/jest.setup.js:37:12)

  console.log
    [TRACE_CALENDAR_CANDIDATE_FOUND] {
      chunkId: 'd09a0069-8da4-4fff-9b81-9d03995973a4',
      trainingId: '5dd6cc3e-eab8-4c04-97b4-1aa28bf0f1d9',
      filename: 'rincian Biaya SK Tahun Ajaran 2026-2027.pdf',
      preview: 'Ringkasan dokumen:\n' +
        'Program studi terlihat: PROGRAM STUDI SISTEM KOMPUTER T.A 2026/2027\n' +
        'Program internasional / kerja sam',
      norm: 'KHUSUS'
    }

      at console.fn [as log] (tests/jest.setup.js:37:12)

  console.log
    [TRACE_CALENDAR_INJECTED] {
      chunkId: 'd09a0069-8da4-4fff-9b81-9d03995973a4',
      trainingId: '5dd6cc3e-eab8-4c04-97b4-1aa28bf0f1d9',
      filename: 'rincian Biaya SK Tahun Ajaran 2026-2027.pdf'
    }

      at console.fn [as log] (tests/jest.setup.js:37:12)

  console.log
    [TRACE_WAVE_SCAN_MATCH_CAND] {
      id: '3abc61ca-b38c-48d1-8d02-d9062639828e',
      trainingId: '9e78055e-aaa5-43ac-aa43-476a1f6e48ba',
      preview: '2. Potongan Biaya Pendaftaran :\n' +
        'Rp. 300.000, Jika Mendaftar pada Gelombang Khusus'
    }

      at console.fn [as log] (tests/jest.setup.js:37:12)

  console.log
    [TRACE_CALENDAR_CANDIDATE_FOUND] {
      chunkId: '3abc61ca-b38c-48d1-8d02-d9062639828e',
      trainingId: '9e78055e-aaa5-43ac-aa43-476a1f6e48ba',
      filename: 'rincian Biaya UTB Tahun Ajaran 2026-2027.pdf',
      preview: '2. Potongan Biaya Pendaftaran :\n' +
        'Rp. 300.000, Jika Mendaftar pada Gelombang Khusus',
      norm: 'KHUSUS'
    }

      at console.fn [as log] (tests/jest.setup.js:37:12)

  console.log
    [TRACE_CALENDAR_INJECTED] {
      chunkId: '3abc61ca-b38c-48d1-8d02-d9062639828e',
      trainingId: '9e78055e-aaa5-43ac-aa43-476a1f6e48ba',
      filename: 'rincian Biaya UTB Tahun Ajaran 2026-2027.pdf'
    }

      at console.fn [as log] (tests/jest.setup.js:37:12)

  console.log
    [TRACE_WAVE_SCAN_MATCH_CAND] {
      id: '4a55871c-2271-493e-8ac1-f696f6792281',
      trainingId: '9e78055e-aaa5-43ac-aa43-476a1f6e48ba',
      preview: 'Rp. 250.000,- Jika Mendaftar pada Gelombang I'
    }

      at console.fn [as log] (tests/jest.setup.js:37:12)

  console.log
    [TRACE_CALENDAR_CANDIDATE_FOUND] {
      chunkId: '4a55871c-2271-493e-8ac1-f696f6792281',
      trainingId: '9e78055e-aaa5-43ac-aa43-476a1f6e48ba',
      filename: 'rincian Biaya UTB Tahun Ajaran 2026-2027.pdf',
      preview: 'Rp. 250.000,- Jika Mendaftar pada Gelombang I',
      norm: '1'
    }

      at console.fn [as log] (tests/jest.setup.js:37:12)

  console.log
    [TRACE_CALENDAR_INJECTED] {
      chunkId: '4a55871c-2271-493e-8ac1-f696f6792281',
      trainingId: '9e78055e-aaa5-43ac-aa43-476a1f6e48ba',
      filename: 'rincian Biaya UTB Tahun Ajaran 2026-2027.pdf'
    }

      at console.fn [as log] (tests/jest.setup.js:37:12)

  console.log
    [TRACE_WAVE_SCAN_MATCH_CAND] {
      id: '7439f080-8cba-4763-aa74-55ff9acd9f4d',
      trainingId: '9e78055e-aaa5-43ac-aa43-476a1f6e48ba',
      preview: 'Rp. 200.000,- Jika Mendaftar pada Gelombang II'
    }

      at console.fn [as log] (tests/jest.setup.js:37:12)

  console.log
    [TRACE_CALENDAR_CANDIDATE_FOUND] {
      chunkId: '7439f080-8cba-4763-aa74-55ff9acd9f4d',
      trainingId: '9e78055e-aaa5-43ac-aa43-476a1f6e48ba',
      filename: 'rincian Biaya UTB Tahun Ajaran 2026-2027.pdf',
      preview: 'Rp. 200.000,- Jika Mendaftar pada Gelombang II',
      norm: '2'
    }

      at console.fn [as log] (tests/jest.setup.js:37:12)

  console.log
    [TRACE_CALENDAR_INJECTED] {
      chunkId: '7439f080-8cba-4763-aa74-55ff9acd9f4d',
      trainingId: '9e78055e-aaa5-43ac-aa43-476a1f6e48ba',
      filename: 'rincian Biaya UTB Tahun Ajaran 2026-2027.pdf'
    }

      at console.fn [as log] (tests/jest.setup.js:37:12)

  console.log
    [TRACE_WAVE_SCAN_MATCH_CAND] {
      id: '913e5102-0be7-48bb-ac77-d90fab061c0a',
      trainingId: '9e78055e-aaa5-43ac-aa43-476a1f6e48ba',
      preview: 'Rp. 150.000,- Jika Mendaftar pada Gelombang III'
    }

      at console.fn [as log] (tests/jest.setup.js:37:12)

  console.log
    [TRACE_CALENDAR_CANDIDATE_FOUND] {
      chunkId: '913e5102-0be7-48bb-ac77-d90fab061c0a',
      trainingId: '9e78055e-aaa5-43ac-aa43-476a1f6e48ba',
      filename: 'rincian Biaya UTB Tahun Ajaran 2026-2027.pdf',
      preview: 'Rp. 150.000,- Jika Mendaftar pada Gelombang III',
      norm: '3'
    }

      at console.fn [as log] (tests/jest.setup.js:37:12)

  console.log
    [TRACE_CALENDAR_INJECTED] {
      chunkId: '913e5102-0be7-48bb-ac77-d90fab061c0a',
      trainingId: '9e78055e-aaa5-43ac-aa43-476a1f6e48ba',
      filename: 'rincian Biaya UTB Tahun Ajaran 2026-2027.pdf'
    }

      at console.fn [as log] (tests/jest.setup.js:37:12)

  console.log
    [TRACE_WAVE_SCAN_MATCH_CAND] {
      id: '06c30d51-b4be-4eb0-b0d5-9b1b96b9ba26',
      trainingId: '9e78055e-aaa5-43ac-aa43-476a1f6e48ba',
      preview: 'Rp. 3.000.000,- Jika Registrasi pada Gelombang Khusus'
    }

      at console.fn [as log] (tests/jest.setup.js:37:12)

  console.log
    [TRACE_CALENDAR_CANDIDATE_FOUND] {
      chunkId: '06c30d51-b4be-4eb0-b0d5-9b1b96b9ba26',
      trainingId: '9e78055e-aaa5-43ac-aa43-476a1f6e48ba',
      filename: 'rincian Biaya UTB Tahun Ajaran 2026-2027.pdf',
      preview: 'Rp. 3.000.000,- Jika Registrasi pada Gelombang Khusus',
      norm: 'KHUSUS'
    }

      at console.fn [as log] (tests/jest.setup.js:37:12)

  console.log
    [TRACE_CALENDAR_INJECTED] {
      chunkId: '06c30d51-b4be-4eb0-b0d5-9b1b96b9ba26',
      trainingId: '9e78055e-aaa5-43ac-aa43-476a1f6e48ba',
      filename: 'rincian Biaya UTB Tahun Ajaran 2026-2027.pdf'
    }

      at console.fn [as log] (tests/jest.setup.js:37:12)

  console.log
    [TRACE_WAVE_SCAN_MATCH_CAND] {
      id: '6009381b-a0c9-4b6b-8efd-6c973d496c26',
      trainingId: '9e78055e-aaa5-43ac-aa43-476a1f6e48ba',
      preview: 'Rp. 1.000.000,- Jika Registrasi pada Gelombang III\n' +
        'Rp. 500.000,- Jika Registrasi pada Gelombang IV\n' +
        'Tl TistΓÇö'
    }

      at console.fn [as log] (tests/jest.setup.js:37:12)

  console.log
    [TRACE_CALENDAR_CANDIDATE_FOUND] {
      chunkId: '6009381b-a0c9-4b6b-8efd-6c973d496c26',
      trainingId: '9e78055e-aaa5-43ac-aa43-476a1f6e48ba',
      filename: 'rincian Biaya UTB Tahun Ajaran 2026-2027.pdf',
      preview: 'Rp. 1.000.000,- Jika Registrasi pada Gelombang III\n' +
        'Rp. 500.000,- Jika Registrasi pada Gelombang IV\n' +
        'Tl TistΓÇö',
      norm: '3'
    }

      at console.fn [as log] (tests/jest.setup.js:37:12)

  console.log
    [TRACE_CALENDAR_INJECTED] {
      chunkId: '6009381b-a0c9-4b6b-8efd-6c973d496c26',
      trainingId: '9e78055e-aaa5-43ac-aa43-476a1f6e48ba',
      filename: 'rincian Biaya UTB Tahun Ajaran 2026-2027.pdf'
    }

      at console.fn [as log] (tests/jest.setup.js:37:12)

  console.log
    [TRACE_WAVE_SCAN_MATCH_CAND] {
      id: '6b7dbdd9-d453-4dc9-a86f-7890e0b7a095',
      trainingId: '9e78055e-aaa5-43ac-aa43-476a1f6e48ba',
      preview: 'Gelombang Sisipan : 10%\n-\nApabila'
    }

      at console.fn [as log] (tests/jest.setup.js:37:12)

  console.log
    [TRACE_CALENDAR_CANDIDATE_FOUND] {
      chunkId: 'a29587fe-c41a-4663-aab9-fa5aa4d22f5c',
      trainingId: '9e78055e-aaa5-43ac-aa43-476a1f6e48ba',
      filename: 'rincian Biaya UTB Tahun Ajaran 2026-2027.pdf',
      preview: 'potongan\n' +
        'ditambah\n' +
        '10%\n' +
        '(sepuluh\n' +
        'persen).\n' +
        '5.\n' +
        'Khusus\n' +
        'Alumni\n' +
        'SMK\n' +
        'TI\n' +
        'mendapatkan',
      norm: 'KHUSUS'
    }

      at console.fn [as log] (tests/jest.setup.js:37:12)

  console.log
    [TRACE_CALENDAR_INJECTED] {
      chunkId: 'a29587fe-c41a-4663-aab9-fa5aa4d22f5c',
      trainingId: '9e78055e-aaa5-43ac-aa43-476a1f6e48ba',
      filename: 'rincian Biaya UTB Tahun Ajaran 2026-2027.pdf'
    }

      at console.fn [as log] (tests/jest.setup.js:37:12)

  console.log
    [TRACE_WAVE_SCAN_MATCH_CAND] {
      id: '28058e56-a7d5-449a-a59c-c7c1a8b549c1',
      trainingId: '9e78055e-aaa5-43ac-aa43-476a1f6e48ba',
      preview: 'Ringkasan dokumen:\n' +
        'Program internasional / kerja sama internasional: \\ (ITB) STIKOM BALI\n' +
        'Biaya pendaftaran: 1. Pendaftar'
    }

      at console.fn [as log] (tests/jest.setup.js:37:12)

  console.log
    [TRACE_CALENDAR_CANDIDATE_FOUND] {
      chunkId: '28058e56-a7d5-449a-a59c-c7c1a8b549c1',
      trainingId: '9e78055e-aaa5-43ac-aa43-476a1f6e48ba',
      filename: 'rincian Biaya UTB Tahun Ajaran 2026-2027.pdf',
      preview: 'Ringkasan dokumen:\n' +
        'Program internasional / kerja sama internasional: \\ (ITB) STIKOM BALI\n' +
        'Biaya pendaftaran: 1. Pendaftar',
      norm: 'KHUSUS'
    }

      at console.fn [as log] (tests/jest.setup.js:37:12)

  console.log
    [TRACE_CALENDAR_INJECTED] {
      chunkId: '28058e56-a7d5-449a-a59c-c7c1a8b549c1',
      trainingId: '9e78055e-aaa5-43ac-aa43-476a1f6e48ba',
      filename: 'rincian Biaya UTB Tahun Ajaran 2026-2027.pdf'
    }

      at console.fn [as log] (tests/jest.setup.js:37:12)

  console.log
    [TRACE_WAVE_SCAN_MATCH_CAND] {
      id: '34e0d7f2-2882-4965-827b-253219c33cb1',
      trainingId: 'aceb2970-c4dc-4839-874c-06ce73e16164',
      preview: 'KALENDER PENDAFTARAN MAHASISWA BARU TAHUN AJARAN 2025/2026\n' +
        'GEL | MASA PENDAFTARAN | TESTING | PENGUMUMAN | REGISTRASI\n' +
        'GE'
    }

      at console.fn [as log] (tests/jest.setup.js:37:12)

  console.log
    [TRACE_CALENDAR_CANDIDATE_FOUND] {
      chunkId: '34e0d7f2-2882-4965-827b-253219c33cb1',
      trainingId: 'aceb2970-c4dc-4839-874c-06ce73e16164',
      filename: 'Kalender Pendaftaran TA 2026-2027 (1).xls',
      preview: 'KALENDER PENDAFTARAN MAHASISWA BARU TAHUN AJARAN 2025/2026\n' +
        'GEL | MASA PENDAFTARAN | TESTING | PENGUMUMAN | REGISTRASI\n' +
        'GE',
      norm: 'KHUSUS'
    }

      at console.fn [as log] (tests/jest.setup.js:37:12)

  console.log
    [TRACE_CALENDAR_INJECTED] {
      chunkId: '34e0d7f2-2882-4965-827b-253219c33cb1',
      trainingId: 'aceb2970-c4dc-4839-874c-06ce73e16164',
      filename: 'Kalender Pendaftaran TA 2026-2027 (1).xls'
    }

      at console.fn [as log] (tests/jest.setup.js:37:12)

  console.log
    [TRACE_WAVE_SCAN_MATCH_CAND] {
      id: '5cdbfdf5-c773-45c3-9285-81b34e51b8c8',
      trainingId: 'aceb2970-c4dc-4839-874c-06ce73e16164',
      preview: '6 | 21 APRIL s/d 01 MEI 2026\n' +
        'GEL IIC | 19 APRIL s/d 02 MEI 2026 | 03 MEI 2026 | 05 MEI 2026 | 05 s/d 15 MEI 2026\n' +
        'GEL III'
    }

      at console.fn [as log] (tests/jest.setup.js:37:12)

  console.log
    [TRACE_CALENDAR_CANDIDATE_FOUND] {
      chunkId: '5cdbfdf5-c773-45c3-9285-81b34e51b8c8',
      trainingId: 'aceb2970-c4dc-4839-874c-06ce73e16164',
      filename: 'Kalender Pendaftaran TA 2026-2027 (1).xls',
      preview: '6 | 21 APRIL s/d 01 MEI 2026\n' +
        'GEL IIC | 19 APRIL s/d 02 MEI 2026 | 03 MEI 2026 | 05 MEI 2026 | 05 s/d 15 MEI 2026\n' +
        'GEL III',
      norm: '2C'
    }

      at console.fn [as log] (tests/jest.setup.js:37:12)

  console.log
    [TRACE_CALENDAR_INJECTED] {
      chunkId: '5cdbfdf5-c773-45c3-9285-81b34e51b8c8',
      trainingId: 'aceb2970-c4dc-4839-874c-06ce73e16164',
      filename: 'Kalender Pendaftaran TA 2026-2027 (1).xls'
    }

      at console.fn [as log] (tests/jest.setup.js:37:12)

  console.log
    [TRACE_WAVE_SCAN_MATCH_CAND] {
      id: '7f6efb1c-4559-438e-857b-22537be53952',
      trainingId: 'aceb2970-c4dc-4839-874c-06ce73e16164',
      preview: 'KALENDER PENDAFTARAN MAHASISWA BARU\n' +
        'TAHUN AJARAN 2026/2027\n' +
        'GELOMBANG | MASA PENDAFTARAN | TESTING | PENGUMUMAN | MASA RE'
    }

      at console.fn [as log] (tests/jest.setup.js:37:12)

  console.log
    [TRACE_CALENDAR_CANDIDATE_FOUND] {
      chunkId: '7f6efb1c-4559-438e-857b-22537be53952',
      trainingId: 'aceb2970-c4dc-4839-874c-06ce73e16164',
      filename: 'Kalender Pendaftaran TA 2026-2027 (1).xls',
      preview: 'KALENDER PENDAFTARAN MAHASISWA BARU\n' +
        'TAHUN AJARAN 2026/2027\n' +
        'GELOMBANG | MASA PENDAFTARAN | TESTING | PENGUMUMAN | MASA RE',
      norm: 'KHUSUS'
    }

      at console.fn [as log] (tests/jest.setup.js:37:12)

  console.log
    [TRACE_CALENDAR_INJECTED] {
      chunkId: '7f6efb1c-4559-438e-857b-22537be53952',
      trainingId: 'aceb2970-c4dc-4839-874c-06ce73e16164',
      filename: 'Kalender Pendaftaran TA 2026-2027 (1).xls'
    }

      at console.fn [as log] (tests/jest.setup.js:37:12)

  console.log
    [TRACE_CALENDAR_CANDIDATE_FOUND] {
      chunkId: '1bd2f0f9-7442-4267-9a29-9a5eef1147bb',
      trainingId: 'aceb2970-c4dc-4839-874c-06ce73e16164',
      filename: 'Kalender Pendaftaran TA 2026-2027 (1).xls',
      preview: '9 APRIL 2026 | 21 APRIL 2026 | 21 APRIL 2026 s/d 1 MEI 2026\n' +
        'II C | 19 APRIL 2026 s/d 2 MEI 2026 | 3 MEI 2026 | 5 MEI 202',
      norm: null
    }

      at console.fn [as log] (tests/jest.setup.js:37:12)

  console.log
    [TRACE_CALENDAR_INJECTED] {
      chunkId: '1bd2f0f9-7442-4267-9a29-9a5eef1147bb',
      trainingId: 'aceb2970-c4dc-4839-874c-06ce73e16164',
      filename: 'Kalender Pendaftaran TA 2026-2027 (1).xls'
    }

      at console.fn [as log] (tests/jest.setup.js:37:12)

  console.log
    [TRACE_WAVE_SCAN_MATCH_CAND] {
      id: 'de1a01af-1ffc-4bba-8fa0-7cad670b6869',
      trainingId: 'aceb2970-c4dc-4839-874c-06ce73e16164',
      preview: 'Ringkasan dokumen:\n' +
        'Program internasional / kerja sama internasional: Wakil Rektor III | Dir K P & H ITB STIKOM BALI\n' +
        'Biay'
    }

      at console.fn [as log] (tests/jest.setup.js:37:12)

  console.log
    [TRACE_CALENDAR_CANDIDATE_FOUND] {
      chunkId: 'abe6c7e0-11d9-4d15-9c6e-835a72696bd5',
      trainingId: '2580a44c-dffa-4ccc-88b3-6dcf4c7b42ae',
      filename: 'PEDOMAN-RPL-SK Sistem Komputer.pdf',
      preview: 'sistem tertanam untuk mencarikan solusi yang inovatif.\n' +
        'd. Mampu memahami konsep dasar Internet of Things (IoT), dan tekn',
      norm: 'KHUSUS'
    }

      at console.fn [as log] (tests/jest.setup.js:37:12)

  console.log
    [TRACE_CALENDAR_INJECTED] {
      chunkId: 'abe6c7e0-11d9-4d15-9c6e-835a72696bd5',
      trainingId: '2580a44c-dffa-4ccc-88b3-6dcf4c7b42ae',
      filename: 'PEDOMAN-RPL-SK Sistem Komputer.pdf'
    }

      at console.fn [as log] (tests/jest.setup.js:37:12)

  console.log
    [TRACE_CALENDAR_CANDIDATE_FOUND] {
      chunkId: 'c082dc90-1073-4fe0-97d4-5962b634825d',
      trainingId: '2580a44c-dffa-4ccc-88b3-6dcf4c7b42ae',
      filename: 'PEDOMAN-RPL-SK Sistem Komputer.pdf',
      preview: 'Formulir Evaluasi Diri Mata Kuliah: Cloud Computing\n' +
        'Pada kolom pertama diisi Pernyataan Kemampuan Akhir yang Diharapkan/',
      norm: null
    }

      at console.fn [as log] (tests/jest.setup.js:37:12)

  console.log
    [TRACE_CALENDAR_INJECTED] {
      chunkId: 'c082dc90-1073-4fe0-97d4-5962b634825d',
      trainingId: '2580a44c-dffa-4ccc-88b3-6dcf4c7b42ae',
      filename: 'PEDOMAN-RPL-SK Sistem Komputer.pdf'
    }

      at console.fn [as log] (tests/jest.setup.js:37:12)

  console.log
    [TRACE_WAVE_SCAN_MATCH_CAND] {
      id: '4b0bd46c-9760-4a91-98ea-e29458c185ea',
      trainingId: '2580a44c-dffa-4ccc-88b3-6dcf4c7b42ae',
      preview: 'Ringkasan dokumen:\n' +
        'Program studi terlihat: BUKU 1: DESKRIPSI PRODI DAN FORMULIR\n' +
        'Program internasional / kerja sama inter'
    }

      at console.fn [as log] (tests/jest.setup.js:37:12)

  console.log
    [TRACE_TOP20_CANDIDATES_BEFORE_FILTER] {
      count: 101,
      top20: [
        {
          rank: 1,
          id: '8102b0f7-9116-44b7-acb4-845b657daa83',
          trainingId: 'd540ae42-ca48-4750-b5dd-5a1fbdbc05a0',
          filename: 'rincian Biaya SI,TI dan BD Tahun Ajaran 2026-2027.pdf',
          totalScore: 149.2625008536905,
          meta: [Object]
        },
        {
          rank: 2,
          id: '41ce879a-1f69-4d4c-8c56-f338142e6247',
          trainingId: 'd540ae42-ca48-4750-b5dd-5a1fbdbc05a0',
          filename: 'rincian Biaya SI,TI dan BD Tahun Ajaran 2026-2027.pdf',
          totalScore: 143.9205156180121,
          meta: [Object]
        },
        {
          rank: 3,
          id: '58ecb4e1-d7fa-44a3-99fb-16fb17d88456',
          trainingId: 'd540ae42-ca48-4750-b5dd-5a1fbdbc05a0',
          filename: 'rincian Biaya SI,TI dan BD Tahun Ajaran 2026-2027.pdf',
          totalScore: 250.7296086693309,
          meta: [Object]
        },
        {
          rank: 4,
          id: '2f31651e-b99c-40a2-b119-ee7bb597dae1',
          trainingId: 'd540ae42-ca48-4750-b5dd-5a1fbdbc05a0',
          filename: 'rincian Biaya SI,TI dan BD Tahun Ajaran 2026-2027.pdf',
          totalScore: 143.50631945592147,
          meta: [Object]
        },
        {
          rank: 5,
          id: 'caabea12-6ff4-4938-84be-ecbaf28d7288',
          trainingId: 'd540ae42-ca48-4750-b5dd-5a1fbdbc05a0',
          filename: 'rincian Biaya SI,TI dan BD Tahun Ajaran 2026-2027.pdf',
          totalScore: 315.1422922008947,
          meta: [Object]
        },
        {
          rank: 6,
          id: '7372c1ff-a288-42d2-83e4-3137a1adec14',
          trainingId: 'd540ae42-ca48-4750-b5dd-5a1fbdbc05a0',
          filename: 'rincian Biaya SI,TI dan BD Tahun Ajaran 2026-2027.pdf',
          totalScore: 315.0233231946215,
          meta: [Object]
        },
        {
          rank: 7,
          id: '784597e2-07ab-4391-847b-ad17d23f4c3d',
          trainingId: 'd540ae42-ca48-4750-b5dd-5a1fbdbc05a0',
          filename: 'rincian Biaya SI,TI dan BD Tahun Ajaran 2026-2027.pdf',
          totalScore: 209.5227201660124,
          meta: [Object]
        },
        {
          rank: 8,
          id: '3b0c07f2-a480-4bf7-939e-ff5a9bfc010e',
          trainingId: 'd540ae42-ca48-4750-b5dd-5a1fbdbc05a0',
          filename: 'rincian Biaya SI,TI dan BD Tahun Ajaran 2026-2027.pdf',
          totalScore: 149.31240888976993,
          meta: [Object]
        },
        {
          rank: 9,
          id: '9fb44de0-a82a-44ba-bd55-086c72243698',
          trainingId: 'd540ae42-ca48-4750-b5dd-5a1fbdbc05a0',
          filename: 'rincian Biaya SI,TI dan BD Tahun Ajaran 2026-2027.pdf',
          totalScore: 175.17665881351462,
          meta: [Object]
        },
        {
          rank: 10,
          id: '70b1eff4-29ea-4c75-9739-194870fceee3',
          trainingId: 'd540ae42-ca48-4750-b5dd-5a1fbdbc05a0',
          filename: 'rincian Biaya SI,TI dan BD Tahun Ajaran 2026-2027.pdf',
          totalScore: 209.55172950906524,
          meta: [Object]
        },
        {
          rank: 11,
          id: '2a88a613-ef53-4eeb-b2da-6170b504b26f',
          trainingId: 'd540ae42-ca48-4750-b5dd-5a1fbdbc05a0',
          filename: 'rincian Biaya SI,TI dan BD Tahun Ajaran 2026-2027.pdf',
          totalScore: 168.8503860673162,
          meta: [Object]
        },
        {
          rank: 12,
          id: '953ecfce-3c03-4645-9d93-1a806fe6d4d9',
          trainingId: 'd540ae42-ca48-4750-b5dd-5a1fbdbc05a0',
          filename: 'rincian Biaya SI,TI dan BD Tahun Ajaran 2026-2027.pdf',
          totalScore: 149.1106293028175,
          meta: [Object]
        },
        {
          rank: 13,
          id: 'ad06a625-545a-442d-b22e-58b1ebe33ce0',
          trainingId: 'd540ae42-ca48-4750-b5dd-5a1fbdbc05a0',
          filename: 'rincian Biaya SI,TI dan BD Tahun Ajaran 2026-2027.pdf',
          totalScore: 149.1709860850428,
          meta: [Object]
        },
        {
          rank: 14,
          id: '77cc68db-57a3-4d53-92c1-ce3d9d1654cc',
          trainingId: 'd540ae42-ca48-4750-b5dd-5a1fbdbc05a0',
          filename: 'rincian Biaya SI,TI dan BD Tahun Ajaran 2026-2027.pdf',
          totalScore: 155.01041860104922,
          meta: [Object]
        },
        {
          rank: 15,
          id: 'de0c842b-0051-4c45-b7c3-883d16aea288',
          trainingId: 'd540ae42-ca48-4750-b5dd-5a1fbdbc05a0',
          filename: 'rincian Biaya SI,TI dan BD Tahun Ajaran 2026-2027.pdf',
          totalScore: 315.2371534869401,
          meta: [Object]
        },
        {
          rank: 16,
          id: '3c5b4175-a9d4-48c2-9b75-b05ebe46dbbf',
          trainingId: 'd540ae42-ca48-4750-b5dd-5a1fbdbc05a0',
          filename: 'rincian Biaya SI,TI dan BD Tahun Ajaran 2026-2027.pdf',
          totalScore: 269.77115407204917,
          meta: [Object]
        },
        {
          rank: 17,
          id: 'd443904f-4b3b-4969-a989-be2bff67d5c8',
          trainingId: 'd540ae42-ca48-4750-b5dd-5a1fbdbc05a0',
          filename: 'rincian Biaya SI,TI dan BD Tahun Ajaran 2026-2027.pdf',
          totalScore: 149.10614241489992,
          meta: [Object]
        },
        {
          rank: 18,
          id: '0e2f1b54-9317-49c3-a4b8-9adc9e3f596e',
          trainingId: 'd540ae42-ca48-4750-b5dd-5a1fbdbc05a0',
          filename: 'rincian Biaya SI,TI dan BD Tahun Ajaran 2026-2027.pdf',
          totalScore: 319.4850385722923,
          meta: [Object]
        },
        {
          rank: 19,
          id: 'a1d6666a-0625-4a07-aded-8a8c53acaa2d',
          trainingId: 'd540ae42-ca48-4750-b5dd-5a1fbdbc05a0',
          filename: 'rincian Biaya SI,TI dan BD Tahun Ajaran 2026-2027.pdf',
          totalScore: 148.80691871346957,
          meta: [Object]
        },
        {
          rank: 20,
          id: '22e4abb3-d38b-4356-b7da-c90eefc778be',
          trainingId: 'd540ae42-ca48-4750-b5dd-5a1fbdbc05a0',
          filename: 'rincian Biaya SI,TI dan BD Tahun Ajaran 2026-2027.pdf',
          totalScore: 144.689791334218,
          meta: [Object]
        }
      ]
    }

      at console.fn [as log] (tests/jest.setup.js:37:12)

  console.log
    [TRACE_COST_INPUT_2_INDEX_SCAN] {
      totalItemsScanned: 72,
      items: [
        {
          id: '8102b0f7-9116-44b7-acb4-845b657daa83',
          filename: 'rincian Biaya SI,TI dan BD Tahun Ajaran 2026-2027.pdf',
          updatedAt: '2026-06-15T00:24:29.975Z',
          itemProgram: 'MM',
          itemWave: null,
          itemWaveGroup: null,
          chunkPreview: 'INSTITUT TEKNOLOGI DAN BISNI5..\n' +
            '(ITB)\n' +
            'STIKOM\n' +
            'BALI\n' +
            'T\n' +
            'K\n' +
            'nw............-u-...:mm...'
        },
        {
          id: '41ce879a-1f69-4d4c-8c56-f338142e6247',
          filename: 'rincian Biaya SI,TI dan BD Tahun Ajaran 2026-2027.pdf',
          updatedAt: '2026-06-15T00:24:30.161Z',
          itemProgram: null,
          itemWave: null,
          itemWaveGroup: null,
          chunkPreview: 'email:\n' +
            'Info@stikom-baiacid\n' +
            '|\n' +
            'webslte\n' +
            ':\n' +
            'wwwitikom-ba.acid\n' +
            'Lampiran\n' +
            '-1\n' +
            'Surat Keput'
        },
        {
          id: '58ecb4e1-d7fa-44a3-99fb-16fb17d88456',
          filename: 'rincian Biaya SI,TI dan BD Tahun Ajaran 2026-2027.pdf',
          updatedAt: '2026-06-15T00:24:30.511Z',
          itemProgram: 'SI',
          itemWave: null,
          itemWaveGroup: null,
          chunkPreview: 'PROGRAM STUDI SISTEM INFORMASI, TEKNOLOGI INFORMASI, DAN'
        },
        {
          id: '2f31651e-b99c-40a2-b119-ee7bb597dae1',
          filename: 'rincian Biaya SI,TI dan BD Tahun Ajaran 2026-2027.pdf',
          updatedAt: '2026-06-15T00:24:30.833Z',
          itemProgram: 'BD',
          itemWave: null,
          itemWaveGroup: null,
          chunkPreview: 'BISNIS DIGITAL\nT.A 2026/2027'
        },
        {
          id: 'caabea12-6ff4-4938-84be-ecbaf28d7288',
          filename: 'rincian Biaya SI,TI dan BD Tahun Ajaran 2026-2027.pdf',
          updatedAt: '2026-06-15T00:24:31.185Z',
          itemProgram: null,
          itemWave: null,
          itemWaveGroup: null,
          chunkPreview: 'No. Jenis Biaya Rp ΓÇÿWaktu Pembayaran\n' +
            '1. Pendaftaran 500.000 Pada Saat Daftar\n' +
            '2. '
        },
        {
          id: '7372c1ff-a288-42d2-83e4-3137a1adec14',
          filename: 'rincian Biaya SI,TI dan BD Tahun Ajaran 2026-2027.pdf',
          updatedAt: '2026-06-15T00:24:31.526Z',
          itemProgram: null,
          itemWave: null,
          itemWaveGroup: null,
          chunkPreview: '6. Biaya Pengalaman Industri\n' +
            '- Internasional 5.000.000\n' +
            '- Nasional 2.500.000\n' +
            '- Lo'
        },
        {
          id: '784597e2-07ab-4391-847b-ad17d23f4c3d',
          filename: 'rincian Biaya SI,TI dan BD Tahun Ajaran 2026-2027.pdf',
          updatedAt: '2026-06-15T00:24:31.998Z',
          itemProgram: null,
          itemWave: null,
          itemWaveGroup: null,
          chunkPreview: '2. Potongan Biaya Pendaftaran :'
        },
        {
          id: '3b0c07f2-a480-4bf7-939e-ff5a9bfc010e',
          filename: 'rincian Biaya SI,TI dan BD Tahun Ajaran 2026-2027.pdf',
          updatedAt: '2026-06-15T00:24:32.728Z',
          itemProgram: null,
          itemWave: null,
          itemWaveGroup: null,
          chunkPreview: 'INSTITUT TEKNOLOGI DAN BISNIS\n' +
            '\\ (ITB) STIKOM BALI\n' +
            'Kampus Denpasar\n' +
            'Kampus Jimbara'
        },
        {
          id: 'ee2bfc90-3fbd-4eed-b93f-301cc2d704ff',
          filename: 'rincian Biaya SI,TI dan BD Tahun Ajaran 2026-2027.pdf',
          updatedAt: '2026-06-15T00:24:33.059Z',
          itemProgram: null,
          itemWave: 'KHUSUS',
          itemWaveGroup: 'KHUSUS',
          chunkPreview: '3. a. Beasiswa untuk Dana Pendidikan Pokok (DPP) :\n' +
            'Rp. 3.000.000,- Jika Registra'
        },
        {
          id: '9fb44de0-a82a-44ba-bd55-086c72243698',
          filename: 'rincian Biaya SI,TI dan BD Tahun Ajaran 2026-2027.pdf',
          updatedAt: '2026-06-15T00:24:33.404Z',
          itemProgram: null,
          itemWave: '1',
          itemWaveGroup: '1',
          chunkPreview: 'Rp. 2.000.000,- Jika Registrasi pada Gelombang I'
        }
      ]
    }

      at console.fn [as log] (tests/jest.setup.js:37:12)

  console.log
    [TRACE_COST_MATCH_3_CANDIDATES] {
      question: 'biaya prodi si gelombang 1A?',
      queryEntities: {
        intent: 'COST',
        program: 'SI',
        programLabel: 'SISTEM_INFORMASI',
        programMode: null,
        wave: '1A',
        waveGroup: '1',
        academicYear: null,
        partner: null,
        campus: null,
        jalur: null,
        feeType: null,
        category: 'BIAYA',
        pageNumber: null,
        academicIntent: 'BIAYA'
      },
      exactCandidateCount: 101,
      exactCandidates: [
        {
          id: '8102b0f7-9116-44b7-acb4-845b657daa83',
          filename: 'rincian Biaya SI,TI dan BD Tahun Ajaran 2026-2027.pdf',
          updatedAt: '2026-06-15T00:24:29.975Z',
          program: 'MM',
          wave: null,
          waveGroup: null,
          academicYear: null,
          totalScore: 169.2625008536905,
          exactMatchScore: 0,
          keywordScore: 5,
          semanticScore: 4.26250085369052,
          isGlobalDiscount: false,
          matchMeta: [Object]
        },
        {
          id: '41ce879a-1f69-4d4c-8c56-f338142e6247',
          filename: 'rincian Biaya SI,TI dan BD Tahun Ajaran 2026-2027.pdf',
          updatedAt: '2026-06-15T00:24:30.161Z',
          program: null,
          wave: null,
          waveGroup: null,
          academicYear: null,
          totalScore: 163.9205156180121,
          exactMatchScore: 0,
          keywordScore: 0,
          semanticScore: 3.9205156180120913,
          isGlobalDiscount: false,
          matchMeta: [Object]
        },
        {
          id: '58ecb4e1-d7fa-44a3-99fb-16fb17d88456',
          filename: 'rincian Biaya SI,TI dan BD Tahun Ajaran 2026-2027.pdf',
          updatedAt: '2026-06-15T00:24:30.511Z',
          program: 'SI',
          wave: null,
          waveGroup: null,
          academicYear: null,
          totalScore: 270.7296086693309,
          exactMatchScore: 100,
          keywordScore: 5,
          semanticScore: 5.729608669330881,
          isGlobalDiscount: false,
          matchMeta: [Object]
        },
        {
          id: '2f31651e-b99c-40a2-b119-ee7bb597dae1',
          filename: 'rincian Biaya SI,TI dan BD Tahun Ajaran 2026-2027.pdf',
          updatedAt: '2026-06-15T00:24:30.833Z',
          program: 'BD',
          wave: null,
          waveGroup: null,
          academicYear: '2026',
          totalScore: 163.50631945592147,
          exactMatchScore: 0,
          keywordScore: 0,
          semanticScore: 3.5063194559214796,
          isGlobalDiscount: false,
          matchMeta: [Object]
        },
        {
          id: 'caabea12-6ff4-4938-84be-ecbaf28d7288',
          filename: 'rincian Biaya SI,TI dan BD Tahun Ajaran 2026-2027.pdf',
          updatedAt: '2026-06-15T00:24:31.185Z',
          program: null,
          wave: null,
          waveGroup: null,
          academicYear: null,
          totalScore: 335.1422922008947,
          exactMatchScore: 0,
          keywordScore: 10,
          semanticScore: 5.142292200894712,
          isGlobalDiscount: false,
          matchMeta: [Object]
        }
      ],
      candidateRejectionCount: 37
    }

      at console.fn [as log] (tests/jest.setup.js:37:12)

  console.log
    [TRACE_COST_MATCH_3_ALL_CANDIDATES] {
      question: 'biaya prodi si gelombang 1A?',
      queryEntities: {
        intent: 'COST',
        program: 'SI',
        programLabel: 'SISTEM_INFORMASI',
        programMode: null,
        wave: '1A',
        waveGroup: '1',
        academicYear: null,
        partner: null,
        campus: null,
        jalur: null,
        feeType: null,
        category: 'BIAYA',
        pageNumber: null,
        academicIntent: 'BIAYA'
      },
      allCandidates: [
        {
          id: '8102b0f7-9116-44b7-acb4-845b657daa83',
          filename: 'rincian Biaya SI,TI dan BD Tahun Ajaran 2026-2027.pdf',
          program: 'MM',
          wave: null,
          waveGroup: null,
          academicYear: null,
          totalScore: 169.2625008536905,
          exactMatchScore: 0,
          keywordScore: 5,
          semanticScore: 4.26250085369052,
          isGlobalDiscount: false,
          matchMeta: [Object]
        },
        {
          id: '41ce879a-1f69-4d4c-8c56-f338142e6247',
          filename: 'rincian Biaya SI,TI dan BD Tahun Ajaran 2026-2027.pdf',
          program: null,
          wave: null,
          waveGroup: null,
          academicYear: null,
          totalScore: 163.9205156180121,
          exactMatchScore: 0,
          keywordScore: 0,
          semanticScore: 3.9205156180120913,
          isGlobalDiscount: false,
          matchMeta: [Object]
        },
        {
          id: '58ecb4e1-d7fa-44a3-99fb-16fb17d88456',
          filename: 'rincian Biaya SI,TI dan BD Tahun Ajaran 2026-2027.pdf',
          program: 'SI',
          wave: null,
          waveGroup: null,
          academicYear: null,
          totalScore: 270.7296086693309,
          exactMatchScore: 100,
          keywordScore: 5,
          semanticScore: 5.729608669330881,
          isGlobalDiscount: false,
          matchMeta: [Object]
        },
        {
          id: '2f31651e-b99c-40a2-b119-ee7bb597dae1',
          filename: 'rincian Biaya SI,TI dan BD Tahun Ajaran 2026-2027.pdf',
          program: 'BD',
          wave: null,
          waveGroup: null,
          academicYear: '2026',
          totalScore: 163.50631945592147,
          exactMatchScore: 0,
          keywordScore: 0,
          semanticScore: 3.5063194559214796,
          isGlobalDiscount: false,
          matchMeta: [Object]
        },
        {
          id: 'caabea12-6ff4-4938-84be-ecbaf28d7288',
          filename: 'rincian Biaya SI,TI dan BD Tahun Ajaran 2026-2027.pdf',
          program: null,
          wave: null,
          waveGroup: null,
          academicYear: null,
          totalScore: 335.1422922008947,
          exactMatchScore: 0,
          keywordScore: 10,
          semanticScore: 5.142292200894712,
          isGlobalDiscount: false,
          matchMeta: [Object]
        },
        {
          id: '7372c1ff-a288-42d2-83e4-3137a1adec14',
          filename: 'rincian Biaya SI,TI dan BD Tahun Ajaran 2026-2027.pdf',
          program: null,
          wave: null,
          waveGroup: null,
          academicYear: null,
          totalScore: 335.0233231946215,
          exactMatchScore: 0,
          keywordScore: 10,
          semanticScore: 5.023323194621499,
          isGlobalDiscount: false,
          matchMeta: [Object]
        },
        {
          id: '784597e2-07ab-4391-847b-ad17d23f4c3d',
          filename: 'rincian Biaya SI,TI dan BD Tahun Ajaran 2026-2027.pdf',
          program: null,
          wave: null,
          waveGroup: null,
          academicYear: null,
          totalScore: 229.5227201660124,
          exactMatchScore: 0,
          keywordScore: 5,
          semanticScore: 4.522720166012394,
          isGlobalDiscount: false,
          matchMeta: [Object]
        },
        {
          id: '3b0c07f2-a480-4bf7-939e-ff5a9bfc010e',
          filename: 'rincian Biaya SI,TI dan BD Tahun Ajaran 2026-2027.pdf',
          program: null,
          wave: null,
          waveGroup: null,
          academicYear: null,
          totalScore: 169.31240888976993,
          exactMatchScore: 0,
          keywordScore: 5,
          semanticScore: 4.312408889769933,
          isGlobalDiscount: false,
          matchMeta: [Object]
        },
        {
          id: '9fb44de0-a82a-44ba-bd55-086c72243698',
          filename: 'rincian Biaya SI,TI dan BD Tahun Ajaran 2026-2027.pdf',
          program: null,
          wave: '1',
          waveGroup: '1',
          academicYear: null,
          totalScore: 195.17665881351462,
          exactMatchScore: 20,
          keywordScore: 10,
          semanticScore: 5.176658813514607,
          isGlobalDiscount: false,
          matchMeta: [Object]
        },
        {
          id: '70b1eff4-29ea-4c75-9739-194870fceee3',
          filename: 'rincian Biaya SI,TI dan BD Tahun Ajaran 2026-2027.pdf',
          program: null,
          wave: null,
          waveGroup: null,
          academicYear: null,
          totalScore: 229.55172950906524,
          exactMatchScore: 0,
          keywordScore: 5,
          semanticScore: 4.5517295090652246,
          isGlobalDiscount: false,
          matchMeta: [Object]
        },
        {
          id: '2a88a613-ef53-4eeb-b2da-6170b504b26f',
          filename: 'rincian Biaya SI,TI dan BD Tahun Ajaran 2026-2027.pdf',
          program: null,
          wave: '1',
          waveGroup: '1',
          academicYear: null,
          totalScore: 188.8503860673162,
          exactMatchScore: 20,
          keywordScore: 5,
          semanticScore: 3.850386067316223,
          isGlobalDiscount: false,
          matchMeta: [Object]
        },
        {
          id: '953ecfce-3c03-4645-9d93-1a806fe6d4d9',
          filename: 'rincian Biaya SI,TI dan BD Tahun Ajaran 2026-2027.pdf',
          program: null,
          wave: null,
          waveGroup: null,
          academicYear: null,
          totalScore: 169.1106293028175,
          exactMatchScore: 0,
          keywordScore: 5,
          semanticScore: 4.110629302817513,
          isGlobalDiscount: false,
          matchMeta: [Object]
        },
        {
          id: 'ad06a625-545a-442d-b22e-58b1ebe33ce0',
          filename: 'rincian Biaya SI,TI dan BD Tahun Ajaran 2026-2027.pdf',
          program: null,
          wave: null,
          waveGroup: null,
          academicYear: null,
          totalScore: 169.1709860850428,
          exactMatchScore: 0,
          keywordScore: 5,
          semanticScore: 4.170986085042814,
          isGlobalDiscount: false,
          matchMeta: [Object]
        },
        {
          id: '77cc68db-57a3-4d53-92c1-ce3d9d1654cc',
          filename: 'rincian Biaya SI,TI dan BD Tahun Ajaran 2026-2027.pdf',
          program: null,
          wave: null,
          waveGroup: null,
          academicYear: null,
          totalScore: 175.01041860104922,
          exactMatchScore: 0,
          keywordScore: 10,
          semanticScore: 5.010418601049232,
          isGlobalDiscount: false,
          matchMeta: [Object]
        },
        {
          id: 'de0c842b-0051-4c45-b7c3-883d16aea288',
          filename: 'rincian Biaya SI,TI dan BD Tahun Ajaran 2026-2027.pdf',
          program: null,
          wave: null,
          waveGroup: null,
          academicYear: null,
          totalScore: 335.2371534869401,
          exactMatchScore: 0,
          keywordScore: 10,
          semanticScore: 5.2371534869401195,
          isGlobalDiscount: false,
          matchMeta: [Object]
        },
        {
          id: '3c5b4175-a9d4-48c2-9b75-b05ebe46dbbf',
          filename: 'rincian Biaya SI,TI dan BD Tahun Ajaran 2026-2027.pdf',
          program: null,
          wave: null,
          waveGroup: null,
          academicYear: null,
          totalScore: 289.77115407204917,
          exactMatchScore: 0,
          keywordScore: 15,
          semanticScore: 4.771154072049178,
          isGlobalDiscount: true,
          matchMeta: [Object]
        },
        {
          id: 'd443904f-4b3b-4969-a989-be2bff67d5c8',
          filename: 'rincian Biaya SI,TI dan BD Tahun Ajaran 2026-2027.pdf',
          program: 'RPL',
          wave: null,
          waveGroup: null,
          academicYear: null,
          totalScore: 169.10614241489992,
          exactMatchScore: 0,
          keywordScore: 5,
          semanticScore: 4.106142414899921,
          isGlobalDiscount: false,
          matchMeta: [Object]
        },
        {
          id: '0e2f1b54-9317-49c3-a4b8-9adc9e3f596e',
          filename: 'rincian Biaya SI,TI dan BD Tahun Ajaran 2026-2027.pdf',
          program: null,
          wave: null,
          waveGroup: null,
          academicYear: null,
          totalScore: 339.4850385722923,
          exactMatchScore: 0,
          keywordScore: 15,
          semanticScore: 4.485038572292327,
          isGlobalDiscount: false,
          matchMeta: [Object]
        },
        {
          id: 'a1d6666a-0625-4a07-aded-8a8c53acaa2d',
          filename: 'rincian Biaya SI,TI dan BD Tahun Ajaran 2026-2027.pdf',
          program: null,
          wave: null,
          waveGroup: null,
          academicYear: null,
          totalScore: 168.80691871346957,
          exactMatchScore: 0,
          keywordScore: 5,
          semanticScore: 3.806918713469577,
          isGlobalDiscount: false,
          matchMeta: [Object]
        },
        {
          id: '22e4abb3-d38b-4356-b7da-c90eefc778be',
          filename: 'rincian Biaya SI,TI dan BD Tahun Ajaran 2026-2027.pdf',
          program: null,
          wave: null,
          waveGroup: null,
          academicYear: null,
          totalScore: 164.689791334218,
          exactMatchScore: 0,
          keywordScore: 0,
          semanticScore: 4.6897913342179915,
          isGlobalDiscount: false,
          matchMeta: [Object]
        },
        {
          id: '0d40f1ae-0554-4f7a-9f28-a6083d02dab6',
          filename: 'rincian Biaya SI,TI dan BD Tahun Ajaran 2026-2027.pdf',
          program: null,
          wave: null,
          waveGroup: null,
          academicYear: null,
          totalScore: 169.40264522231666,
          exactMatchScore: 0,
          keywordScore: 5,
          semanticScore: 4.402645222316664,
          isGlobalDiscount: false,
          matchMeta: [Object]
        },
        {
          id: '409b807e-1dd9-4387-83ec-671921579ff6',
          filename: 'Penjelasan Prodi dan Karier Masa Depan (1).xlsx',
          program: 'SK',
          wave: null,
          waveGroup: null,
          academicYear: null,
          totalScore: 35.75277634048132,
          exactMatchScore: 0,
          keywordScore: 10,
          semanticScore: 5.752776340481317,
          isGlobalDiscount: false,
          matchMeta: [Object]
        },
        {
          id: '4d95b75d-49ce-4138-9d73-3bc48e2a2d80',
          filename: 'Penjelasan Prodi dan Karier Masa Depan (1).xlsx',
          program: 'SI',
          wave: null,
          waveGroup: null,
          academicYear: null,
          totalScore: 128.9197608447397,
          exactMatchScore: 100,
          keywordScore: 5,
          semanticScore: 3.919760844739689,
          isGlobalDiscount: false,
          matchMeta: [Object]
        },
        {
          id: '931a2fff-a597-43a9-893d-1c765bb47c9c',
          filename: 'hobi_prodi_lengkap (1).xlsx',
          program: 'SK',
          wave: null,
          waveGroup: null,
          academicYear: null,
          totalScore: 29.607015388397482,
          exactMatchScore: 0,
          keywordScore: 5,
          semanticScore: 4.607015388397481,
          isGlobalDiscount: false,
          matchMeta: [Object]
        },
        {
          id: '2a6d9612-4e47-4a7b-843c-adfd96d3aa60',
          filename: 'hobi_prodi_lengkap (1).xlsx',
          program: 'SI',
          wave: null,
          waveGroup: null,
          academicYear: null,
          totalScore: 129.62564964780773,
          exactMatchScore: 100,
          keywordScore: 5,
          semanticScore: 4.625649647807733,
          isGlobalDiscount: false,
          matchMeta: [Object]
        },
        {
          id: 'c16b0462-3888-4284-aae4-92a9f1c89a19',
          filename: 'HOBY.pdf',
          program: 'SI',
          wave: null,
          waveGroup: null,
          academicYear: null,
          totalScore: 130.07642355901538,
          exactMatchScore: 100,
          keywordScore: 5,
          semanticScore: 5.076423559015385,
          isGlobalDiscount: false,
          matchMeta: [Object]
        },
        {
          id: '6f3c4117-6818-444e-9651-9844a096cec8',
          filename: 'HOBY.pdf',
          program: 'SI',
          wave: null,
          waveGroup: null,
          academicYear: null,
          totalScore: 129.56378691566815,
          exactMatchScore: 100,
          keywordScore: 5,
          semanticScore: 4.563786915668147,
          isGlobalDiscount: false,
          matchMeta: [Object]
        },
        {
          id: '8775f45a-aa58-40c0-9d97-4d0c24c4c60d',
          filename: 'hobi_prodi_lengkap (1)-1780534126531.xlsx',
          program: 'SK',
          wave: null,
          waveGroup: null,
          academicYear: null,
          totalScore: 25.408685465521664,
          exactMatchScore: 0,
          keywordScore: 5,
          semanticScore: 0.40868546552166585,
          isGlobalDiscount: false,
          matchMeta: [Object]
        },
        {
          id: '6c1aa226-5043-4e68-ad7d-b006f6be7768',
          filename: 'hobi_prodi_lengkap (1)-1780534126531.xlsx',
          program: 'SI',
          wave: null,
          waveGroup: null,
          academicYear: null,
          totalScore: 125.38506816265861,
          exactMatchScore: 100,
          keywordScore: 5,
          semanticScore: 0.38506816265861255,
          isGlobalDiscount: false,
          matchMeta: [Object]
        },
        {
          id: '27e2d879-4569-4542-87b0-810113c0e157',
          filename: 'hobi_prodi_lengkap (1)-1780534126531.xlsx',
          program: 'SI',
          wave: null,
          waveGroup: null,
          academicYear: null,
          totalScore: 125.33379073307185,
          exactMatchScore: 100,
          keywordScore: 5,
          semanticScore: 0.333790733071846,
          isGlobalDiscount: false,
          matchMeta: [Object]
        }
      ]
    }

      at console.fn [as log] (tests/jest.setup.js:37:12)

  console.log
    [TRACE_COST_MATCH_3_REJECTED] {
      question: 'biaya prodi si gelombang 1A?',
      queryEntities: {
        intent: 'COST',
        program: 'SI',
        programLabel: 'SISTEM_INFORMASI',
        programMode: null,
        wave: '1A',
        waveGroup: '1',
        academicYear: null,
        partner: null,
        campus: null,
        jalur: null,
        feeType: null,
        category: 'BIAYA',
        pageNumber: null,
        academicIntent: 'BIAYA'
      },
      rejectedCandidateCount: 37,
      rejectedCandidateReasons: [
        {
          itemId: 'ee2bfc90-3fbd-4eed-b93f-301cc2d704ff',
          filename: 'rincian Biaya SI,TI dan BD Tahun Ajaran 2026-2027.pdf',
          reason: 'entity_mismatch',
          queryEntities: [Object],
          itemEntities: [Object],
          chunkPreview: '3. a. Beasiswa untuk Dana Pendidikan Pokok (DPP) :\n' +
            'Rp. 3.000.000,- Jika Registrasi pada Gelombang Khusus'
        },
        {
          itemId: 'f675714e-5e78-435a-af23-f32fbe23d159',
          filename: 'rincian Biaya SI,TI dan BD Tahun Ajaran 2026-2027.pdf',
          reason: 'entity_mismatch',
          queryEntities: [Object],
          itemEntities: [Object],
          chunkPreview: 'Rp. 1.500.000,- Jika Registrasi pada Gelombang II'
        },
        {
          itemId: '4e33c2dd-5e54-4dbd-adf8-1a2238a2b540',
          filename: 'rincian Biaya SI,TI dan BD Tahun Ajaran 2026-2027.pdf',
          reason: 'entity_mismatch',
          queryEntities: [Object],
          itemEntities: [Object],
          chunkPreview: 'Gelombang Khusus : 60%'
        },
        {
          itemId: 'aac87e30-d78e-48b5-ac4f-8cb61ecdde51',
          filename: 'rincian Biaya SI,TI dan BD Tahun Ajaran 2026-2027.pdf',
          reason: 'entity_mismatch',
          queryEntities: [Object],
          itemEntities: [Object],
          chunkPreview: 'Gelombang II : 4090'
        },
        {
          itemId: '546bc060-81cd-43d9-b41c-f700743429aa',
          filename: 'rincian Biaya SI,TI dan BD Tahun Ajaran 2026-2027.pdf',
          reason: 'entity_mismatch',
          queryEntities: [Object],
          itemEntities: [Object],
          chunkPreview: 'Gelombang III : 3096'
        },
        {
          itemId: '1ba4c54a-c870-485e-b488-dbaefdc21ca2',
          filename: 'rincian Biaya SI,TI dan BD Tahun Ajaran 2026-2027.pdf',
          reason: 'entity_mismatch',
          queryEntities: [Object],
          itemEntities: [Object],
          chunkPreview: 'Gelombang IV :20%'
        },
        {
          itemId: 'f4e14c27-ce75-4f9a-abae-1359a6ae4473',
          filename: 'rincian Biaya SI,TI dan BD Tahun Ajaran 2026-2027.pdf',
          reason: 'wave-group-mismatch',
          score: 0,
          exactMatchMeta: undefined,
          isGlobalDiscount: true,
          isProgramTrainingMatch: true,
          itemEntities: [Object],
          chunkPreview: 'Gelombang Sisipan : 10%\n' +
            'c. Apabila DPP dibayar tunai potongan ditambah 10% (sepuluh persen).\n' +
            '4. Khusus Alumni SMK TI men'
        },
        {
          itemId: 'e1167772-990a-4c1f-b46a-ad8d8da61e6c',
          filename: 'rincian Biaya SI,TI dan BD Tahun Ajaran 2026-2027.pdf',
          reason: 'entity_mismatch',
          queryEntities: [Object],
          itemEntities: [Object],
          chunkPreview: 'Ringkasan dokumen:\n' +
            'Program studi terlihat: PROGRAM STUDI SISTEM INFORMASI, TEKNOLOGI INFORMASI, DAN\n' +
            'Program internasiona'
        },
        {
          itemId: 'd98f61cd-a686-436f-9fac-2af321749e85',
          filename: 'Penjelasan Prodi dan Karier Masa Depan (1).xlsx',
          reason: 'program_mismatch_hard_filter',
          programRequested: 'si',
          itemProgram: null,
          chunkPreview: '[Sheet: Sheet1]'
        },
        {
          itemId: 'a809429d-86f2-4cc7-8e20-ea8e9adedaa4',
          filename: 'Penjelasan Prodi dan Karier Masa Depan (1).xlsx',
          reason: 'entity_mismatch',
          queryEntities: [Object],
          itemEntities: [Object],
          chunkPreview: 'an manajemen | "Business Analyst | System Analyst | IT Consultant | Project Manager | ERP Specialist | Product Manager |'
        },
        {
          itemId: 'e8021e16-b1fc-408b-a017-b1529836b069',
          filename: 'Penjelasan Prodi dan Karier Masa Depan (1).xlsx',
          reason: 'entity_mismatch',
          queryEntities: [Object],
          itemEntities: [Object],
          chunkPreview: 'knis" | "IoT Engineer | Hardware Engineer | Robotics Engineer | Network Engineer | Automation Engineer | Embedded System'
        },
        {
          itemId: '43289c67-5e4c-44ed-b45a-14eb76fbb431',
          filename: 'Penjelasan Prodi dan Karier Masa Depan (1).xlsx',
          reason: 'program_mismatch_hard_filter',
          programRequested: 'si',
          itemProgram: null,
          chunkPreview: 'Ringkasan dokumen:\n' +
            'Program studi terlihat: Penjelasan Prodi dan Karier Masa Depan'
        },
        {
          itemId: 'caedd8d8-e425-4ce3-b38d-5e2c3aa07628',
          filename: 'hobi_prodi_lengkap (1).xlsx',
          reason: 'program_mismatch_hard_filter',
          programRequested: 'si',
          itemProgram: null,
          chunkPreview: '[Sheet: Hobi Prodi]'
        },
        {
          itemId: 'f3a488e3-3a2a-49b7-99a7-fc1fad9eb466',
          filename: 'hobi_prodi_lengkap (1).xlsx',
          reason: 'entity_mismatch',
          queryEntities: [Object],
          itemEntities: [Object],
          chunkPreview: 'No | Program Studi | Hobi / Aktivitas\n' +
            '1 | Bisnis Digital & DKV | Membuat konten media sosial\n' +
            '2 | Bisnis Digital & DKV | '
        },
        {
          itemId: '568a597c-6f07-4f8a-a20f-47a5be367f4c',
          filename: 'hobi_prodi_lengkap (1).xlsx',
          reason: 'entity_mismatch',
          queryEntities: [Object],
          itemEntities: [Object],
          chunkPreview: 'ompetisi bisnis\n' +
            '17 | Bisnis Digital & DKV | Tawar-menawar\n' +
            '18 | Bisnis Digital & DKV | Influencer\n' +
            '19 | Bisnis Digital & D'
        },
        {
          itemId: '27379290-3280-4385-a22e-c233b19f988f',
          filename: 'hobi_prodi_lengkap (1).xlsx',
          reason: 'entity_mismatch',
          queryEntities: [Object],
          itemEntities: [Object],
          chunkPreview: 'elektronik\n' +
            '74 | Teknologi Informasi | Menggunakan AI tools\n' +
            '75 | Teknologi Informasi | Kompetisi IT\n' +
            '76 | Teknologi Inform'
        },
        {
          itemId: '55288f7d-39e6-4ce8-9120-b248cdbe725c',
          filename: 'hobi_prodi_lengkap (1).xlsx',
          reason: 'entity_mismatch',
          queryEntities: [Object],
          itemEntities: [Object],
          chunkPreview: 'men Informatika | Menggambar\n' +
            '92 | Manajemen Informatika | Membaca buku IT\n' +
            '93 | Manajemen Informatika | Sosial media\n' +
            '94 |'
        },
        {
          itemId: '42382416-027d-40da-955e-03dc0659e19e',
          filename: 'hobi_prodi_lengkap (1).xlsx',
          reason: 'program_mismatch_hard_filter',
          programRequested: 'si',
          itemProgram: null,
          chunkPreview: 'Ringkasan dokumen:\nProgram studi terlihat: [Sheet: Hobi Prodi]'
        },
        {
          itemId: 'bdcb45b2-881d-42c2-9f0e-30ab920a4c1a',
          filename: 'HOBY.pdf',
          reason: 'entity_mismatch',
          queryEntities: [Object],
          itemEntities: [Object],
          chunkPreview: 'HOBI DAN KECOCOKAN PRODI\n' +
            'noprodihobi\n' +
            '1\n' +
            'Bisnis Digital & DKVMembuat konten media sosial\n' +
            '2\n' +
            'Bisnis Digital & DKVMemiliki so'
        },
        {
          itemId: '53932165-93ed-4e38-90ff-55172b08d8f8',
          filename: 'HOBY.pdf',
          reason: 'entity_mismatch',
          queryEntities: [Object],
          itemEntities: [Object],
          chunkPreview: 'DKVInfluencer\n' +
            '19\n' +
            'Bisnis Digital & DKVBlogger\n' +
            '20\n' +
            'Bisnis Digital & DKVVlogger\n' +
            '21\n' +
            'Bisnis Digital & DKVYouTuber\n' +
            '22\n' +
            'Bisnis Di'
        },
        {
          itemId: 'ee208681-288f-4439-ac7a-7e4bcf6663ba',
          filename: 'HOBY.pdf',
          reason: 'entity_mismatch',
          queryEntities: [Object],
          itemEntities: [Object],
          chunkPreview: 'ologi InformasiMembaca buku IT\n' +
            '83\n' +
            'Teknologi InformasiServer management\n' +
            '84\n' +
            'Teknologi InformasiMembuat game\n' +
            '85\n' +
            'Teknologi I'
        },
        {
          itemId: '12816604-9acf-4abf-825a-f51b55e7d285',
          filename: 'HOBY.pdf',
          reason: 'entity_mismatch',
          queryEntities: [Object],
          itemEntities: [Object],
          chunkPreview: 'men InformatikaStartup\n' +
            '102\n' +
            'Manajemen InformatikaSeminar/webinar\n' +
            '103\n' +
            'Manajemen InformatikaKomunitas entrepreneur'
        },
        {
          itemId: 'fe7aed8a-97bf-49d3-aeee-3a717c7fdcc2',
          filename: 'HOBY.pdf',
          reason: 'program_mismatch_hard_filter',
          programRequested: 'si',
          itemProgram: null,
          chunkPreview: 'Ringkasan dokumen:\nProgram studi terlihat: HOBI DAN KECOCOKAN PRODI'
        },
        {
          itemId: '7ef67f8b-80cd-4987-8a60-57239ee9e93c',
          filename: 'hobi_prodi_lengkap (1)-1780534126531.xlsx',
          reason: 'entity_mismatch',
          queryEntities: [Object],
          itemEntities: [Object],
          chunkPreview: '[Sheet: Hobi Prodi]\n' +
            'No : 1 | Program Studi : Bisnis Digital & DKV | Hobi / Aktivitas : Membuat konten media sosial\n' +
            'No : '
        },
        {
          itemId: '20f598ef-94d1-4788-bb34-99f1619ba6b4',
          filename: 'hobi_prodi_lengkap (1)-1780534126531.xlsx',
          reason: 'entity_mismatch',
          queryEntities: [Object],
          itemEntities: [Object],
          chunkPreview: ': Bisnis Digital & DKV | Hobi / Aktivitas : Dropshipper/reseller\n' +
            'No : 11 | Program Studi : Bisnis Digital & DKV | Hobi /'
        },
        {
          itemId: 'c4657d2d-092b-4466-bb50-ce1e7343206e',
          filename: 'hobi_prodi_lengkap (1)-1780534126531.xlsx',
          reason: 'entity_mismatch',
          queryEntities: [Object],
          itemEntities: [Object],
          chunkPreview: 'fluencer\n' +
            'No : 19 | Program Studi : Bisnis Digital & DKV | Hobi / Aktivitas : Blogger\n' +
            'No : 20 | Program Studi : Bisnis Di'
        },
        {
          itemId: 'a8ed5eaa-c856-4775-b1ea-77f6982a02ae',
          filename: 'hobi_prodi_lengkap (1)-1780534126531.xlsx',
          reason: 'entity_mismatch',
          queryEntities: [Object],
          itemEntities: [Object],
          chunkPreview: 'No : 28 | Program Studi : Sistem Komputer | Hobi / Aktivitas : Coding\n' +
            'No : 29 | Program Studi : Sistem Komputer | Hobi /'
        },
        {
          itemId: 'dda14be9-d4ad-4e49-88d3-76ae21761164',
          filename: 'hobi_prodi_lengkap (1)-1780534126531.xlsx',
          reason: 'entity_mismatch',
          queryEntities: [Object],
          itemEntities: [Object],
          chunkPreview: 'asi | Hobi / Aktivitas : Cybersecurity\n' +
            'No : 77 | Program Studi : Teknologi Informasi | Hobi / Aktivitas : Jaringan kompu'
        },
        {
          itemId: '39329770-0255-47b4-a3d2-1e6a14827b17',
          filename: 'hobi_prodi_lengkap (1)-1780534126531.xlsx',
          reason: 'entity_mismatch',
          queryEntities: [Object],
          itemEntities: [Object],
          chunkPreview: 'tivitas : Blog teknologi\n' +
            'No : 86 | Program Studi : Teknologi Informasi | Hobi / Aktivitas : Kursus online\n' +
            'No : 87 | Prog'
        },
        {
          itemId: '421f7337-ea4a-4e13-85d1-2d265354dae8',
          filename: 'hobi_prodi_lengkap (1)-1780534126531.xlsx',
          reason: 'entity_mismatch',
          queryEntities: [Object],
          itemEntities: [Object],
          chunkPreview: '/ Aktivitas : Konten sosial media\n' +
            'No : 95 | Program Studi : Manajemen Informatika | Hobi / Aktivitas : Pengolahan data\n' +
            'N'
        }
      ]
    }

      at console.fn [as log] (tests/jest.setup.js:37:12)

  console.log
    [TRACE_COST_BEST_EXACT_CANDIDATE] {
      id: '58ecb4e1-d7fa-44a3-99fb-16fb17d88456',
      filename: 'rincian Biaya SI,TI dan BD Tahun Ajaran 2026-2027.pdf',
      exactMatchScore: 100,
      matchMeta: { waveGroupMatched: false },
      itemEntities: {
        program: 'SI',
        programMode: null,
        wave: null,
        waveGroup: null,
        academicYear: null,
        partner: null,
        campus: null,
        jalur: null,
        feeType: null,
        category: 'BIAYA',
        pageNumber: null
      },
      chunkPreview: 'PROGRAM STUDI SISTEM INFORMASI, TEKNOLOGI INFORMASI, DAN'
    }

      at console.fn [as log] (tests/jest.setup.js:37:12)

  console.log
    [TRACE_COST_TOP10_CANDIDATES] {
      question: 'biaya prodi si gelombang 1A?',
      queryEntities: {
        intent: 'COST',
        program: 'SI',
        programLabel: 'SISTEM_INFORMASI',
        programMode: null,
        wave: '1A',
        waveGroup: '1',
        academicYear: null,
        partner: null,
        campus: null,
        jalur: null,
        feeType: null,
        category: 'BIAYA',
        pageNumber: null,
        academicIntent: 'BIAYA'
      },
      top10: [
        {
          rank: 1,
          id: '0e2f1b54-9317-49c3-a4b8-9adc9e3f596e',
          filename: 'rincian Biaya SI,TI dan BD Tahun Ajaran 2026-2027.pdf',
          program: null,
          wave: null,
          totalScore: 339.4850385722923,
          exactMatchScore: 0,
          keywordScore: 15,
          semanticScore: 4.485038572292327,
          isGlobalDiscount: false,
          meta: [Object],
          chunkPreview: 'a. Dana Pendidikan Pokok (DPP)\n' +
            '- Jumlah pengakuan SKS antara 85 s/d 100 SKS dikenakan biaya DPP\n' +
            'sebesar Rp. 4.500.000\n' +
            '- Jumlah pengakuan SKS antara 44 s/d 84 SKS dikenakan biaya DPP\n' +
            'sebesar Rp. 5.000.'
        },
        {
          rank: 2,
          id: 'de0c842b-0051-4c45-b7c3-883d16aea288',
          filename: 'rincian Biaya SI,TI dan BD Tahun Ajaran 2026-2027.pdf',
          program: null,
          wave: null,
          totalScore: 335.2371534869401,
          exactMatchScore: 0,
          keywordScore: 10,
          semanticScore: 5.2371534869401195,
          isGlobalDiscount: false,
          meta: [Object],
          chunkPreview: 'b. Dana Pendidikan Pokok (DPP):\n' +
            '- Bagi Mahasiswa Renim/aktif kembali tidak dikenakan biaya DPP, Jas\n' +
            'Almamater dan GMTI.\n' +
            '-\n' +
            'D3,\n' +
            'dari\n' +
            'ITB\n' +
            'STIKOM\n' +
            'Bali\n' +
            'dikenakan\n' +
            'Rp.\n' +
            '3.000.000,\n' +
            'sedangkan\n' +
            'dari\n' +
            'PT lain Rp. 4'
        },
        {
          rank: 3,
          id: 'caabea12-6ff4-4938-84be-ecbaf28d7288',
          filename: 'rincian Biaya SI,TI dan BD Tahun Ajaran 2026-2027.pdf',
          program: null,
          wave: null,
          totalScore: 335.1422922008947,
          exactMatchScore: 0,
          keywordScore: 10,
          semanticScore: 5.142292200894712,
          isGlobalDiscount: false,
          meta: [Object],
          chunkPreview: 'No. Jenis Biaya Rp ΓÇÿWaktu Pembayaran\n' +
            '1. Pendaftaran 500.000 Pada Saat Daftar\n' +
            '2. Dana Pendidikan Pokok 14.000.000 Dicicil Per Bln s.d UTS-1\n' +
            '3. Jas Alamater, Topi 750.000 Saat Registrasi I\n' +
            '4. Kaos, Tas,'
        },
        {
          rank: 4,
          id: '7372c1ff-a288-42d2-83e4-3137a1adec14',
          filename: 'rincian Biaya SI,TI dan BD Tahun Ajaran 2026-2027.pdf',
          program: null,
          wave: null,
          totalScore: 335.0233231946215,
          exactMatchScore: 0,
          keywordScore: 10,
          semanticScore: 5.023323194621499,
          isGlobalDiscount: false,
          meta: [Object],
          chunkPreview: '6. Biaya Pengalaman Industri\n' +
            '- Internasional 5.000.000\n' +
            '- Nasional 2.500.000\n' +
            '- Lokal 1.500.000\n' +
            'Dapat dicicil 5 kali per semester dan dimulai dari semester 3'
        },
        {
          rank: 5,
          id: '3c5b4175-a9d4-48c2-9b75-b05ebe46dbbf',
          filename: 'rincian Biaya SI,TI dan BD Tahun Ajaran 2026-2027.pdf',
          program: null,
          wave: null,
          totalScore: 289.77115407204917,
          exactMatchScore: 0,
          keywordScore: 15,
          semanticScore: 4.771154072049178,
          isGlobalDiscount: true,
          meta: [Object],
          chunkPreview: 'STIKOM Bali dengan ketentuan :\n' +
            '- D3 : antara 85 s/d 100 SKS\n' +
            '- D2 :antara 44 s/d 84 SKS\n' +
            '- D1 : antara 20 s/d 43 SKS\n' +
            '- Di bawah 20 SKS, DPP sama dengan dari SMA, kecuali dari ITB\n' +
            'STIKOM Bali dan Group a'
        },
        {
          rank: 6,
          id: '58ecb4e1-d7fa-44a3-99fb-16fb17d88456',
          filename: 'rincian Biaya SI,TI dan BD Tahun Ajaran 2026-2027.pdf',
          program: 'SI',
          wave: null,
          totalScore: 270.7296086693309,
          exactMatchScore: 100,
          keywordScore: 5,
          semanticScore: 5.729608669330881,
          isGlobalDiscount: false,
          meta: [Object],
          chunkPreview: 'PROGRAM STUDI SISTEM INFORMASI, TEKNOLOGI INFORMASI, DAN'
        },
        {
          rank: 7,
          id: '70b1eff4-29ea-4c75-9739-194870fceee3',
          filename: 'rincian Biaya SI,TI dan BD Tahun Ajaran 2026-2027.pdf',
          program: null,
          wave: null,
          totalScore: 229.55172950906524,
          exactMatchScore: 0,
          keywordScore: 5,
          semanticScore: 4.5517295090652246,
          isGlobalDiscount: false,
          meta: [Object],
          chunkPreview: 'diberikan tambahan beasiswa dari DPP untuk semua Program Studi sebesar :'
        },
        {
          rank: 8,
          id: '784597e2-07ab-4391-847b-ad17d23f4c3d',
          filename: 'rincian Biaya SI,TI dan BD Tahun Ajaran 2026-2027.pdf',
          program: null,
          wave: null,
          totalScore: 229.5227201660124,
          exactMatchScore: 0,
          keywordScore: 5,
          semanticScore: 4.522720166012394,
          isGlobalDiscount: false,
          meta: [Object],
          chunkPreview: '2. Potongan Biaya Pendaftaran :'
        },
        {
          rank: 9,
          id: '9fb44de0-a82a-44ba-bd55-086c72243698',
          filename: 'rincian Biaya SI,TI dan BD Tahun Ajaran 2026-2027.pdf',
          program: null,
          wave: '1',
          totalScore: 195.17665881351462,
          exactMatchScore: 20,
          keywordScore: 10,
          semanticScore: 5.176658813514607,
          isGlobalDiscount: false,
          meta: [Object],
          chunkPreview: 'Rp. 2.000.000,- Jika Registrasi pada Gelombang I'
        },
        {
          rank: 10,
          id: '2a88a613-ef53-4eeb-b2da-6170b504b26f',
          filename: 'rincian Biaya SI,TI dan BD Tahun Ajaran 2026-2027.pdf',
          program: null,
          wave: '1',
          totalScore: 188.8503860673162,
          exactMatchScore: 20,
          keywordScore: 5,
          semanticScore: 3.850386067316223,
          isGlobalDiscount: false,
          meta: [Object],
          chunkPreview: 'Gelombang I : 5090'
        }
      ]
    }

      at console.fn [as log] (tests/jest.setup.js:37:12)

  console.log
    [TRACE_COST_SELECT_3_5_EXPAND_SAME_FILE] {
      topChunksCount: 4,
      uniqueTrainingIds: [ 'd540ae42-ca48-4750-b5dd-5a1fbdbc05a0' ],
      reason: 'expand_to_include_all_chunks_from_same_file_for_fee_table_completeness'
    }

      at console.fn [as log] (tests/jest.setup.js:37:12)

  console.log
    [TRACE_COST_SELECT_4_TOP_CHUNKS] {
      selectedCount: 4,
      topChunks: [
        {
          id: '0e2f1b54-9317-49c3-a4b8-9adc9e3f596e',
          trainingId: 'd540ae42-ca48-4750-b5dd-5a1fbdbc05a0',
          filename: 'rincian Biaya SI,TI dan BD Tahun Ajaran 2026-2027.pdf',
          sourceFile: 'rincian Biaya SI,TI dan BD Tahun Ajaran 2026-2027.pdf',
          chunkType: 'COST',
          programName: null,
          wave: null,
          updatedAt: '2026-06-15T00:24:38.845Z',
          source: 'upload',
          category: 'PMB',
          chunkPreview: 'a. Dana Pendidikan Pokok (DPP)\n' +
            '- Jumlah pengakuan SKS antara 85 s/d 100 SKS dikenakan biaya DPP\n' +
            'sebe',
          entities: [Object]
        },
        {
          id: 'de0c842b-0051-4c45-b7c3-883d16aea288',
          trainingId: 'd540ae42-ca48-4750-b5dd-5a1fbdbc05a0',
          filename: 'rincian Biaya SI,TI dan BD Tahun Ajaran 2026-2027.pdf',
          sourceFile: 'rincian Biaya SI,TI dan BD Tahun Ajaran 2026-2027.pdf',
          chunkType: 'COST',
          programName: null,
          wave: null,
          updatedAt: '2026-06-15T00:24:38.007Z',
          source: 'upload',
          category: 'BIAYA',
          chunkPreview: 'b. Dana Pendidikan Pokok (DPP):\n' +
            '- Bagi Mahasiswa Renim/aktif kembali tidak dikenakan biaya DPP, Jas\n',
          entities: [Object]
        },
        {
          id: 'caabea12-6ff4-4938-84be-ecbaf28d7288',
          trainingId: 'd540ae42-ca48-4750-b5dd-5a1fbdbc05a0',
          filename: 'rincian Biaya SI,TI dan BD Tahun Ajaran 2026-2027.pdf',
          sourceFile: 'rincian Biaya SI,TI dan BD Tahun Ajaran 2026-2027.pdf',
          chunkType: 'COST',
          programName: null,
          wave: null,
          updatedAt: '2026-06-15T00:24:31.185Z',
          source: 'upload',
          category: 'PMB',
          chunkPreview: 'No. Jenis Biaya Rp ΓÇÿWaktu Pembayaran\n' +
            '1. Pendaftaran 500.000 Pada Saat Daftar\n' +
            '2. Dana Pendidikan Poko',
          entities: [Object]
        },
        {
          id: '3c5b4175-a9d4-48c2-9b75-b05ebe46dbbf',
          trainingId: 'd540ae42-ca48-4750-b5dd-5a1fbdbc05a0',
          filename: 'rincian Biaya SI,TI dan BD Tahun Ajaran 2026-2027.pdf',
          sourceFile: 'rincian Biaya SI,TI dan BD Tahun Ajaran 2026-2027.pdf',
          chunkType: 'COST',
          programName: null,
          wave: null,
          updatedAt: '2026-06-15T00:24:38.205Z',
          source: 'upload',
          category: 'BEASISWA',
          chunkPreview: 'STIKOM Bali dengan ketentuan :\n' +
            '- D3 : antara 85 s/d 100 SKS\n' +
            '- D2 :antara 44 s/d 84 SKS\n' +
            '- D1 : antara',
          entities: [Object]
        }
      ]
    }

      at console.fn [as log] (tests/jest.setup.js:37:12)

  console.log
    [TRACE_PARSE_6a_ALL_CHUNKS] {
      inputChunksCount: 4,
      inputChunks: [
        {
          id: '0e2f1b54-9317-49c3-a4b8-9adc9e3f596e',
          filename: 'rincian Biaya SI,TI dan BD Tahun Ajaran 2026-2027.pdf',
          updatedAt: '2026-06-15T00:24:38.845Z',
          chunkPreview: 'a. Dana Pendidikan Pokok (DPP)\n' +
            '- Jumlah pengakuan SKS antara 85 s/d 100 SKS dikenakan biaya DPP\n' +
            'sebe'
        },
        {
          id: 'de0c842b-0051-4c45-b7c3-883d16aea288',
          filename: 'rincian Biaya SI,TI dan BD Tahun Ajaran 2026-2027.pdf',
          updatedAt: '2026-06-15T00:24:38.007Z',
          chunkPreview: 'b. Dana Pendidikan Pokok (DPP):\n' +
            '- Bagi Mahasiswa Renim/aktif kembali tidak dikenakan biaya DPP, Jas\n'
        },
        {
          id: 'caabea12-6ff4-4938-84be-ecbaf28d7288',
          filename: 'rincian Biaya SI,TI dan BD Tahun Ajaran 2026-2027.pdf',
          updatedAt: '2026-06-15T00:24:31.185Z',
          chunkPreview: 'No. Jenis Biaya Rp ΓÇÿWaktu Pembayaran\n' +
            '1. Pendaftaran 500.000 Pada Saat Daftar\n' +
            '2. Dana Pendidikan Poko'
        },
        {
          id: '3c5b4175-a9d4-48c2-9b75-b05ebe46dbbf',
          filename: 'rincian Biaya SI,TI dan BD Tahun Ajaran 2026-2027.pdf',
          updatedAt: '2026-06-15T00:24:38.205Z',
          chunkPreview: 'STIKOM Bali dengan ketentuan :\n' +
            '- D3 : antara 85 s/d 100 SKS\n' +
            '- D2 :antara 44 s/d 84 SKS\n' +
            '- D1 : antara'
        }
      ]
    }

      at console.fn [as log] (tests/jest.setup.js:37:12)

  console.log
    [TRACE_PARSE_FEE_INPUT] {
      filename: 'rincian Biaya SI,TI dan BD Tahun Ajaran 2026-2027.pdf',
      chunkId: '0e2f1b54-9317-49c3-a4b8-9adc9e3f596e',
      queryEntities: {
        intent: 'COST',
        program: 'SI',
        programLabel: 'SISTEM_INFORMASI',
        programMode: null,
        wave: '1A',
        waveGroup: '1',
        academicYear: null,
        partner: null,
        campus: null,
        jalur: null,
        feeType: null,
        category: 'BIAYA',
        pageNumber: null,
        academicIntent: 'BIAYA'
      },
      chunkPreview: 'a. Dana Pendidikan Pokok (DPP)\n' +
        '- Jumlah pengakuan SKS antara 85 s/d 100 SKS dikenakan biaya DPP\n' +
        'sebesar Rp. 4.500.000\n' +
        '- Jumlah pengakuan SKS antara 44 s/d 84 SKS dikenakan biaya DPP\n' +
        'sebesar Rp. 5.000.',
      academicYear: null
    }

      at console.fn [as log] (tests/jest.setup.js:37:12)

  console.log
    [TRACE_PARSE_CHUNK_1_INPUT] {
      filename: 'rincian Biaya SI,TI dan BD Tahun Ajaran 2026-2027.pdf',
      chunkId: '0e2f1b54-9317-49c3-a4b8-9adc9e3f596e',
      isGlobalDiscount: false,
      queryProgram: 'SI',
      entProgram: null,
      queryWave: '1A',
      entWave: null,
      queryWaveGroup: '1',
      entWaveGroup: null,
      queryAcademicYear: null,
      entAcademicYear: null,
      chunkPreview: 'a. Dana Pendidikan Pokok (DPP)\n' +
        '- Jumlah pengakuan SKS antara 85 s/d 100 SKS dikenakan biaya DPP\n' +
        'sebe'
    }

      at console.fn [as log] (tests/jest.setup.js:37:12)

  console.log
    [TRACE_PARSE_CHUNK_BYPASS_1] {
      filename: 'rincian Biaya SI,TI dan BD Tahun Ajaran 2026-2027.pdf',
      reason: 'program_mismatch_bypassed_due_to_fee_header',
      queryProgram: 'SI',
      entProgram: null
    }

      at console.fn [as log] (tests/jest.setup.js:37:12)

  console.log
    TRACE_FIND_MONEY {
      keyword: '(?<!\\b(?:potongan|diskon)\\s+)(?:biaya\\s+pendaftaran|pendaftaran|registrasi)[^\\n]{0,120}?([0-9][0-9\\s\\.,]{1,40})',
      candidates: [
        {
          token: '85',
          candParsed: 'Rp 85',
          candDigits: 85,
          hasSeparator: false,
          index: 60
        },
        {
          token: '100',
          candParsed: 'Rp 100',
          candDigits: 100,
          hasSeparator: false,
          index: 67
        },
        {
          token: '4.500.000',
          candParsed: 'Rp 4.500.000',
          candDigits: 4500000,
          hasSeparator: true,
          index: 107
        },
        {
          token: '44',
          candParsed: 'Rp 44',
          candDigits: 44,
          hasSeparator: false,
          index: 147
        },
        {
          token: '84',
          candParsed: 'Rp 84',
          candDigits: 84,
          hasSeparator: false,
          index: 154
        },
        {
          token: '5.000.000',
          candParsed: 'Rp 5.000.000',
          candDigits: 5000000,
          hasSeparator: true,
          index: 193
        },
        {
          token: '20',
          candParsed: 'Rp 20',
          candDigits: 20,
          hasSeparator: false,
          index: 233
        },
        {
          token: '43',
          candParsed: 'Rp 43',
          candDigits: 43,
          hasSeparator: false,
          index: 240
        },
        {
          token: '7.000.000',
          candParsed: 'Rp 7.000.000',
          candDigits: 7000000,
          hasSeparator: true,
          index: 279
        },
        {
          token: '20',
          candParsed: 'Rp 20',
          candDigits: 20,
          hasSeparator: false,
          index: 299
        },
        {
          token: '13.',
          candParsed: 'Rp 13',
          candDigits: 13,
          hasSeparator: true,
          index: 431
        },
        {
          token: '3',
          candParsed: 'Rp 3',
          candDigits: 3,
          hasSeparator: false,
          index: 660
        },
        {
          token: '21',
          candParsed: 'Rp 21',
          candDigits: 21,
          hasSeparator: false,
          index: 745
        }
      ],
      discardedPercents: [],
      selected: 'Rp 7.000.000',
      reason: 'line_level_best'
    }

      at console.fn [as log] (tests/jest.setup.js:37:12)
          at Array.reduce (<anonymous>)

  console.log
    [TRACE_VALIDATE_REGISTRATION_PROXIMITY_FAIL] {
      filename: 'rincian Biaya SI,TI dan BD Tahun Ajaran 2026-2027.pdf',
      registrationFee: 'Rp 7.000.000'
    }

      at console.fn [as log] (tests/jest.setup.js:37:12)

  console.log
    TRACE_WAVE_SECTION_FOUND {
      filename: 'rincian Biaya SI,TI dan BD Tahun Ajaran 2026-2027.pdf',
      wavePattern: '(?:1A|1|I)',
      sectionLinesCount: 1
    }

      at console.fn [as log] (tests/jest.setup.js:37:12)

  console.log
    TRACE_WAVE_SECTION_LINES {
      filename: 'rincian Biaya SI,TI dan BD Tahun Ajaran 2026-2027.pdf',
      lines: [
        'a. Dana Pendidikan Pokok  DPP - Jumlah pengakuan SKS antara 85 s d 100 SKS dikenakan biaya DPP sebesar Rp. 4.500.000 - Jumlah pengakuan SKS antara 44 s d 84 SKS dikenakan biaya DPP sebesar Rp. 5.000.000 - Jumlah pengakuan SKS antara 20 s d 43 SKS dikenakan biaya DPP sebesar Rp. 7.000.000 - Dibawah 20 SKS, biaya DPP sama dengan dari SMA   akan masuk ke jalur regular. - Ketentuan pendaftaran dan registrasi per gelombang berlaku. 13. Biaya yang sudah dibayar, tidak dapat dikembalikan dengan alasan apapun, kecuali diterima di PTN dibawah naungan Kementerian Pendidikan dan Kebudayaan jalur SNMPTN dan jalur SBMPTN  tidak termasuk jalur Mandiri, Politeknik, D3 dan Eksekutif . Pengurusan pengambilan biaya yang sudah di bayar dilayani maksimal 21'
      ]
    }

      at console.fn [as log] (tests/jest.setup.js:37:12)

  console.log
    TRACE_WAVE_MONEY_SELECTED {
      keyword: '(?<!\\b(?:potongan|diskon)\\s+)(?:dana\\s+pendidikan\\s+pokok|dpp)[^\\n]{0,120}?([0-9][0-9\\s\\.,]{1,40})',
      candidates: [
        {
          token: '85',
          candParsed: 'Rp 85',
          candDigits: 85,
          hasSeparator: false,
          index: 60
        },
        {
          token: '100',
          candParsed: 'Rp 100',
          candDigits: 100,
          hasSeparator: false,
          index: 67
        },
        {
          token: '4.500.000',
          candParsed: 'Rp 4.500.000',
          candDigits: 4500000,
          hasSeparator: true,
          index: 107
        },
        {
          token: '44',
          candParsed: 'Rp 44',
          candDigits: 44,
          hasSeparator: false,
          index: 147
        },
        {
          token: '84',
          candParsed: 'Rp 84',
          candDigits: 84,
          hasSeparator: false,
          index: 154
        },
        {
          token: '5.000.000',
          candParsed: 'Rp 5.000.000',
          candDigits: 5000000,
          hasSeparator: true,
          index: 193
        },
        {
          token: '20',
          candParsed: 'Rp 20',
          candDigits: 20,
          hasSeparator: false,
          index: 233
        },
        {
          token: '43',
          candParsed: 'Rp 43',
          candDigits: 43,
          hasSeparator: false,
          index: 240
        },
        {
          token: '7.000.000',
          candParsed: 'Rp 7.000.000',
          candDigits: 7000000,
          hasSeparator: true,
          index: 279
        },
        {
          token: '20',
          candParsed: 'Rp 20',
          candDigits: 20,
          hasSeparator: false,
          index: 299
        },
        {
          token: '13.',
          candParsed: 'Rp 13',
          candDigits: 13,
          hasSeparator: true,
          index: 431
        },
        {
          token: '3',
          candParsed: 'Rp 3',
          candDigits: 3,
          hasSeparator: false,
          index: 660
        },
        {
          token: '21',
          candParsed: 'Rp 21',
          candDigits: 21,
          hasSeparator: false,
          index: 745
        }
      ],
      discardedPercents: [],
      selected: 'Rp 7.000.000',
      reason: 'line_level_best'
    }

      at console.fn [as log] (tests/jest.setup.js:37:12)

  console.log
    TRACE_WAVE_MONEY_CANDIDATES {
      filename: 'rincian Biaya SI,TI dan BD Tahun Ajaran 2026-2027.pdf',
      candidateDpp: 'Rp 7.000.000'
    }

      at console.fn [as log] (tests/jest.setup.js:37:12)

  console.log
    [TRACE_PROVENANCE_REJECT] {
      field: 'registrationDiscount',
      value: 'Rp 4.500.000',
      chunkId: '0e2f1b54-9317-49c3-a4b8-9adc9e3f596e',
      reason: 'disallowed_context'
    }

      at console.fn [as log] (tests/jest.setup.js:37:12)

  console.log
    [TRACE_PARSE_CHUNK_2_MONEY] {
      filename: 'rincian Biaya SI,TI dan BD Tahun Ajaran 2026-2027.pdf',
      registrationFee: null,
      dpp: 'Rp 7.000.000',
      dppDiscount: null,
      registrationDiscount: null,
      ukt: null,
      scholarship: null
    }

      at console.fn [as log] (tests/jest.setup.js:37:12)

  console.log
    [TRACE_PARSE_CHUNK_4_COST_PRESENCE] {
      filename: 'rincian Biaya SI,TI dan BD Tahun Ajaran 2026-2027.pdf',
      registrationFee: false,
      dpp: true,
      dppDiscount: false,
      registrationDiscount: false,
      ukt: false,
      scholarship: false,
      hasAnyCost: 'Rp 7.000.000'
    }

      at console.fn [as log] (tests/jest.setup.js:37:12)

  console.log
    RAW_CHUNK_TEXT {
      filename: 'rincian Biaya SI,TI dan BD Tahun Ajaran 2026-2027.pdf',
      chunk: 'a. Dana Pendidikan Pokok (DPP)\n' +
        '- Jumlah pengakuan SKS antara 85 s/d 100 SKS dikenakan biaya DPP\n' +
        'sebesar Rp. 4.500.000\n' +
        '- Jumlah pengakuan SKS antara 44 s/d 84 SKS dikenakan biaya DPP\n' +
        'sebesar Rp. 5.000.000\n' +
        '- Jumlah pengakuan SKS antara 20 s/d 43 SKS dikenakan biaya DPP\n' +
        'sebesar Rp. 7.000.000\n' +
        '- Dibawah 20 SKS, biaya DPP sama dengan dari SMA / akan masuk ke\n' +
        'jalur regular.\n' +
        '- Ketentuan pendaftaran dan registrasi per gelombang berlaku.\n' +
        '13. Biaya yang sudah dibayar, tidak dapat dikembalikan dengan alasan apapun, kecuali\n' +
        'diterima di PTN dibawah naungan Kementerian Pendidikan dan Kebudayaan jalur\n' +
        'SNMPTN dan jalur SBMPTN (tidak termasuk jalur Mandiri, Politeknik, D3 dan\n' +
        'Eksekutif). Pengurusan pengambilan biaya yang sudah di bayar dilayani maksimal 21'
    }

      at console.fn [as log] (tests/jest.setup.js:37:12)

  console.log
    PARSED_FIELDS {
      registrationFeeRaw: '7.000.000',
      registrationFee: null,
      registrationFeeDigits: null,
      dppRaw: '4.500.000',
      dpp: 'Rp 7.000.000',
      dppDigits: '7000000',
      registrationDiscountRaw: null,
      registrationDiscount: null,
      registrationDiscountDigits: null,
      dppDiscountRaw: null,
      dppDiscount: null,
      dppDiscountDigits: null,
      uktRaw: null,
      ukt: null,
      scholarshipRaw: null,
      scholarship: null
    }

      at console.fn [as log] (tests/jest.setup.js:37:12)

  console.log
    [VALIDATE_PARSED_FEE_STRUCT_INPUT] {
      chunkObjKeys: [
        'id',              'trainingId',
        'chunk',           'chunkHash',
        'sectionTitle',    'chunkType',
        'lowConfidence',   'ocrQualityScore',
        'embedding',       'source',
        'createdAt',       'updatedAt',
        'divisionKey',     'filename',
        'sourceFile',      'fileHash',
        'trainingVersion', 'uploadedById',
        'program',         'programName',
        'programAliases',  'wave',
        'academicYear',    'partner',
        'campus',          'jalur',
        'feeType',         'category',
        'pageNumber',      'docCategory'
      ],
      chunkObjOcrQualityScore: 0.004081632653061225,
      chunkObjFilename: 'rincian Biaya SI,TI dan BD Tahun Ajaran 2026-2027.pdf',
      chunkObjSource: 'upload'
    }

      at console.fn [as log] (tests/jest.setup.js:37:12)

  console.log
    [VALIDATE_PARSED_FEE_STRUCT_PASS_THROUGH] {
      field: 'dpp',
      sourceChunkForValidation: {
        chunk: 'a. Dana Pendidikan Pokok (DPP)\n' +
          '- Jumlah pengakuan SKS antara 85 s/d 100 SKS dikenakan biaya DPP\n' +
          'sebesar Rp. 4.500.000\n' +
          '- Jumlah pengakuan SKS antara 44 s/d 84 SKS dikenakan biaya DPP\n' +
          'sebesar Rp. 5.000.000\n' +
          '- Jumlah pengakuan SKS antara 20 s/d 43 SKS dikenakan biaya DPP\n' +
          'sebesar Rp. 7.000.000\n' +
          '- Dibawah 20 SKS, biaya DPP sama dengan dari SMA / akan masuk ke\n' +
          'jalur regular.\n' +
          '- Ketentuan pendaftaran dan registrasi per gelombang berlaku.\n' +
          '13. Biaya yang sudah dibayar, tidak dapat dikembalikan dengan alasan apapun, kecuali\n' +
          'diterima di PTN dibawah naungan Kementerian Pendidikan dan Kebudayaan jalur\n' +
          'SNMPTN dan jalur SBMPTN (tidak termasuk jalur Mandiri, Politeknik, D3 dan\n' +
          'Eksekutif). Pengurusan pengambilan biaya yang sudah di bayar dilayani maksimal 21',
        filename: 'rincian Biaya SI,TI dan BD Tahun Ajaran 2026-2027.pdf',
        sourceFile: 'rincian Biaya SI,TI dan BD Tahun Ajaran 2026-2027.pdf',
        ocrQualityScore: 0.004081632653061225,
        source: 'upload',
        lowConfidence: false
      }
    }

      at console.fn [as log] (tests/jest.setup.js:37:12)

  console.log
    [NUMERIC_AUDIT] validateNumericGrounding:start { normalizedValue: '7000000', sourceChunksLength: 1, context: '' }

      at console.fn [as log] (tests/jest.setup.js:37:12)

  console.log
    [NUMERIC_AUDIT] chunk {
      textPreview: 'a. Dana Pendidikan Pokok (DPP)\n' +
        '- Jumlah pengakuan SKS antara 85 s/d 100 SKS dike',
      repairedPreview: 'a. Dana Pendidikan Pokok  DPP - Jumlah pengakuan SKS antara 85 s d 100 SKS diken',
      digitsOnly: '85100450000044845000000204370000002013321',
      digitsOnlyRepaired: '85100450000044845000000204370000002013321',
      fname: 'rincian Biaya SI,TI dan BD Tahun Ajaran 2026-2027.pdf',
      sourceFile: 'rincian Biaya SI,TI dan BD Tahun Ajaran 2026-2027.pdf',
      isOfficialDoc: true,
      ocrQuality: 0.004081632653061225
    }

      at console.fn [as log] (tests/jest.setup.js:37:12)

  console.log
    [NUMERIC_AUDIT] parseAttempts {
      tokens: [
        'Rp. 4.500.000 ', 'Rp. 5.000.000 ',
        'Rp. 7.000.000 ', '85 ',
        '100 ',           '4.500.000 ',
        '44 ',            '84 ',
        '5.000.000 ',     '20 ',
        '43 ',            '7.000.000 ',
        '20 ',            '13. ',
        '3 ',             '21'
      ],
      parsedAttempts: [
        4500000, 5000000, 7000000,
             85,     100, 4500000,
             44,      84, 5000000,
             20,      43, 7000000,
             20,      13,       3,
             21
      ]
    }

      at console.fn [as log] (tests/jest.setup.js:37:12)

  console.log
    [NUMERIC_AUDIT] matchedFoundIn-parse {
      fname: 'rincian Biaya SI,TI dan BD Tahun Ajaran 2026-2027.pdf',
      token: 'Rp. 7.000.000 ',
      numericNormalized: 7000000
    }

      at console.fn [as log] (tests/jest.setup.js:37:12)

  console.log
    [NUMERIC_AUDIT] finalDecision {
      foundInCount: 1,
      officialSourcesCount: 1,
      firstFoundInOcrQuality: 0.004081632653061225,
      firstFoundInIsOfficial: true
    }

      at console.fn [as log] (tests/jest.setup.js:37:12)

  console.log
    [NUMERIC_AUDIT] returnReason found_in_official

      at console.fn [as log] (tests/jest.setup.js:37:12)

  console.log
    [TRACE_PARSE_CHUNK_3_VALIDATION] {
      filename: 'rincian Biaya SI,TI dan BD Tahun Ajaran 2026-2027.pdf',
      chunkId: '0e2f1b54-9317-49c3-a4b8-9adc9e3f596e',
      isValid: true,
      feeStruct: {
        program: null,
        wave: '1A',
        waveGroup: '1',
        academicYear: null,
        registrationFee: null,
        dpp: 'Rp 7.000.000',
        dppDiscount: null,
        registrationDiscount: null,
        ukt: null,
        scholarship: null,
        isGlobalDiscount: false
      }
    }

      at console.fn [as log] (tests/jest.setup.js:37:12)

  console.log
    [TRACE_PARSE_FEE_RESULT] {
      filename: 'rincian Biaya SI,TI dan BD Tahun Ajaran 2026-2027.pdf',
      chunkId: '0e2f1b54-9317-49c3-a4b8-9adc9e3f596e',
      feeStruct: {
        program: null,
        wave: '1A',
        waveGroup: '1',
        academicYear: null,
        registrationFee: null,
        dpp: 'Rp 7.000.000',
        registrationDiscount: null,
        dppDiscount: null,
        ukt: null,
        scholarship: null,
        isGlobalDiscount: false
      }
    }

      at console.fn [as log] (tests/jest.setup.js:37:12)

  console.log
    [TRACE_PARSE_FEE_RESULT] {
      filename: 'rincian Biaya SI,TI dan BD Tahun Ajaran 2026-2027.pdf',
      chunkId: '0e2f1b54-9317-49c3-a4b8-9adc9e3f596e',
      parsed: {
        program: null,
        wave: '1A',
        waveGroup: '1',
        academicYear: null,
        registrationFee: null,
        dpp: 'Rp 7.000.000',
        registrationDiscount: null,
        dppDiscount: null,
        ukt: null,
        scholarship: null
      }
    }

      at console.fn [as log] (tests/jest.setup.js:37:12)

  console.log
    [TRACE_PARSE_FEE_INPUT] {
      filename: 'rincian Biaya SI,TI dan BD Tahun Ajaran 2026-2027.pdf',
      chunkId: 'de0c842b-0051-4c45-b7c3-883d16aea288',
      queryEntities: {
        intent: 'COST',
        program: 'SI',
        programLabel: 'SISTEM_INFORMASI',
        programMode: null,
        wave: '1A',
        waveGroup: '1',
        academicYear: null,
        partner: null,
        campus: null,
        jalur: null,
        feeType: null,
        category: 'BIAYA',
        pageNumber: null,
        academicIntent: 'BIAYA'
      },
      chunkPreview: 'b. Dana Pendidikan Pokok (DPP):\n' +
        '- Bagi Mahasiswa Renim/aktif kembali tidak dikenakan biaya DPP, Jas\n' +
        'Almamater dan GMTI.\n' +
        '-\n' +
        'D3,\n' +
        'dari\n' +
        'ITB\n' +
        'STIKOM\n' +
        'Bali\n' +
        'dikenakan\n' +
        'Rp.\n' +
        '3.000.000,\n' +
        'sedangkan\n' +
        'dari\n' +
        'PT lain Rp. 4',
      academicYear: null
    }

      at console.fn [as log] (tests/jest.setup.js:37:12)

  console.log
    [TRACE_PARSE_CHUNK_1_INPUT] {
      filename: 'rincian Biaya SI,TI dan BD Tahun Ajaran 2026-2027.pdf',
      chunkId: 'de0c842b-0051-4c45-b7c3-883d16aea288',
      isGlobalDiscount: false,
      queryProgram: 'SI',
      entProgram: null,
      queryWave: '1A',
      entWave: null,
      queryWaveGroup: '1',
      entWaveGroup: null,
      queryAcademicYear: null,
      entAcademicYear: null,
      chunkPreview: 'b. Dana Pendidikan Pokok (DPP):\n' +
        '- Bagi Mahasiswa Renim/aktif kembali tidak dikenakan biaya DPP, Jas\n'
    }

      at console.fn [as log] (tests/jest.setup.js:37:12)

  console.log
    [TRACE_PARSE_CHUNK_BYPASS_1] {
      filename: 'rincian Biaya SI,TI dan BD Tahun Ajaran 2026-2027.pdf',
      reason: 'program_mismatch_bypassed_due_to_fee_header',
      queryProgram: 'SI',
      entProgram: null
    }

      at console.fn [as log] (tests/jest.setup.js:37:12)

  console.log
    TRACE_WAVE_SECTION_FOUND {
      filename: 'rincian Biaya SI,TI dan BD Tahun Ajaran 2026-2027.pdf',
      wavePattern: '(?:1A|1|I)',
      sectionLinesCount: 1
    }

      at console.fn [as log] (tests/jest.setup.js:37:12)

  console.log
    TRACE_WAVE_SECTION_LINES {
      filename: 'rincian Biaya SI,TI dan BD Tahun Ajaran 2026-2027.pdf',
      lines: [
        'b. Dana Pendidikan Pokok  DPP - Bagi Mahasiswa Renim aktif kembali tidak dikenakan biaya DPP, Jas Almamater dan GMTI. - D3, dari ITB STIKOM Bali dikenakan Rp. 3.000.000, sedangkan dari PT lain Rp. 4.500.000 - D2, dari Group ITB STIKOM BALI BISMA, LPBA, LPBAI, POLTEK GANESHA, POLNAS DENPASAR  Rp. 4.000.000 sedangkan dari PT lain Rp. 5.000.000 - DI, dari ITB STIKOM Bali Group BISMA, LPBA, LPBAI, POLTEK GANESHA, POLNAS  Rp. 5.000.000 sedangkan dari PT lain Rp. 7.000.000 Catatan penentuan D1, D2 dan D3 tergantung dari jumlah SKS yang diakui di ITB'
      ]
    }

      at console.fn [as log] (tests/jest.setup.js:37:12)

  console.log
    TRACE_WAVE_MONEY_SELECTED {
      keyword: '(?<!\\b(?:potongan|diskon)\\s+)(?:dana\\s+pendidikan\\s+pokok|dpp)[^\\n]{0,120}?([0-9][0-9\\s\\.,]{1,40})',
      candidates: [
        {
          token: '3,',
          candParsed: 'Rp 3',
          candDigits: 3,
          hasSeparator: true,
          index: 121
        },
        {
          token: '3.000.000,',
          candParsed: 'Rp 3.000.000',
          candDigits: 3000000,
          hasSeparator: true,
          index: 159
        },
        {
          token: '4.500.000',
          candParsed: 'Rp 4.500.000',
          candDigits: 4500000,
          hasSeparator: true,
          index: 197
        },
        {
          token: '2,',
          candParsed: 'Rp 2',
          candDigits: 2,
          hasSeparator: true,
          index: 210
        },
        {
          token: '4.000.000',
          candParsed: 'Rp 4.000.000',
          candDigits: 4000000,
          hasSeparator: true,
          index: 297
        },
        {
          token: '5.000.000',
          candParsed: 'Rp 5.000.000',
          candDigits: 5000000,
          hasSeparator: true,
          index: 334
        },
        {
          token: '5.000.000',
          candParsed: 'Rp 5.000.000',
          candDigits: 5000000,
          hasSeparator: true,
          index: 425
        },
        {
          token: '7.000.000',
          candParsed: 'Rp 7.000.000',
          candDigits: 7000000,
          hasSeparator: true,
          index: 462
        },
        {
          token: '1,',
          candParsed: 'Rp 1',
          candDigits: 1,
          hasSeparator: true,
          index: 491
        },
        {
          token: '2',
          candParsed: 'Rp 2',
          candDigits: 2,
          hasSeparator: false,
          index: 495
        },
        {
          token: '3',
          candParsed: 'Rp 3',
          candDigits: 3,
          hasSeparator: false,
          index: 502
        }
      ],
      discardedPercents: [],
      selected: 'Rp 7.000.000',
      reason: 'line_level_best'
    }

      at console.fn [as log] (tests/jest.setup.js:37:12)

  console.log
    TRACE_WAVE_MONEY_CANDIDATES {
      filename: 'rincian Biaya SI,TI dan BD Tahun Ajaran 2026-2027.pdf',
      candidateDpp: 'Rp 7.000.000'
    }

      at console.fn [as log] (tests/jest.setup.js:37:12)

  console.log
    [TRACE_PARSE_CHUNK_2_MONEY] {
      filename: 'rincian Biaya SI,TI dan BD Tahun Ajaran 2026-2027.pdf',
      registrationFee: null,
      dpp: 'Rp 7.000.000',
      dppDiscount: null,
      registrationDiscount: null,
      ukt: null,
      scholarship: null
    }

      at console.fn [as log] (tests/jest.setup.js:37:12)

  console.log
    [TRACE_PARSE_CHUNK_4_COST_PRESENCE] {
      filename: 'rincian Biaya SI,TI dan BD Tahun Ajaran 2026-2027.pdf',
      registrationFee: false,
      dpp: true,
      dppDiscount: false,
      registrationDiscount: false,
      ukt: false,
      scholarship: false,
      hasAnyCost: 'Rp 7.000.000'
    }

      at console.fn [as log] (tests/jest.setup.js:37:12)

  console.log
    RAW_CHUNK_TEXT {
      filename: 'rincian Biaya SI,TI dan BD Tahun Ajaran 2026-2027.pdf',
      chunk: 'b. Dana Pendidikan Pokok (DPP):\n' +
        '- Bagi Mahasiswa Renim/aktif kembali tidak dikenakan biaya DPP, Jas\n' +
        'Almamater dan GMTI.\n' +
        '-\n' +
        'D3,\n' +
        'dari\n' +
        'ITB\n' +
        'STIKOM\n' +
        'Bali\n' +
        'dikenakan\n' +
        'Rp.\n' +
        '3.000.000,\n' +
        'sedangkan\n' +
        'dari\n' +
        'PT lain Rp. 4.500.000\n' +
        '-\n' +
        'D2,\n' +
        'dari\n' +
        'Group\n' +
        'ITB\n' +
        'STIKOM\n' +
        'BALI\n' +
        '(BISMA,\n' +
        'LPBA,\n' +
        'LPBAI,\n' +
        'POLTEK GANESHA, POLNAS DENPASAR) Rp. 4.000.000\n' +
        'sedangkan dari PT lain Rp. 5.000.000\n' +
        '-\n' +
        'DI,\n' +
        'dari\n' +
        'ITB\n' +
        'STIKOM\n' +
        'Bali\n' +
        'Group\n' +
        '(BISMA,\n' +
        'LPBA,\n' +
        'LPBAI,\n' +
        'POLTEK\n' +
        'GANESHA, POLNAS) Rp. 5.000.000 sedangkan dari PT lain Rp.\n' +
        '7.000.000\n' +
        'Catatan\n' +
        'penentuan\n' +
        'D1,\n' +
        'D2\n' +
        'dan\n' +
        'D3\n' +
        'tergantung\n' +
        'dari\n' +
        'jumlah\n' +
        'SKS\n' +
        'yang\n' +
        'diakui\n' +
        'di\n' +
        'ITB'
    }

      at console.fn [as log] (tests/jest.setup.js:37:12)

  console.log
    PARSED_FIELDS {
      registrationFeeRaw: null,
      registrationFee: null,
      registrationFeeDigits: null,
      dppRaw: '3.000.000,',
      dpp: 'Rp 7.000.000',
      dppDigits: '7000000',
      registrationDiscountRaw: null,
      registrationDiscount: null,
      registrationDiscountDigits: null,
      dppDiscountRaw: null,
      dppDiscount: null,
      dppDiscountDigits: null,
      uktRaw: null,
      ukt: null,
      scholarshipRaw: null,
      scholarship: null
    }

      at console.fn [as log] (tests/jest.setup.js:37:12)

  console.log
    [VALIDATE_PARSED_FEE_STRUCT_INPUT] {
      chunkObjKeys: [
        'id',              'trainingId',
        'chunk',           'chunkHash',
        'sectionTitle',    'chunkType',
        'lowConfidence',   'ocrQualityScore',
        'embedding',       'source',
        'createdAt',       'updatedAt',
        'divisionKey',     'filename',
        'sourceFile',      'fileHash',
        'trainingVersion', 'uploadedById',
        'program',         'programName',
        'programAliases',  'wave',
        'academicYear',    'partner',
        'campus',          'jalur',
        'feeType',         'category',
        'pageNumber',      'docCategory'
      ],
      chunkObjOcrQualityScore: 0.004081632653061225,
      chunkObjFilename: 'rincian Biaya SI,TI dan BD Tahun Ajaran 2026-2027.pdf',
      chunkObjSource: 'upload'
    }

      at console.fn [as log] (tests/jest.setup.js:37:12)

  console.log
    [VALIDATE_PARSED_FEE_STRUCT_PASS_THROUGH] {
      field: 'dpp',
      sourceChunkForValidation: {
        chunk: 'b. Dana Pendidikan Pokok (DPP):\n' +
          '- Bagi Mahasiswa Renim/aktif kembali tidak dikenakan biaya DPP, Jas\n' +
          'Almamater dan GMTI.\n' +
          '-\n' +
          'D3,\n' +
          'dari\n' +
          'ITB\n' +
          'STIKOM\n' +
          'Bali\n' +
          'dikenakan\n' +
          'Rp.\n' +
          '3.000.000,\n' +
          'sedangkan\n' +
          'dari\n' +
          'PT lain Rp. 4.500.000\n' +
          '-\n' +
          'D2,\n' +
          'dari\n' +
          'Group\n' +
          'ITB\n' +
          'STIKOM\n' +
          'BALI\n' +
          '(BISMA,\n' +
          'LPBA,\n' +
          'LPBAI,\n' +
          'POLTEK GANESHA, POLNAS DENPASAR) Rp. 4.000.000\n' +
          'sedangkan dari PT lain Rp. 5.000.000\n' +
          '-\n' +
          'DI,\n' +
          'dari\n' +
          'ITB\n' +
          'STIKOM\n' +
          'Bali\n' +
          'Group\n' +
          '(BISMA,\n' +
          'LPBA,\n' +
          'LPBAI,\n' +
          'POLTEK\n' +
          'GANESHA, POLNAS) Rp. 5.000.000 sedangkan dari PT lain Rp.\n' +
          '7.000.000\n' +
          'Catatan\n' +
          'penentuan\n' +
          'D1,\n' +
          'D2\n' +
          'dan\n' +
          'D3\n' +
          'tergantung\n' +
          'dari\n' +
          'jumlah\n' +
          'SKS\n' +
          'yang\n' +
          'diakui\n' +
          'di\n' +
          'ITB',
        filename: 'rincian Biaya SI,TI dan BD Tahun Ajaran 2026-2027.pdf',
        sourceFile: 'rincian Biaya SI,TI dan BD Tahun Ajaran 2026-2027.pdf',
        ocrQualityScore: 0.004081632653061225,
        source: 'upload',
        lowConfidence: false
      }
    }

      at console.fn [as log] (tests/jest.setup.js:37:12)

  console.log
    [NUMERIC_AUDIT] validateNumericGrounding:start { normalizedValue: '7000000', sourceChunksLength: 1, context: '' }

      at console.fn [as log] (tests/jest.setup.js:37:12)

  console.log
    [NUMERIC_AUDIT] chunk {
      textPreview: 'b. Dana Pendidikan Pokok (DPP):\n' +
        '- Bagi Mahasiswa Renim/aktif kembali tidak diken',
      repairedPreview: 'b. Dana Pendidikan Pokok  DPP - Bagi Mahasiswa Renim aktif kembali tidak dikenak',
      digitsOnly: '33000000450000024000000500000050000007000000123',
      digitsOnlyRepaired: '33000000450000024000000500000050000007000000123',
      fname: 'rincian Biaya SI,TI dan BD Tahun Ajaran 2026-2027.pdf',
      sourceFile: 'rincian Biaya SI,TI dan BD Tahun Ajaran 2026-2027.pdf',
      isOfficialDoc: true,
      ocrQuality: 0.004081632653061225
    }

      at console.fn [as log] (tests/jest.setup.js:37:12)

  console.log
    [NUMERIC_AUDIT] parseAttempts {
      tokens: [
        'Rp. 3.000.000, ', 'Rp. 4.500.000 ',
        'Rp. 4.000.000 ',  'Rp. 5.000.000 ',
        'Rp. 5.000.000 ',  'Rp. 7.000.000 ',
        '3, ',             '3.000.000, ',
        '4.500.000 ',      '2, ',
        '4.000.000 ',      '5.000.000 ',
        '5.000.000 ',      '7.000.000 ',
        '1, ',             '2 ',
        '3 '
      ],
      parsedAttempts: [
        3000000, 4500000, 4000000,
        5000000, 5000000, 7000000,
              3, 3000000, 4500000,
              2, 4000000, 5000000,
        5000000, 7000000,       1,
              2,       3
      ]
    }

      at console.fn [as log] (tests/jest.setup.js:37:12)

  console.log
    [NUMERIC_AUDIT] matchedFoundIn-parse {
      fname: 'rincian Biaya SI,TI dan BD Tahun Ajaran 2026-2027.pdf',
      token: 'Rp. 7.000.000 ',
      numericNormalized: 7000000
    }

      at console.fn [as log] (tests/jest.setup.js:37:12)

  console.log
    [NUMERIC_AUDIT] finalDecision {
      foundInCount: 1,
      officialSourcesCount: 1,
      firstFoundInOcrQuality: 0.004081632653061225,
      firstFoundInIsOfficial: true
    }

      at console.fn [as log] (tests/jest.setup.js:37:12)

  console.log
    [NUMERIC_AUDIT] returnReason found_in_official

      at console.fn [as log] (tests/jest.setup.js:37:12)

  console.log
    [TRACE_PARSE_CHUNK_3_VALIDATION] {
      filename: 'rincian Biaya SI,TI dan BD Tahun Ajaran 2026-2027.pdf',
      chunkId: 'de0c842b-0051-4c45-b7c3-883d16aea288',
      isValid: true,
      feeStruct: {
        program: null,
        wave: '1A',
        waveGroup: '1',
        academicYear: null,
        registrationFee: null,
        dpp: 'Rp 7.000.000',
        dppDiscount: null,
        registrationDiscount: null,
        ukt: null,
        scholarship: null,
        isGlobalDiscount: false
      }
    }

      at console.fn [as log] (tests/jest.setup.js:37:12)

  console.log
    [TRACE_PARSE_FEE_RESULT] {
      filename: 'rincian Biaya SI,TI dan BD Tahun Ajaran 2026-2027.pdf',
      chunkId: 'de0c842b-0051-4c45-b7c3-883d16aea288',
      feeStruct: {
        program: null,
        wave: '1A',
        waveGroup: '1',
        academicYear: null,
        registrationFee: null,
        dpp: 'Rp 7.000.000',
        registrationDiscount: null,
        dppDiscount: null,
        ukt: null,
        scholarship: null,
        isGlobalDiscount: false
      }
    }

      at console.fn [as log] (tests/jest.setup.js:37:12)

  console.log
    [TRACE_PARSE_FEE_RESULT] {
      filename: 'rincian Biaya SI,TI dan BD Tahun Ajaran 2026-2027.pdf',
      chunkId: 'de0c842b-0051-4c45-b7c3-883d16aea288',
      parsed: {
        program: null,
        wave: '1A',
        waveGroup: '1',
        academicYear: null,
        registrationFee: null,
        dpp: 'Rp 7.000.000',
        registrationDiscount: null,
        dppDiscount: null,
        ukt: null,
        scholarship: null
      }
    }

      at console.fn [as log] (tests/jest.setup.js:37:12)

  console.log
    [TRACE_PARSE_FEE_INPUT] {
      filename: 'rincian Biaya SI,TI dan BD Tahun Ajaran 2026-2027.pdf',
      chunkId: 'caabea12-6ff4-4938-84be-ecbaf28d7288',
      queryEntities: {
        intent: 'COST',
        program: 'SI',
        programLabel: 'SISTEM_INFORMASI',
        programMode: null,
        wave: '1A',
        waveGroup: '1',
        academicYear: null,
        partner: null,
        campus: null,
        jalur: null,
        feeType: null,
        category: 'BIAYA',
        pageNumber: null,
        academicIntent: 'BIAYA'
      },
      chunkPreview: 'No. Jenis Biaya Rp ΓÇÿWaktu Pembayaran\n' +
        '1. Pendaftaran 500.000 Pada Saat Daftar\n' +
        '2. Dana Pendidikan Pokok 14.000.000 Dicicil Per Bln s.d UTS-1\n' +
        '3. Jas Alamater, Topi 750.000 Saat Registrasi I\n' +
        '4. Kaos, Tas,',
      academicYear: null
    }

      at console.fn [as log] (tests/jest.setup.js:37:12)

  console.log
    [TRACE_PARSE_CHUNK_1_INPUT] {
      filename: 'rincian Biaya SI,TI dan BD Tahun Ajaran 2026-2027.pdf',
      chunkId: 'caabea12-6ff4-4938-84be-ecbaf28d7288',
      isGlobalDiscount: false,
      queryProgram: 'SI',
      entProgram: null,
      queryWave: '1A',
      entWave: null,
      queryWaveGroup: '1',
      entWaveGroup: null,
      queryAcademicYear: null,
      entAcademicYear: null,
      chunkPreview: 'No. Jenis Biaya Rp ΓÇÿWaktu Pembayaran\n' +
        '1. Pendaftaran 500.000 Pada Saat Daftar\n' +
        '2. Dana Pendidikan Poko'
    }

      at console.fn [as log] (tests/jest.setup.js:37:12)

  console.log
    [TRACE_PARSE_CHUNK_BYPASS_1] {
      filename: 'rincian Biaya SI,TI dan BD Tahun Ajaran 2026-2027.pdf',
      reason: 'program_mismatch_bypassed_due_to_fee_header',
      queryProgram: 'SI',
      entProgram: null
    }

      at console.fn [as log] (tests/jest.setup.js:37:12)

  console.log
    TRACE_FIND_MONEY {
      keyword: '(?<!\\b(?:potongan|diskon)\\s+)(?:biaya\\s+pendaftaran|pendaftaran|registrasi)[^\\n]{0,120}?([0-9][0-9\\s\\.,]{1,40})',
      candidates: [
        {
          token: '1.',
          candParsed: 'Rp 1',
          candDigits: 1,
          hasSeparator: true,
          index: 37
        },
        {
          token: '500.000',
          candParsed: 'Rp 500.000',
          candDigits: 500000,
          hasSeparator: true,
          index: 52
        },
        {
          token: '2.',
          candParsed: 'Rp 2',
          candDigits: 2,
          hasSeparator: true,
          index: 77
        },
        {
          token: '14.000.000',
          candParsed: 'Rp 14.000.000',
          candDigits: 14000000,
          hasSeparator: true,
          index: 102
        },
        {
          token: '1 3.',
          candParsed: 'Rp 13',
          candDigits: 13,
          hasSeparator: true,
          index: 137
        },
        {
          token: '750.000',
          candParsed: 'Rp 750.000',
          candDigits: 750000,
          hasSeparator: true,
          index: 161
        },
        {
          token: '4.',
          candParsed: 'Rp 4',
          candDigits: 4,
          hasSeparator: true,
          index: 187
        },
        {
          token: '750.000',
          candParsed: 'Rp 750.000',
          candDigits: 750000,
          hasSeparator: true,
          index: 206
        },
        {
          token: '1',
          candParsed: 'Rp 1',
          candDigits: 1,
          hasSeparator: false,
          index: 307
        },
        {
          token: '2',
          candParsed: 'Rp 2',
          candDigits: 2,
          hasSeparator: false,
          index: 317
        }
      ],
      discardedPercents: [],
      selected: 'Rp 14.000.000',
      reason: 'line_level_best'
    }

      at console.fn [as log] (tests/jest.setup.js:37:12)
          at Array.reduce (<anonymous>)

  console.log
    [TRACE_VALIDATE_REGISTRATION_PROXIMITY_FAIL] {
      filename: 'rincian Biaya SI,TI dan BD Tahun Ajaran 2026-2027.pdf',
      registrationFee: 'Rp 14.000.000'
    }

      at console.fn [as log] (tests/jest.setup.js:37:12)

  console.log
    TRACE_WAVE_SECTION_FOUND {
      filename: 'rincian Biaya SI,TI dan BD Tahun Ajaran 2026-2027.pdf',
      wavePattern: '(?:1A|1|I)',
      sectionLinesCount: 1
    }

      at console.fn [as log] (tests/jest.setup.js:37:12)

  console.log
    TRACE_WAVE_SECTION_LINES {
      filename: 'rincian Biaya SI,TI dan BD Tahun Ajaran 2026-2027.pdf',
      lines: [
        'No. Jenis Biaya Rp  Waktu Pembayaran 1. Pendaftaran 500.000 Pada Saat Daftar 2. Dana Pendidikan Pokok 14.000.000 Dicicil Per Bln s.d UTS-1 3. Jas Alamater, Topi 750.000 Saat Registrasi I 4. Kaos, Tas, GMTI 750.000 Saat Registrasi I 5. Biaya Pendidikan Per Semester 6.500.000 Menjelang Perwalian Kecuali Reg 1 Dicicil 2 Kali s d UTS'
      ]
    }

      at console.fn [as log] (tests/jest.setup.js:37:12)

  console.log
    TRACE_WAVE_MONEY_SELECTED {
      keyword: '(?<!\\b(?:potongan|diskon)\\s+)(?:dana\\s+pendidikan\\s+pokok|dpp)[^\\n]{0,120}?([0-9][0-9\\s\\.,]{1,40})',
      candidates: [
        {
          token: '1.',
          candParsed: 'Rp 1',
          candDigits: 1,
          hasSeparator: true,
          index: 37
        },
        {
          token: '500.000',
          candParsed: 'Rp 500.000',
          candDigits: 500000,
          hasSeparator: true,
          index: 52
        },
        {
          token: '2.',
          candParsed: 'Rp 2',
          candDigits: 2,
          hasSeparator: true,
          index: 77
        },
        {
          token: '14.000.000',
          candParsed: 'Rp 14.000.000',
          candDigits: 14000000,
          hasSeparator: true,
          index: 102
        },
        {
          token: '1 3.',
          candParsed: 'Rp 13',
          candDigits: 13,
          hasSeparator: true,
          index: 137
        },
        {
          token: '750.000',
          candParsed: 'Rp 750.000',
          candDigits: 750000,
          hasSeparator: true,
          index: 161
        },
        {
          token: '4.',
          candParsed: 'Rp 4',
          candDigits: 4,
          hasSeparator: true,
          index: 187
        },
        {
          token: '750.000',
          candParsed: 'Rp 750.000',
          candDigits: 750000,
          hasSeparator: true,
          index: 206
        },
        {
          token: '1',
          candParsed: 'Rp 1',
          candDigits: 1,
          hasSeparator: false,
          index: 307
        },
        {
          token: '2',
          candParsed: 'Rp 2',
          candDigits: 2,
          hasSeparator: false,
          index: 317
        }
      ],
      discardedPercents: [],
      selected: 'Rp 14.000.000',
      reason: 'line_level_best'
    }

      at console.fn [as log] (tests/jest.setup.js:37:12)

  console.log
    TRACE_WAVE_MONEY_CANDIDATES {
      filename: 'rincian Biaya SI,TI dan BD Tahun Ajaran 2026-2027.pdf',
      candidateDpp: 'Rp 14.000.000'
    }

      at console.fn [as log] (tests/jest.setup.js:37:12)

  console.log
    [TRACE_PARSE_CHUNK_2_MONEY] {
      filename: 'rincian Biaya SI,TI dan BD Tahun Ajaran 2026-2027.pdf',
      registrationFee: null,
      dpp: 'Rp 14.000.000',
      dppDiscount: null,
      registrationDiscount: null,
      ukt: null,
      scholarship: null
    }

      at console.fn [as log] (tests/jest.setup.js:37:12)

  console.log
    [TRACE_PARSE_CHUNK_4_COST_PRESENCE] {
      filename: 'rincian Biaya SI,TI dan BD Tahun Ajaran 2026-2027.pdf',
      registrationFee: false,
      dpp: true,
      dppDiscount: false,
      registrationDiscount: false,
      ukt: false,
      scholarship: false,
      hasAnyCost: 'Rp 14.000.000'
    }

      at console.fn [as log] (tests/jest.setup.js:37:12)

  console.log
    RAW_CHUNK_TEXT {
      filename: 'rincian Biaya SI,TI dan BD Tahun Ajaran 2026-2027.pdf',
      chunk: 'No. Jenis Biaya Rp ΓÇÿWaktu Pembayaran\n' +
        '1. Pendaftaran 500.000 Pada Saat Daftar\n' +
        '2. Dana Pendidikan Pokok 14.000.000 Dicicil Per Bln s.d UTS-1\n' +
        '3. Jas Alamater, Topi 750.000 Saat Registrasi I\n' +
        '4. Kaos, Tas, GMTI 750.000 Saat Registrasi I\n' +
        '5. Biaya Pendidikan Per Semester 6.500.000 Menjelang Perwalian Kecuali\n' +
        'Reg 1 Dicicil 2 Kali s/d UTS'
    }

      at console.fn [as log] (tests/jest.setup.js:37:12)

  console.log
    PARSED_FIELDS {
      registrationFeeRaw: '14.000.000',
      registrationFee: null,
      registrationFeeDigits: null,
      dppRaw: '14.000.000',
      dpp: 'Rp 14.000.000',
      dppDigits: '14000000',
      registrationDiscountRaw: null,
      registrationDiscount: null,
      registrationDiscountDigits: null,
      dppDiscountRaw: null,
      dppDiscount: null,
      dppDiscountDigits: null,
      uktRaw: null,
      ukt: null,
      scholarshipRaw: null,
      scholarship: null
    }

      at console.fn [as log] (tests/jest.setup.js:37:12)

  console.log
    [VALIDATE_PARSED_FEE_STRUCT_INPUT] {
      chunkObjKeys: [
        'id',              'trainingId',
        'chunk',           'chunkHash',
        'sectionTitle',    'chunkType',
        'lowConfidence',   'ocrQualityScore',
        'embedding',       'source',
        'createdAt',       'updatedAt',
        'divisionKey',     'filename',
        'sourceFile',      'fileHash',
        'trainingVersion', 'uploadedById',
        'program',         'programName',
        'programAliases',  'wave',
        'academicYear',    'partner',
        'campus',          'jalur',
        'feeType',         'category',
        'pageNumber',      'docCategory'
      ],
      chunkObjOcrQualityScore: 0.004081632653061225,
      chunkObjFilename: 'rincian Biaya SI,TI dan BD Tahun Ajaran 2026-2027.pdf',
      chunkObjSource: 'upload'
    }

      at console.fn [as log] (tests/jest.setup.js:37:12)

  console.log
    [VALIDATE_PARSED_FEE_STRUCT_PASS_THROUGH] {
      field: 'dpp',
      sourceChunkForValidation: {
        chunk: 'No. Jenis Biaya Rp ΓÇÿWaktu Pembayaran\n' +
          '1. Pendaftaran 500.000 Pada Saat Daftar\n' +
          '2. Dana Pendidikan Pokok 14.000.000 Dicicil Per Bln s.d UTS-1\n' +
          '3. Jas Alamater, Topi 750.000 Saat Registrasi I\n' +
          '4. Kaos, Tas, GMTI 750.000 Saat Registrasi I\n' +
          '5. Biaya Pendidikan Per Semester 6.500.000 Menjelang Perwalian Kecuali\n' +
          'Reg 1 Dicicil 2 Kali s/d UTS',
        filename: 'rincian Biaya SI,TI dan BD Tahun Ajaran 2026-2027.pdf',
        sourceFile: 'rincian Biaya SI,TI dan BD Tahun Ajaran 2026-2027.pdf',
        ocrQualityScore: 0.004081632653061225,
        source: 'upload',
        lowConfidence: false
      }
    }

      at console.fn [as log] (tests/jest.setup.js:37:12)

  console.log
    [NUMERIC_AUDIT] validateNumericGrounding:start { normalizedValue: '14000000', sourceChunksLength: 1, context: '' }

      at console.fn [as log] (tests/jest.setup.js:37:12)

  console.log
    [NUMERIC_AUDIT] chunk {
      textPreview: 'No. Jenis Biaya Rp ΓÇÿWaktu Pembayaran\n' +
        '1. Pendaftaran 500.000 Pada Saat Daftar\n' +
        '2. ',
      repairedPreview: 'No. Jenis Biaya Rp  Waktu Pembayaran 1. Pendaftaran 500.000 Pada Saat Daftar 2. ',
      digitsOnly: '15000002140000001375000047500005650000012',
      digitsOnlyRepaired: '15000002140000001375000047500005650000012',
      fname: 'rincian Biaya SI,TI dan BD Tahun Ajaran 2026-2027.pdf',
      sourceFile: 'rincian Biaya SI,TI dan BD Tahun Ajaran 2026-2027.pdf',
      isOfficialDoc: true,
      ocrQuality: 0.004081632653061225
    }

      at console.fn [as log] (tests/jest.setup.js:37:12)

  console.log
    [NUMERIC_AUDIT] parseAttempts {
      tokens: [
        'Rp  ',        '1. ',
        '500.000 ',    '2. ',
        '14.000.000 ', '1 3. ',
        '750.000 ',    '4. ',
        '750.000 ',    '5. ',
        '6.500.000 ',  '1 ',
        '2 '
      ],
      parsedAttempts: [
        null,   1,        500000,
        2,      14000000, 13,
        750000, 4,        750000,
        5,      6500000,  1,
        2
      ]
    }

      at console.fn [as log] (tests/jest.setup.js:37:12)

  console.log
    [NUMERIC_AUDIT] matchedFoundIn-parse {
      fname: 'rincian Biaya SI,TI dan BD Tahun Ajaran 2026-2027.pdf',
      token: '14.000.000 ',
      numericNormalized: 14000000
    }

      at console.fn [as log] (tests/jest.setup.js:37:12)

  console.log
    [NUMERIC_AUDIT] finalDecision {
      foundInCount: 1,
      officialSourcesCount: 1,
      firstFoundInOcrQuality: 0.004081632653061225,
      firstFoundInIsOfficial: true
    }

      at console.fn [as log] (tests/jest.setup.js:37:12)

  console.log
    [NUMERIC_AUDIT] returnReason found_in_official

      at console.fn [as log] (tests/jest.setup.js:37:12)

  console.log
    [TRACE_PARSE_CHUNK_3_VALIDATION] {
      filename: 'rincian Biaya SI,TI dan BD Tahun Ajaran 2026-2027.pdf',
      chunkId: 'caabea12-6ff4-4938-84be-ecbaf28d7288',
      isValid: true,
      feeStruct: {
        program: null,
        wave: '1A',
        waveGroup: '1',
        academicYear: null,
        registrationFee: null,
        dpp: 'Rp 14.000.000',
        dppDiscount: null,
        registrationDiscount: null,
        ukt: null,
        scholarship: null,
        isGlobalDiscount: false
      }
    }

      at console.fn [as log] (tests/jest.setup.js:37:12)

  console.log
    [TRACE_PARSE_FEE_RESULT] {
      filename: 'rincian Biaya SI,TI dan BD Tahun Ajaran 2026-2027.pdf',
      chunkId: 'caabea12-6ff4-4938-84be-ecbaf28d7288',
      feeStruct: {
        program: null,
        wave: '1A',
        waveGroup: '1',
        academicYear: null,
        registrationFee: null,
        dpp: 'Rp 14.000.000',
        registrationDiscount: null,
        dppDiscount: null,
        ukt: null,
        scholarship: null,
        isGlobalDiscount: false
      }
    }

      at console.fn [as log] (tests/jest.setup.js:37:12)

  console.log
    [TRACE_PARSE_FEE_RESULT] {
      filename: 'rincian Biaya SI,TI dan BD Tahun Ajaran 2026-2027.pdf',
      chunkId: 'caabea12-6ff4-4938-84be-ecbaf28d7288',
      parsed: {
        program: null,
        wave: '1A',
        waveGroup: '1',
        academicYear: null,
        registrationFee: null,
        dpp: 'Rp 14.000.000',
        registrationDiscount: null,
        dppDiscount: null,
        ukt: null,
        scholarship: null
      }
    }

      at console.fn [as log] (tests/jest.setup.js:37:12)

  console.log
    [TRACE_PARSE_FEE_INPUT] {
      filename: 'rincian Biaya SI,TI dan BD Tahun Ajaran 2026-2027.pdf',
      chunkId: '3c5b4175-a9d4-48c2-9b75-b05ebe46dbbf',
      queryEntities: {
        intent: 'COST',
        program: 'SI',
        programLabel: 'SISTEM_INFORMASI',
        programMode: null,
        wave: '1A',
        waveGroup: '1',
        academicYear: null,
        partner: null,
        campus: null,
        jalur: null,
        feeType: null,
        category: 'BIAYA',
        pageNumber: null,
        academicIntent: 'BIAYA'
      },
      chunkPreview: 'STIKOM Bali dengan ketentuan :\n' +
        '- D3 : antara 85 s/d 100 SKS\n' +
        '- D2 :antara 44 s/d 84 SKS\n' +
        '- D1 : antara 20 s/d 43 SKS\n' +
        '- Di bawah 20 SKS, DPP sama dengan dari SMA, kecuali dari ITB\n' +
        'STIKOM Bali dan Group a',
      academicYear: null
    }

      at console.fn [as log] (tests/jest.setup.js:37:12)

  console.log
    [TRACE_PARSE_CHUNK_1_INPUT] {
      filename: 'rincian Biaya SI,TI dan BD Tahun Ajaran 2026-2027.pdf',
      chunkId: '3c5b4175-a9d4-48c2-9b75-b05ebe46dbbf',
      isGlobalDiscount: true,
      queryProgram: 'SI',
      entProgram: null,
      queryWave: '1A',
      entWave: null,
      queryWaveGroup: '1',
      entWaveGroup: null,
      queryAcademicYear: null,
      entAcademicYear: null,
      chunkPreview: 'STIKOM Bali dengan ketentuan :\n' +
        '- D3 : antara 85 s/d 100 SKS\n' +
        '- D2 :antara 44 s/d 84 SKS\n' +
        '- D1 : antara'
    }

      at console.fn [as log] (tests/jest.setup.js:37:12)

  console.log
    TRACE_FIND_MONEY {
      keyword: '(?<!\\b(?:potongan|diskon)\\s+)(?:biaya\\s+pendaftaran|pendaftaran|registrasi)[^\\n]{0,120}?([0-9][0-9\\s\\.,]{1,40})',
      candidates: [
        {
          token: '3',
          candParsed: 'Rp 3',
          candDigits: 3,
          hasSeparator: false,
          index: 33
        },
        {
          token: '85',
          candParsed: 'Rp 85',
          candDigits: 85,
          hasSeparator: false,
          index: 44
        },
        {
          token: '100',
          candParsed: 'Rp 100',
          candDigits: 100,
          hasSeparator: false,
          index: 51
        },
        {
          token: '2',
          candParsed: 'Rp 2',
          candDigits: 2,
          hasSeparator: false,
          index: 62
        },
        {
          token: '44',
          candParsed: 'Rp 44',
          candDigits: 44,
          hasSeparator: false,
          index: 72
        },
        {
          token: '84',
          candParsed: 'Rp 84',
          candDigits: 84,
          hasSeparator: false,
          index: 79
        },
        {
          token: '1',
          candParsed: 'Rp 1',
          candDigits: 1,
          hasSeparator: false,
          index: 89
        },
        {
          token: '20',
          candParsed: 'Rp 20',
          candDigits: 20,
          hasSeparator: false,
          index: 100
        },
        {
          token: '43',
          candParsed: 'Rp 43',
          candDigits: 43,
          hasSeparator: false,
          index: 107
        },
        {
          token: '20',
          candParsed: 'Rp 20',
          candDigits: 20,
          hasSeparator: false,
          index: 125
        },
        {
          token: '1.000.000',
          candParsed: 'Rp 1.000.000',
          candDigits: 1000000,
          hasSeparator: true,
          index: 227
        },
        {
          token: '11.',
          candParsed: 'Rp 11',
          candDigits: 11,
          hasSeparator: true,
          index: 298
        }
      ],
      discardedPercents: [],
      selected: 'Rp 1.000.000',
      reason: 'line_level_best'
    }

      at console.fn [as log] (tests/jest.setup.js:37:12)
          at Array.reduce (<anonymous>)

  console.log
    [TRACE_VALIDATE_REGISTRATION_PROXIMITY_FAIL] {
      filename: 'rincian Biaya SI,TI dan BD Tahun Ajaran 2026-2027.pdf',
      registrationFee: 'Rp 1.000.000'
    }

      at console.fn [as log] (tests/jest.setup.js:37:12)

  console.log
    TRACE_WAVE_SECTION_FOUND {
      filename: 'rincian Biaya SI,TI dan BD Tahun Ajaran 2026-2027.pdf',
      wavePattern: '(?:1A|1|I)',
      sectionLinesCount: 1
    }

      at console.fn [as log] (tests/jest.setup.js:37:12)

  console.log
    TRACE_WAVE_SECTION_LINES {
      filename: 'rincian Biaya SI,TI dan BD Tahun Ajaran 2026-2027.pdf',
      lines: [
        'STIKOM Bali dengan ketentuan  - D3   antara 85 s d 100 SKS - D2  antara 44 s d 84 SKS - D1   antara 20 s d 43 SKS - Di bawah 20 SKS, DPP sama dengan dari SMA, kecuali dari ITB STIKOM Bali dan Group ada potongan DPP sebesar Rp. 1.000.000 - Ketentuan pendaftaran dan registrasi per gelombang berlaku 11. Untuk Mahasiswa renim dikenakan biaya per semester sesuai dengan tahun yang bersangkutan'
      ]
    }

      at console.fn [as log] (tests/jest.setup.js:37:12)

  console.log
    TRACE_WAVE_MONEY_SELECTED {
      keyword: '(?<!\\b(?:potongan|diskon)\\s+)(?:dana\\s+pendidikan\\s+pokok|dpp)[^\\n]{0,120}?([0-9][0-9\\s\\.,]{1,40})',
      candidates: [
        {
          token: '3',
          candParsed: 'Rp 3',
          candDigits: 3,
          hasSeparator: false,
          index: 33
        },
        {
          token: '85',
          candParsed: 'Rp 85',
          candDigits: 85,
          hasSeparator: false,
          index: 44
        },
        {
          token: '100',
          candParsed: 'Rp 100',
          candDigits: 100,
          hasSeparator: false,
          index: 51
        },
        {
          token: '2',
          candParsed: 'Rp 2',
          candDigits: 2,
          hasSeparator: false,
          index: 62
        },
        {
          token: '44',
          candParsed: 'Rp 44',
          candDigits: 44,
          hasSeparator: false,
          index: 72
        },
        {
          token: '84',
          candParsed: 'Rp 84',
          candDigits: 84,
          hasSeparator: false,
          index: 79
        },
        {
          token: '1',
          candParsed: 'Rp 1',
          candDigits: 1,
          hasSeparator: false,
          index: 89
        },
        {
          token: '20',
          candParsed: 'Rp 20',
          candDigits: 20,
          hasSeparator: false,
          index: 100
        },
        {
          token: '43',
          candParsed: 'Rp 43',
          candDigits: 43,
          hasSeparator: false,
          index: 107
        },
        {
          token: '20',
          candParsed: 'Rp 20',
          candDigits: 20,
          hasSeparator: false,
          index: 125
        },
        {
          token: '1.000.000',
          candParsed: 'Rp 1.000.000',
          candDigits: 1000000,
          hasSeparator: true,
          index: 227
        },
        {
          token: '11.',
          candParsed: 'Rp 11',
          candDigits: 11,
          hasSeparator: true,
          index: 298
        }
      ],
      discardedPercents: [],
      selected: 'Rp 1.000.000',
      reason: 'line_level_best'
    }

      at console.fn [as log] (tests/jest.setup.js:37:12)

  console.log
    TRACE_WAVE_MONEY_CANDIDATES {
      filename: 'rincian Biaya SI,TI dan BD Tahun Ajaran 2026-2027.pdf',
      candidateDpp: 'Rp 1.000.000'
    }

      at console.fn [as log] (tests/jest.setup.js:37:12)

  console.log
    [TRACE_PROVENANCE_REJECT] {
      field: 'registrationDiscount',
      value: 'Rp 1.000.000',
      chunkId: '3c5b4175-a9d4-48c2-9b75-b05ebe46dbbf',
      reason: 'disallowed_context'
    }

      at console.fn [as log] (tests/jest.setup.js:37:12)

  console.log
    [TRACE_PARSE_CHUNK_2_MONEY] {
      filename: 'rincian Biaya SI,TI dan BD Tahun Ajaran 2026-2027.pdf',
      registrationFee: null,
      dpp: 'Rp 1.000.000',
      dppDiscount: null,
      registrationDiscount: null,
      ukt: null,
      scholarship: null
    }

      at console.fn [as log] (tests/jest.setup.js:37:12)

  console.log
    [TRACE_PARSE_CHUNK_4_COST_PRESENCE] {
      filename: 'rincian Biaya SI,TI dan BD Tahun Ajaran 2026-2027.pdf',
      registrationFee: false,
      dpp: true,
      dppDiscount: false,
      registrationDiscount: false,
      ukt: false,
      scholarship: false,
      hasAnyCost: 'Rp 1.000.000'
    }

      at console.fn [as log] (tests/jest.setup.js:37:12)

  console.log
    RAW_CHUNK_TEXT {
      filename: 'rincian Biaya SI,TI dan BD Tahun Ajaran 2026-2027.pdf',
      chunk: 'STIKOM Bali dengan ketentuan :\n' +
        '- D3 : antara 85 s/d 100 SKS\n' +
        '- D2 :antara 44 s/d 84 SKS\n' +
        '- D1 : antara 20 s/d 43 SKS\n' +
        '- Di bawah 20 SKS, DPP sama dengan dari SMA, kecuali dari ITB\n' +
        'STIKOM Bali dan Group ada potongan DPP sebesar Rp. 1.000.000\n' +
        '- Ketentuan pendaftaran dan registrasi per gelombang berlaku\n' +
        '11. Untuk Mahasiswa renim dikenakan biaya per semester sesuai dengan tahun yang\n' +
        'bersangkutan'
    }

      at console.fn [as log] (tests/jest.setup.js:37:12)

  console.log
    PARSED_FIELDS {
      registrationFeeRaw: '1.000.000',
      registrationFee: null,
      registrationFeeDigits: null,
      dppRaw: '1.000.000',
      dpp: 'Rp 1.000.000',
      dppDigits: '1000000',
      registrationDiscountRaw: null,
      registrationDiscount: null,
      registrationDiscountDigits: null,
      dppDiscountRaw: '1.000.000',
      dppDiscount: null,
      dppDiscountDigits: null,
      uktRaw: null,
      ukt: null,
      scholarshipRaw: null,
      scholarship: null
    }

      at console.fn [as log] (tests/jest.setup.js:37:12)

  console.log
    [VALIDATE_PARSED_FEE_STRUCT_INPUT] {
      chunkObjKeys: [
        'id',              'trainingId',
        'chunk',           'chunkHash',
        'sectionTitle',    'chunkType',
        'lowConfidence',   'ocrQualityScore',
        'embedding',       'source',
        'createdAt',       'updatedAt',
        'divisionKey',     'filename',
        'sourceFile',      'fileHash',
        'trainingVersion', 'uploadedById',
        'program',         'programName',
        'programAliases',  'wave',
        'academicYear',    'partner',
        'campus',          'jalur',
        'feeType',         'category',
        'pageNumber',      'docCategory'
      ],
      chunkObjOcrQualityScore: 0.004081632653061225,
      chunkObjFilename: 'rincian Biaya SI,TI dan BD Tahun Ajaran 2026-2027.pdf',
      chunkObjSource: 'upload'
    }

      at console.fn [as log] (tests/jest.setup.js:37:12)

  console.log
    [VALIDATE_PARSED_FEE_STRUCT_PASS_THROUGH] {
      field: 'dpp',
      sourceChunkForValidation: {
        chunk: 'STIKOM Bali dengan ketentuan :\n' +
          '- D3 : antara 85 s/d 100 SKS\n' +
          '- D2 :antara 44 s/d 84 SKS\n' +
          '- D1 : antara 20 s/d 43 SKS\n' +
          '- Di bawah 20 SKS, DPP sama dengan dari SMA, kecuali dari ITB\n' +
          'STIKOM Bali dan Group ada potongan DPP sebesar Rp. 1.000.000\n' +
          '- Ketentuan pendaftaran dan registrasi per gelombang berlaku\n' +
          '11. Untuk Mahasiswa renim dikenakan biaya per semester sesuai dengan tahun yang\n' +
          'bersangkutan',
        filename: 'rincian Biaya SI,TI dan BD Tahun Ajaran 2026-2027.pdf',
        sourceFile: 'rincian Biaya SI,TI dan BD Tahun Ajaran 2026-2027.pdf',
        ocrQualityScore: 0.004081632653061225,
        source: 'upload',
        lowConfidence: false
      }
    }

      at console.fn [as log] (tests/jest.setup.js:37:12)

  console.log
    [NUMERIC_AUDIT] validateNumericGrounding:start { normalizedValue: '1000000', sourceChunksLength: 1, context: '' }

      at console.fn [as log] (tests/jest.setup.js:37:12)

  console.log
    [NUMERIC_AUDIT] chunk {
      textPreview: 'STIKOM Bali dengan ketentuan :\n' +
        '- D3 : antara 85 s/d 100 SKS\n' +
        '- D2 :antara 44 s/d ',
      repairedPreview: 'STIKOM Bali dengan ketentuan  - D3   antara 85 s d 100 SKS - D2  antara 44 s d 8',
      digitsOnly: '385100244841204320100000011',
      digitsOnlyRepaired: '385100244841204320100000011',
      fname: 'rincian Biaya SI,TI dan BD Tahun Ajaran 2026-2027.pdf',
      sourceFile: 'rincian Biaya SI,TI dan BD Tahun Ajaran 2026-2027.pdf',
      isOfficialDoc: true,
      ocrQuality: 0.004081632653061225
    }

      at console.fn [as log] (tests/jest.setup.js:37:12)

  console.log
    [NUMERIC_AUDIT] parseAttempts {
      tokens: [
        'Rp. 1.000.000 ', '3   ',
        '85 ',            '100 ',
        '2  ',            '44 ',
        '84 ',            '1   ',
        '20 ',            '43 ',
        '20 ',            '1.000.000 ',
        '11. '
      ],
      parsedAttempts: [
        1000000,  3,      85,
            100,  2,      44,
             84,  1,      20,
             43, 20, 1000000,
             11
      ]
    }

      at console.fn [as log] (tests/jest.setup.js:37:12)

  console.log
    [NUMERIC_AUDIT] matchedFoundIn-parse {
      fname: 'rincian Biaya SI,TI dan BD Tahun Ajaran 2026-2027.pdf',
      token: 'Rp. 1.000.000 ',
      numericNormalized: 1000000
    }

      at console.fn [as log] (tests/jest.setup.js:37:12)

  console.log
    [NUMERIC_AUDIT] finalDecision {
      foundInCount: 1,
      officialSourcesCount: 1,
      firstFoundInOcrQuality: 0.004081632653061225,
      firstFoundInIsOfficial: true
    }

      at console.fn [as log] (tests/jest.setup.js:37:12)

  console.log
    [NUMERIC_AUDIT] returnReason found_in_official

      at console.fn [as log] (tests/jest.setup.js:37:12)

  console.log
    [TRACE_PARSE_CHUNK_3_VALIDATION] {
      filename: 'rincian Biaya SI,TI dan BD Tahun Ajaran 2026-2027.pdf',
      chunkId: '3c5b4175-a9d4-48c2-9b75-b05ebe46dbbf',
      isValid: true,
      feeStruct: {
        program: null,
        wave: '1A',
        waveGroup: '1',
        academicYear: null,
        registrationFee: null,
        dpp: 'Rp 1.000.000',
        dppDiscount: null,
        registrationDiscount: null,
        ukt: null,
        scholarship: null,
        isGlobalDiscount: false
      }
    }

      at console.fn [as log] (tests/jest.setup.js:37:12)

  console.log
    [TRACE_PARSE_FEE_RESULT] {
      filename: 'rincian Biaya SI,TI dan BD Tahun Ajaran 2026-2027.pdf',
      chunkId: '3c5b4175-a9d4-48c2-9b75-b05ebe46dbbf',
      feeStruct: {
        program: null,
        wave: '1A',
        waveGroup: '1',
        academicYear: null,
        registrationFee: null,
        dpp: 'Rp 1.000.000',
        registrationDiscount: null,
        dppDiscount: null,
        ukt: null,
        scholarship: null,
        isGlobalDiscount: false
      }
    }

      at console.fn [as log] (tests/jest.setup.js:37:12)

  console.log
    [TRACE_PARSE_FEE_RESULT] {
      filename: 'rincian Biaya SI,TI dan BD Tahun Ajaran 2026-2027.pdf',
      chunkId: '3c5b4175-a9d4-48c2-9b75-b05ebe46dbbf',
      parsed: {
        program: null,
        wave: '1A',
        waveGroup: '1',
        academicYear: null,
        registrationFee: null,
        dpp: 'Rp 1.000.000',
        registrationDiscount: null,
        dppDiscount: null,
        ukt: null,
        scholarship: null
      }
    }

      at console.fn [as log] (tests/jest.setup.js:37:12)

  console.log
    [TRACE_FEE_STRUCT] {
      costCandidatesCount: 4,
      globalDiscountCandidatesCount: 0,
      costCandidates: [
        {
          trainingId: 'd540ae42-ca48-4750-b5dd-5a1fbdbc05a0',
          filename: 'rincian Biaya SI,TI dan BD Tahun Ajaran 2026-2027.pdf',
          chunkType: 'COST',
          programName: null,
          wave: '1A',
          waveGroup: '1',
          academicYear: null,
          registrationFee: null,
          dpp: 'Rp 7.000.000',
          sourceChunk: [Object]
        },
        {
          trainingId: 'd540ae42-ca48-4750-b5dd-5a1fbdbc05a0',
          filename: 'rincian Biaya SI,TI dan BD Tahun Ajaran 2026-2027.pdf',
          chunkType: 'COST',
          programName: null,
          wave: '1A',
          waveGroup: '1',
          academicYear: null,
          registrationFee: null,
          dpp: 'Rp 7.000.000',
          sourceChunk: [Object]
        },
        {
          trainingId: 'd540ae42-ca48-4750-b5dd-5a1fbdbc05a0',
          filename: 'rincian Biaya SI,TI dan BD Tahun Ajaran 2026-2027.pdf',
          chunkType: 'COST',
          programName: null,
          wave: '1A',
          waveGroup: '1',
          academicYear: null,
          registrationFee: null,
          dpp: 'Rp 14.000.000',
          sourceChunk: [Object]
        },
        {
          trainingId: 'd540ae42-ca48-4750-b5dd-5a1fbdbc05a0',
          filename: 'rincian Biaya SI,TI dan BD Tahun Ajaran 2026-2027.pdf',
          chunkType: 'COST',
          programName: null,
          wave: '1A',
          waveGroup: '1',
          academicYear: null,
          registrationFee: null,
          dpp: 'Rp 1.000.000',
          sourceChunk: [Object]
        }
      ],
      globalDiscounts: []
    }

      at console.fn [as log] (tests/jest.setup.js:37:12)

  console.log
    [TRACE_PARSE_6c_BEFORE_YEAR_SELECT] {
      queryEntitiesAcademicYear: null,
      baseCandidatesCount: 4,
      baseCandidates: [
        {
          program: null,
          wave: '1A',
          academicYear: null,
          parseYearKey: 0,
          updatedAt: '2026-06-15T00:24:38.845Z'
        },
        {
          program: null,
          wave: '1A',
          academicYear: null,
          parseYearKey: 0,
          updatedAt: '2026-06-15T00:24:38.007Z'
        },
        {
          program: null,
          wave: '1A',
          academicYear: null,
          parseYearKey: 0,
          updatedAt: '2026-06-15T00:24:31.185Z'
        },
        {
          program: null,
          wave: '1A',
          academicYear: null,
          parseYearKey: 0,
          updatedAt: '2026-06-15T00:24:38.205Z'
        }
      ]
    }

      at console.fn [as log] (tests/jest.setup.js:37:12)

  console.log
    [TRACE_PARSE_6c1_YEAR_SELECTION] {
      method: 'MAX_YEAR_NO_REQUESTED_YEAR',
      allYears: [ 0, 0, 0, 0 ],
      bestYear: 0,
      beforeCount: 4,
      candidatesWithYear: 0,
      applyYearFilter: false
    }

      at console.fn [as log] (tests/jest.setup.js:37:12)

  console.log
    [TRACE_PARSE_6d_AFTER_YEAR_SELECT] {
      baseCandidatesCountAfterYearFilter: 4,
      baseCandidates: [
        {
          program: null,
          wave: '1A',
          academicYear: null,
          updatedAt: '2026-06-15T00:24:38.845Z'
        },
        {
          program: null,
          wave: '1A',
          academicYear: null,
          updatedAt: '2026-06-15T00:24:38.007Z'
        },
        {
          program: null,
          wave: '1A',
          academicYear: null,
          updatedAt: '2026-06-15T00:24:31.185Z'
        },
        {
          program: null,
          wave: '1A',
          academicYear: null,
          updatedAt: '2026-06-15T00:24:38.205Z'
        }
      ]
    }

      at console.fn [as log] (tests/jest.setup.js:37:12)

  console.log
    [TRACE_PARSE_6e_BASE_SELECTED] {
      baseSelected: {
        program: null,
        wave: '1A',
        waveGroup: '1',
        academicYear: null,
        updatedAt: '2026-06-15T00:24:38.845Z',
        registrationFee: null,
        dpp: 'Rp 7.000.000'
      },
      globalDiscountCandidatesCount: 0,
      globalDiscounts: []
    }

      at console.fn [as log] (tests/jest.setup.js:37:12)

  console.log
    [TRACE_PARSE_REGISTRATION_EXPLICIT_INDEX] {
      chosenChunkId: '9fb44de0-a82a-44ba-bd55-086c72243698',
      registrationDiscount: 'Rp 2.000.000'
    }

      at console.fn [as log] (tests/jest.setup.js:37:12)

  console.log
    [TRACE_PARSE_CHUNK_1_INPUT] {
      filename: 'rincian Biaya SI,TI dan BD Tahun Ajaran 2026-2027.pdf',
      chunkId: '784597e2-07ab-4391-847b-ad17d23f4c3d',
      isGlobalDiscount: false,
      queryProgram: 'SI',
      entProgram: null,
      queryWave: '1A',
      entWave: null,
      queryWaveGroup: '1',
      entWaveGroup: null,
      queryAcademicYear: null,
      entAcademicYear: null,
      chunkPreview: '2. Potongan Biaya Pendaftaran :'
    }

      at console.fn [as log] (tests/jest.setup.js:37:12)

  console.log
    [TRACE_PARSE_CHUNK_BYPASS_1] {
      filename: 'rincian Biaya SI,TI dan BD Tahun Ajaran 2026-2027.pdf',
      reason: 'program_mismatch_bypassed_due_to_fee_header',
      queryProgram: 'SI',
      entProgram: null
    }

      at console.fn [as log] (tests/jest.setup.js:37:12)

  console.log
    TRACE_WAVE_SECTION_FOUND {
      filename: 'rincian Biaya SI,TI dan BD Tahun Ajaran 2026-2027.pdf',
      wavePattern: '(?:1A|1|I)',
      sectionLinesCount: 1
    }

      at console.fn [as log] (tests/jest.setup.js:37:12)

  console.log
    TRACE_WAVE_SECTION_LINES {
      filename: 'rincian Biaya SI,TI dan BD Tahun Ajaran 2026-2027.pdf',
      lines: [ '2. Potongan Biaya Pendaftaran  ' ]
    }

      at console.fn [as log] (tests/jest.setup.js:37:12)

  console.log
    TRACE_WAVE_MONEY_CANDIDATES {
      filename: 'rincian Biaya SI,TI dan BD Tahun Ajaran 2026-2027.pdf',
      candidateDpp: null
    }

      at console.fn [as log] (tests/jest.setup.js:37:12)

  console.log
    [TRACE_PARSE_CHUNK_2_MONEY] {
      filename: 'rincian Biaya SI,TI dan BD Tahun Ajaran 2026-2027.pdf',
      registrationFee: null,
      dpp: null,
      dppDiscount: null,
      registrationDiscount: null,
      ukt: null,
      scholarship: null
    }

      at console.fn [as log] (tests/jest.setup.js:37:12)

  console.log
    [TRACE_PARSE_CHUNK_4_COST_PRESENCE] {
      filename: 'rincian Biaya SI,TI dan BD Tahun Ajaran 2026-2027.pdf',
      registrationFee: false,
      dpp: false,
      dppDiscount: false,
      registrationDiscount: false,
      ukt: false,
      scholarship: false,
      hasAnyCost: null
    }

      at console.fn [as log] (tests/jest.setup.js:37:12)

  console.log
    [TRACE_PARSE_CHUNK_4_EXIT] {
      filename: 'rincian Biaya SI,TI dan BD Tahun Ajaran 2026-2027.pdf',
      reason: 'no_money_fields_found'
    }

      at console.fn [as log] (tests/jest.setup.js:37:12)

  console.log
    [TRACE_PARSE_FEE_REJECT_REASON] {
      filename: 'rincian Biaya SI,TI dan BD Tahun Ajaran 2026-2027.pdf',
      chunkId: '784597e2-07ab-4391-847b-ad17d23f4c3d',
      reason: 'no_money_fields_found',
      queryProgram: 'SI',
      entProgram: null,
      queryWave: '1A',
      entWave: null,
      queryWaveGroup: '1',
      entWaveGroup: null,
      queryAcademicYear: null,
      entAcademicYear: null,
      isGlobalDiscount: false,
      chunkPreview: '2. Potongan Biaya Pendaftaran :'
    }

      at console.fn [as log] (tests/jest.setup.js:37:12)

  console.log
    [TRACE_PARSE_CHUNK_1_INPUT] {
      filename: 'rincian Biaya SI,TI dan BD Tahun Ajaran 2026-2027.pdf',
      chunkId: '9fb44de0-a82a-44ba-bd55-086c72243698',
      isGlobalDiscount: false,
      queryProgram: 'SI',
      entProgram: null,
      queryWave: '1A',
      entWave: '1',
      queryWaveGroup: '1',
      entWaveGroup: '1',
      queryAcademicYear: null,
      entAcademicYear: null,
      chunkPreview: 'Rp. 2.000.000,- Jika Registrasi pada Gelombang I'
    }

      at console.fn [as log] (tests/jest.setup.js:37:12)

  console.log
    TRACE_FIND_MONEY {
      keyword: 'Rp\\.?\\s*([0-9][0-9\\s\\.,]{1,40})[^\\n]{0,120}?(?:biaya\\s+pendaftaran|pendaftaran|registrasi)',
      candidates: [
        {
          token: '2.000.000,',
          candParsed: 'Rp 2.000.000',
          candDigits: 2000000,
          hasSeparator: true,
          index: 4
        }
      ],
      discardedPercents: [],
      selected: 'Rp 2.000.000',
      reason: 'line_level_best'
    }

      at console.fn [as log] (tests/jest.setup.js:37:12)
          at Array.reduce (<anonymous>)

  console.log
    [TRACE_VALIDATE_REGISTRATION_PROXIMITY_FAIL] {
      filename: 'rincian Biaya SI,TI dan BD Tahun Ajaran 2026-2027.pdf',
      registrationFee: 'Rp 2.000.000'
    }

      at console.fn [as log] (tests/jest.setup.js:37:12)

  console.log
    TRACE_WAVE_SECTION_FOUND {
      filename: 'rincian Biaya SI,TI dan BD Tahun Ajaran 2026-2027.pdf',
      wavePattern: '(?:1A|1|I)',
      sectionLinesCount: 1
    }

      at console.fn [as log] (tests/jest.setup.js:37:12)

  console.log
    TRACE_WAVE_SECTION_LINES {
      filename: 'rincian Biaya SI,TI dan BD Tahun Ajaran 2026-2027.pdf',
      lines: [ 'Rp. 2.000.000,- Jika Registrasi pada Gelombang I' ]
    }

      at console.fn [as log] (tests/jest.setup.js:37:12)

  console.log
    TRACE_WAVE_MONEY_CANDIDATES {
      filename: 'rincian Biaya SI,TI dan BD Tahun Ajaran 2026-2027.pdf',
      candidateDpp: null
    }

      at console.fn [as log] (tests/jest.setup.js:37:12)

  console.log
    [TRACE_PROVENANCE] {
      field: 'registrationDiscount',
      value: 'Rp 2.000.000',
      sourceChunkId: '9fb44de0-a82a-44ba-bd55-086c72243698',
      sourceText: 'Rp. 2.000.000,- Jika Registrasi pada Gelombang I',
      window: 'Rp. 2.000.000,- Jika Registrasi pada Gelombang I'
    }

      at console.fn [as log] (tests/jest.setup.js:37:12)

  console.log
    [TRACE_PARSE_CHUNK_2_MONEY] {
      filename: 'rincian Biaya SI,TI dan BD Tahun Ajaran 2026-2027.pdf',
      registrationFee: null,
      dpp: null,
      dppDiscount: null,
      registrationDiscount: 'Rp 2.000.000',
      ukt: null,
      scholarship: null
    }

      at console.fn [as log] (tests/jest.setup.js:37:12)

  console.log
    [TRACE_PARSE_CHUNK_4_COST_PRESENCE] {
      filename: 'rincian Biaya SI,TI dan BD Tahun Ajaran 2026-2027.pdf',
      registrationFee: false,
      dpp: false,
      dppDiscount: false,
      registrationDiscount: true,
      ukt: false,
      scholarship: false,
      hasAnyCost: 'Rp 2.000.000'
    }

      at console.fn [as log] (tests/jest.setup.js:37:12)

  console.log
    RAW_CHUNK_TEXT {
      filename: 'rincian Biaya SI,TI dan BD Tahun Ajaran 2026-2027.pdf',
      chunk: 'Rp. 2.000.000,- Jika Registrasi pada Gelombang I'
    }

      at console.fn [as log] (tests/jest.setup.js:37:12)

  console.log
    PARSED_FIELDS {
      registrationFeeRaw: '2.000.000,',
      registrationFee: null,
      registrationFeeDigits: null,
      dppRaw: null,
      dpp: null,
      dppDigits: null,
      registrationDiscountRaw: null,
      registrationDiscount: 'Rp 2.000.000',
      registrationDiscountDigits: '2000000',
      dppDiscountRaw: null,
      dppDiscount: null,
      dppDiscountDigits: null,
      uktRaw: null,
      ukt: null,
      scholarshipRaw: null,
      scholarship: null
    }

      at console.fn [as log] (tests/jest.setup.js:37:12)

  console.log
    [VALIDATE_PARSED_FEE_STRUCT_INPUT] {
      chunkObjKeys: [
        'id',              'trainingId',
        'chunk',           'chunkHash',
        'sectionTitle',    'chunkType',
        'lowConfidence',   'ocrQualityScore',
        'embedding',       'source',
        'createdAt',       'updatedAt',
        'divisionKey',     'filename',
        'sourceFile',      'fileHash',
        'trainingVersion', 'uploadedById',
        'program',         'programName',
        'programAliases',  'wave',
        'academicYear',    'partner',
        'campus',          'jalur',
        'feeType',         'category',
        'pageNumber',      'docCategory'
      ],
      chunkObjOcrQualityScore: 0.004081632653061225,
      chunkObjFilename: 'rincian Biaya SI,TI dan BD Tahun Ajaran 2026-2027.pdf',
      chunkObjSource: 'upload'
    }

      at console.fn [as log] (tests/jest.setup.js:37:12)

  console.log
    [VALIDATE_PARSED_FEE_STRUCT_PASS_THROUGH] {
      field: 'registrationDiscount',
      sourceChunkForValidation: {
        chunk: 'Rp. 2.000.000,- Jika Registrasi pada Gelombang I',
        filename: 'rincian Biaya SI,TI dan BD Tahun Ajaran 2026-2027.pdf',
        sourceFile: 'rincian Biaya SI,TI dan BD Tahun Ajaran 2026-2027.pdf',
        ocrQualityScore: 0.004081632653061225,
        source: 'upload',
        lowConfidence: false
      }
    }

      at console.fn [as log] (tests/jest.setup.js:37:12)

  console.log
    [NUMERIC_AUDIT] validateNumericGrounding:start { normalizedValue: '2000000', sourceChunksLength: 1, context: '' }

      at console.fn [as log] (tests/jest.setup.js:37:12)

  console.log
    [NUMERIC_AUDIT] chunk {
      textPreview: 'Rp. 2.000.000,- Jika Registrasi pada Gelombang I',
      repairedPreview: 'Rp. 2.000.000,- Jika Registrasi pada Gelombang I',
      digitsOnly: '2000000',
      digitsOnlyRepaired: '2000000',
      fname: 'rincian Biaya SI,TI dan BD Tahun Ajaran 2026-2027.pdf',
      sourceFile: 'rincian Biaya SI,TI dan BD Tahun Ajaran 2026-2027.pdf',
      isOfficialDoc: true,
      ocrQuality: 0.004081632653061225
    }

      at console.fn [as log] (tests/jest.setup.js:37:12)

  console.log
    [NUMERIC_AUDIT] parseAttempts {
      tokens: [ 'Rp. 2.000.000,', '2.000.000,' ],
      parsedAttempts: [ 2000000, 2000000 ]
    }

      at console.fn [as log] (tests/jest.setup.js:37:12)

  console.log
    [NUMERIC_AUDIT] matchedFoundIn-digits {
      fname: 'rincian Biaya SI,TI dan BD Tahun Ajaran 2026-2027.pdf',
      numericNormalized: 2000000
    }

      at console.fn [as log] (tests/jest.setup.js:37:12)

  console.log
    [NUMERIC_AUDIT] finalDecision {
      foundInCount: 1,
      officialSourcesCount: 1,
      firstFoundInOcrQuality: 0.004081632653061225,
      firstFoundInIsOfficial: true
    }

      at console.fn [as log] (tests/jest.setup.js:37:12)

  console.log
    [NUMERIC_AUDIT] returnReason found_in_official

      at console.fn [as log] (tests/jest.setup.js:37:12)

  console.log
    [TRACE_PARSE_CHUNK_3_VALIDATION] {
      filename: 'rincian Biaya SI,TI dan BD Tahun Ajaran 2026-2027.pdf',
      chunkId: '9fb44de0-a82a-44ba-bd55-086c72243698',
      isValid: true,
      feeStruct: {
        program: null,
        wave: '1A',
        waveGroup: '1',
        academicYear: null,
        registrationFee: null,
        dpp: null,
        dppDiscount: null,
        registrationDiscount: 'Rp 2.000.000',
        ukt: null,
        scholarship: null,
        isGlobalDiscount: false
      }
    }

      at console.fn [as log] (tests/jest.setup.js:37:12)

  console.log
    [TRACE_PARSE_FEE_RESULT] {
      filename: 'rincian Biaya SI,TI dan BD Tahun Ajaran 2026-2027.pdf',
      chunkId: '9fb44de0-a82a-44ba-bd55-086c72243698',
      feeStruct: {
        program: null,
        wave: '1A',
        waveGroup: '1',
        academicYear: null,
        registrationFee: null,
        dpp: null,
        registrationDiscount: 'Rp 2.000.000',
        dppDiscount: null,
        ukt: null,
        scholarship: null,
        isGlobalDiscount: false
      }
    }

      at console.fn [as log] (tests/jest.setup.js:37:12)

  console.log
    [TRACE_PARSE_CHUNK_1_INPUT] {
      filename: 'rincian Biaya SI,TI dan BD Tahun Ajaran 2026-2027.pdf',
      chunkId: 'f675714e-5e78-435a-af23-f32fbe23d159',
      isGlobalDiscount: false,
      queryProgram: 'SI',
      entProgram: null,
      queryWave: '1A',
      entWave: '2',
      queryWaveGroup: '1',
      entWaveGroup: '2',
      queryAcademicYear: null,
      entAcademicYear: null,
      chunkPreview: 'Rp. 1.500.000,- Jika Registrasi pada Gelombang II'
    }

      at console.fn [as log] (tests/jest.setup.js:37:12)

  console.log
    [TRACE_PARSE_CHUNK_EXIT_2a] {
      filename: 'rincian Biaya SI,TI dan BD Tahun Ajaran 2026-2027.pdf',
      reason: 'wave_norm_mismatch',
      qWaveNorm: '1A',
      entWaveNorm: '2',
      qWaveGroup: '1',
      entWaveGroup: '2'
    }

      at console.fn [as log] (tests/jest.setup.js:37:12)

  console.log
    [TRACE_PARSE_CHUNK_1_INPUT] {
      filename: 'rincian Biaya SI,TI dan BD Tahun Ajaran 2026-2027.pdf',
      chunkId: '4e33c2dd-5e54-4dbd-adf8-1a2238a2b540',
      isGlobalDiscount: false,
      queryProgram: 'SI',
      entProgram: null,
      queryWave: '1A',
      entWave: 'KHUSUS',
      queryWaveGroup: '1',
      entWaveGroup: 'KHUSUS',
      queryAcademicYear: null,
      entAcademicYear: null,
      chunkPreview: 'Gelombang Khusus : 60%'
    }

      at console.fn [as log] (tests/jest.setup.js:37:12)

  console.log
    [TRACE_PARSE_CHUNK_EXIT_2a] {
      filename: 'rincian Biaya SI,TI dan BD Tahun Ajaran 2026-2027.pdf',
      reason: 'wave_norm_mismatch',
      qWaveNorm: '1A',
      entWaveNorm: 'KHUSUS',
      qWaveGroup: '1',
      entWaveGroup: 'KHUSUS'
    }

      at console.fn [as log] (tests/jest.setup.js:37:12)

  console.log
    [TRACE_PARSE_CHUNK_1_INPUT] {
      filename: 'rincian Biaya SI,TI dan BD Tahun Ajaran 2026-2027.pdf',
      chunkId: '2a88a613-ef53-4eeb-b2da-6170b504b26f',
      isGlobalDiscount: false,
      queryProgram: 'SI',
      entProgram: null,
      queryWave: '1A',
      entWave: '1',
      queryWaveGroup: '1',
      entWaveGroup: '1',
      queryAcademicYear: null,
      entAcademicYear: null,
      chunkPreview: 'Gelombang I : 5090'
    }

      at console.fn [as log] (tests/jest.setup.js:37:12)

  console.log
    TRACE_WAVE_SECTION_FOUND {
      filename: 'rincian Biaya SI,TI dan BD Tahun Ajaran 2026-2027.pdf',
      wavePattern: '(?:1A|1|I)',
      sectionLinesCount: 1
    }

      at console.fn [as log] (tests/jest.setup.js:37:12)

  console.log
    TRACE_WAVE_SECTION_LINES {
      filename: 'rincian Biaya SI,TI dan BD Tahun Ajaran 2026-2027.pdf',
      lines: [ 'Gelombang I   5090' ]
    }

      at console.fn [as log] (tests/jest.setup.js:37:12)

  console.log
    TRACE_WAVE_MONEY_CANDIDATES {
      filename: 'rincian Biaya SI,TI dan BD Tahun Ajaran 2026-2027.pdf',
      candidateDpp: null
    }

      at console.fn [as log] (tests/jest.setup.js:37:12)

  console.log
    [TRACE_PARSE_CHUNK_2_MONEY] {
      filename: 'rincian Biaya SI,TI dan BD Tahun Ajaran 2026-2027.pdf',
      registrationFee: null,
      dpp: null,
      dppDiscount: null,
      registrationDiscount: null,
      ukt: null,
      scholarship: null
    }

      at console.fn [as log] (tests/jest.setup.js:37:12)

  console.log
    [TRACE_PARSE_CHUNK_4_COST_PRESENCE] {
      filename: 'rincian Biaya SI,TI dan BD Tahun Ajaran 2026-2027.pdf',
      registrationFee: false,
      dpp: false,
      dppDiscount: false,
      registrationDiscount: false,
      ukt: false,
      scholarship: false,
      hasAnyCost: null
    }

      at console.fn [as log] (tests/jest.setup.js:37:12)

  console.log
    [TRACE_PARSE_CHUNK_4_EXIT] {
      filename: 'rincian Biaya SI,TI dan BD Tahun Ajaran 2026-2027.pdf',
      reason: 'no_money_fields_found'
    }

      at console.fn [as log] (tests/jest.setup.js:37:12)

  console.log
    [TRACE_PARSE_FEE_REJECT_REASON] {
      filename: 'rincian Biaya SI,TI dan BD Tahun Ajaran 2026-2027.pdf',
      chunkId: '2a88a613-ef53-4eeb-b2da-6170b504b26f',
      reason: 'no_money_fields_found',
      queryProgram: 'SI',
      entProgram: null,
      queryWave: '1A',
      entWave: '1',
      queryWaveGroup: '1',
      entWaveGroup: '1',
      queryAcademicYear: null,
      entAcademicYear: null,
      isGlobalDiscount: false,
      chunkPreview: 'Gelombang I : 5090'
    }

      at console.fn [as log] (tests/jest.setup.js:37:12)

  console.log
    [TRACE_PARSE_CHUNK_1_INPUT] {
      filename: 'rincian Biaya SI,TI dan BD Tahun Ajaran 2026-2027.pdf',
      chunkId: 'aac87e30-d78e-48b5-ac4f-8cb61ecdde51',
      isGlobalDiscount: false,
      queryProgram: 'SI',
      entProgram: null,
      queryWave: '1A',
      entWave: '2',
      queryWaveGroup: '1',
      entWaveGroup: '2',
      queryAcademicYear: null,
      entAcademicYear: null,
      chunkPreview: 'Gelombang II : 4090'
    }

      at console.fn [as log] (tests/jest.setup.js:37:12)

  console.log
    [TRACE_PARSE_CHUNK_EXIT_2a] {
      filename: 'rincian Biaya SI,TI dan BD Tahun Ajaran 2026-2027.pdf',
      reason: 'wave_norm_mismatch',
      qWaveNorm: '1A',
      entWaveNorm: '2',
      qWaveGroup: '1',
      entWaveGroup: '2'
    }

      at console.fn [as log] (tests/jest.setup.js:37:12)

  console.log
    [TRACE_PARSE_CHUNK_1_INPUT] {
      filename: 'rincian Biaya SI,TI dan BD Tahun Ajaran 2026-2027.pdf',
      chunkId: '546bc060-81cd-43d9-b41c-f700743429aa',
      isGlobalDiscount: false,
      queryProgram: 'SI',
      entProgram: null,
      queryWave: '1A',
      entWave: '3',
      queryWaveGroup: '1',
      entWaveGroup: '3',
      queryAcademicYear: null,
      entAcademicYear: null,
      chunkPreview: 'Gelombang III : 3096'
    }

      at console.fn [as log] (tests/jest.setup.js:37:12)

  console.log
    [TRACE_PARSE_CHUNK_EXIT_2a] {
      filename: 'rincian Biaya SI,TI dan BD Tahun Ajaran 2026-2027.pdf',
      reason: 'wave_norm_mismatch',
      qWaveNorm: '1A',
      entWaveNorm: '3',
      qWaveGroup: '1',
      entWaveGroup: '3'
    }

      at console.fn [as log] (tests/jest.setup.js:37:12)

  console.log
    [TRACE_PARSE_CHUNK_1_INPUT] {
      filename: 'rincian Biaya SI,TI dan BD Tahun Ajaran 2026-2027.pdf',
      chunkId: '1ba4c54a-c870-485e-b488-dbaefdc21ca2',
      isGlobalDiscount: false,
      queryProgram: 'SI',
      entProgram: null,
      queryWave: '1A',
      entWave: '4',
      queryWaveGroup: '1',
      entWaveGroup: '4',
      queryAcademicYear: null,
      entAcademicYear: null,
      chunkPreview: 'Gelombang IV :20%'
    }

      at console.fn [as log] (tests/jest.setup.js:37:12)

  console.log
    [TRACE_PARSE_CHUNK_EXIT_2a] {
      filename: 'rincian Biaya SI,TI dan BD Tahun Ajaran 2026-2027.pdf',
      reason: 'wave_norm_mismatch',
      qWaveNorm: '1A',
      entWaveNorm: '4',
      qWaveGroup: '1',
      entWaveGroup: '4'
    }

      at console.fn [as log] (tests/jest.setup.js:37:12)

  console.log
    [TRACE_PARSE_REGISTRATION_FROM_INDEX] {
      chosenChunkId: '9fb44de0-a82a-44ba-bd55-086c72243698',
      registrationDiscount: 'Rp 2.000.000'
    }

      at console.fn [as log] (tests/jest.setup.js:37:12)

  console.log
    [TRACE_PARSE_6f_DISCOUNT_FILTER] {
      baseWaveGroup: '1',
      globalDiscountCandidatesCount: 0,
      eligibleDiscountsAfterFilter: 0,
      discountFilterResults: []
    }

      at console.fn [as log] (tests/jest.setup.js:37:12)

  console.log
    [TRACE_PARSE_6g_BEST_DISCOUNTS] {
      registrationDiscountFound: false,
      registrationDiscountValue: null,
      dppDiscountFound: false,
      dppDiscountValue: null,
      bestRegistrationDiscountSource: null,
      bestDppDiscountSource: null
    }

      at console.fn [as log] (tests/jest.setup.js:37:12)

  console.log
    [TRACE_PARSE_6f_CONFLICTS_DETECTED] {
      conflictDetails: {
        registrationFee: { rawValues: [], normalized: [], plausibleSample: [] },
        dpp: {
          rawValues: [Array],
          normalized: [Array],
          plausibleSample: [Array]
        },
        dppDiscount: { rawValues: [], normalized: [], plausibleSample: [] },
        registrationDiscount: { rawValues: [], normalized: [], plausibleSample: [] },
        ukt: { rawValues: [], normalized: [], plausibleSample: [] },
        scholarship: { rawValues: [], normalized: [], plausibleSample: [] }
      }
    }

      at console.fn [as log] (tests/jest.setup.js:37:12)

  console.log
    [TRACE_PARSE_6h_FINAL_MERGED] {
      merged: {
        program: null,
        wave: '1A',
        academicYear: null,
        registrationFee: null,
        registrationDiscount: 'Rp 2.000.000',
        dpp: 'Rp 7.000.000',
        dppDiscount: null,
        sourceChunksCount: 2
      }
    }

      at console.fn [as log] (tests/jest.setup.js:37:12)

  console.log
    [PROGRAM_SELECTED] { program: null }

      at console.fn [as log] (tests/jest.setup.js:37:12)

  console.log
    [SELECTED_FILE] {
      files: [
        {
          id: '0e2f1b54-9317-49c3-a4b8-9adc9e3f596e',
          filename: 'rincian Biaya SI,TI dan BD Tahun Ajaran 2026-2027.pdf'
        },
        {
          id: '9fb44de0-a82a-44ba-bd55-086c72243698',
          filename: 'rincian Biaya SI,TI dan BD Tahun Ajaran 2026-2027.pdf'
        }
      ]
    }

      at console.fn [as log] (tests/jest.setup.js:37:12)

  console.log
    [FIELD_PROVENANCE] {
      dpp: {
        id: '0e2f1b54-9317-49c3-a4b8-9adc9e3f596e',
        filename: 'rincian Biaya SI,TI dan BD Tahun Ajaran 2026-2027.pdf',
        sourceText: 'a. Dana Pendidikan Pokok (DPP)\n' +
          '- Jumlah pengakuan SKS antara 85 s/d 100 SKS dikenakan biaya DPP\n' +
          'sebesar Rp. 4.500.000\n' +
          '- Jumlah pengakuan SKS antara 44 s/d 84 SKS dikenakan biaya DPP\n' +
          'sebesar Rp. 5.000.000\n' +
          '- Jumlah pengakuan SKS antara 20 s/d 43 SKS dikenakan biaya DPP\n' +
          'sebesar Rp. 7.000.000\n' +
          '- Dibawah 20 SKS, biaya DPP sama dengan dari SMA / akan masuk ke\n' +
          'jalur regular.\n' +
          '- Ketentuan pendaftaran dan registrasi per gelombang berlaku.\n' +
          '13. Biaya yang sudah dibayar, tidak dapat dikembalikan dengan alasan apapun, kecuali\n' +
          'diterima di PTN dibawah naungan Kementerian Pendidikan dan Kebudayaan jalur\n' +
          'SNMPTN dan jalur SBMPTN (tidak termasuk jalur Mandiri, Politeknik, D3 dan\n' +
          'Eksekutif). Pengurusan pengambilan biaya yang sudah di bayar dilayani maksimal 21'
      },
      registrationDiscount: {
        id: '9fb44de0-a82a-44ba-bd55-086c72243698',
        filename: 'rincian Biaya SI,TI dan BD Tahun Ajaran 2026-2027.pdf',
        sourceText: 'Rp. 2.000.000,- Jika Registrasi pada Gelombang I'
      }
    }

      at console.fn [as log] (tests/jest.setup.js:37:12)

  console.log
    SELECTED_FEE_RECORD {
      program: null,
      wave: '1A',
      academicYear: null,
      registrationFee: null,
      dpp: 'Rp 7.000.000',
      initialCostItems: [],
      sourceChunks: [
        {
          id: '0e2f1b54-9317-49c3-a4b8-9adc9e3f596e',
          filename: 'rincian Biaya SI,TI dan BD Tahun Ajaran 2026-2027.pdf',
          chunkPreview: 'a. Dana Pendidikan Pokok (DPP)\n' +
            '- Jumlah pengakuan SKS antara 85 s/d 100 SKS dikenakan biaya DPP\n' +
            'sebesar Rp. 4.500.000\n' +
            '- Jumlah pengakuan SKS antara 44 s/d 84 SKS dikenakan biaya DPP\n' +
            'sebesar Rp. 5.000.000\n' +
            '- Jumlah pengakuan SKS antara 20 s/d 43 SKS dikenakan biaya DPP\n' +
            'sebesar Rp. 7.000.000\n' +
            '- Dibawah 20 SKS, biaya DPP sama dengan dari SMA / akan masuk ke\n' +
            'jalur regular.\n' +
            '- Ketentuan pendaftaran dan re'
        },
        {
          id: '9fb44de0-a82a-44ba-bd55-086c72243698',
          filename: 'rincian Biaya SI,TI dan BD Tahun Ajaran 2026-2027.pdf',
          chunkPreview: 'Rp. 2.000.000,- Jika Registrasi pada Gelombang I'
        }
      ]
    }

      at console.fn [as log] (tests/jest.setup.js:37:12)

  console.log
    CALCULATED_TOTAL {
      registrationFeeAmt: 0,
      registrationDiscountAmt: 2000000,
      registrationTotalAmt: 0,
      dppAmt: 7000000,
      uniformSum: 0,
      capSum: 0,
      shirtSum: 0,
      gmtiSum: 0,
      bagSum: 0,
      subtotalAwalMasukAmt: 7000000,
      dppDiscountAmt: 0,
      totalBiayaMasukAmt: 7000000,
      formatted: {
        registrationTotal: 'Rp 0',
        subtotalAwalMasuk: 'Rp 7.000.000',
        totalBiayaMasuk: 'Rp 7.000.000'
      }
    }

      at console.fn [as log] (tests/jest.setup.js:37:12)

  console.log
    [TRACE_COST_PARSE_5_FEE_STRUCT] {
      feeStructExists: true,
      feeStruct: {
        registrationFee: null,
        dppFee: undefined,
        dppDiscountAmount: undefined,
        registrationDiscountAmount: undefined,
        semester: undefined,
        totalAwalMasuk: undefined,
        academicYear: null,
        wave: '1A',
        waveGroup: '1',
        program: null,
        sourceChunksCount: 2,
        sourceChunks: [ [Object], [Object] ]
      },
      queryEntitiesRequested: {
        intent: 'COST',
        program: 'SI',
        programLabel: 'SISTEM_INFORMASI',
        programMode: null,
        wave: '1A',
        waveGroup: '1',
        academicYear: null,
        partner: null,
        campus: null,
        jalur: null,
        feeType: null,
        category: 'BIAYA',
        pageNumber: null,
        academicIntent: 'BIAYA'
      }
    }

      at console.fn [as log] (tests/jest.setup.js:37:12)

  console.log
    [TRACE_PARSE_CHUNK_1_INPUT] {
      filename: 'rincian Biaya SI,TI dan BD Tahun Ajaran 2026-2027.pdf',
      chunkId: '0e2f1b54-9317-49c3-a4b8-9adc9e3f596e',
      isGlobalDiscount: false,
      queryProgram: 'SI',
      entProgram: null,
      queryWave: '1A',
      entWave: null,
      queryWaveGroup: '1',
      entWaveGroup: null,
      queryAcademicYear: null,
      entAcademicYear: null,
      chunkPreview: 'a. Dana Pendidikan Pokok (DPP)\n' +
        '- Jumlah pengakuan SKS antara 85 s/d 100 SKS dikenakan biaya DPP\n' +
        'sebe'
    }

      at console.fn [as log] (tests/jest.setup.js:37:12)
          at Array.map (<anonymous>)

  console.log
    [TRACE_PARSE_CHUNK_BYPASS_1] {
      filename: 'rincian Biaya SI,TI dan BD Tahun Ajaran 2026-2027.pdf',
      reason: 'program_mismatch_bypassed_due_to_fee_header',
      queryProgram: 'SI',
      entProgram: null
    }

      at console.fn [as log] (tests/jest.setup.js:37:12)
          at Array.map (<anonymous>)

  console.log
    TRACE_FIND_MONEY {
      keyword: '(?<!\\b(?:potongan|diskon)\\s+)(?:biaya\\s+pendaftaran|pendaftaran|registrasi)[^\\n]{0,120}?([0-9][0-9\\s\\.,]{1,40})',
      candidates: [
        {
          token: '85',
          candParsed: 'Rp 85',
          candDigits: 85,
          hasSeparator: false,
          index: 60
        },
        {
          token: '100',
          candParsed: 'Rp 100',
          candDigits: 100,
          hasSeparator: false,
          index: 67
        },
        {
          token: '4.500.000',
          candParsed: 'Rp 4.500.000',
          candDigits: 4500000,
          hasSeparator: true,
          index: 107
        },
        {
          token: '44',
          candParsed: 'Rp 44',
          candDigits: 44,
          hasSeparator: false,
          index: 147
        },
        {
          token: '84',
          candParsed: 'Rp 84',
          candDigits: 84,
          hasSeparator: false,
          index: 154
        },
        {
          token: '5.000.000',
          candParsed: 'Rp 5.000.000',
          candDigits: 5000000,
          hasSeparator: true,
          index: 193
        },
        {
          token: '20',
          candParsed: 'Rp 20',
          candDigits: 20,
          hasSeparator: false,
          index: 233
        },
        {
          token: '43',
          candParsed: 'Rp 43',
          candDigits: 43,
          hasSeparator: false,
          index: 240
        },
        {
          token: '7.000.000',
          candParsed: 'Rp 7.000.000',
          candDigits: 7000000,
          hasSeparator: true,
          index: 279
        },
        {
          token: '20',
          candParsed: 'Rp 20',
          candDigits: 20,
          hasSeparator: false,
          index: 299
        },
        {
          token: '13.',
          candParsed: 'Rp 13',
          candDigits: 13,
          hasSeparator: true,
          index: 431
        },
        {
          token: '3',
          candParsed: 'Rp 3',
          candDigits: 3,
          hasSeparator: false,
          index: 660
        },
        {
          token: '21',
          candParsed: 'Rp 21',
          candDigits: 21,
          hasSeparator: false,
          index: 745
        }
      ],
      discardedPercents: [],
      selected: 'Rp 7.000.000',
      reason: 'line_level_best'
    }

      at console.fn [as log] (tests/jest.setup.js:37:12)
          at Array.reduce (<anonymous>)
          at Array.map (<anonymous>)

  console.log
    [TRACE_VALIDATE_REGISTRATION_PROXIMITY_FAIL] {
      filename: 'rincian Biaya SI,TI dan BD Tahun Ajaran 2026-2027.pdf',
      registrationFee: 'Rp 7.000.000'
    }

      at console.fn [as log] (tests/jest.setup.js:37:12)
          at Array.map (<anonymous>)

  console.log
    TRACE_WAVE_SECTION_FOUND {
      filename: 'rincian Biaya SI,TI dan BD Tahun Ajaran 2026-2027.pdf',
      wavePattern: '(?:1A|1|I)',
      sectionLinesCount: 1
    }

      at console.fn [as log] (tests/jest.setup.js:37:12)
          at Array.map (<anonymous>)

  console.log
    TRACE_WAVE_SECTION_LINES {
      filename: 'rincian Biaya SI,TI dan BD Tahun Ajaran 2026-2027.pdf',
      lines: [
        'a. Dana Pendidikan Pokok  DPP - Jumlah pengakuan SKS antara 85 s d 100 SKS dikenakan biaya DPP sebesar Rp. 4.500.000 - Jumlah pengakuan SKS antara 44 s d 84 SKS dikenakan biaya DPP sebesar Rp. 5.000.000 - Jumlah pengakuan SKS antara 20 s d 43 SKS dikenakan biaya DPP sebesar Rp. 7.000.000 - Dibawah 20 SKS, biaya DPP sama dengan dari SMA   akan masuk ke jalur regular. - Ketentuan pendaftaran dan registrasi per gelombang berlaku. 13. Biaya yang sudah dibayar, tidak dapat dikembalikan dengan alasan apapun, kecuali diterima di PTN dibawah naungan Kementerian Pendidikan dan Kebudayaan jalur SNMPTN dan jalur SBMPTN  tidak termasuk jalur Mandiri, Politeknik, D3 dan Eksekutif . Pengurusan pengambilan biaya yang sudah di bayar dilayani maksimal 21'
      ]
    }

      at console.fn [as log] (tests/jest.setup.js:37:12)
          at Array.map (<anonymous>)

  console.log
    TRACE_WAVE_MONEY_SELECTED {
      keyword: '(?<!\\b(?:potongan|diskon)\\s+)(?:dana\\s+pendidikan\\s+pokok|dpp)[^\\n]{0,120}?([0-9][0-9\\s\\.,]{1,40})',
      candidates: [
        {
          token: '85',
          candParsed: 'Rp 85',
          candDigits: 85,
          hasSeparator: false,
          index: 60
        },
        {
          token: '100',
          candParsed: 'Rp 100',
          candDigits: 100,
          hasSeparator: false,
          index: 67
        },
        {
          token: '4.500.000',
          candParsed: 'Rp 4.500.000',
          candDigits: 4500000,
          hasSeparator: true,
          index: 107
        },
        {
          token: '44',
          candParsed: 'Rp 44',
          candDigits: 44,
          hasSeparator: false,
          index: 147
        },
        {
          token: '84',
          candParsed: 'Rp 84',
          candDigits: 84,
          hasSeparator: false,
          index: 154
        },
        {
          token: '5.000.000',
          candParsed: 'Rp 5.000.000',
          candDigits: 5000000,
          hasSeparator: true,
          index: 193
        },
        {
          token: '20',
          candParsed: 'Rp 20',
          candDigits: 20,
          hasSeparator: false,
          index: 233
        },
        {
          token: '43',
          candParsed: 'Rp 43',
          candDigits: 43,
          hasSeparator: false,
          index: 240
        },
        {
          token: '7.000.000',
          candParsed: 'Rp 7.000.000',
          candDigits: 7000000,
          hasSeparator: true,
          index: 279
        },
        {
          token: '20',
          candParsed: 'Rp 20',
          candDigits: 20,
          hasSeparator: false,
          index: 299
        },
        {
          token: '13.',
          candParsed: 'Rp 13',
          candDigits: 13,
          hasSeparator: true,
          index: 431
        },
        {
          token: '3',
          candParsed: 'Rp 3',
          candDigits: 3,
          hasSeparator: false,
          index: 660
        },
        {
          token: '21',
          candParsed: 'Rp 21',
          candDigits: 21,
          hasSeparator: false,
          index: 745
        }
      ],
      discardedPercents: [],
      selected: 'Rp 7.000.000',
      reason: 'line_level_best'
    }

      at console.fn [as log] (tests/jest.setup.js:37:12)
          at Array.map (<anonymous>)

  console.log
    TRACE_WAVE_MONEY_CANDIDATES {
      filename: 'rincian Biaya SI,TI dan BD Tahun Ajaran 2026-2027.pdf',
      candidateDpp: 'Rp 7.000.000'
    }

      at console.fn [as log] (tests/jest.setup.js:37:12)
          at Array.map (<anonymous>)

  console.log
    [TRACE_PROVENANCE_REJECT] {
      field: 'registrationDiscount',
      value: 'Rp 4.500.000',
      chunkId: '0e2f1b54-9317-49c3-a4b8-9adc9e3f596e',
      reason: 'disallowed_context'
    }

      at console.fn [as log] (tests/jest.setup.js:37:12)
          at Array.map (<anonymous>)

  console.log
    [TRACE_PARSE_CHUNK_2_MONEY] {
      filename: 'rincian Biaya SI,TI dan BD Tahun Ajaran 2026-2027.pdf',
      registrationFee: null,
      dpp: 'Rp 7.000.000',
      dppDiscount: null,
      registrationDiscount: null,
      ukt: null,
      scholarship: null
    }

      at console.fn [as log] (tests/jest.setup.js:37:12)
          at Array.map (<anonymous>)

  console.log
    [TRACE_PARSE_CHUNK_4_COST_PRESENCE] {
      filename: 'rincian Biaya SI,TI dan BD Tahun Ajaran 2026-2027.pdf',
      registrationFee: false,
      dpp: true,
      dppDiscount: false,
      registrationDiscount: false,
      ukt: false,
      scholarship: false,
      hasAnyCost: 'Rp 7.000.000'
    }

      at console.fn [as log] (tests/jest.setup.js:37:12)
          at Array.map (<anonymous>)

  console.log
    RAW_CHUNK_TEXT {
      filename: 'rincian Biaya SI,TI dan BD Tahun Ajaran 2026-2027.pdf',
      chunk: 'a. Dana Pendidikan Pokok (DPP)\n' +
        '- Jumlah pengakuan SKS antara 85 s/d 100 SKS dikenakan biaya DPP\n' +
        'sebesar Rp. 4.500.000\n' +
        '- Jumlah pengakuan SKS antara 44 s/d 84 SKS dikenakan biaya DPP\n' +
        'sebesar Rp. 5.000.000\n' +
        '- Jumlah pengakuan SKS antara 20 s/d 43 SKS dikenakan biaya DPP\n' +
        'sebesar Rp. 7.000.000\n' +
        '- Dibawah 20 SKS, biaya DPP sama dengan dari SMA / akan masuk ke\n' +
        'jalur regular.\n' +
        '- Ketentuan pendaftaran dan registrasi per gelombang berlaku.\n' +
        '13. Biaya yang sudah dibayar, tidak dapat dikembalikan dengan alasan apapun, kecuali\n' +
        'diterima di PTN dibawah naungan Kementerian Pendidikan dan Kebudayaan jalur\n' +
        'SNMPTN dan jalur SBMPTN (tidak termasuk jalur Mandiri, Politeknik, D3 dan\n' +
        'Eksekutif). Pengurusan pengambilan biaya yang sudah di bayar dilayani maksimal 21'
    }

      at console.fn [as log] (tests/jest.setup.js:37:12)
          at Array.map (<anonymous>)

  console.log
    PARSED_FIELDS {
      registrationFeeRaw: '7.000.000',
      registrationFee: null,
      registrationFeeDigits: null,
      dppRaw: '4.500.000',
      dpp: 'Rp 7.000.000',
      dppDigits: '7000000',
      registrationDiscountRaw: null,
      registrationDiscount: null,
      registrationDiscountDigits: null,
      dppDiscountRaw: null,
      dppDiscount: null,
      dppDiscountDigits: null,
      uktRaw: null,
      ukt: null,
      scholarshipRaw: null,
      scholarship: null
    }

      at console.fn [as log] (tests/jest.setup.js:37:12)
          at Array.map (<anonymous>)

  console.log
    [VALIDATE_PARSED_FEE_STRUCT_INPUT] {
      chunkObjKeys: [
        'id',              'trainingId',
        'chunk',           'chunkHash',
        'sectionTitle',    'chunkType',
        'lowConfidence',   'ocrQualityScore',
        'embedding',       'source',
        'createdAt',       'updatedAt',
        'divisionKey',     'filename',
        'sourceFile',      'fileHash',
        'trainingVersion', 'uploadedById',
        'program',         'programName',
        'programAliases',  'wave',
        'academicYear',    'partner',
        'campus',          'jalur',
        'feeType',         'category',
        'pageNumber',      'docCategory'
      ],
      chunkObjOcrQualityScore: 0.004081632653061225,
      chunkObjFilename: 'rincian Biaya SI,TI dan BD Tahun Ajaran 2026-2027.pdf',
      chunkObjSource: 'upload'
    }

      at console.fn [as log] (tests/jest.setup.js:37:12)
          at Array.map (<anonymous>)

  console.log
    [VALIDATE_PARSED_FEE_STRUCT_PASS_THROUGH] {
      field: 'dpp',
      sourceChunkForValidation: {
        chunk: 'a. Dana Pendidikan Pokok (DPP)\n' +
          '- Jumlah pengakuan SKS antara 85 s/d 100 SKS dikenakan biaya DPP\n' +
          'sebesar Rp. 4.500.000\n' +
          '- Jumlah pengakuan SKS antara 44 s/d 84 SKS dikenakan biaya DPP\n' +
          'sebesar Rp. 5.000.000\n' +
          '- Jumlah pengakuan SKS antara 20 s/d 43 SKS dikenakan biaya DPP\n' +
          'sebesar Rp. 7.000.000\n' +
          '- Dibawah 20 SKS, biaya DPP sama dengan dari SMA / akan masuk ke\n' +
          'jalur regular.\n' +
          '- Ketentuan pendaftaran dan registrasi per gelombang berlaku.\n' +
          '13. Biaya yang sudah dibayar, tidak dapat dikembalikan dengan alasan apapun, kecuali\n' +
          'diterima di PTN dibawah naungan Kementerian Pendidikan dan Kebudayaan jalur\n' +
          'SNMPTN dan jalur SBMPTN (tidak termasuk jalur Mandiri, Politeknik, D3 dan\n' +
          'Eksekutif). Pengurusan pengambilan biaya yang sudah di bayar dilayani maksimal 21',
        filename: 'rincian Biaya SI,TI dan BD Tahun Ajaran 2026-2027.pdf',
        sourceFile: 'rincian Biaya SI,TI dan BD Tahun Ajaran 2026-2027.pdf',
        ocrQualityScore: 0.004081632653061225,
        source: 'upload',
        lowConfidence: false
      }
    }

      at console.fn [as log] (tests/jest.setup.js:37:12)
          at Array.map (<anonymous>)

  console.log
    [NUMERIC_AUDIT] validateNumericGrounding:start { normalizedValue: '7000000', sourceChunksLength: 1, context: '' }

      at console.fn [as log] (tests/jest.setup.js:37:12)
          at Array.map (<anonymous>)

  console.log
    [NUMERIC_AUDIT] chunk {
      textPreview: 'a. Dana Pendidikan Pokok (DPP)\n' +
        '- Jumlah pengakuan SKS antara 85 s/d 100 SKS dike',
      repairedPreview: 'a. Dana Pendidikan Pokok  DPP - Jumlah pengakuan SKS antara 85 s d 100 SKS diken',
      digitsOnly: '85100450000044845000000204370000002013321',
      digitsOnlyRepaired: '85100450000044845000000204370000002013321',
      fname: 'rincian Biaya SI,TI dan BD Tahun Ajaran 2026-2027.pdf',
      sourceFile: 'rincian Biaya SI,TI dan BD Tahun Ajaran 2026-2027.pdf',
      isOfficialDoc: true,
      ocrQuality: 0.004081632653061225
    }

      at console.fn [as log] (tests/jest.setup.js:37:12)
          at Array.map (<anonymous>)

  console.log
    [NUMERIC_AUDIT] parseAttempts {
      tokens: [
        'Rp. 4.500.000 ', 'Rp. 5.000.000 ',
        'Rp. 7.000.000 ', '85 ',
        '100 ',           '4.500.000 ',
        '44 ',            '84 ',
        '5.000.000 ',     '20 ',
        '43 ',            '7.000.000 ',
        '20 ',            '13. ',
        '3 ',             '21'
      ],
      parsedAttempts: [
        4500000, 5000000, 7000000,
             85,     100, 4500000,
             44,      84, 5000000,
             20,      43, 7000000,
             20,      13,       3,
             21
      ]
    }

      at console.fn [as log] (tests/jest.setup.js:37:12)
          at Array.map (<anonymous>)

  console.log
    [NUMERIC_AUDIT] matchedFoundIn-parse {
      fname: 'rincian Biaya SI,TI dan BD Tahun Ajaran 2026-2027.pdf',
      token: 'Rp. 7.000.000 ',
      numericNormalized: 7000000
    }

      at console.fn [as log] (tests/jest.setup.js:37:12)
          at Array.map (<anonymous>)

  console.log
    [NUMERIC_AUDIT] finalDecision {
      foundInCount: 1,
      officialSourcesCount: 1,
      firstFoundInOcrQuality: 0.004081632653061225,
      firstFoundInIsOfficial: true
    }

      at console.fn [as log] (tests/jest.setup.js:37:12)
          at Array.map (<anonymous>)

  console.log
    [NUMERIC_AUDIT] returnReason found_in_official

      at console.fn [as log] (tests/jest.setup.js:37:12)
          at Array.map (<anonymous>)

  console.log
    [TRACE_PARSE_CHUNK_3_VALIDATION] {
      filename: 'rincian Biaya SI,TI dan BD Tahun Ajaran 2026-2027.pdf',
      chunkId: '0e2f1b54-9317-49c3-a4b8-9adc9e3f596e',
      isValid: true,
      feeStruct: {
        program: null,
        wave: '1A',
        waveGroup: '1',
        academicYear: null,
        registrationFee: null,
        dpp: 'Rp 7.000.000',
        dppDiscount: null,
        registrationDiscount: null,
        ukt: null,
        scholarship: null,
        isGlobalDiscount: false
      }
    }

      at console.fn [as log] (tests/jest.setup.js:37:12)
          at Array.map (<anonymous>)

  console.log
    [TRACE_PARSE_FEE_RESULT] {
      filename: 'rincian Biaya SI,TI dan BD Tahun Ajaran 2026-2027.pdf',
      chunkId: '0e2f1b54-9317-49c3-a4b8-9adc9e3f596e',
      feeStruct: {
        program: null,
        wave: '1A',
        waveGroup: '1',
        academicYear: null,
        registrationFee: null,
        dpp: 'Rp 7.000.000',
        registrationDiscount: null,
        dppDiscount: null,
        ukt: null,
        scholarship: null,
        isGlobalDiscount: false
      }
    }

      at console.fn [as log] (tests/jest.setup.js:37:12)
          at Array.map (<anonymous>)

  console.log
    [TRACE_PARSE_CHUNK_1_INPUT] {
      filename: 'rincian Biaya SI,TI dan BD Tahun Ajaran 2026-2027.pdf',
      chunkId: 'de0c842b-0051-4c45-b7c3-883d16aea288',
      isGlobalDiscount: false,
      queryProgram: 'SI',
      entProgram: null,
      queryWave: '1A',
      entWave: null,
      queryWaveGroup: '1',
      entWaveGroup: null,
      queryAcademicYear: null,
      entAcademicYear: null,
      chunkPreview: 'b. Dana Pendidikan Pokok (DPP):\n' +
        '- Bagi Mahasiswa Renim/aktif kembali tidak dikenakan biaya DPP, Jas\n'
    }

      at console.fn [as log] (tests/jest.setup.js:37:12)
          at Array.map (<anonymous>)

  console.log
    [TRACE_PARSE_CHUNK_BYPASS_1] {
      filename: 'rincian Biaya SI,TI dan BD Tahun Ajaran 2026-2027.pdf',
      reason: 'program_mismatch_bypassed_due_to_fee_header',
      queryProgram: 'SI',
      entProgram: null
    }

      at console.fn [as log] (tests/jest.setup.js:37:12)
          at Array.map (<anonymous>)

  console.log
    TRACE_WAVE_SECTION_FOUND {
      filename: 'rincian Biaya SI,TI dan BD Tahun Ajaran 2026-2027.pdf',
      wavePattern: '(?:1A|1|I)',
      sectionLinesCount: 1
    }

      at console.fn [as log] (tests/jest.setup.js:37:12)
          at Array.map (<anonymous>)

  console.log
    TRACE_WAVE_SECTION_LINES {
      filename: 'rincian Biaya SI,TI dan BD Tahun Ajaran 2026-2027.pdf',
      lines: [
        'b. Dana Pendidikan Pokok  DPP - Bagi Mahasiswa Renim aktif kembali tidak dikenakan biaya DPP, Jas Almamater dan GMTI. - D3, dari ITB STIKOM Bali dikenakan Rp. 3.000.000, sedangkan dari PT lain Rp. 4.500.000 - D2, dari Group ITB STIKOM BALI BISMA, LPBA, LPBAI, POLTEK GANESHA, POLNAS DENPASAR  Rp. 4.000.000 sedangkan dari PT lain Rp. 5.000.000 - DI, dari ITB STIKOM Bali Group BISMA, LPBA, LPBAI, POLTEK GANESHA, POLNAS  Rp. 5.000.000 sedangkan dari PT lain Rp. 7.000.000 Catatan penentuan D1, D2 dan D3 tergantung dari jumlah SKS yang diakui di ITB'
      ]
    }

      at console.fn [as log] (tests/jest.setup.js:37:12)
          at Array.map (<anonymous>)

  console.log
    TRACE_WAVE_MONEY_SELECTED {
      keyword: '(?<!\\b(?:potongan|diskon)\\s+)(?:dana\\s+pendidikan\\s+pokok|dpp)[^\\n]{0,120}?([0-9][0-9\\s\\.,]{1,40})',
      candidates: [
        {
          token: '3,',
          candParsed: 'Rp 3',
          candDigits: 3,
          hasSeparator: true,
          index: 121
        },
        {
          token: '3.000.000,',
          candParsed: 'Rp 3.000.000',
          candDigits: 3000000,
          hasSeparator: true,
          index: 159
        },
        {
          token: '4.500.000',
          candParsed: 'Rp 4.500.000',
          candDigits: 4500000,
          hasSeparator: true,
          index: 197
        },
        {
          token: '2,',
          candParsed: 'Rp 2',
          candDigits: 2,
          hasSeparator: true,
          index: 210
        },
        {
          token: '4.000.000',
          candParsed: 'Rp 4.000.000',
          candDigits: 4000000,
          hasSeparator: true,
          index: 297
        },
        {
          token: '5.000.000',
          candParsed: 'Rp 5.000.000',
          candDigits: 5000000,
          hasSeparator: true,
          index: 334
        },
        {
          token: '5.000.000',
          candParsed: 'Rp 5.000.000',
          candDigits: 5000000,
          hasSeparator: true,
          index: 425
        },
        {
          token: '7.000.000',
          candParsed: 'Rp 7.000.000',
          candDigits: 7000000,
          hasSeparator: true,
          index: 462
        },
        {
          token: '1,',
          candParsed: 'Rp 1',
          candDigits: 1,
          hasSeparator: true,
          index: 491
        },
        {
          token: '2',
          candParsed: 'Rp 2',
          candDigits: 2,
          hasSeparator: false,
          index: 495
        },
        {
          token: '3',
          candParsed: 'Rp 3',
          candDigits: 3,
          hasSeparator: false,
          index: 502
        }
      ],
      discardedPercents: [],
      selected: 'Rp 7.000.000',
      reason: 'line_level_best'
    }

      at console.fn [as log] (tests/jest.setup.js:37:12)
          at Array.map (<anonymous>)

  console.log
    TRACE_WAVE_MONEY_CANDIDATES {
      filename: 'rincian Biaya SI,TI dan BD Tahun Ajaran 2026-2027.pdf',
      candidateDpp: 'Rp 7.000.000'
    }

      at console.fn [as log] (tests/jest.setup.js:37:12)
          at Array.map (<anonymous>)

  console.log
    [TRACE_PARSE_CHUNK_2_MONEY] {
      filename: 'rincian Biaya SI,TI dan BD Tahun Ajaran 2026-2027.pdf',
      registrationFee: null,
      dpp: 'Rp 7.000.000',
      dppDiscount: null,
      registrationDiscount: null,
      ukt: null,
      scholarship: null
    }

      at console.fn [as log] (tests/jest.setup.js:37:12)
          at Array.map (<anonymous>)

  console.log
    [TRACE_PARSE_CHUNK_4_COST_PRESENCE] {
      filename: 'rincian Biaya SI,TI dan BD Tahun Ajaran 2026-2027.pdf',
      registrationFee: false,
      dpp: true,
      dppDiscount: false,
      registrationDiscount: false,
      ukt: false,
      scholarship: false,
      hasAnyCost: 'Rp 7.000.000'
    }

      at console.fn [as log] (tests/jest.setup.js:37:12)
          at Array.map (<anonymous>)

  console.log
    RAW_CHUNK_TEXT {
      filename: 'rincian Biaya SI,TI dan BD Tahun Ajaran 2026-2027.pdf',
      chunk: 'b. Dana Pendidikan Pokok (DPP):\n' +
        '- Bagi Mahasiswa Renim/aktif kembali tidak dikenakan biaya DPP, Jas\n' +
        'Almamater dan GMTI.\n' +
        '-\n' +
        'D3,\n' +
        'dari\n' +
        'ITB\n' +
        'STIKOM\n' +
        'Bali\n' +
        'dikenakan\n' +
        'Rp.\n' +
        '3.000.000,\n' +
        'sedangkan\n' +
        'dari\n' +
        'PT lain Rp. 4.500.000\n' +
        '-\n' +
        'D2,\n' +
        'dari\n' +
        'Group\n' +
        'ITB\n' +
        'STIKOM\n' +
        'BALI\n' +
        '(BISMA,\n' +
        'LPBA,\n' +
        'LPBAI,\n' +
        'POLTEK GANESHA, POLNAS DENPASAR) Rp. 4.000.000\n' +
        'sedangkan dari PT lain Rp. 5.000.000\n' +
        '-\n' +
        'DI,\n' +
        'dari\n' +
        'ITB\n' +
        'STIKOM\n' +
        'Bali\n' +
        'Group\n' +
        '(BISMA,\n' +
        'LPBA,\n' +
        'LPBAI,\n' +
        'POLTEK\n' +
        'GANESHA, POLNAS) Rp. 5.000.000 sedangkan dari PT lain Rp.\n' +
        '7.000.000\n' +
        'Catatan\n' +
        'penentuan\n' +
        'D1,\n' +
        'D2\n' +
        'dan\n' +
        'D3\n' +
        'tergantung\n' +
        'dari\n' +
        'jumlah\n' +
        'SKS\n' +
        'yang\n' +
        'diakui\n' +
        'di\n' +
        'ITB'
    }

      at console.fn [as log] (tests/jest.setup.js:37:12)
          at Array.map (<anonymous>)

  console.log
    PARSED_FIELDS {
      registrationFeeRaw: null,
      registrationFee: null,
      registrationFeeDigits: null,
      dppRaw: '3.000.000,',
      dpp: 'Rp 7.000.000',
      dppDigits: '7000000',
      registrationDiscountRaw: null,
      registrationDiscount: null,
      registrationDiscountDigits: null,
      dppDiscountRaw: null,
      dppDiscount: null,
      dppDiscountDigits: null,
      uktRaw: null,
      ukt: null,
      scholarshipRaw: null,
      scholarship: null
    }

      at console.fn [as log] (tests/jest.setup.js:37:12)
          at Array.map (<anonymous>)

  console.log
    [VALIDATE_PARSED_FEE_STRUCT_INPUT] {
      chunkObjKeys: [
        'id',              'trainingId',
        'chunk',           'chunkHash',
        'sectionTitle',    'chunkType',
        'lowConfidence',   'ocrQualityScore',
        'embedding',       'source',
        'createdAt',       'updatedAt',
        'divisionKey',     'filename',
        'sourceFile',      'fileHash',
        'trainingVersion', 'uploadedById',
        'program',         'programName',
        'programAliases',  'wave',
        'academicYear',    'partner',
        'campus',          'jalur',
        'feeType',         'category',
        'pageNumber',      'docCategory'
      ],
      chunkObjOcrQualityScore: 0.004081632653061225,
      chunkObjFilename: 'rincian Biaya SI,TI dan BD Tahun Ajaran 2026-2027.pdf',
      chunkObjSource: 'upload'
    }

      at console.fn [as log] (tests/jest.setup.js:37:12)
          at Array.map (<anonymous>)

  console.log
    [VALIDATE_PARSED_FEE_STRUCT_PASS_THROUGH] {
      field: 'dpp',
      sourceChunkForValidation: {
        chunk: 'b. Dana Pendidikan Pokok (DPP):\n' +
          '- Bagi Mahasiswa Renim/aktif kembali tidak dikenakan biaya DPP, Jas\n' +
          'Almamater dan GMTI.\n' +
          '-\n' +
          'D3,\n' +
          'dari\n' +
          'ITB\n' +
          'STIKOM\n' +
          'Bali\n' +
          'dikenakan\n' +
          'Rp.\n' +
          '3.000.000,\n' +
          'sedangkan\n' +
          'dari\n' +
          'PT lain Rp. 4.500.000\n' +
          '-\n' +
          'D2,\n' +
          'dari\n' +
          'Group\n' +
          'ITB\n' +
          'STIKOM\n' +
          'BALI\n' +
          '(BISMA,\n' +
          'LPBA,\n' +
          'LPBAI,\n' +
          'POLTEK GANESHA, POLNAS DENPASAR) Rp. 4.000.000\n' +
          'sedangkan dari PT lain Rp. 5.000.000\n' +
          '-\n' +
          'DI,\n' +
          'dari\n' +
          'ITB\n' +
          'STIKOM\n' +
          'Bali\n' +
          'Group\n' +
          '(BISMA,\n' +
          'LPBA,\n' +
          'LPBAI,\n' +
          'POLTEK\n' +
          'GANESHA, POLNAS) Rp. 5.000.000 sedangkan dari PT lain Rp.\n' +
          '7.000.000\n' +
          'Catatan\n' +
          'penentuan\n' +
          'D1,\n' +
          'D2\n' +
          'dan\n' +
          'D3\n' +
          'tergantung\n' +
          'dari\n' +
          'jumlah\n' +
          'SKS\n' +
          'yang\n' +
          'diakui\n' +
          'di\n' +
          'ITB',
        filename: 'rincian Biaya SI,TI dan BD Tahun Ajaran 2026-2027.pdf',
        sourceFile: 'rincian Biaya SI,TI dan BD Tahun Ajaran 2026-2027.pdf',
        ocrQualityScore: 0.004081632653061225,
        source: 'upload',
        lowConfidence: false
      }
    }

      at console.fn [as log] (tests/jest.setup.js:37:12)
          at Array.map (<anonymous>)

  console.log
    [NUMERIC_AUDIT] validateNumericGrounding:start { normalizedValue: '7000000', sourceChunksLength: 1, context: '' }

      at console.fn [as log] (tests/jest.setup.js:37:12)
          at Array.map (<anonymous>)

  console.log
    [NUMERIC_AUDIT] chunk {
      textPreview: 'b. Dana Pendidikan Pokok (DPP):\n' +
        '- Bagi Mahasiswa Renim/aktif kembali tidak diken',
      repairedPreview: 'b. Dana Pendidikan Pokok  DPP - Bagi Mahasiswa Renim aktif kembali tidak dikenak',
      digitsOnly: '33000000450000024000000500000050000007000000123',
      digitsOnlyRepaired: '33000000450000024000000500000050000007000000123',
      fname: 'rincian Biaya SI,TI dan BD Tahun Ajaran 2026-2027.pdf',
      sourceFile: 'rincian Biaya SI,TI dan BD Tahun Ajaran 2026-2027.pdf',
      isOfficialDoc: true,
      ocrQuality: 0.004081632653061225
    }

      at console.fn [as log] (tests/jest.setup.js:37:12)
          at Array.map (<anonymous>)

  console.log
    [NUMERIC_AUDIT] parseAttempts {
      tokens: [
        'Rp. 3.000.000, ', 'Rp. 4.500.000 ',
        'Rp. 4.000.000 ',  'Rp. 5.000.000 ',
        'Rp. 5.000.000 ',  'Rp. 7.000.000 ',
        '3, ',             '3.000.000, ',
        '4.500.000 ',      '2, ',
        '4.000.000 ',      '5.000.000 ',
        '5.000.000 ',      '7.000.000 ',
        '1, ',             '2 ',
        '3 '
      ],
      parsedAttempts: [
        3000000, 4500000, 4000000,
        5000000, 5000000, 7000000,
              3, 3000000, 4500000,
              2, 4000000, 5000000,
        5000000, 7000000,       1,
              2,       3
      ]
    }

      at console.fn [as log] (tests/jest.setup.js:37:12)
          at Array.map (<anonymous>)

  console.log
    [NUMERIC_AUDIT] matchedFoundIn-parse {
      fname: 'rincian Biaya SI,TI dan BD Tahun Ajaran 2026-2027.pdf',
      token: 'Rp. 7.000.000 ',
      numericNormalized: 7000000
    }

      at console.fn [as log] (tests/jest.setup.js:37:12)
          at Array.map (<anonymous>)

  console.log
    [NUMERIC_AUDIT] finalDecision {
      foundInCount: 1,
      officialSourcesCount: 1,
      firstFoundInOcrQuality: 0.004081632653061225,
      firstFoundInIsOfficial: true
    }

      at console.fn [as log] (tests/jest.setup.js:37:12)
          at Array.map (<anonymous>)

  console.log
    [NUMERIC_AUDIT] returnReason found_in_official

      at console.fn [as log] (tests/jest.setup.js:37:12)
          at Array.map (<anonymous>)

  console.log
    [TRACE_PARSE_CHUNK_3_VALIDATION] {
      filename: 'rincian Biaya SI,TI dan BD Tahun Ajaran 2026-2027.pdf',
      chunkId: 'de0c842b-0051-4c45-b7c3-883d16aea288',
      isValid: true,
      feeStruct: {
        program: null,
        wave: '1A',
        waveGroup: '1',
        academicYear: null,
        registrationFee: null,
        dpp: 'Rp 7.000.000',
        dppDiscount: null,
        registrationDiscount: null,
        ukt: null,
        scholarship: null,
        isGlobalDiscount: false
      }
    }

      at console.fn [as log] (tests/jest.setup.js:37:12)
          at Array.map (<anonymous>)

  console.log
    [TRACE_PARSE_FEE_RESULT] {
      filename: 'rincian Biaya SI,TI dan BD Tahun Ajaran 2026-2027.pdf',
      chunkId: 'de0c842b-0051-4c45-b7c3-883d16aea288',
      feeStruct: {
        program: null,
        wave: '1A',
        waveGroup: '1',
        academicYear: null,
        registrationFee: null,
        dpp: 'Rp 7.000.000',
        registrationDiscount: null,
        dppDiscount: null,
        ukt: null,
        scholarship: null,
        isGlobalDiscount: false
      }
    }

      at console.fn [as log] (tests/jest.setup.js:37:12)
          at Array.map (<anonymous>)

  console.log
    [TRACE_PARSE_CHUNK_1_INPUT] {
      filename: 'rincian Biaya SI,TI dan BD Tahun Ajaran 2026-2027.pdf',
      chunkId: 'caabea12-6ff4-4938-84be-ecbaf28d7288',
      isGlobalDiscount: false,
      queryProgram: 'SI',
      entProgram: null,
      queryWave: '1A',
      entWave: null,
      queryWaveGroup: '1',
      entWaveGroup: null,
      queryAcademicYear: null,
      entAcademicYear: null,
      chunkPreview: 'No. Jenis Biaya Rp ΓÇÿWaktu Pembayaran\n' +
        '1. Pendaftaran 500.000 Pada Saat Daftar\n' +
        '2. Dana Pendidikan Poko'
    }

      at console.fn [as log] (tests/jest.setup.js:37:12)
          at Array.map (<anonymous>)

  console.log
    [TRACE_PARSE_CHUNK_BYPASS_1] {
      filename: 'rincian Biaya SI,TI dan BD Tahun Ajaran 2026-2027.pdf',
      reason: 'program_mismatch_bypassed_due_to_fee_header',
      queryProgram: 'SI',
      entProgram: null
    }

      at console.fn [as log] (tests/jest.setup.js:37:12)
          at Array.map (<anonymous>)

  console.log
    TRACE_FIND_MONEY {
      keyword: '(?<!\\b(?:potongan|diskon)\\s+)(?:biaya\\s+pendaftaran|pendaftaran|registrasi)[^\\n]{0,120}?([0-9][0-9\\s\\.,]{1,40})',
      candidates: [
        {
          token: '1.',
          candParsed: 'Rp 1',
          candDigits: 1,
          hasSeparator: true,
          index: 37
        },
        {
          token: '500.000',
          candParsed: 'Rp 500.000',
          candDigits: 500000,
          hasSeparator: true,
          index: 52
        },
        {
          token: '2.',
          candParsed: 'Rp 2',
          candDigits: 2,
          hasSeparator: true,
          index: 77
        },
        {
          token: '14.000.000',
          candParsed: 'Rp 14.000.000',
          candDigits: 14000000,
          hasSeparator: true,
          index: 102
        },
        {
          token: '1 3.',
          candParsed: 'Rp 13',
          candDigits: 13,
          hasSeparator: true,
          index: 137
        },
        {
          token: '750.000',
          candParsed: 'Rp 750.000',
          candDigits: 750000,
          hasSeparator: true,
          index: 161
        },
        {
          token: '4.',
          candParsed: 'Rp 4',
          candDigits: 4,
          hasSeparator: true,
          index: 187
        },
        {
          token: '750.000',
          candParsed: 'Rp 750.000',
          candDigits: 750000,
          hasSeparator: true,
          index: 206
        },
        {
          token: '1',
          candParsed: 'Rp 1',
          candDigits: 1,
          hasSeparator: false,
          index: 307
        },
        {
          token: '2',
          candParsed: 'Rp 2',
          candDigits: 2,
          hasSeparator: false,
          index: 317
        }
      ],
      discardedPercents: [],
      selected: 'Rp 14.000.000',
      reason: 'line_level_best'
    }

      at console.fn [as log] (tests/jest.setup.js:37:12)
          at Array.reduce (<anonymous>)
          at Array.map (<anonymous>)

  console.log
    [TRACE_VALIDATE_REGISTRATION_PROXIMITY_FAIL] {
      filename: 'rincian Biaya SI,TI dan BD Tahun Ajaran 2026-2027.pdf',
      registrationFee: 'Rp 14.000.000'
    }

      at console.fn [as log] (tests/jest.setup.js:37:12)
          at Array.map (<anonymous>)

  console.log
    TRACE_WAVE_SECTION_FOUND {
      filename: 'rincian Biaya SI,TI dan BD Tahun Ajaran 2026-2027.pdf',
      wavePattern: '(?:1A|1|I)',
      sectionLinesCount: 1
    }

      at console.fn [as log] (tests/jest.setup.js:37:12)
          at Array.map (<anonymous>)

  console.log
    TRACE_WAVE_SECTION_LINES {
      filename: 'rincian Biaya SI,TI dan BD Tahun Ajaran 2026-2027.pdf',
      lines: [
        'No. Jenis Biaya Rp  Waktu Pembayaran 1. Pendaftaran 500.000 Pada Saat Daftar 2. Dana Pendidikan Pokok 14.000.000 Dicicil Per Bln s.d UTS-1 3. Jas Alamater, Topi 750.000 Saat Registrasi I 4. Kaos, Tas, GMTI 750.000 Saat Registrasi I 5. Biaya Pendidikan Per Semester 6.500.000 Menjelang Perwalian Kecuali Reg 1 Dicicil 2 Kali s d UTS'
      ]
    }

      at console.fn [as log] (tests/jest.setup.js:37:12)
          at Array.map (<anonymous>)

  console.log
    TRACE_WAVE_MONEY_SELECTED {
      keyword: '(?<!\\b(?:potongan|diskon)\\s+)(?:dana\\s+pendidikan\\s+pokok|dpp)[^\\n]{0,120}?([0-9][0-9\\s\\.,]{1,40})',
      candidates: [
        {
          token: '1.',
          candParsed: 'Rp 1',
          candDigits: 1,
          hasSeparator: true,
          index: 37
        },
        {
          token: '500.000',
          candParsed: 'Rp 500.000',
          candDigits: 500000,
          hasSeparator: true,
          index: 52
        },
        {
          token: '2.',
          candParsed: 'Rp 2',
          candDigits: 2,
          hasSeparator: true,
          index: 77
        },
        {
          token: '14.000.000',
          candParsed: 'Rp 14.000.000',
          candDigits: 14000000,
          hasSeparator: true,
          index: 102
        },
        {
          token: '1 3.',
          candParsed: 'Rp 13',
          candDigits: 13,
          hasSeparator: true,
          index: 137
        },
        {
          token: '750.000',
          candParsed: 'Rp 750.000',
          candDigits: 750000,
          hasSeparator: true,
          index: 161
        },
        {
          token: '4.',
          candParsed: 'Rp 4',
          candDigits: 4,
          hasSeparator: true,
          index: 187
        },
        {
          token: '750.000',
          candParsed: 'Rp 750.000',
          candDigits: 750000,
          hasSeparator: true,
          index: 206
        },
        {
          token: '1',
          candParsed: 'Rp 1',
          candDigits: 1,
          hasSeparator: false,
          index: 307
        },
        {
          token: '2',
          candParsed: 'Rp 2',
          candDigits: 2,
          hasSeparator: false,
          index: 317
        }
      ],
      discardedPercents: [],
      selected: 'Rp 14.000.000',
      reason: 'line_level_best'
    }

      at console.fn [as log] (tests/jest.setup.js:37:12)
          at Array.map (<anonymous>)

  console.log
    TRACE_WAVE_MONEY_CANDIDATES {
      filename: 'rincian Biaya SI,TI dan BD Tahun Ajaran 2026-2027.pdf',
      candidateDpp: 'Rp 14.000.000'
    }

      at console.fn [as log] (tests/jest.setup.js:37:12)
          at Array.map (<anonymous>)

  console.log
    [TRACE_PARSE_CHUNK_2_MONEY] {
      filename: 'rincian Biaya SI,TI dan BD Tahun Ajaran 2026-2027.pdf',
      registrationFee: null,
      dpp: 'Rp 14.000.000',
      dppDiscount: null,
      registrationDiscount: null,
      ukt: null,
      scholarship: null
    }

      at console.fn [as log] (tests/jest.setup.js:37:12)
          at Array.map (<anonymous>)

  console.log
    [TRACE_PARSE_CHUNK_4_COST_PRESENCE] {
      filename: 'rincian Biaya SI,TI dan BD Tahun Ajaran 2026-2027.pdf',
      registrationFee: false,
      dpp: true,
      dppDiscount: false,
      registrationDiscount: false,
      ukt: false,
      scholarship: false,
      hasAnyCost: 'Rp 14.000.000'
    }

      at console.fn [as log] (tests/jest.setup.js:37:12)
          at Array.map (<anonymous>)

  console.log
    RAW_CHUNK_TEXT {
      filename: 'rincian Biaya SI,TI dan BD Tahun Ajaran 2026-2027.pdf',
      chunk: 'No. Jenis Biaya Rp ΓÇÿWaktu Pembayaran\n' +
        '1. Pendaftaran 500.000 Pada Saat Daftar\n' +
        '2. Dana Pendidikan Pokok 14.000.000 Dicicil Per Bln s.d UTS-1\n' +
        '3. Jas Alamater, Topi 750.000 Saat Registrasi I\n' +
        '4. Kaos, Tas, GMTI 750.000 Saat Registrasi I\n' +
        '5. Biaya Pendidikan Per Semester 6.500.000 Menjelang Perwalian Kecuali\n' +
        'Reg 1 Dicicil 2 Kali s/d UTS'
    }

      at console.fn [as log] (tests/jest.setup.js:37:12)
          at Array.map (<anonymous>)

  console.log
    PARSED_FIELDS {
      registrationFeeRaw: '14.000.000',
      registrationFee: null,
      registrationFeeDigits: null,
      dppRaw: '14.000.000',
      dpp: 'Rp 14.000.000',
      dppDigits: '14000000',
      registrationDiscountRaw: null,
      registrationDiscount: null,
      registrationDiscountDigits: null,
      dppDiscountRaw: null,
      dppDiscount: null,
      dppDiscountDigits: null,
      uktRaw: null,
      ukt: null,
      scholarshipRaw: null,
      scholarship: null
    }

      at console.fn [as log] (tests/jest.setup.js:37:12)
          at Array.map (<anonymous>)

  console.log
    [VALIDATE_PARSED_FEE_STRUCT_INPUT] {
      chunkObjKeys: [
        'id',              'trainingId',
        'chunk',           'chunkHash',
        'sectionTitle',    'chunkType',
        'lowConfidence',   'ocrQualityScore',
        'embedding',       'source',
        'createdAt',       'updatedAt',
        'divisionKey',     'filename',
        'sourceFile',      'fileHash',
        'trainingVersion', 'uploadedById',
        'program',         'programName',
        'programAliases',  'wave',
        'academicYear',    'partner',
        'campus',          'jalur',
        'feeType',         'category',
        'pageNumber',      'docCategory'
      ],
      chunkObjOcrQualityScore: 0.004081632653061225,
      chunkObjFilename: 'rincian Biaya SI,TI dan BD Tahun Ajaran 2026-2027.pdf',
      chunkObjSource: 'upload'
    }

      at console.fn [as log] (tests/jest.setup.js:37:12)
          at Array.map (<anonymous>)

  console.log
    [VALIDATE_PARSED_FEE_STRUCT_PASS_THROUGH] {
      field: 'dpp',
      sourceChunkForValidation: {
        chunk: 'No. Jenis Biaya Rp ΓÇÿWaktu Pembayaran\n' +
          '1. Pendaftaran 500.000 Pada Saat Daftar\n' +
          '2. Dana Pendidikan Pokok 14.000.000 Dicicil Per Bln s.d UTS-1\n' +
          '3. Jas Alamater, Topi 750.000 Saat Registrasi I\n' +
          '4. Kaos, Tas, GMTI 750.000 Saat Registrasi I\n' +
          '5. Biaya Pendidikan Per Semester 6.500.000 Menjelang Perwalian Kecuali\n' +
          'Reg 1 Dicicil 2 Kali s/d UTS',
        filename: 'rincian Biaya SI,TI dan BD Tahun Ajaran 2026-2027.pdf',
        sourceFile: 'rincian Biaya SI,TI dan BD Tahun Ajaran 2026-2027.pdf',
        ocrQualityScore: 0.004081632653061225,
        source: 'upload',
        lowConfidence: false
      }
    }

      at console.fn [as log] (tests/jest.setup.js:37:12)
          at Array.map (<anonymous>)

  console.log
    [NUMERIC_AUDIT] validateNumericGrounding:start { normalizedValue: '14000000', sourceChunksLength: 1, context: '' }

      at console.fn [as log] (tests/jest.setup.js:37:12)
          at Array.map (<anonymous>)

  console.log
    [NUMERIC_AUDIT] chunk {
      textPreview: 'No. Jenis Biaya Rp ΓÇÿWaktu Pembayaran\n' +
        '1. Pendaftaran 500.000 Pada Saat Daftar\n' +
        '2. ',
      repairedPreview: 'No. Jenis Biaya Rp  Waktu Pembayaran 1. Pendaftaran 500.000 Pada Saat Daftar 2. ',
      digitsOnly: '15000002140000001375000047500005650000012',
      digitsOnlyRepaired: '15000002140000001375000047500005650000012',
      fname: 'rincian Biaya SI,TI dan BD Tahun Ajaran 2026-2027.pdf',
      sourceFile: 'rincian Biaya SI,TI dan BD Tahun Ajaran 2026-2027.pdf',
      isOfficialDoc: true,
      ocrQuality: 0.004081632653061225
    }

      at console.fn [as log] (tests/jest.setup.js:37:12)
          at Array.map (<anonymous>)

  console.log
    [NUMERIC_AUDIT] parseAttempts {
      tokens: [
        'Rp  ',        '1. ',
        '500.000 ',    '2. ',
        '14.000.000 ', '1 3. ',
        '750.000 ',    '4. ',
        '750.000 ',    '5. ',
        '6.500.000 ',  '1 ',
        '2 '
      ],
      parsedAttempts: [
        null,   1,        500000,
        2,      14000000, 13,
        750000, 4,        750000,
        5,      6500000,  1,
        2
      ]
    }

      at console.fn [as log] (tests/jest.setup.js:37:12)
          at Array.map (<anonymous>)

  console.log
    [NUMERIC_AUDIT] matchedFoundIn-parse {
      fname: 'rincian Biaya SI,TI dan BD Tahun Ajaran 2026-2027.pdf',
      token: '14.000.000 ',
      numericNormalized: 14000000
    }

      at console.fn [as log] (tests/jest.setup.js:37:12)
          at Array.map (<anonymous>)

  console.log
    [NUMERIC_AUDIT] finalDecision {
      foundInCount: 1,
      officialSourcesCount: 1,
      firstFoundInOcrQuality: 0.004081632653061225,
      firstFoundInIsOfficial: true
    }

      at console.fn [as log] (tests/jest.setup.js:37:12)
          at Array.map (<anonymous>)

  console.log
    [NUMERIC_AUDIT] returnReason found_in_official

      at console.fn [as log] (tests/jest.setup.js:37:12)
          at Array.map (<anonymous>)

  console.log
    [TRACE_PARSE_CHUNK_3_VALIDATION] {
      filename: 'rincian Biaya SI,TI dan BD Tahun Ajaran 2026-2027.pdf',
      chunkId: 'caabea12-6ff4-4938-84be-ecbaf28d7288',
      isValid: true,
      feeStruct: {
        program: null,
        wave: '1A',
        waveGroup: '1',
        academicYear: null,
        registrationFee: null,
        dpp: 'Rp 14.000.000',
        dppDiscount: null,
        registrationDiscount: null,
        ukt: null,
        scholarship: null,
        isGlobalDiscount: false
      }
    }

      at console.fn [as log] (tests/jest.setup.js:37:12)
          at Array.map (<anonymous>)

  console.log
    [TRACE_PARSE_FEE_RESULT] {
      filename: 'rincian Biaya SI,TI dan BD Tahun Ajaran 2026-2027.pdf',
      chunkId: 'caabea12-6ff4-4938-84be-ecbaf28d7288',
      feeStruct: {
        program: null,
        wave: '1A',
        waveGroup: '1',
        academicYear: null,
        registrationFee: null,
        dpp: 'Rp 14.000.000',
        registrationDiscount: null,
        dppDiscount: null,
        ukt: null,
        scholarship: null,
        isGlobalDiscount: false
      }
    }

      at console.fn [as log] (tests/jest.setup.js:37:12)
          at Array.map (<anonymous>)

  console.log
    [TRACE_PARSE_CHUNK_1_INPUT] {
      filename: 'rincian Biaya SI,TI dan BD Tahun Ajaran 2026-2027.pdf',
      chunkId: '3c5b4175-a9d4-48c2-9b75-b05ebe46dbbf',
      isGlobalDiscount: true,
      queryProgram: 'SI',
      entProgram: null,
      queryWave: '1A',
      entWave: null,
      queryWaveGroup: '1',
      entWaveGroup: null,
      queryAcademicYear: null,
      entAcademicYear: null,
      chunkPreview: 'STIKOM Bali dengan ketentuan :\n' +
        '- D3 : antara 85 s/d 100 SKS\n' +
        '- D2 :antara 44 s/d 84 SKS\n' +
        '- D1 : antara'
    }

      at console.fn [as log] (tests/jest.setup.js:37:12)
          at Array.map (<anonymous>)

  console.log
    TRACE_FIND_MONEY {
      keyword: '(?<!\\b(?:potongan|diskon)\\s+)(?:biaya\\s+pendaftaran|pendaftaran|registrasi)[^\\n]{0,120}?([0-9][0-9\\s\\.,]{1,40})',
      candidates: [
        {
          token: '3',
          candParsed: 'Rp 3',
          candDigits: 3,
          hasSeparator: false,
          index: 33
        },
        {
          token: '85',
          candParsed: 'Rp 85',
          candDigits: 85,
          hasSeparator: false,
          index: 44
        },
        {
          token: '100',
          candParsed: 'Rp 100',
          candDigits: 100,
          hasSeparator: false,
          index: 51
        },
        {
          token: '2',
          candParsed: 'Rp 2',
          candDigits: 2,
          hasSeparator: false,
          index: 62
        },
        {
          token: '44',
          candParsed: 'Rp 44',
          candDigits: 44,
          hasSeparator: false,
          index: 72
        },
        {
          token: '84',
          candParsed: 'Rp 84',
          candDigits: 84,
          hasSeparator: false,
          index: 79
        },
        {
          token: '1',
          candParsed: 'Rp 1',
          candDigits: 1,
          hasSeparator: false,
          index: 89
        },
        {
          token: '20',
          candParsed: 'Rp 20',
          candDigits: 20,
          hasSeparator: false,
          index: 100
        },
        {
          token: '43',
          candParsed: 'Rp 43',
          candDigits: 43,
          hasSeparator: false,
          index: 107
        },
        {
          token: '20',
          candParsed: 'Rp 20',
          candDigits: 20,
          hasSeparator: false,
          index: 125
        },
        {
          token: '1.000.000',
          candParsed: 'Rp 1.000.000',
          candDigits: 1000000,
          hasSeparator: true,
          index: 227
        },
        {
          token: '11.',
          candParsed: 'Rp 11',
          candDigits: 11,
          hasSeparator: true,
          index: 298
        }
      ],
      discardedPercents: [],
      selected: 'Rp 1.000.000',
      reason: 'line_level_best'
    }

      at console.fn [as log] (tests/jest.setup.js:37:12)
          at Array.reduce (<anonymous>)
          at Array.map (<anonymous>)

  console.log
    [TRACE_VALIDATE_REGISTRATION_PROXIMITY_FAIL] {
      filename: 'rincian Biaya SI,TI dan BD Tahun Ajaran 2026-2027.pdf',
      registrationFee: 'Rp 1.000.000'
    }

      at console.fn [as log] (tests/jest.setup.js:37:12)
          at Array.map (<anonymous>)

  console.log
    TRACE_WAVE_SECTION_FOUND {
      filename: 'rincian Biaya SI,TI dan BD Tahun Ajaran 2026-2027.pdf',
      wavePattern: '(?:1A|1|I)',
      sectionLinesCount: 1
    }

      at console.fn [as log] (tests/jest.setup.js:37:12)
          at Array.map (<anonymous>)

  console.log
    TRACE_WAVE_SECTION_LINES {
      filename: 'rincian Biaya SI,TI dan BD Tahun Ajaran 2026-2027.pdf',
      lines: [
        'STIKOM Bali dengan ketentuan  - D3   antara 85 s d 100 SKS - D2  antara 44 s d 84 SKS - D1   antara 20 s d 43 SKS - Di bawah 20 SKS, DPP sama dengan dari SMA, kecuali dari ITB STIKOM Bali dan Group ada potongan DPP sebesar Rp. 1.000.000 - Ketentuan pendaftaran dan registrasi per gelombang berlaku 11. Untuk Mahasiswa renim dikenakan biaya per semester sesuai dengan tahun yang bersangkutan'
      ]
    }

      at console.fn [as log] (tests/jest.setup.js:37:12)
          at Array.map (<anonymous>)

  console.log
    TRACE_WAVE_MONEY_SELECTED {
      keyword: '(?<!\\b(?:potongan|diskon)\\s+)(?:dana\\s+pendidikan\\s+pokok|dpp)[^\\n]{0,120}?([0-9][0-9\\s\\.,]{1,40})',
      candidates: [
        {
          token: '3',
          candParsed: 'Rp 3',
          candDigits: 3,
          hasSeparator: false,
          index: 33
        },
        {
          token: '85',
          candParsed: 'Rp 85',
          candDigits: 85,
          hasSeparator: false,
          index: 44
        },
        {
          token: '100',
          candParsed: 'Rp 100',
          candDigits: 100,
          hasSeparator: false,
          index: 51
        },
        {
          token: '2',
          candParsed: 'Rp 2',
          candDigits: 2,
          hasSeparator: false,
          index: 62
        },
        {
          token: '44',
          candParsed: 'Rp 44',
          candDigits: 44,
          hasSeparator: false,
          index: 72
        },
        {
          token: '84',
          candParsed: 'Rp 84',
          candDigits: 84,
          hasSeparator: false,
          index: 79
        },
        {
          token: '1',
          candParsed: 'Rp 1',
          candDigits: 1,
          hasSeparator: false,
          index: 89
        },
        {
          token: '20',
          candParsed: 'Rp 20',
          candDigits: 20,
          hasSeparator: false,
          index: 100
        },
        {
          token: '43',
          candParsed: 'Rp 43',
          candDigits: 43,
          hasSeparator: false,
          index: 107
        },
        {
          token: '20',
          candParsed: 'Rp 20',
          candDigits: 20,
          hasSeparator: false,
          index: 125
        },
        {
          token: '1.000.000',
          candParsed: 'Rp 1.000.000',
          candDigits: 1000000,
          hasSeparator: true,
          index: 227
        },
        {
          token: '11.',
          candParsed: 'Rp 11',
          candDigits: 11,
          hasSeparator: true,
          index: 298
        }
      ],
      discardedPercents: [],
      selected: 'Rp 1.000.000',
      reason: 'line_level_best'
    }

      at console.fn [as log] (tests/jest.setup.js:37:12)
          at Array.map (<anonymous>)

  console.log
    TRACE_WAVE_MONEY_CANDIDATES {
      filename: 'rincian Biaya SI,TI dan BD Tahun Ajaran 2026-2027.pdf',
      candidateDpp: 'Rp 1.000.000'
    }

      at console.fn [as log] (tests/jest.setup.js:37:12)
          at Array.map (<anonymous>)

  console.log
    [TRACE_PROVENANCE_REJECT] {
      field: 'registrationDiscount',
      value: 'Rp 1.000.000',
      chunkId: '3c5b4175-a9d4-48c2-9b75-b05ebe46dbbf',
      reason: 'disallowed_context'
    }

      at console.fn [as log] (tests/jest.setup.js:37:12)
          at Array.map (<anonymous>)

  console.log
    [TRACE_PARSE_CHUNK_2_MONEY] {
      filename: 'rincian Biaya SI,TI dan BD Tahun Ajaran 2026-2027.pdf',
      registrationFee: null,
      dpp: 'Rp 1.000.000',
      dppDiscount: null,
      registrationDiscount: null,
      ukt: null,
      scholarship: null
    }

      at console.fn [as log] (tests/jest.setup.js:37:12)
          at Array.map (<anonymous>)

  console.log
    [TRACE_PARSE_CHUNK_4_COST_PRESENCE] {
      filename: 'rincian Biaya SI,TI dan BD Tahun Ajaran 2026-2027.pdf',
      registrationFee: false,
      dpp: true,
      dppDiscount: false,
      registrationDiscount: false,
      ukt: false,
      scholarship: false,
      hasAnyCost: 'Rp 1.000.000'
    }

      at console.fn [as log] (tests/jest.setup.js:37:12)
          at Array.map (<anonymous>)

  console.log
    RAW_CHUNK_TEXT {
      filename: 'rincian Biaya SI,TI dan BD Tahun Ajaran 2026-2027.pdf',
      chunk: 'STIKOM Bali dengan ketentuan :\n' +
        '- D3 : antara 85 s/d 100 SKS\n' +
        '- D2 :antara 44 s/d 84 SKS\n' +
        '- D1 : antara 20 s/d 43 SKS\n' +
        '- Di bawah 20 SKS, DPP sama dengan dari SMA, kecuali dari ITB\n' +
        'STIKOM Bali dan Group ada potongan DPP sebesar Rp. 1.000.000\n' +
        '- Ketentuan pendaftaran dan registrasi per gelombang berlaku\n' +
        '11. Untuk Mahasiswa renim dikenakan biaya per semester sesuai dengan tahun yang\n' +
        'bersangkutan'
    }

      at console.fn [as log] (tests/jest.setup.js:37:12)
          at Array.map (<anonymous>)

  console.log
    PARSED_FIELDS {
      registrationFeeRaw: '1.000.000',
      registrationFee: null,
      registrationFeeDigits: null,
      dppRaw: '1.000.000',
      dpp: 'Rp 1.000.000',
      dppDigits: '1000000',
      registrationDiscountRaw: null,
      registrationDiscount: null,
      registrationDiscountDigits: null,
      dppDiscountRaw: '1.000.000',
      dppDiscount: null,
      dppDiscountDigits: null,
      uktRaw: null,
      ukt: null,
      scholarshipRaw: null,
      scholarship: null
    }

      at console.fn [as log] (tests/jest.setup.js:37:12)
          at Array.map (<anonymous>)

  console.log
    [VALIDATE_PARSED_FEE_STRUCT_INPUT] {
      chunkObjKeys: [
        'id',              'trainingId',
        'chunk',           'chunkHash',
        'sectionTitle',    'chunkType',
        'lowConfidence',   'ocrQualityScore',
        'embedding',       'source',
        'createdAt',       'updatedAt',
        'divisionKey',     'filename',
        'sourceFile',      'fileHash',
        'trainingVersion', 'uploadedById',
        'program',         'programName',
        'programAliases',  'wave',
        'academicYear',    'partner',
        'campus',          'jalur',
        'feeType',         'category',
        'pageNumber',      'docCategory'
      ],
      chunkObjOcrQualityScore: 0.004081632653061225,
      chunkObjFilename: 'rincian Biaya SI,TI dan BD Tahun Ajaran 2026-2027.pdf',
      chunkObjSource: 'upload'
    }

      at console.fn [as log] (tests/jest.setup.js:37:12)
          at Array.map (<anonymous>)

  console.log
    [VALIDATE_PARSED_FEE_STRUCT_PASS_THROUGH] {
      field: 'dpp',
      sourceChunkForValidation: {
        chunk: 'STIKOM Bali dengan ketentuan :\n' +
          '- D3 : antara 85 s/d 100 SKS\n' +
          '- D2 :antara 44 s/d 84 SKS\n' +
          '- D1 : antara 20 s/d 43 SKS\n' +
          '- Di bawah 20 SKS, DPP sama dengan dari SMA, kecuali dari ITB\n' +
          'STIKOM Bali dan Group ada potongan DPP sebesar Rp. 1.000.000\n' +
          '- Ketentuan pendaftaran dan registrasi per gelombang berlaku\n' +
          '11. Untuk Mahasiswa renim dikenakan biaya per semester sesuai dengan tahun yang\n' +
          'bersangkutan',
        filename: 'rincian Biaya SI,TI dan BD Tahun Ajaran 2026-2027.pdf',
        sourceFile: 'rincian Biaya SI,TI dan BD Tahun Ajaran 2026-2027.pdf',
        ocrQualityScore: 0.004081632653061225,
        source: 'upload',
        lowConfidence: false
      }
    }

      at console.fn [as log] (tests/jest.setup.js:37:12)
          at Array.map (<anonymous>)

  console.log
    [NUMERIC_AUDIT] validateNumericGrounding:start { normalizedValue: '1000000', sourceChunksLength: 1, context: '' }

      at console.fn [as log] (tests/jest.setup.js:37:12)
          at Array.map (<anonymous>)

  console.log
    [NUMERIC_AUDIT] chunk {
      textPreview: 'STIKOM Bali dengan ketentuan :\n' +
        '- D3 : antara 85 s/d 100 SKS\n' +
        '- D2 :antara 44 s/d ',
      repairedPreview: 'STIKOM Bali dengan ketentuan  - D3   antara 85 s d 100 SKS - D2  antara 44 s d 8',
      digitsOnly: '385100244841204320100000011',
      digitsOnlyRepaired: '385100244841204320100000011',
      fname: 'rincian Biaya SI,TI dan BD Tahun Ajaran 2026-2027.pdf',
      sourceFile: 'rincian Biaya SI,TI dan BD Tahun Ajaran 2026-2027.pdf',
      isOfficialDoc: true,
      ocrQuality: 0.004081632653061225
    }

      at console.fn [as log] (tests/jest.setup.js:37:12)
          at Array.map (<anonymous>)

  console.log
    [NUMERIC_AUDIT] parseAttempts {
      tokens: [
        'Rp. 1.000.000 ', '3   ',
        '85 ',            '100 ',
        '2  ',            '44 ',
        '84 ',            '1   ',
        '20 ',            '43 ',
        '20 ',            '1.000.000 ',
        '11. '
      ],
      parsedAttempts: [
        1000000,  3,      85,
            100,  2,      44,
             84,  1,      20,
             43, 20, 1000000,
             11
      ]
    }

      at console.fn [as log] (tests/jest.setup.js:37:12)
          at Array.map (<anonymous>)

  console.log
    [NUMERIC_AUDIT] matchedFoundIn-parse {
      fname: 'rincian Biaya SI,TI dan BD Tahun Ajaran 2026-2027.pdf',
      token: 'Rp. 1.000.000 ',
      numericNormalized: 1000000
    }

      at console.fn [as log] (tests/jest.setup.js:37:12)
          at Array.map (<anonymous>)

  console.log
    [NUMERIC_AUDIT] finalDecision {
      foundInCount: 1,
      officialSourcesCount: 1,
      firstFoundInOcrQuality: 0.004081632653061225,
      firstFoundInIsOfficial: true
    }

      at console.fn [as log] (tests/jest.setup.js:37:12)
          at Array.map (<anonymous>)

  console.log
    [NUMERIC_AUDIT] returnReason found_in_official

      at console.fn [as log] (tests/jest.setup.js:37:12)
          at Array.map (<anonymous>)

  console.log
    [TRACE_PARSE_CHUNK_3_VALIDATION] {
      filename: 'rincian Biaya SI,TI dan BD Tahun Ajaran 2026-2027.pdf',
      chunkId: '3c5b4175-a9d4-48c2-9b75-b05ebe46dbbf',
      isValid: true,
      feeStruct: {
        program: null,
        wave: '1A',
        waveGroup: '1',
        academicYear: null,
        registrationFee: null,
        dpp: 'Rp 1.000.000',
        dppDiscount: null,
        registrationDiscount: null,
        ukt: null,
        scholarship: null,
        isGlobalDiscount: false
      }
    }

      at console.fn [as log] (tests/jest.setup.js:37:12)
          at Array.map (<anonymous>)

  console.log
    [TRACE_PARSE_FEE_RESULT] {
      filename: 'rincian Biaya SI,TI dan BD Tahun Ajaran 2026-2027.pdf',
      chunkId: '3c5b4175-a9d4-48c2-9b75-b05ebe46dbbf',
      feeStruct: {
        program: null,
        wave: '1A',
        waveGroup: '1',
        academicYear: null,
        registrationFee: null,
        dpp: 'Rp 1.000.000',
        registrationDiscount: null,
        dppDiscount: null,
        ukt: null,
        scholarship: null,
        isGlobalDiscount: false
      }
    }

      at console.fn [as log] (tests/jest.setup.js:37:12)
          at Array.map (<anonymous>)

  console.log
    [AUDIT_PARSE_PREVIEWS] {
      count: 4,
      perChunkParsePreviews: [
        {
          id: '0e2f1b54-9317-49c3-a4b8-9adc9e3f596e',
          filename: 'rincian Biaya SI,TI dan BD Tahun Ajaran 2026-2027.pdf',
          program: null,
          registrationFee: null,
          dpp: 'Rp 7.000.000',
          registrationFeeRaw: undefined,
          dppRaw: undefined,
          dppDiscountRaw: undefined,
          registrationDiscountRaw: undefined,
          moneyCandidatesCount: 16,
          chunkPreview: 'a. Dana Pendidikan Pokok (DPP)\n' +
            '- Jumlah pengakuan SKS antara 85 s/d 100 SKS dikenakan biaya DPP\n' +
            'sebesar Rp. 4.500.000\n' +
            '- Jumlah pengakuan SKS antara 44 s/d 84 SKS dikenakan biaya DPP\n' +
            'sebesar Rp. 5.000.000\n' +
            '- Jumlah pengakuan SKS antara 20 s/d'
        },
        {
          id: 'de0c842b-0051-4c45-b7c3-883d16aea288',
          filename: 'rincian Biaya SI,TI dan BD Tahun Ajaran 2026-2027.pdf',
          program: null,
          registrationFee: null,
          dpp: 'Rp 7.000.000',
          registrationFeeRaw: undefined,
          dppRaw: undefined,
          dppDiscountRaw: undefined,
          registrationDiscountRaw: undefined,
          moneyCandidatesCount: 17,
          chunkPreview: 'b. Dana Pendidikan Pokok (DPP):\n' +
            '- Bagi Mahasiswa Renim/aktif kembali tidak dikenakan biaya DPP, Jas\n' +
            'Almamater dan GMTI.\n' +
            '-\n' +
            'D3,\n' +
            'dari\n' +
            'ITB\n' +
            'STIKOM\n' +
            'Bali\n' +
            'dikenakan\n' +
            'Rp.\n' +
            '3.000.000,\n' +
            'sedangkan\n' +
            'dari\n' +
            'PT lain Rp. 4.500.000\n' +
            '-\n' +
            'D2,\n' +
            'dari\n' +
            'Group\n' +
            'ITB\n' +
            'STIKOM\n' +
            'BAL'
        },
        {
          id: 'caabea12-6ff4-4938-84be-ecbaf28d7288',
          filename: 'rincian Biaya SI,TI dan BD Tahun Ajaran 2026-2027.pdf',
          program: null,
          registrationFee: null,
          dpp: 'Rp 14.000.000',
          registrationFeeRaw: undefined,
          dppRaw: undefined,
          dppDiscountRaw: undefined,
          registrationDiscountRaw: undefined,
          moneyCandidatesCount: 12,
          chunkPreview: 'No. Jenis Biaya Rp ΓÇÿWaktu Pembayaran\n' +
            '1. Pendaftaran 500.000 Pada Saat Daftar\n' +
            '2. Dana Pendidikan Pokok 14.000.000 Dicicil Per Bln s.d UTS-1\n' +
            '3. Jas Alamater, Topi 750.000 Saat Registrasi I\n' +
            '4. Kaos, Tas, GMTI 750.000 Saat Registrasi I\n' +
            '5. Biaya'
        },
        {
          id: '3c5b4175-a9d4-48c2-9b75-b05ebe46dbbf',
          filename: 'rincian Biaya SI,TI dan BD Tahun Ajaran 2026-2027.pdf',
          program: null,
          registrationFee: null,
          dpp: 'Rp 1.000.000',
          registrationFeeRaw: undefined,
          dppRaw: undefined,
          dppDiscountRaw: undefined,
          registrationDiscountRaw: undefined,
          moneyCandidatesCount: 13,
          chunkPreview: 'STIKOM Bali dengan ketentuan :\n' +
            '- D3 : antara 85 s/d 100 SKS\n' +
            '- D2 :antara 44 s/d 84 SKS\n' +
            '- D1 : antara 20 s/d 43 SKS\n' +
            '- Di bawah 20 SKS, DPP sama dengan dari SMA, kecuali dari ITB\n' +
            'STIKOM Bali dan Group ada potongan DPP sebesar Rp. 1.000.000\n' +
            '- '
        }
      ]
    }

      at console.fn [as log] (tests/jest.setup.js:37:12)

  console.log
    [TRACE_VALIDATE_SOURCE_TRUST] {
      filename: 'rincian Biaya SI,TI dan BD Tahun Ajaran 2026-2027.pdf',
      id: '0e2f1b54-9317-49c3-a4b8-9adc9e3f596e',
      score: 90,
      minScore: 30,
      chunkType: 'COST',
      ocrQualityScore: 0.004081632653061225,
      updatedAt: '2026-06-15T00:24:38.845Z',
      lowConfidence: false
    }

      at console.fn [as log] (tests/jest.setup.js:37:12)
          at Array.map (<anonymous>)

  console.log
    [TRACE_VALIDATE_SOURCE_TRUST] {
      filename: 'rincian Biaya SI,TI dan BD Tahun Ajaran 2026-2027.pdf',
      id: '9fb44de0-a82a-44ba-bd55-086c72243698',
      score: 50,
      minScore: 30,
      chunkType: null,
      ocrQualityScore: null,
      updatedAt: null,
      lowConfidence: false
    }

      at console.fn [as log] (tests/jest.setup.js:37:12)
          at Array.map (<anonymous>)

  console.log
    [TRACE_COST_SOURCE_TRUST_RESULTS] {
      trustResults: [
        {
          chunkId: '0e2f1b54-9317-49c3-a4b8-9adc9e3f596e',
          score: 90,
          trusted: true,
          metadata: [Object]
        },
        {
          chunkId: '9fb44de0-a82a-44ba-bd55-086c72243698',
          score: 50,
          trusted: true,
          metadata: [Object]
        }
      ]
    }

      at console.fn [as log] (tests/jest.setup.js:37:12)

  console.log
    FEE_RECORD_RAW {
      "program": null,
      "programName": null,
      "wave": "1A",
      "waveGroup": "1",
      "academicYear": null,
      "partner": null,
      "campus": null,
      "sourceFile": "rincian Biaya SI,TI dan BD Tahun Ajaran 2026-2027.pdf",
      "updatedAt": "2026-06-15T00:24:38.845Z",
      "registrationFee": null,
      "dpp": "Rp 7.000.000",
      "dppDiscount": null,
      "registrationDiscount": "Rp 2.000.000",
      "ukt": null,
      "scholarship": null,
      "isGlobalDiscount": false,
      "rawChunk": "a. Dana Pendidikan Pokok (DPP)\n- Jumlah pengakuan SKS antara 85 s/d 100 SKS dikenakan biaya DPP\nsebesar Rp. 4.500.000\n- Jumlah pengakuan SKS antara 44 s/d 84 SKS dikenakan biaya DPP\nsebesar Rp. 5.000.000\n- Jumlah pengakuan SKS antara 20 s/d 43 SKS dikenakan biaya DPP\nsebesar Rp. 7.000.000\n- Dibawah 20 SKS, biaya DPP sama dengan dari SMA / akan masuk ke\njalur regular.\n- Ketentuan pendaftaran dan registrasi per gelombang berlaku.\n13. Biaya yang sudah dibayar, tidak dapat dikembalikan dengan alasan apapun, kecuali\nditerima di PTN dibawah naungan Kementerian Pendidikan dan Kebudayaan jalur\nSNMPTN dan jalur SBMPTN (tidak termasuk jalur Mandiri, Politeknik, D3 dan\nEksekutif). Pengurusan pengambilan biaya yang sudah di bayar dilayani maksimal 21",
      "sourceChunk": {
        "id": "0e2f1b54-9317-49c3-a4b8-9adc9e3f596e",
        "trainingId": "d540ae42-ca48-4750-b5dd-5a1fbdbc05a0",
        "chunk": "a. Dana Pendidikan Pokok (DPP)\n- Jumlah pengakuan SKS antara 85 s/d 100 SKS dikenakan biaya DPP\nsebesar Rp. 4.500.000\n- Jumlah pengakuan SKS antara 44 s/d 84 SKS dikenakan biaya DPP\nsebesar Rp. 5.000.000\n- Jumlah pengakuan SKS antara 20 s/d 43 SKS dikenakan biaya DPP\nsebesar Rp. 7.000.000\n- Dibawah 20 SKS, biaya DPP sama dengan dari SMA / akan masuk ke\njalur regular.\n- Ketentuan pendaftaran dan registrasi per gelombang berlaku.\n13. Biaya yang sudah dibayar, tidak dapat dikembalikan dengan alasan apapun, kecuali\nditerima di PTN dibawah naungan Kementerian Pendidikan dan Kebudayaan jalur\nSNMPTN dan jalur SBMPTN (tidak termasuk jalur Mandiri, Politeknik, D3 dan\nEksekutif). Pengurusan pengambilan biaya yang sudah di bayar dilayani maksimal 21",
        "chunkHash": "a7d49e67137fd0c7431134e3aafc054a007f57c3963aa9c646688829411a98e1",
        "sectionTitle": null,
        "chunkType": "COST",
        "lowConfidence": false,
        "ocrQualityScore": 0.004081632653061225,
        "embedding": [
          0.020782470703125,
          0.01947021484375,
          0.0379638671875,
          0.017791748046875,
          0.01739501953125,
          0.048370361328125,
          -0.029571533203125,
          0.02838134765625,
          0.004032135009765625,
          0.00870513916015625,
          0.045989990234375,
          -0.056640625,
          -0.0019588470458984375,
          0.034942626953125,
          0.0213165283203125,
          0.019287109375,
          -0.006649017333984375,
          -0.0204620361328125,
          -0.014801025390625,
          0.045989990234375,
          0.0030727386474609375,
          0.05902099609375,
          -0.0216827392578125,
          -0.0203094482421875,
          0.024383544921875,
          -0.076904296875,
          0.0243988037109375,
          -0.064208984375,
          0.02581787109375,
          -0.0267333984375,
          -0.0177154541015625,
          -0.032745361328125,
          -0.048858642578125,
          -0.0148468017578125,
          -0.0004863739013671875,
          0.0584716796875,
          -0.043609619140625,
          0.05487060546875,
          0.003993988037109375,
          -0.0386962890625,
          -0.01885986328125,
          -0.0212860107421875,
          -0.051971435546875,
          -0.0214691162109375,
          0.0177764892578125,
          0.039825439453125,
          -0.0078277587890625,
          -0.057220458984375,
          0.042144775390625,
          0.0300750732421875,
          -0.011810302734375,
          0.053955078125,
          0.041839599609375,
          0.037353515625,
          -0.002040863037109375,
          0.040771484375,
          -0.00972747802734375,
          -0.037628173828125,
          -0.006519317626953125,
          -0.0122528076171875,
          0.04876708984375,
          0.018890380859375,
          0.0033588409423828125,
          0.0154266357421875,
          0.0254058837890625,
          -0.019500732421875,
          -0.01332855224609375,
          0.02679443359375,
          -0.01041412353515625,
          0.00807952880859375,
          0.00981903076171875,
          0.01470184326171875,
          0.050445556640625,
          -0.03125,
          -0.0010461807250976562,
          0.045379638671875,
          0.042510986328125,
          -0.01242828369140625,
          0.035400390625,
          0.0511474609375,
          -0.0002732276916503906,
          -0.0408935546875,
          0.00322723388671875,
          0.0090789794921875,
          0.0052032470703125,
          -0.0235443115234375,
          -0.09503173828125,
          -0.0130767822265625,
          0.0133514404296875,
          -0.04229736328125,
          -0.00121307373046875,
          -0.047088623046875,
          -0.049346923828125,
          0.032470703125,
          0.0582275390625,
          0.0021762847900390625,
          -0.03485107421875,
          -0.00597381591796875,
          0.004856109619140625,
          0.0276336669921875,
          -0.002777099609375,
          -0.002231597900390625,
          0.01316070556640625,
          0.0017538070678710938,
          0.03302001953125,
          0.037353515625,
          -0.0350341796875,
          0.018280029296875,
          -0.036102294921875,
          -0.01200103759765625,
          -0.0218048095703125,
          0.037689208984375,
          -0.0152130126953125,
          0.0198822021484375,
          0.038970947265625,
          -0.0169677734375,
          -0.016632080078125,
          0.0013294219970703125,
          -0.043609619140625,
          -0.04608154296875,
          0.0270538330078125,
          -0.0024318695068359375,
          0.040985107421875,
          -0.0187530517578125,
          -0.0172882080078125,
          0.0234222412109375,
          -0.034942626953125,
          0.010223388671875,
          -0.005405426025390625,
          -0.049713134765625,
          -0.049560546875,
          -0.08795166015625,
          -0.0190277099609375,
          -0.0296173095703125,
          0.012786865234375,
          0.01044464111328125,
          -0.022369384765625,
          -0.0148162841796875,
          0.00922393798828125,
          -0.034149169921875,
          0.015960693359375,
          0.0199432373046875,
          0.005237579345703125,
          0.03387451171875,
          0.014892578125,
          -0.0006070137023925781,
          -0.04437255859375,
          0.027252197265625,
          -0.0020427703857421875,
          0.039093017578125,
          -0.0693359375,
          -0.012786865234375,
          0.002231597900390625,
          -0.0008935928344726562,
          -0.0182037353515625,
          -0.06451416015625,
          -0.0479736328125,
          0.0198211669921875,
          -0.00047850608825683594,
          0.044708251953125,
          -0.025970458984375,
          -0.0189208984375,
          0.037628173828125,
          0.013519287109375,
          -0.00787353515625,
          0.035430908203125,
          0.016265869140625,
          -0.05657958984375,
          -0.06414794921875,
          0.0012617111206054688,
          -0.0023479461669921875,
          0.005275726318359375,
          -0.01314544677734375,
          -0.04095458984375,
          0.0059967041015625,
          0.0062408447265625,
          0.019287109375,
          -0.009674072265625,
          0.01192474365234375,
          0.00429534912109375,
          -0.00344085693359375,
          -0.00641632080078125,
          -0.00579071044921875,
          0.01666259765625,
          0.050262451171875,
          -0.0114288330078125,
          0.0171966552734375,
          0.01427459716796875,
          0.06414794921875,
          0.03070068359375,
          0.032012939453125,
          -0.0160064697265625,
          0.014984130859375,
          -0.052734375,
          -0.04913330078125,
          -0.0007429122924804688,
          0.023040771484375,
          0.01079559326171875,
          -0.06884765625,
          -0.04376220703125,
          0.0115814208984375,
          -0.06964111328125,
          0.0233306884765625,
          0.00732421875,
          -0.0218505859375,
          -0.019775390625,
          0.0043182373046875,
          -0.01311492919921875,
          0.07269287109375,
          -0.02105712890625,
          0.043243408203125,
          0.01464080810546875,
          -0.0004086494445800781,
          -0.003936767578125,
          -0.0269317626953125,
          0.036346435546875,
          -0.036468505859375,
          -0.01316070556640625,
          -0.01511383056640625,
          0.006534576416015625,
          -0.004360198974609375,
          -0.07928466796875,
          -0.01157379150390625,
          0.0269317626953125,
          0.01409912109375,
          -0.0112152099609375,
          0.013153076171875,
          0.08551025390625,
          0.0011310577392578125,
          -0.0684814453125,
          -0.038299560546875,
          0.062286376953125,
          0.01617431640625,
          0.0230865478515625,
          -0.0030689239501953125,
          -0.010009765625,
          -0.0171051025390625,
          -0.0004630088806152344,
          -0.033966064453125,
          -0.04888916015625,
          0.059600830078125,
          -0.007598876953125,
          0.002655029296875,
          0.054443359375,
          0.008453369140625,
          -0.011688232421875,
          -0.004810333251953125,
          0.014984130859375,
          0.048095703125,
          -0.0156707763671875,
          0.02325439453125,
          0.035247802734375,
          -0.007106781005859375,
          -0.049560546875,
          -0.056304931640625,
          -0.0394287109375,
          -0.01416778564453125,
          0.0322265625,
          -0.0089263916015625,
          0.004512786865234375,
          -0.01459503173828125,
          0.0226898193359375,
          0.015899658203125,
          -0.0246124267578125,
          0.0020751953125,
          0.01331329345703125,
          -0.021148681640625,
          0.04473876953125,
          0.02899169921875,
          -0.019927978515625,
          -0.01021575927734375,
          -0.0010747909545898438,
          0.01332855224609375,
          0.02569580078125,
          0.0281524658203125,
          0.026824951171875,
          0.0102996826171875,
          0.047210693359375,
          -0.0118865966796875,
          0.023651123046875,
          -0.014129638671875,
          -0.0257415771484375,
          0.03594970703125,
          -0.0220794677734375,
          0.001194000244140625,
          -0.007110595703125,
          0.01477813720703125,
          0.0058135986328125,
          -0.045654296875,
          -0.042022705078125,
          -0.0202484130859375,
          -0.006267547607421875,
          -0.0065460205078125,
          0.0082855224609375,
          0.034027099609375,
          -0.0281524658203125,
          -0.0115203857421875,
          -0.018585205078125,
          0.01165771484375,
          -0.0119476318359375,
          0.0060882568359375,
          -0.01800537109375,
          -0.0006728172302246094,
          -0.02392578125,
          -0.006313323974609375,
          0.012481689453125,
          0.040283203125,
          0.050323486328125,
          -0.037322998046875,
          -0.023773193359375,
          -0.00937652587890625,
          -0.0028228759765625,
          -0.006702423095703125,
          0.01959228515625,
          0.05487060546875,
          0.029571533203125,
          -0.012054443359375,
          0.007389068603515625,
          0.047210693359375,
          -0.053314208984375,
          0.03179931640625,
          0.007110595703125,
          -0.01763916015625,
          -0.017120361328125,
          -0.0128936767578125,
          0.0027561187744140625,
          -0.037322998046875,
          -0.0095367431640625,
          0.0509033203125,
          -0.0090484619140625,
          0.01861572265625,
          0.0213165283203125,
          -0.00949859619140625,
          0.007701873779296875,
          -0.025970458984375,
          0.02264404296875,
          0.043975830078125,
          -0.01517486572265625,
          -0.07379150390625,
          0.007266998291015625,
          -0.0794677734375,
          -0.0043792724609375,
          -0.0008487701416015625,
          -0.0006318092346191406,
          0.014312744140625,
          0.033905029296875,
          -0.0067596435546875,
          0.0273590087890625,
          0.049835205078125,
          -0.004261016845703125,
          0.055511474609375,
          -0.00006604194641113281,
          0.023101806640625,
          0.0479736328125,
          0.050262451171875,
          -0.011383056640625,
          0.0114288330078125,
          -0.05657958984375,
          -0.036865234375,
          -0.008148193359375,
          -0.0269317626953125,
          -0.00991058349609375,
          0.0274200439453125,
          0.047119140625,
          0.01386260986328125,
          0.05377197265625,
          -0.051971435546875,
          -0.049774169921875,
          0.0085906982421875,
          -0.0677490234375,
          0.02642822265625,
          -0.0104217529296875,
          0.055511474609375,
          0.02197265625,
          -0.0079193115234375,
          -0.00742340087890625,
          0.042205810546875,
          0.055084228515625,
          -0.0019140243530273438,
          0.0254058837890625,
          0.05419921875,
          -0.0046234130859375,
          0.03253173828125,
          0.0031108856201171875,
          0.01739501953125,
          -0.0035572052001953125,
          0.02691650390625,
          0.0231170654296875,
          0.05474853515625,
          0.0248565673828125,
          -0.020477294921875,
          0.0184783935546875,
          0.034637451171875,
          -0.028717041015625,
          0.0227508544921875,
          -0.004467010498046875,
          -0.01580810546875,
          -0.005573272705078125,
          -0.0304718017578125,
          -0.0035877227783203125,
          -0.05316162109375,
          0.0173797607421875,
          -0.0026836395263671875,
          -0.0233154296875,
          0.049163818359375,
          0.0011882781982421875,
          0.0208740234375,
          -0.042236328125,
          0.054168701171875,
          -0.05474853515625,
          -0.007633209228515625,
          -0.01032257080078125,
          0.0294342041015625,
          -0.02685546875,
          -0.050567626953125,
          -0.0227203369140625,
          -0.0019550323486328125,
          0.053955078125,
          -0.00560760498046875,
          -0.0244598388671875,
          0.0281982421875,
          -0.00009375810623168945,
          0.00611114501953125,
          -0.04620361328125,
          -0.003871917724609375,
          0.02398681640625,
          -0.0202178955078125,
          -0.016082763671875,
          0.00284576416015625,
          -0.0025157928466796875,
          -0.0287017822265625,
          0.01126861572265625,
          0.0126190185546875,
          -0.009033203125,
          -0.01076507568359375,
          -0.005565643310546875,
          0.01141357421875,
          -0.04217529296875,
          -0.007232666015625,
          -0.00606536865234375,
          0.01983642578125,
          0.00818634033203125,
          -0.0277099609375,
          0.00667572021484375,
          0.00652313232421875,
          -0.06011962890625,
          -0.02490234375,
          -0.0118408203125,
          -0.020477294921875,
          -0.00547027587890625,
          0.002777099609375,
          0.03448486328125,
          0.0153656005859375,
          0.040985107421875,
          -0.0364990234375,
          -0.06304931640625,
          -0.0372314453125,
          0.02105712890625,
          -0.024017333984375,
          -0.01032257080078125,
          0.08514404296875,
          0.06072998046875,
          -0.0192413330078125,
          0.004413604736328125,
          -0.0277099609375,
          -0.01554107666015625,
          -0.01806640625,
          0.01357269287109375,
          0.01493072509765625,
          -0.0187530517578125,
          -0.044647216796875,
          0.0004699230194091797,
          -0.0001500844955444336,
          -0.038055419921875,
          -0.01678466796875,
          0.020233154296875,
          -0.02783203125,
          -0.045166015625,
          0.0235137939453125,
          0.032806396484375,
          -0.01519775390625,
          -0.010467529296875,
          -0.02288818359375,
          -0.017547607421875,
          0.03216552734375,
          0.088623046875,
          0.0595703125,
          0.0258026123046875,
          -0.0015935897827148438,
          0.01678466796875,
          -0.0304718017578125,
          0.00962066650390625,
          0.06787109375,
          -0.006557464599609375,
          -0.044189453125,
          -0.0036754608154296875,
          0.038543701171875,
          0.0175628662109375,
          -0.0159454345703125,
          -0.0280303955078125,
          0.0084228515625,
          -0.025787353515625,
          -0.0225982666015625,
          -0.0024471282958984375,
          0.0196075439453125,
          0.0478515625,
          -0.041107177734375,
          -0.024688720703125,
          -0.0198211669921875,
          0.0478515625,
          -0.0126800537109375,
          -0.01230621337890625,
          0.0151824951171875,
          -0.006984710693359375,
          -0.009307861328125,
          0.01168060302734375,
          0.0186920166015625,
          -0.031829833984375,
          -0.0219268798828125,
          0.0045928955078125,
          -0.0010690689086914062,
          -0.030853271484375,
          0.016082763671875,
          -0.0261993408203125,
          -0.0024623870849609375,
          -0.060516357421875,
          -0.0029449462890625,
          -0.046661376953125,
          0.02398681640625,
          -0.042572021484375,
          -0.00839996337890625,
          -0.03790283203125,
          0.03033447265625,
          -0.01236724853515625,
          -0.007175445556640625,
          -0.004123687744140625,
          0.002033233642578125,
          0.0154266357421875,
          0.00493621826171875,
          0.0203857421875,
          -0.01100921630859375,
          -0.005779266357421875,
          0.006622314453125,
          -0.041595458984375,
          -0.0067291259765625,
          -0.01453399658203125,
          0.048553466796875,
          0.0017747879028320312,
          -0.033782958984375,
          -0.042388916015625,
          -0.01401519775390625,
          0.02752685546875,
          0.0009341239929199219,
          -0.0113525390625,
          -0.0081787109375,
          0.030731201171875,
          0.007965087890625,
          0.062408447265625,
          0.0254669189453125,
          -0.0499267578125,
          0.0167388916015625,
          0.002880096435546875,
          0.0222930908203125,
          -0.0029201507568359375,
          0.01092529296875,
          -0.000690460205078125,
          0.019287109375,
          -0.004695892333984375,
          0.01093292236328125,
          0.040496826171875,
          -0.0229339599609375,
          0.03240966796875,
          -0.0258026123046875,
          -0.04144287109375,
          0.031890869140625,
          -0.0006809234619140625,
          -0.02606201171875,
          0.018218994140625,
          0.022430419921875,
          -0.03289794921875,
          -0.001453399658203125,
          0.0020313262939453125,
          0.029388427734375,
          -0.007167816162109375,
          0.00901031494140625,
          0.046234130859375,
          -0.0028171539306640625,
          0.031280517578125,
          -0.0228118896484375,
          0.052642822265625,
          -0.007534027099609375,
          0.017486572265625,
          0.00911712646484375,
          0.035400390625,
          -0.0036792755126953125,
          0.00464630126953125,
          0.016021728515625,
          0.00525665283203125,
          -0.002025604248046875,
          -0.043365478515625,
          0.002819061279296875,
          0.01233673095703125,
          -0.001209259033203125,
          -0.004657745361328125,
          0.0034084320068359375,
          -0.02960205078125,
          0.0032901763916015625,
          -0.0467529296875,
          0.0325927734375,
          0.039764404296875,
          0.0269317626953125,
          0.007232666015625,
          0.00933837890625,
          0.039886474609375,
          -0.007320404052734375,
          0.01461029052734375,
          -0.0264129638671875,
          -0.0019588470458984375,
          0.031585693359375,
          0.0170745849609375,
          -0.01070404052734375,
          0.0096588134765625,
          0.0223541259765625,
          0.0254669189453125,
          0.028289794921875,
          0.005214691162109375,
          0.02099609375,
          -0.0022869110107421875,
          -0.0126190185546875,
          0.0249481201171875,
          -0.0219573974609375,
          0.0303955078125,
          0.0278778076171875,
          -0.0018262863159179688,
          -0.001346588134765625,
          -0.01155853271484375,
          0.0056304931640625,
          -0.03497314453125,
          0.0301971435546875,
          -0.014556884765625,
          -0.020751953125,
          -0.0065765380859375,
          0.003330230712890625,
          -0.0099639892578125,
          0.0345458984375,
          0.0042724609375,
          -0.00862884521484375,
          -0.0234832763671875,
          0.0036411285400390625,
          -0.0416259765625,
          -0.00518035888671875,
          -0.0135650634765625,
          -0.0018224716186523438,
          -0.01129150390625,
          0.0187530517578125,
          -0.0296783447265625,
          -0.004367828369140625,
          -0.046630859375,
          -0.02294921875,
          -0.004604339599609375,
          -0.01210784912109375,
          0.038909912109375,
          -0.0042266845703125,
          -0.0239410400390625,
          0.0292205810546875,
          0.00905609130859375,
          -0.024261474609375,
          -0.0142974853515625,
          0.01154327392578125,
          -0.01174163818359375,
          -0.05889892578125,
          0.041900634765625,
          0.041290283203125,
          0.051605224609375,
          0.0027828216552734375,
          -0.0155181884765625,
          0.01413726806640625,
          0.0128936767578125,
          -0.0183258056640625,
          0.038482666015625,
          -0.012908935546875,
          -0.0192108154296875,
          -0.0254669189453125,
          0.0321044921875,
          -0.0452880859375,
          -0.041168212890625,
          -0.00868988037109375,
          0.020477294921875,
          0.0256195068359375,
          -0.0063629150390625,
          -0.0030536651611328125,
          -0.01611328125,
          0.034027099609375,
          -0.03863525390625,
          -0.005931854248046875,
          0.0281982421875,
          0.000009775161743164062,
          -0.0013570785522460938,
          -0.032196044921875,
          -0.04095458984375,
          0.0216217041015625,
          -0.043975830078125,
          0.00295257568359375,
          -0.021331787109375,
          -0.034210205078125,
          -0.031890869140625,
          0.0006546974182128906,
          0.043487548828125,
          0.04998779296875,
          -0.0257568359375,
          -0.0012845993041992188,
          0.00344085693359375,
          -0.03253173828125,
          -0.016204833984375,
          0.0226898193359375,
          0.0233917236328125,
          -0.0264129638671875,
          -0.059722900390625,
          0.01812744140625,
          -0.00937652587890625,
          0.034088134765625,
          0.01551055908203125,
          0.037017822265625,
          -0.00295257568359375,
          -0.0299530029296875,
          0.006565093994140625,
          -0.0084686279296875,
          -0.019775390625,
          0.0004019737243652344,
          0.016326904296875,
          -0.049041748046875,
          0.0017414093017578125,
          -0.061126708984375,
          0.0082244873046875,
          0.013458251953125,
          -0.0103759765625,
          0.0038204193115234375,
          0.047027587890625,
          0.023101806640625,
          -0.021331787109375,
          0.008056640625,
          -0.0007486343383789062,
          -0.01171112060546875,
          0.0124969482421875,
          -0.0128326416015625,
          -0.00868988037109375,
          -0.027252197265625,
          -0.00653839111328125,
          0.0226593017578125,
          -0.01055908203125,
          0.005863189697265625,
          0.004268646240234375,
          0.02679443359375,
          0.005596160888671875,
          0.045166015625,
          -0.00920867919921875,
          -0.01219940185546875,
          -0.006320953369140625,
          -0.023712158203125,
          0.0025272369384765625,
          0.01068878173828125,
          -0.008087158203125,
          -0.0216217041015625,
          0.020355224609375,
          0.0185089111328125,
          0.0008554458618164062,
          0.01119232177734375,
          -0.01413726806640625,
          0.0009202957153320312,
          0.012451171875,
          -0.0019588470458984375,
          0.0174102783203125,
          0.006633758544921875,
          0.045562744140625,
          0.0232696533203125,
          0.01259613037109375,
          -0.0064544677734375,
          -0.0704345703125,
          0.006473541259765625,
          0.00907135009765625,
          -0.0304107666015625,
          -0.0157012939453125,
          0.00768280029296875,
          0.0142822265625,
          -0.0238800048828125,
          0.011962890625,
          -0.02490234375,
          -0.0012111663818359375,
          0.00739288330078125,
          -0.023773193359375,
          -0.01110076904296875,
          0.0208892822265625,
          -0.038787841796875,
          0.004245758056640625,
          -0.01493072509765625,
          -0.01280975341796875,
          -0.019134521484375,
          -0.0018548965454101562,
          0.01061248779296875,
          -0.00989532470703125,
          -0.0244598388671875,
          0.0276336669921875,
          -0.0280303955078125,
          0.020172119140625,
          0.0025997161865234375,
          -0.038482666015625,
          -0.0010061264038085938,
          0.0204010009765625,
          0.030120849609375,
          -0.01096343994140625,
          0.002155303955078125,
          -0.0024471282958984375,
          -0.022186279296875,
          0.0016794204711914062,
          0.031768798828125,
          -0.01226043701171875,
          -0.0193023681640625,
          0.0199127197265625,
          -0.0164031982421875,
          -0.031585693359375,
          0.01953125,
          -0.0234527587890625,
          -0.0017499923706054688,
          0.013763427734375,
          -0.01488494873046875,
          0.0005865097045898438,
          -0.009979248046875,
          0.0263214111328125,
          0.0260772705078125,
          0.020843505859375,
          0.01486968994140625,
          -0.01708984375,
          -0.01861572265625,
          -0.0022602081298828125,
          0.0389404296875,
          0.021240234375,
          -0.0274810791015625,
          0.00958251953125,
          0.0118865966796875,
          -0.010711669921875,
          -0.002956390380859375,
          0.0175018310546875,
          -0.01068878173828125,
          -0.0250244140625,
          0.03387451171875,
          0.038177490234375,
          -0.0167388916015625,
          0.007110595703125,
          -0.012664794921875,
          -0.00641632080078125,
          0.01262664794921875,
          0.012725830078125,
          -0.01018524169921875,
          0.01132965087890625,
          0.0035610198974609375,
          -0.01806640625,
          0.005706787109375,
          -0.0142822265625,
          -0.01934814453125,
          -0.01371002197265625,
          0.0245513916015625,
          -0.037353515625,
          0.0014896392822265625,
          0.01163482666015625,
          0.0034084320068359375,
          -0.005275726318359375,
          0.036376953125,
          0.021575927734375,
          -0.035247802734375,
          -0.036102294921875,
          0.0091400146484375,
          -0.020416259765625,
          0.021881103515625,
          -0.037750244140625,
          0.03680419921875,
          -0.03131103515625,
          0.050567626953125,
          0.006496429443359375,
          0.010406494140625,
          -0.026580810546875,
          0.0224456787109375,
          0.00015938282012939453,
          0.01050567626953125,
          -0.006256103515625,
          0.030914306640625,
          -0.02764892578125,
          0.0214385986328125,
          0.01261138916015625,
          -0.011444091796875,
          0.0133209228515625,
          0.034271240234375,
          -0.01418304443359375,
          0.040008544921875,
          0.0147247314453125,
          -0.01385498046875,
          0.00942230224609375,
          -0.006649017333984375,
          -0.024322509765625,
          0.03997802734375,
          -0.00962066650390625,
          0.0020847320556640625,
          0.0308990478515625,
          -0.0006542205810546875,
          0.01317596435546875,
          0.0182647705078125,
          -0.004550933837890625,
          -0.0058441162109375,
          0.0228118896484375,
          0.0290985107421875,
          0.040130615234375,
          -0.0177154541015625,
          -0.02337646484375,
          0.0380859375,
          0.01194000244140625,
          0.006214141845703125,
          -0.01116180419921875,
          -0.015594482421875,
          -0.0202178955078125,
          0.020416259765625,
          -0.004383087158203125,
          0.04473876953125,
          -0.00592803955078125,
          -0.0467529296875,
          -0.0307464599609375,
          0.02178955078125,
          -0.006824493408203125,
          -0.0216522216796875,
          0.00007104873657226562,
          -0.0222930908203125,
          -0.01453399658203125,
          -0.0244293212890625,
          0.0181121826171875,
          0.02288818359375,
          0.043853759765625,
          -0.00567626953125,
          0.01641845703125,
          -0.0077667236328125,
          -0.0156707763671875,
          -0.0108184814453125,
          0.006473541259765625,
          0.023284912109375,
          0.0264739990234375,
          0.0132293701171875,
          0.006687164306640625,
          -0.01503753662109375,
          0.03143310546875,
          -0.021209716796875,
          -0.00412750244140625,
          0.0099945068359375,
          0.00434112548828125,
          -0.0102081298828125,
          -0.00039076805114746094,
          -0.000644683837890625,
          -0.010528564453125,
          0.001953125,
          -0.0212249755859375,
          0.004734039306640625,
          0.01032257080078125,
          0.004116058349609375,
          -0.01605224609375,
          -0.00943756103515625,
          -0.028778076171875,
          -0.0108489990234375,
          -0.0182037353515625,
          -0.011962890625,
          -0.019561767578125,
          -0.015869140625,
          -0.007083892822265625,
          -0.004528045654296875,
          -0.0121917724609375,
          0.0052032470703125,
          0.05438232421875,
          -0.0233306884765625,
          -0.003936767578125,
          0.01458740234375,
          -0.043731689453125,
          0.0152587890625,
          0.010986328125,
          0.0450439453125,
          0.02606201171875,
          -0.0306854248046875,
          0.020751953125,
          0.022705078125,
          0.00890350341796875,
          -0.03070068359375,
          0.05078125,
          -0.00960540771484375,
          -0.00855255126953125,
          -0.0011606216430664062,
          0.003414154052734375,
          -0.0136871337890625,
          0.01061248779296875,
          -0.03631591796875,
          -0.023284912109375,
          0.00737762451171875,
          -0.00644683837890625,
          -0.005161285400390625,
          -0.0170440673828125,
          -0.004673004150390625,
          0.03216552734375,
          0.00542449951171875,
          -0.041351318359375,
          -0.0201873779296875,
          0.02001953125,
          0.0167999267578125,
          0.01493072509765625,
          0.0084381103515625,
          -0.018524169921875,
          -0.00146484375,
          0.0243988037109375,
          0.00836944580078125,
          0.004047393798828125,
          -0.05755615234375,
          0.00897216796875,
          0.00820159912109375,
          -0.03668212890625,
          -0.005046844482421875,
          -0.037506103515625,
          -0.0012693405151367188,
          0.00890350341796875,
          0.0240936279296875,
          0.021820068359375,
          -0.01514434814453125,
          0.0102386474609375,
          -0.0369873046875,
          -0.00579833984375,
          0.03265380859375,
          -0.0284881591796875,
          0.03863525390625,
          -0.04864501953125,
          0.00223541259765625,
          -0.021331787109375,
          -0.0158233642578125,
          -0.02789306640625,
          0.0338134765625,
          0.019012451171875,
          -0.032958984375,
          0.01214599609375,
          -0.020416259765625,
          -0.0250244140625,
          -0.007350921630859375,
          0.017364501953125,
          0.029388427734375,
          -0.003261566162109375,
          -0.023590087890625,
          -0.0248565673828125,
          -0.0283966064453125,
          0.00760650634765625,
          0.006938934326171875,
          -0.00274658203125,
          -0.056182861328125,
          -0.018280029296875,
          -0.01561737060546875,
          -0.0167694091796875,
          -0.0118408203125,
          -0.01654052734375,
          0.001007080078125,
          -0.01200103759765625,
          -0.0168914794921875,
          0.0209197998046875,
          0.016204833984375,
          -0.00701141357421875,
          0.0305938720703125,
          0.024383544921875,
          0.031005859375,
          -0.01464080810546875,
          0.03411865234375,
          -0.0118560791015625,
          0.0017175674438476562,
          0.0014095306396484375,
          0.0015134811401367188,
          -0.016326904296875,
          0.0289306640625,
          0.0308380126953125,
          0.033538818359375,
          0.01247406005859375,
          0.0013980865478515625,
          0.0218658447265625,
          -0.0034999847412109375,
          -0.01165771484375,
          -0.0357666015625,
          -0.0028896331787109375,
          -0.03131103515625,
          -0.01044464111328125,
          -0.004253387451171875,
          0.024261474609375,
          0.02935791015625,
          0.043365478515625,
          0.0255126953125,
          0.01424407958984375,
          0.030303955078125,
          -0.0037593841552734375,
          -0.004192352294921875,
          0.029510498046875,
          0.025299072265625,
          0.0278167724609375,
          -0.0252227783203125,
          -0.001636505126953125,
          -0.019073486328125,
          -0.00022161006927490234,
          0.018646240234375,
          0.032073974609375,
          0.0287933349609375,
          0.01436614990234375,
          0.0016765594482421875,
          -0.037078857421875,
          -0.006866455078125,
          0.007598876953125,
          -0.0234832763671875,
          -0.015380859375,
          -0.02081298828125,
          -0.014434814453125,
          0.015167236328125,
          -0.0352783203125,
          0.0025386810302734375,
          -0.026123046875,
          -0.01010894775390625,
          -0.0096435546875,
          -0.0030841827392578125,
          0.01525115966796875,
          -0.01132965087890625,
          0.0002187490463256836,
          -0.01120758056640625,
          0.0053863525390625,
          -0.016815185546875,
          0.0046844482421875,
          0.01016998291015625,
          0.00202178955078125,
          0.014129638671875,
          -0.0206756591796875,
          0.00936126708984375,
          -0.031982421875,
          -0.0015316009521484375,
          -0.0009355545043945312,
          -0.0126190185546875,
          -0.030914306640625,
          -0.01160430908203125,
          0.0259552001953125,
          -0.04339599609375,
          0.00714111328125,
          -0.050506591796875,
          -0.014984130859375,
          -0.0159454345703125,
          0.041595458984375,
          -0.01165771484375,
          -0.0019521713256835938,
          0.03369140625,
          0.0506591796875,
          0.045623779296875,
          0.014862060546875,
          0.01280975341796875,
          -0.00542449951171875,
          0.0156707763671875,
          0.004085540771484375,
          -0.0543212890625,
          0.0273284912109375,
          0.03302001953125,
          0.027374267578125,
          0.04156494140625,
          -0.0003590583801269531,
          0.0213470458984375,
          -0.0215911865234375,
          -0.007625579833984375,
          -0.01241302490234375,
          -0.00672149658203125,
          0.038726806640625,
          0.00019919872283935547,
          -0.006256103515625,
          0.019287109375,
          0.0009169578552246094,
          -0.0033321380615234375,
          -0.007080078125,
          -0.01120758056640625,
          -0.001583099365234375,
          0.0268707275390625,
          0.0269622802734375,
          -0.024261474609375,
          0.0440673828125,
          0.00652313232421875,
          0.042633056640625,
          -0.0024394989013671875,
          0.0181427001953125,
          -0.043365478515625,
          0.002254486083984375,
          0.01441192626953125,
          0.02471923828125,
          -0.0245819091796875,
          -0.0270538330078125,
          0.0054779052734375,
          0.0087890625,
          0.030792236328125,
          -0.0004911422729492188,
          -0.01239013671875,
          0.0027408599853515625,
          -0.015228271484375,
          0.021881103515625,
          -0.0161895751953125,
          -0.00039958953857421875,
          -0.007785797119140625,
          -0.034820556640625,
          -0.0290679931640625,
          0.0080108642578125,
          -0.0002300739288330078,
          0.0081939697265625,
          -0.028228759765625,
          0.0032939910888671875,
          0.0213470458984375,
          -0.0151214599609375,
          -0.027984619140625,
          0.050384521484375,
          -0.004486083984375,
          -0.0184783935546875,
          0.007724761962890625,
          -0.03106689453125,
          -0.041351318359375,
          0.00970458984375,
          -0.005550384521484375,
          0.016632080078125,
          0.01032257080078125,
          -0.0098876953125,
          -0.025970458984375,
          -0.0233154296875,
          -0.020904541015625,
          0.00695037841796875,
          0.00022602081298828125,
          -0.0170440673828125,
          0.034698486328125,
          0.03570556640625,
          0.0203857421875,
          0.00112152099609375,
          -0.00530242919921875,
          0.0145111083984375,
          0.0206146240234375,
          -0.039825439453125,
          -0.0234222412109375,
          0.01004791259765625,
          -0.002651214599609375,
          -0.016357421875,
          -0.0244903564453125,
          -0.03131103515625,
          -0.000015914440155029297,
          -0.01702880859375,
          -0.01393890380859375,
          -0.022613525390625,
          -0.0135650634765625,
          0.0224456787109375,
          -0.0245513916015625,
          -0.025115966796875,
          0.00815582275390625,
          -0.002079010009765625,
          -0.0262603759765625,
          0.029449462890625,
          0.028533935546875,
          -0.0014429092407226562,
          0.0163726806640625,
          0.01065826416015625,
          0.031005859375,
          0.01486968994140625,
          0.01464080810546875,
          0.004344940185546875,
          -0.049346923828125,
          -0.022369384765625,
          0.0203399658203125,
          -0.01385498046875,
          0.03375244140625,
          0.010498046875,
          0.00017070770263671875,
          0.003314971923828125,
          0.0004010200500488281,
          0.016998291015625,
          0.01099395751953125,
          0.0174407958984375,
          -0.00873565673828125,
          0.0195159912109375,
          -0.006984710693359375,
          -0.01129913330078125,
          0.02032470703125,
          0.03375244140625,
          0.0132904052734375,
          0.004680633544921875,
          0.002132415771484375,
          0.01093292236328125,
          0.0176849365234375,
          0.017791748046875,
          0.0005469322204589844,
          -0.005161285400390625,
          0.007091522216796875,
          -0.00023305416107177734,
          0.0018415451049804688,
          -0.0016450881958007812,
          0.003665924072265625,
          -0.0243988037109375,
          -0.012176513671875,
          0.00647735595703125,
          -0.0288238525390625,
          0.004482269287109375,
          0.01381683349609375,
          0.0147552490234375,
          0.007770538330078125,
          -0.04144287109375,
          0.0283660888671875,
          -0.03924560546875,
          -0.0304718017578125,
          0.018585205078125,
          0.003299713134765625,
          0.0031337738037109375,
          -0.01361083984375,
          0.0081024169921875,
          -0.0217437744140625,
          -0.0181121826171875,
          -0.01837158203125,
          -0.0205230712890625,
          -0.0123443603515625,
          0.002399444580078125,
          0.01102447509765625,
          0.034637451171875,
          0.03558349609375,
          -0.0027256011962890625,
          0.028778076171875,
          0.007503509521484375,
          -0.005413055419921875,
          -0.08233642578125,
          0.00991058349609375,
          0.004894256591796875,
          0.00902557373046875,
          -0.048553466796875,
          -0.01213836669921875,
          0.02642822265625,
          -0.0237579345703125,
          -0.00634002685546875,
          -0.0283203125,
          0.0183868408203125,
          0.0122528076171875,
          -0.00977325439453125,
          0.00904083251953125,
          0.041961669921875,
          0.01224517822265625,
          0.005886077880859375,
          0.006198883056640625,
          -0.0192413330078125,
          -0.0013942718505859375,
          -0.01146697998046875,
          -0.018402099609375,
          0.040802001953125,
          0.01047515869140625,
          -0.007282257080078125,
          0.0056610107421875,
          -0.005954742431640625,
          0.01027679443359375,
          0.006084442138671875,
          -0.0302581787109375,
          -0.015533447265625,
          -0.004520416259765625,
          0.001983642578125,
          -0.0439453125,
          0.0240936279296875,
          0.0265960693359375,
          0.0150604248046875,
          0.0151214599609375,
          0.004314422607421875,
          -0.029296875,
          0.004009246826171875,
          -0.00641632080078125,
          0.036651611328125,
          0.0135498046875,
          -0.0159149169921875,
          -0.0106048583984375,
          0.00627899169921875,
          -0.0013227462768554688,
          0.004924774169921875,
          -0.0379638671875,
          -0.0200958251953125,
          -0.0011014938354492188,
          0.0245208740234375,
          0.0244903564453125,
          0.0123138427734375,
          0.0228118896484375,
          -0.0051116943359375,
          -0.0169830322265625,
          0.045654296875,
          0.036590576171875,
          -0.00868988037109375,
          -0.0092620849609375,
          -0.0027675628662109375,
          0.01209259033203125,
          -0.0214691162109375,
          -0.003353118896484375,
          -0.01416778564453125,
          0.00865936279296875,
          -0.032470703125,
          -0.043731689453125,
          0.01471710205078125,
          0.01519775390625,
          0.027374267578125,
          0.0216827392578125,
          -0.0234222412109375,
          0.00582122802734375,
          0.0008797645568847656,
          -0.00501251220703125,
          0.0016117095947265625,
          -0.0251922607421875,
          0.0084686279296875,
          -0.0153656005859375,
          0.00788116455078125,
          -0.01421356201171875,
          0.033416748046875,
          0.0018243789672851562,
          0.00888824462890625,
          -0.033294677734375,
          0.019134521484375,
          0.02703857421875,
          0.0255279541015625,
          -0.02557373046875,
          0.01523590087890625,
          -0.001049041748046875,
          0.0265350341796875,
          -0.057342529296875,
          0.00685882568359375,
          0.0176239013671875,
          0.01483917236328125,
          0.005290985107421875,
          0.011688232421875,
          0.020843505859375,
          0.01480865478515625,
          0.01568603515625,
          -0.0256195068359375,
          0.012054443359375,
          0.0250091552734375,
          -0.00354766845703125,
          -0.00021386146545410156,
          -0.0096588134765625,
          -0.04327392578125,
          0.01209259033203125,
          -0.021514892578125,
          0.046417236328125,
          -0.01258087158203125,
          0.0233612060546875,
          0.009033203125,
          0.0035400390625,
          -0.0035991668701171875,
          -0.010284423828125,
          -0.03216552734375,
          0.025299072265625,
          0.0316162109375,
          -0.0391845703125,
          -0.01082611083984375,
          -0.0080413818359375,
          -0.023101806640625,
          -0.02911376953125,
          -0.003204345703125,
          0.01519775390625,
          -0.01410675048828125,
          0.020599365234375,
          0.007305145263671875,
          -0.01134490966796875,
          0.016693115234375,
          -0.0159912109375,
          0.00614166259765625,
          0.0209503173828125,
          0.00074005126953125,
          0.0131988525390625,
          -0.00494384765625,
          0.00255584716796875,
          0.046173095703125,
          -0.005260467529296875,
          0.0016546249389648438,
          0.0269622802734375,
          -0.005702972412109375,
          0.032318115234375,
          0.024322509765625,
          0.0003635883331298828,
          0.0335693359375,
          -0.00801849365234375,
          -0.036407470703125,
          0.01116180419921875,
          -0.015869140625,
          -0.026123046875,
          0.0153350830078125,
          0.025054931640625,
          0.00875091552734375,
          -0.0323486328125,
          -0.0024433135986328125,
          -0.040191650390625,
          -0.01293182373046875,
          -0.017242431640625,
          0.02545166015625,
          -0.0235595703125,
          -0.00035643577575683594,
          0.0139617919921875,
          -0.0270538330078125,
          -0.0118255615234375,
          -0.0191650390625,
          -0.029998779296875,
          0.0189208984375,
          -0.005397796630859375,
          0.03314208984375,
          -0.021087646484375,
          0.0028533935546875,
          -0.0157012939453125,
          -0.041900634765625,
          0.02703857421875,
          -0.01898193359375,
          0.014190673828125,
          -0.0004284381866455078,
          0.036163330078125,
          -0.0013275146484375,
          -0.01727294921875,
          -0.01318359375,
          0.014312744140625,
          0.0171356201171875,
          0.028778076171875,
          0.003047943115234375,
          -0.038970947265625,
          -0.0144195556640625,
          -0.05181884765625,
          -0.00547027587890625,
          -0.01788330078125,
          -0.033050537109375,
          -0.0035114288330078125,
          0.005279541015625,
          0.0022869110107421875,
          0.05596923828125,
          0.01151275634765625,
          0.00653839111328125,
          0.0041351318359375,
          -0.00725555419921875,
          -0.004871368408203125,
          0.000759124755859375,
          -0.031494140625,
          0.023162841796875,
          0.00695037841796875,
          0.02105712890625,
          -0.00020682811737060547,
          -0.0008940696716308594,
          -0.0295562744140625,
          0.004779815673828125
        ],
        "source": "upload",
        "createdAt": "2026-06-15T00:24:38.845Z",
        "updatedAt": "2026-06-15T00:24:38.845Z",
        "divisionKey": null,
        "filename": "rincian Biaya SI,TI dan BD Tahun Ajaran 2026-2027.pdf",
        "sourceFile": "rincian Biaya SI,TI dan BD Tahun Ajaran 2026-2027.pdf",
        "fileHash": null,
        "trainingVersion": null,
        "uploadedById": null,
        "program": null,
        "programName": null,
        "programAliases": [],
        "wave": null,
        "academicYear": null,
        "partner": null,
        "campus": null,
        "jalur": "REGULER",
        "feeType": "DPP",
        "category": "PMB",
        "pageNumber": null,
        "docCategory": "BIAYA"
      },
      "moneyCandidates": [
        {
          "lineIndex": 0,
          "line": "a. Dana Pendidikan Pokok  DPP - Jumlah pengakuan SKS antara 85 s d 100 SKS dikenakan biaya DPP sebesar Rp. 4.500.000 - Jumlah pengakuan SKS antara 44 s d 84 SKS dikenakan biaya DPP sebesar Rp. 5.000.000 - Jumlah pengakuan SKS antara 20 s d 43 SKS dikenakan biaya DPP sebesar Rp. 7.000.000 - Dibawah 20 SKS, biaya DPP sama dengan dari SMA   akan masuk ke jalur regular. - Ketentuan pendaftaran dan registrasi per gelombang berlaku. 13. Biaya yang sudah dibayar, tidak dapat dikembalikan dengan alasan apapun, kecuali diterima di PTN dibawah naungan Kementerian Pendidikan dan Kebudayaan jalur SNMPTN dan jalur SBMPTN  tidak termasuk jalur Mandiri, Politeknik, D3 dan Eksekutif . Pengurusan pengambilan biaya yang sudah di bayar dilayani maksimal 21",
          "token": "85",
          "parsed": "Rp 85",
          "digits": 85,
          "hasSeparator": false,
          "index": 60,
          "window": "a. Dana Pendidikan Pokok  DPP - Jumlah pengakuan SKS antara 85 s d 100 SKS dikenakan biaya DPP sebesar Rp. 4.500.000 - Juml",
          "label": "DPP"
        },
        {
          "lineIndex": 0,
          "line": "a. Dana Pendidikan Pokok  DPP - Jumlah pengakuan SKS antara 85 s d 100 SKS dikenakan biaya DPP sebesar Rp. 4.500.000 - Jumlah pengakuan SKS antara 44 s d 84 SKS dikenakan biaya DPP sebesar Rp. 5.000.000 - Jumlah pengakuan SKS antara 20 s d 43 SKS dikenakan biaya DPP sebesar Rp. 7.000.000 - Dibawah 20 SKS, biaya DPP sama dengan dari SMA   akan masuk ke jalur regular. - Ketentuan pendaftaran dan registrasi per gelombang berlaku. 13. Biaya yang sudah dibayar, tidak dapat dikembalikan dengan alasan apapun, kecuali diterima di PTN dibawah naungan Kementerian Pendidikan dan Kebudayaan jalur SNMPTN dan jalur SBMPTN  tidak termasuk jalur Mandiri, Politeknik, D3 dan Eksekutif . Pengurusan pengambilan biaya yang sudah di bayar dilayani maksimal 21",
          "token": "100",
          "parsed": "Rp 100",
          "digits": 100,
          "hasSeparator": false,
          "index": 67,
          "window": " Pendidikan Pokok  DPP - Jumlah pengakuan SKS antara 85 s d 100 SKS dikenakan biaya DPP sebesar Rp. 4.500.000 - Jumlah penga",
          "label": "DPP"
        },
        {
          "lineIndex": 0,
          "line": "a. Dana Pendidikan Pokok  DPP - Jumlah pengakuan SKS antara 85 s d 100 SKS dikenakan biaya DPP sebesar Rp. 4.500.000 - Jumlah pengakuan SKS antara 44 s d 84 SKS dikenakan biaya DPP sebesar Rp. 5.000.000 - Jumlah pengakuan SKS antara 20 s d 43 SKS dikenakan biaya DPP sebesar Rp. 7.000.000 - Dibawah 20 SKS, biaya DPP sama dengan dari SMA   akan masuk ke jalur regular. - Ketentuan pendaftaran dan registrasi per gelombang berlaku. 13. Biaya yang sudah dibayar, tidak dapat dikembalikan dengan alasan apapun, kecuali diterima di PTN dibawah naungan Kementerian Pendidikan dan Kebudayaan jalur SNMPTN dan jalur SBMPTN  tidak termasuk jalur Mandiri, Politeknik, D3 dan Eksekutif . Pengurusan pengambilan biaya yang sudah di bayar dilayani maksimal 21",
          "token": "4.500.000",
          "parsed": "Rp 4.500.000",
          "digits": 4500000,
          "hasSeparator": true,
          "index": 107,
          "window": "n SKS antara 85 s d 100 SKS dikenakan biaya DPP sebesar Rp. 4.500.000 - Jumlah pengakuan SKS antara 44 s d 84 SKS dikenakan biaya ",
          "label": "DPP"
        },
        {
          "lineIndex": 0,
          "line": "a. Dana Pendidikan Pokok  DPP - Jumlah pengakuan SKS antara 85 s d 100 SKS dikenakan biaya DPP sebesar Rp. 4.500.000 - Jumlah pengakuan SKS antara 44 s d 84 SKS dikenakan biaya DPP sebesar Rp. 5.000.000 - Jumlah pengakuan SKS antara 20 s d 43 SKS dikenakan biaya DPP sebesar Rp. 7.000.000 - Dibawah 20 SKS, biaya DPP sama dengan dari SMA   akan masuk ke jalur regular. - Ketentuan pendaftaran dan registrasi per gelombang berlaku. 13. Biaya yang sudah dibayar, tidak dapat dikembalikan dengan alasan apapun, kecuali diterima di PTN dibawah naungan Kementerian Pendidikan dan Kebudayaan jalur SNMPTN dan jalur SBMPTN  tidak termasuk jalur Mandiri, Politeknik, D3 dan Eksekutif . Pengurusan pengambilan biaya yang sudah di bayar dilayani maksimal 21",
          "token": "44",
          "parsed": "Rp 44",
          "digits": 44,
          "hasSeparator": false,
          "index": 147,
          "window": "aya DPP sebesar Rp. 4.500.000 - Jumlah pengakuan SKS antara 44 s d 84 SKS dikenakan biaya DPP sebesar Rp. 5.000.000 - Jumla",
          "label": "DPP"
        },
        {
          "lineIndex": 0,
          "line": "a. Dana Pendidikan Pokok  DPP - Jumlah pengakuan SKS antara 85 s d 100 SKS dikenakan biaya DPP sebesar Rp. 4.500.000 - Jumlah pengakuan SKS antara 44 s d 84 SKS dikenakan biaya DPP sebesar Rp. 5.000.000 - Jumlah pengakuan SKS antara 20 s d 43 SKS dikenakan biaya DPP sebesar Rp. 7.000.000 - Dibawah 20 SKS, biaya DPP sama dengan dari SMA   akan masuk ke jalur regular. - Ketentuan pendaftaran dan registrasi per gelombang berlaku. 13. Biaya yang sudah dibayar, tidak dapat dikembalikan dengan alasan apapun, kecuali diterima di PTN dibawah naungan Kementerian Pendidikan dan Kebudayaan jalur SNMPTN dan jalur SBMPTN  tidak termasuk jalur Mandiri, Politeknik, D3 dan Eksekutif . Pengurusan pengambilan biaya yang sudah di bayar dilayani maksimal 21",
          "token": "84",
          "parsed": "Rp 84",
          "digits": 84,
          "hasSeparator": false,
          "index": 154,
          "window": " sebesar Rp. 4.500.000 - Jumlah pengakuan SKS antara 44 s d 84 SKS dikenakan biaya DPP sebesar Rp. 5.000.000 - Jumlah penga",
          "label": "DPP"
        },
        {
          "lineIndex": 0,
          "line": "a. Dana Pendidikan Pokok  DPP - Jumlah pengakuan SKS antara 85 s d 100 SKS dikenakan biaya DPP sebesar Rp. 4.500.000 - Jumlah pengakuan SKS antara 44 s d 84 SKS dikenakan biaya DPP sebesar Rp. 5.000.000 - Jumlah pengakuan SKS antara 20 s d 43 SKS dikenakan biaya DPP sebesar Rp. 7.000.000 - Dibawah 20 SKS, biaya DPP sama dengan dari SMA   akan masuk ke jalur regular. - Ketentuan pendaftaran dan registrasi per gelombang berlaku. 13. Biaya yang sudah dibayar, tidak dapat dikembalikan dengan alasan apapun, kecuali diterima di PTN dibawah naungan Kementerian Pendidikan dan Kebudayaan jalur SNMPTN dan jalur SBMPTN  tidak termasuk jalur Mandiri, Politeknik, D3 dan Eksekutif . Pengurusan pengambilan biaya yang sudah di bayar dilayani maksimal 21",
          "token": "5.000.000",
          "parsed": "Rp 5.000.000",
          "digits": 5000000,
          "hasSeparator": true,
          "index": 193,
          "window": "an SKS antara 44 s d 84 SKS dikenakan biaya DPP sebesar Rp. 5.000.000 - Jumlah pengakuan SKS antara 20 s d 43 SKS dikenakan biaya ",
          "label": "DPP"
        },
        {
          "lineIndex": 0,
          "line": "a. Dana Pendidikan Pokok  DPP - Jumlah pengakuan SKS antara 85 s d 100 SKS dikenakan biaya DPP sebesar Rp. 4.500.000 - Jumlah pengakuan SKS antara 44 s d 84 SKS dikenakan biaya DPP sebesar Rp. 5.000.000 - Jumlah pengakuan SKS antara 20 s d 43 SKS dikenakan biaya DPP sebesar Rp. 7.000.000 - Dibawah 20 SKS, biaya DPP sama dengan dari SMA   akan masuk ke jalur regular. - Ketentuan pendaftaran dan registrasi per gelombang berlaku. 13. Biaya yang sudah dibayar, tidak dapat dikembalikan dengan alasan apapun, kecuali diterima di PTN dibawah naungan Kementerian Pendidikan dan Kebudayaan jalur SNMPTN dan jalur SBMPTN  tidak termasuk jalur Mandiri, Politeknik, D3 dan Eksekutif . Pengurusan pengambilan biaya yang sudah di bayar dilayani maksimal 21",
          "token": "20",
          "parsed": "Rp 20",
          "digits": 20,
          "hasSeparator": false,
          "index": 233,
          "window": "aya DPP sebesar Rp. 5.000.000 - Jumlah pengakuan SKS antara 20 s d 43 SKS dikenakan biaya DPP sebesar Rp. 7.000.000 - Dibaw",
          "label": "DPP"
        },
        {
          "lineIndex": 0,
          "line": "a. Dana Pendidikan Pokok  DPP - Jumlah pengakuan SKS antara 85 s d 100 SKS dikenakan biaya DPP sebesar Rp. 4.500.000 - Jumlah pengakuan SKS antara 44 s d 84 SKS dikenakan biaya DPP sebesar Rp. 5.000.000 - Jumlah pengakuan SKS antara 20 s d 43 SKS dikenakan biaya DPP sebesar Rp. 7.000.000 - Dibawah 20 SKS, biaya DPP sama dengan dari SMA   akan masuk ke jalur regular. - Ketentuan pendaftaran dan registrasi per gelombang berlaku. 13. Biaya yang sudah dibayar, tidak dapat dikembalikan dengan alasan apapun, kecuali diterima di PTN dibawah naungan Kementerian Pendidikan dan Kebudayaan jalur SNMPTN dan jalur SBMPTN  tidak termasuk jalur Mandiri, Politeknik, D3 dan Eksekutif . Pengurusan pengambilan biaya yang sudah di bayar dilayani maksimal 21",
          "token": "43",
          "parsed": "Rp 43",
          "digits": 43,
          "hasSeparator": false,
          "index": 240,
          "window": " sebesar Rp. 5.000.000 - Jumlah pengakuan SKS antara 20 s d 43 SKS dikenakan biaya DPP sebesar Rp. 7.000.000 - Dibawah 20 S",
          "label": "DPP"
        },
        {
          "lineIndex": 0,
          "line": "a. Dana Pendidikan Pokok  DPP - Jumlah pengakuan SKS antara 85 s d 100 SKS dikenakan biaya DPP sebesar Rp. 4.500.000 - Jumlah pengakuan SKS antara 44 s d 84 SKS dikenakan biaya DPP sebesar Rp. 5.000.000 - Jumlah pengakuan SKS antara 20 s d 43 SKS dikenakan biaya DPP sebesar Rp. 7.000.000 - Dibawah 20 SKS, biaya DPP sama dengan dari SMA   akan masuk ke jalur regular. - Ketentuan pendaftaran dan registrasi per gelombang berlaku. 13. Biaya yang sudah dibayar, tidak dapat dikembalikan dengan alasan apapun, kecuali diterima di PTN dibawah naungan Kementerian Pendidikan dan Kebudayaan jalur SNMPTN dan jalur SBMPTN  tidak termasuk jalur Mandiri, Politeknik, D3 dan Eksekutif . Pengurusan pengambilan biaya yang sudah di bayar dilayani maksimal 21",
          "token": "7.000.000",
          "parsed": "Rp 7.000.000",
          "digits": 7000000,
          "hasSeparator": true,
          "index": 279,
          "window": "an SKS antara 20 s d 43 SKS dikenakan biaya DPP sebesar Rp. 7.000.000 - Dibawah 20 SKS, biaya DPP sama dengan dari SMA   akan masu",
          "label": "DPP"
        },
        {
          "lineIndex": 0,
          "line": "a. Dana Pendidikan Pokok  DPP - Jumlah pengakuan SKS antara 85 s d 100 SKS dikenakan biaya DPP sebesar Rp. 4.500.000 - Jumlah pengakuan SKS antara 44 s d 84 SKS dikenakan biaya DPP sebesar Rp. 5.000.000 - Jumlah pengakuan SKS antara 20 s d 43 SKS dikenakan biaya DPP sebesar Rp. 7.000.000 - Dibawah 20 SKS, biaya DPP sama dengan dari SMA   akan masuk ke jalur regular. - Ketentuan pendaftaran dan registrasi per gelombang berlaku. 13. Biaya yang sudah dibayar, tidak dapat dikembalikan dengan alasan apapun, kecuali diterima di PTN dibawah naungan Kementerian Pendidikan dan Kebudayaan jalur SNMPTN dan jalur SBMPTN  tidak termasuk jalur Mandiri, Politeknik, D3 dan Eksekutif . Pengurusan pengambilan biaya yang sudah di bayar dilayani maksimal 21",
          "token": "20",
          "parsed": "Rp 20",
          "digits": 20,
          "hasSeparator": false,
          "index": 299,
          "window": " 43 SKS dikenakan biaya DPP sebesar Rp. 7.000.000 - Dibawah 20 SKS, biaya DPP sama dengan dari SMA   akan masuk ke jalur re",
          "label": "DPP"
        },
        {
          "lineIndex": 0,
          "line": "a. Dana Pendidikan Pokok  DPP - Jumlah pengakuan SKS antara 85 s d 100 SKS dikenakan biaya DPP sebesar Rp. 4.500.000 - Jumlah pengakuan SKS antara 44 s d 84 SKS dikenakan biaya DPP sebesar Rp. 5.000.000 - Jumlah pengakuan SKS antara 20 s d 43 SKS dikenakan biaya DPP sebesar Rp. 7.000.000 - Dibawah 20 SKS, biaya DPP sama dengan dari SMA   akan masuk ke jalur regular. - Ketentuan pendaftaran dan registrasi per gelombang berlaku. 13. Biaya yang sudah dibayar, tidak dapat dikembalikan dengan alasan apapun, kecuali diterima di PTN dibawah naungan Kementerian Pendidikan dan Kebudayaan jalur SNMPTN dan jalur SBMPTN  tidak termasuk jalur Mandiri, Politeknik, D3 dan Eksekutif . Pengurusan pengambilan biaya yang sudah di bayar dilayani maksimal 21",
          "token": "13.",
          "parsed": "Rp 13",
          "digits": 13,
          "hasSeparator": true,
          "index": 431,
          "window": "Ketentuan pendaftaran dan registrasi per gelombang berlaku. 13. Biaya yang sudah dibayar, tidak dapat dikembalikan dengan al",
          "label": "BIAYA_PENDAFTARAN"
        },
        {
          "lineIndex": 0,
          "line": "a. Dana Pendidikan Pokok  DPP - Jumlah pengakuan SKS antara 85 s d 100 SKS dikenakan biaya DPP sebesar Rp. 4.500.000 - Jumlah pengakuan SKS antara 44 s d 84 SKS dikenakan biaya DPP sebesar Rp. 5.000.000 - Jumlah pengakuan SKS antara 20 s d 43 SKS dikenakan biaya DPP sebesar Rp. 7.000.000 - Dibawah 20 SKS, biaya DPP sama dengan dari SMA   akan masuk ke jalur regular. - Ketentuan pendaftaran dan registrasi per gelombang berlaku. 13. Biaya yang sudah dibayar, tidak dapat dikembalikan dengan alasan apapun, kecuali diterima di PTN dibawah naungan Kementerian Pendidikan dan Kebudayaan jalur SNMPTN dan jalur SBMPTN  tidak termasuk jalur Mandiri, Politeknik, D3 dan Eksekutif . Pengurusan pengambilan biaya yang sudah di bayar dilayani maksimal 21",
          "token": "3",
          "parsed": "Rp 3",
          "digits": 3,
          "hasSeparator": false,
          "index": 660,
          "window": "an jalur SBMPTN  tidak termasuk jalur Mandiri, Politeknik, D3 dan Eksekutif . Pengurusan pengambilan biaya yang sudah di b",
          "label": "OTHER"
        },
        {
          "lineIndex": 0,
          "line": "a. Dana Pendidikan Pokok  DPP - Jumlah pengakuan SKS antara 85 s d 100 SKS dikenakan biaya DPP sebesar Rp. 4.500.000 - Jumlah pengakuan SKS antara 44 s d 84 SKS dikenakan biaya DPP sebesar Rp. 5.000.000 - Jumlah pengakuan SKS antara 20 s d 43 SKS dikenakan biaya DPP sebesar Rp. 7.000.000 - Dibawah 20 SKS, biaya DPP sama dengan dari SMA   akan masuk ke jalur regular. - Ketentuan pendaftaran dan registrasi per gelombang berlaku. 13. Biaya yang sudah dibayar, tidak dapat dikembalikan dengan alasan apapun, kecuali diterima di PTN dibawah naungan Kementerian Pendidikan dan Kebudayaan jalur SNMPTN dan jalur SBMPTN  tidak termasuk jalur Mandiri, Politeknik, D3 dan Eksekutif . Pengurusan pengambilan biaya yang sudah di bayar dilayani maksimal 21",
          "token": "21",
          "parsed": "Rp 21",
          "digits": 21,
          "hasSeparator": false,
          "index": 745,
          "window": "san pengambilan biaya yang sudah di bayar dilayani maksimal 21",
          "label": "OTHER"
        },
        {
          "lineIndex": 0,
          "line": "a. Dana Pendidikan Pokok  DPP - Jumlah pengakuan SKS antara 85 s d 100 SKS dikenakan biaya DPP sebesar Rp. 4.500.000 - Jumlah pengakuan SKS antara 44 s d 84 SKS dikenakan biaya DPP sebesar Rp. 5.000.000 - Jumlah pengakuan SKS antara 20 s d 43 SKS dikenakan biaya DPP sebesar Rp. 7.000.000 - Dibawah 20 SKS, biaya DPP sama dengan dari SMA   akan masuk ke jalur regular. - Ketentuan pendaftaran dan registrasi per gelombang berlaku. 13. Biaya yang sudah dibayar, tidak dapat dikembalikan dengan alasan apapun, kecuali diterima di PTN dibawah naungan Kementerian Pendidikan dan Kebudayaan jalur SNMPTN dan jalur SBMPTN  tidak termasuk jalur Mandiri, Politeknik, D3 dan Eksekutif . Pengurusan pengambilan biaya yang sudah di bayar dilayani maksimal 21",
          "token": "Rp 4.500.000",
          "parsed": "Rp 4.500.000",
          "digits": 4500000,
          "hasSeparator": true,
          "index": 103,
          "window": "akuan SKS antara 85 s d 100 SKS dikenakan biaya DPP sebesar Rp. 4.500.000 - Jumlah pengakuan SKS antara 44 s d 84 SKS dikenakan biaya ",
          "label": "DPP"
        },
        {
          "lineIndex": 0,
          "line": "a. Dana Pendidikan Pokok  DPP - Jumlah pengakuan SKS antara 85 s d 100 SKS dikenakan biaya DPP sebesar Rp. 4.500.000 - Jumlah pengakuan SKS antara 44 s d 84 SKS dikenakan biaya DPP sebesar Rp. 5.000.000 - Jumlah pengakuan SKS antara 20 s d 43 SKS dikenakan biaya DPP sebesar Rp. 7.000.000 - Dibawah 20 SKS, biaya DPP sama dengan dari SMA   akan masuk ke jalur regular. - Ketentuan pendaftaran dan registrasi per gelombang berlaku. 13. Biaya yang sudah dibayar, tidak dapat dikembalikan dengan alasan apapun, kecuali diterima di PTN dibawah naungan Kementerian Pendidikan dan Kebudayaan jalur SNMPTN dan jalur SBMPTN  tidak termasuk jalur Mandiri, Politeknik, D3 dan Eksekutif . Pengurusan pengambilan biaya yang sudah di bayar dilayani maksimal 21",
          "token": "Rp 5.000.000",
          "parsed": "Rp 5.000.000",
          "digits": 5000000,
          "hasSeparator": true,
          "index": 189,
          "window": "gakuan SKS antara 44 s d 84 SKS dikenakan biaya DPP sebesar Rp. 5.000.000 - Jumlah pengakuan SKS antara 20 s d 43 SKS dikenakan biaya ",
          "label": "DPP"
        },
        {
          "lineIndex": 0,
          "line": "a. Dana Pendidikan Pokok  DPP - Jumlah pengakuan SKS antara 85 s d 100 SKS dikenakan biaya DPP sebesar Rp. 4.500.000 - Jumlah pengakuan SKS antara 44 s d 84 SKS dikenakan biaya DPP sebesar Rp. 5.000.000 - Jumlah pengakuan SKS antara 20 s d 43 SKS dikenakan biaya DPP sebesar Rp. 7.000.000 - Dibawah 20 SKS, biaya DPP sama dengan dari SMA   akan masuk ke jalur regular. - Ketentuan pendaftaran dan registrasi per gelombang berlaku. 13. Biaya yang sudah dibayar, tidak dapat dikembalikan dengan alasan apapun, kecuali diterima di PTN dibawah naungan Kementerian Pendidikan dan Kebudayaan jalur SNMPTN dan jalur SBMPTN  tidak termasuk jalur Mandiri, Politeknik, D3 dan Eksekutif . Pengurusan pengambilan biaya yang sudah di bayar dilayani maksimal 21",
          "token": "Rp 7.000.000",
          "parsed": "Rp 7.000.000",
          "digits": 7000000,
          "hasSeparator": true,
          "index": 275,
          "window": "gakuan SKS antara 20 s d 43 SKS dikenakan biaya DPP sebesar Rp. 7.000.000 - Dibawah 20 SKS, biaya DPP sama dengan dari SMA   akan masu",
          "label": "DPP"
        }
      ],
      "sourceChunks": [
        {
          "id": "0e2f1b54-9317-49c3-a4b8-9adc9e3f596e",
          "trainingId": "d540ae42-ca48-4750-b5dd-5a1fbdbc05a0",
          "chunk": "a. Dana Pendidikan Pokok (DPP)\n- Jumlah pengakuan SKS antara 85 s/d 100 SKS dikenakan biaya DPP\nsebesar Rp. 4.500.000\n- Jumlah pengakuan SKS antara 44 s/d 84 SKS dikenakan biaya DPP\nsebesar Rp. 5.000.000\n- Jumlah pengakuan SKS antara 20 s/d 43 SKS dikenakan biaya DPP\nsebesar Rp. 7.000.000\n- Dibawah 20 SKS, biaya DPP sama dengan dari SMA / akan masuk ke\njalur regular.\n- Ketentuan pendaftaran dan registrasi per gelombang berlaku.\n13. Biaya yang sudah dibayar, tidak dapat dikembalikan dengan alasan apapun, kecuali\nditerima di PTN dibawah naungan Kementerian Pendidikan dan Kebudayaan jalur\nSNMPTN dan jalur SBMPTN (tidak termasuk jalur Mandiri, Politeknik, D3 dan\nEksekutif). Pengurusan pengambilan biaya yang sudah di bayar dilayani maksimal 21",
          "chunkHash": "a7d49e67137fd0c7431134e3aafc054a007f57c3963aa9c646688829411a98e1",
          "sectionTitle": null,
          "chunkType": "COST",
          "lowConfidence": false,
          "ocrQualityScore": 0.004081632653061225,
          "embedding": [
            0.020782470703125,
            0.01947021484375,
            0.0379638671875,
            0.017791748046875,
            0.01739501953125,
            0.048370361328125,
            -0.029571533203125,
            0.02838134765625,
            0.004032135009765625,
            0.00870513916015625,
            0.045989990234375,
            -0.056640625,
            -0.0019588470458984375,
            0.034942626953125,
            0.0213165283203125,
            0.019287109375,
            -0.006649017333984375,
            -0.0204620361328125,
            -0.014801025390625,
            0.045989990234375,
            0.0030727386474609375,
            0.05902099609375,
            -0.0216827392578125,
            -0.0203094482421875,
            0.024383544921875,
            -0.076904296875,
            0.0243988037109375,
            -0.064208984375,
            0.02581787109375,
            -0.0267333984375,
            -0.0177154541015625,
            -0.032745361328125,
            -0.048858642578125,
            -0.0148468017578125,
            -0.0004863739013671875,
            0.0584716796875,
            -0.043609619140625,
            0.05487060546875,
            0.003993988037109375,
            -0.0386962890625,
            -0.01885986328125,
            -0.0212860107421875,
            -0.051971435546875,
            -0.0214691162109375,
            0.0177764892578125,
            0.039825439453125,
            -0.0078277587890625,
            -0.057220458984375,
            0.042144775390625,
            0.0300750732421875,
            -0.011810302734375,
            0.053955078125,
            0.041839599609375,
            0.037353515625,
            -0.002040863037109375,
            0.040771484375,
            -0.00972747802734375,
            -0.037628173828125,
            -0.006519317626953125,
            -0.0122528076171875,
            0.04876708984375,
            0.018890380859375,
            0.0033588409423828125,
            0.0154266357421875,
            0.0254058837890625,
            -0.019500732421875,
            -0.01332855224609375,
            0.02679443359375,
            -0.01041412353515625,
            0.00807952880859375,
            0.00981903076171875,
            0.01470184326171875,
            0.050445556640625,
            -0.03125,
            -0.0010461807250976562,
            0.045379638671875,
            0.042510986328125,
            -0.01242828369140625,
            0.035400390625,
            0.0511474609375,
            -0.0002732276916503906,
            -0.0408935546875,
            0.00322723388671875,
            0.0090789794921875,
            0.0052032470703125,
            -0.0235443115234375,
            -0.09503173828125,
            -0.0130767822265625,
            0.0133514404296875,
            -0.04229736328125,
            -0.00121307373046875,
            -0.047088623046875,
            -0.049346923828125,
            0.032470703125,
            0.0582275390625,
            0.0021762847900390625,
            -0.03485107421875,
            -0.00597381591796875,
            0.004856109619140625,
            0.0276336669921875,
            -0.002777099609375,
            -0.002231597900390625,
            0.01316070556640625,
            0.0017538070678710938,
            0.03302001953125,
            0.037353515625,
            -0.0350341796875,
            0.018280029296875,
            -0.036102294921875,
            -0.01200103759765625,
            -0.0218048095703125,
            0.037689208984375,
            -0.0152130126953125,
            0.0198822021484375,
            0.038970947265625,
            -0.0169677734375,
            -0.016632080078125,
            0.0013294219970703125,
            -0.043609619140625,
            -0.04608154296875,
            0.0270538330078125,
            -0.0024318695068359375,
            0.040985107421875,
            -0.0187530517578125,
            -0.0172882080078125,
            0.0234222412109375,
            -0.034942626953125,
            0.010223388671875,
            -0.005405426025390625,
            -0.049713134765625,
            -0.049560546875,
            -0.08795166015625,
            -0.0190277099609375,
            -0.0296173095703125,
            0.012786865234375,
            0.01044464111328125,
            -0.022369384765625,
            -0.0148162841796875,
            0.00922393798828125,
            -0.034149169921875,
            0.015960693359375,
            0.0199432373046875,
            0.005237579345703125,
            0.03387451171875,
            0.014892578125,
            -0.0006070137023925781,
            -0.04437255859375,
            0.027252197265625,
            -0.0020427703857421875,
            0.039093017578125,
            -0.0693359375,
            -0.012786865234375,
            0.002231597900390625,
            -0.0008935928344726562,
            -0.0182037353515625,
            -0.06451416015625,
            -0.0479736328125,
            0.0198211669921875,
            -0.00047850608825683594,
            0.044708251953125,
            -0.025970458984375,
            -0.0189208984375,
            0.037628173828125,
            0.013519287109375,
            -0.00787353515625,
            0.035430908203125,
            0.016265869140625,
            -0.05657958984375,
            -0.06414794921875,
            0.0012617111206054688,
            -0.0023479461669921875,
            0.005275726318359375,
            -0.01314544677734375,
            -0.04095458984375,
            0.0059967041015625,
            0.0062408447265625,
            0.019287109375,
            -0.009674072265625,
            0.01192474365234375,
            0.00429534912109375,
            -0.00344085693359375,
            -0.00641632080078125,
            -0.00579071044921875,
            0.01666259765625,
            0.050262451171875,
            -0.0114288330078125,
            0.0171966552734375,
            0.01427459716796875,
            0.06414794921875,
            0.03070068359375,
            0.032012939453125,
            -0.0160064697265625,
            0.014984130859375,
            -0.052734375,
            -0.04913330078125,
            -0.0007429122924804688,
            0.023040771484375,
            0.01079559326171875,
            -0.06884765625,
            -0.04376220703125,
            0.0115814208984375,
            -0.06964111328125,
            0.0233306884765625,
            0.00732421875,
            -0.0218505859375,
            -0.019775390625,
            0.0043182373046875,
            -0.01311492919921875,
            0.07269287109375,
            -0.02105712890625,
            0.043243408203125,
            0.01464080810546875,
            -0.0004086494445800781,
            -0.003936767578125,
            -0.0269317626953125,
            0.036346435546875,
            -0.036468505859375,
            -0.01316070556640625,
            -0.01511383056640625,
            0.006534576416015625,
            -0.004360198974609375,
            -0.07928466796875,
            -0.01157379150390625,
            0.0269317626953125,
            0.01409912109375,
            -0.0112152099609375,
            0.013153076171875,
            0.08551025390625,
            0.0011310577392578125,
            -0.0684814453125,
            -0.038299560546875,
            0.062286376953125,
            0.01617431640625,
            0.0230865478515625,
            -0.0030689239501953125,
            -0.010009765625,
            -0.0171051025390625,
            -0.0004630088806152344,
            -0.033966064453125,
            -0.04888916015625,
            0.059600830078125,
            -0.007598876953125,
            0.002655029296875,
            0.054443359375,
            0.008453369140625,
            -0.011688232421875,
            -0.004810333251953125,
            0.014984130859375,
            0.048095703125,
            -0.0156707763671875,
            0.02325439453125,
            0.035247802734375,
            -0.007106781005859375,
            -0.049560546875,
            -0.056304931640625,
            -0.0394287109375,
            -0.01416778564453125,
            0.0322265625,
            -0.0089263916015625,
            0.004512786865234375,
            -0.01459503173828125,
            0.0226898193359375,
            0.015899658203125,
            -0.0246124267578125,
            0.0020751953125,
            0.01331329345703125,
            -0.021148681640625,
            0.04473876953125,
            0.02899169921875,
            -0.019927978515625,
            -0.01021575927734375,
            -0.0010747909545898438,
            0.01332855224609375,
            0.02569580078125,
            0.0281524658203125,
            0.026824951171875,
            0.0102996826171875,
            0.047210693359375,
            -0.0118865966796875,
            0.023651123046875,
            -0.014129638671875,
            -0.0257415771484375,
            0.03594970703125,
            -0.0220794677734375,
            0.001194000244140625,
            -0.007110595703125,
            0.01477813720703125,
            0.0058135986328125,
            -0.045654296875,
            -0.042022705078125,
            -0.0202484130859375,
            -0.006267547607421875,
            -0.0065460205078125,
            0.0082855224609375,
            0.034027099609375,
            -0.0281524658203125,
            -0.0115203857421875,
            -0.018585205078125,
            0.01165771484375,
            -0.0119476318359375,
            0.0060882568359375,
            -0.01800537109375,
            -0.0006728172302246094,
            -0.02392578125,
            -0.006313323974609375,
            0.012481689453125,
            0.040283203125,
            0.050323486328125,
            -0.037322998046875,
            -0.023773193359375,
            -0.00937652587890625,
            -0.0028228759765625,
            -0.006702423095703125,
            0.01959228515625,
            0.05487060546875,
            0.029571533203125,
            -0.012054443359375,
            0.007389068603515625,
            0.047210693359375,
            -0.053314208984375,
            0.03179931640625,
            0.007110595703125,
            -0.01763916015625,
            -0.017120361328125,
            -0.0128936767578125,
            0.0027561187744140625,
            -0.037322998046875,
            -0.0095367431640625,
            0.0509033203125,
            -0.0090484619140625,
            0.01861572265625,
            0.0213165283203125,
            -0.00949859619140625,
            0.007701873779296875,
            -0.025970458984375,
            0.02264404296875,
            0.043975830078125,
            -0.01517486572265625,
            -0.07379150390625,
            0.007266998291015625,
            -0.0794677734375,
            -0.0043792724609375,
            -0.0008487701416015625,
            -0.0006318092346191406,
            0.014312744140625,
            0.033905029296875,
            -0.0067596435546875,
            0.0273590087890625,
            0.049835205078125,
            -0.004261016845703125,
            0.055511474609375,
            -0.00006604194641113281,
            0.023101806640625,
            0.0479736328125,
            0.050262451171875,
            -0.011383056640625,
            0.0114288330078125,
            -0.05657958984375,
            -0.036865234375,
            -0.008148193359375,
            -0.0269317626953125,
            -0.00991058349609375,
            0.0274200439453125,
            0.047119140625,
            0.01386260986328125,
            0.05377197265625,
            -0.051971435546875,
            -0.049774169921875,
            0.0085906982421875,
            -0.0677490234375,
            0.02642822265625,
            -0.0104217529296875,
            0.055511474609375,
            0.02197265625,
            -0.0079193115234375,
            -0.00742340087890625,
            0.042205810546875,
            0.055084228515625,
            -0.0019140243530273438,
            0.0254058837890625,
            0.05419921875,
            -0.0046234130859375,
            0.03253173828125,
            0.0031108856201171875,
            0.01739501953125,
            -0.0035572052001953125,
            0.02691650390625,
            0.0231170654296875,
            0.05474853515625,
            0.0248565673828125,
            -0.020477294921875,
            0.0184783935546875,
            0.034637451171875,
            -0.028717041015625,
            0.0227508544921875,
            -0.004467010498046875,
            -0.01580810546875,
            -0.005573272705078125,
            -0.0304718017578125,
            -0.0035877227783203125,
            -0.05316162109375,
            0.0173797607421875,
            -0.0026836395263671875,
            -0.0233154296875,
            0.049163818359375,
            0.0011882781982421875,
            0.0208740234375,
            -0.042236328125,
            0.054168701171875,
            -0.05474853515625,
            -0.007633209228515625,
            -0.01032257080078125,
            0.0294342041015625,
            -0.02685546875,
            -0.050567626953125,
            -0.0227203369140625,
            -0.0019550323486328125,
            0.053955078125,
            -0.00560760498046875,
            -0.0244598388671875,
            0.0281982421875,
            -0.00009375810623168945,
            0.00611114501953125,
            -0.04620361328125,
            -0.003871917724609375,
            0.02398681640625,
            -0.0202178955078125,
            -0.016082763671875,
            0.00284576416015625,
            -0.0025157928466796875,
            -0.0287017822265625,
            0.01126861572265625,
            0.0126190185546875,
            -0.009033203125,
            -0.01076507568359375,
            -0.005565643310546875,
            0.01141357421875,
            -0.04217529296875,
            -0.007232666015625,
            -0.00606536865234375,
            0.01983642578125,
            0.00818634033203125,
            -0.0277099609375,
            0.00667572021484375,
            0.00652313232421875,
            -0.06011962890625,
            -0.02490234375,
            -0.0118408203125,
            -0.020477294921875,
            -0.00547027587890625,
            0.002777099609375,
            0.03448486328125,
            0.0153656005859375,
            0.040985107421875,
            -0.0364990234375,
            -0.06304931640625,
            -0.0372314453125,
            0.02105712890625,
            -0.024017333984375,
            -0.01032257080078125,
            0.08514404296875,
            0.06072998046875,
            -0.0192413330078125,
            0.004413604736328125,
            -0.0277099609375,
            -0.01554107666015625,
            -0.01806640625,
            0.01357269287109375,
            0.01493072509765625,
            -0.0187530517578125,
            -0.044647216796875,
            0.0004699230194091797,
            -0.0001500844955444336,
            -0.038055419921875,
            -0.01678466796875,
            0.020233154296875,
            -0.02783203125,
            -0.045166015625,
            0.0235137939453125,
            0.032806396484375,
            -0.01519775390625,
            -0.010467529296875,
            -0.02288818359375,
            -0.017547607421875,
            0.03216552734375,
            0.088623046875,
            0.0595703125,
            0.0258026123046875,
            -0.0015935897827148438,
            0.01678466796875,
            -0.0304718017578125,
            0.00962066650390625,
            0.06787109375,
            -0.006557464599609375,
            -0.044189453125,
            -0.0036754608154296875,
            0.038543701171875,
            0.0175628662109375,
            -0.0159454345703125,
            -0.0280303955078125,
            0.0084228515625,
            -0.025787353515625,
            -0.0225982666015625,
            -0.0024471282958984375,
            0.0196075439453125,
            0.0478515625,
            -0.041107177734375,
            -0.024688720703125,
            -0.0198211669921875,
            0.0478515625,
            -0.0126800537109375,
            -0.01230621337890625,
            0.0151824951171875,
            -0.006984710693359375,
            -0.009307861328125,
            0.01168060302734375,
            0.0186920166015625,
            -0.031829833984375,
            -0.0219268798828125,
            0.0045928955078125,
            -0.0010690689086914062,
            -0.030853271484375,
            0.016082763671875,
            -0.0261993408203125,
            -0.0024623870849609375,
            -0.060516357421875,
            -0.0029449462890625,
            -0.046661376953125,
            0.02398681640625,
            -0.042572021484375,
            -0.00839996337890625,
            -0.03790283203125,
            0.03033447265625,
            -0.01236724853515625,
            -0.007175445556640625,
            -0.004123687744140625,
            0.002033233642578125,
            0.0154266357421875,
            0.00493621826171875,
            0.0203857421875,
            -0.01100921630859375,
            -0.005779266357421875,
            0.006622314453125,
            -0.041595458984375,
            -0.0067291259765625,
            -0.01453399658203125,
            0.048553466796875,
            0.0017747879028320312,
            -0.033782958984375,
            -0.042388916015625,
            -0.01401519775390625,
            0.02752685546875,
            0.0009341239929199219,
            -0.0113525390625,
            -0.0081787109375,
            0.030731201171875,
            0.007965087890625,
            0.062408447265625,
            0.0254669189453125,
            -0.0499267578125,
            0.0167388916015625,
            0.002880096435546875,
            0.0222930908203125,
            -0.0029201507568359375,
            0.01092529296875,
            -0.000690460205078125,
            0.019287109375,
            -0.004695892333984375,
            0.01093292236328125,
            0.040496826171875,
            -0.0229339599609375,
            0.03240966796875,
            -0.0258026123046875,
            -0.04144287109375,
            0.031890869140625,
            -0.0006809234619140625,
            -0.02606201171875,
            0.018218994140625,
            0.022430419921875,
            -0.03289794921875,
            -0.001453399658203125,
            0.0020313262939453125,
            0.029388427734375,
            -0.007167816162109375,
            0.00901031494140625,
            0.046234130859375,
            -0.0028171539306640625,
            0.031280517578125,
            -0.0228118896484375,
            0.052642822265625,
            -0.007534027099609375,
            0.017486572265625,
            0.00911712646484375,
            0.035400390625,
            -0.0036792755126953125,
            0.00464630126953125,
            0.016021728515625,
            0.00525665283203125,
            -0.002025604248046875,
            -0.043365478515625,
            0.002819061279296875,
            0.01233673095703125,
            -0.001209259033203125,
            -0.004657745361328125,
            0.0034084320068359375,
            -0.02960205078125,
            0.0032901763916015625,
            -0.0467529296875,
            0.0325927734375,
            0.039764404296875,
            0.0269317626953125,
            0.007232666015625,
            0.00933837890625,
            0.039886474609375,
            -0.007320404052734375,
            0.01461029052734375,
            -0.0264129638671875,
            -0.0019588470458984375,
            0.031585693359375,
            0.0170745849609375,
            -0.01070404052734375,
            0.0096588134765625,
            0.0223541259765625,
            0.0254669189453125,
            0.028289794921875,
            0.005214691162109375,
            0.02099609375,
            -0.0022869110107421875,
            -0.0126190185546875,
            0.0249481201171875,
            -0.0219573974609375,
            0.0303955078125,
            0.0278778076171875,
            -0.0018262863159179688,
            -0.001346588134765625,
            -0.01155853271484375,
            0.0056304931640625,
            -0.03497314453125,
            0.0301971435546875,
            -0.014556884765625,
            -0.020751953125,
            -0.0065765380859375,
            0.003330230712890625,
            -0.0099639892578125,
            0.0345458984375,
            0.0042724609375,
            -0.00862884521484375,
            -0.0234832763671875,
            0.0036411285400390625,
            -0.0416259765625,
            -0.00518035888671875,
            -0.0135650634765625,
            -0.0018224716186523438,
            -0.01129150390625,
            0.0187530517578125,
            -0.0296783447265625,
            -0.004367828369140625,
            -0.046630859375,
            -0.02294921875,
            -0.004604339599609375,
            -0.01210784912109375,
            0.038909912109375,
            -0.0042266845703125,
            -0.0239410400390625,
            0.0292205810546875,
            0.00905609130859375,
            -0.024261474609375,
            -0.0142974853515625,
            0.01154327392578125,
            -0.01174163818359375,
            -0.05889892578125,
            0.041900634765625,
            0.041290283203125,
            0.051605224609375,
            0.0027828216552734375,
            -0.0155181884765625,
            0.01413726806640625,
            0.0128936767578125,
            -0.0183258056640625,
            0.038482666015625,
            -0.012908935546875,
            -0.0192108154296875,
            -0.0254669189453125,
            0.0321044921875,
            -0.0452880859375,
            -0.041168212890625,
            -0.00868988037109375,
            0.020477294921875,
            0.0256195068359375,
            -0.0063629150390625,
            -0.0030536651611328125,
            -0.01611328125,
            0.034027099609375,
            -0.03863525390625,
            -0.005931854248046875,
            0.0281982421875,
            0.000009775161743164062,
            -0.0013570785522460938,
            -0.032196044921875,
            -0.04095458984375,
            0.0216217041015625,
            -0.043975830078125,
            0.00295257568359375,
            -0.021331787109375,
            -0.034210205078125,
            -0.031890869140625,
            0.0006546974182128906,
            0.043487548828125,
            0.04998779296875,
            -0.0257568359375,
            -0.0012845993041992188,
            0.00344085693359375,
            -0.03253173828125,
            -0.016204833984375,
            0.0226898193359375,
            0.0233917236328125,
            -0.0264129638671875,
            -0.059722900390625,
            0.01812744140625,
            -0.00937652587890625,
            0.034088134765625,
            0.01551055908203125,
            0.037017822265625,
            -0.00295257568359375,
            -0.0299530029296875,
            0.006565093994140625,
            -0.0084686279296875,
            -0.019775390625,
            0.0004019737243652344,
            0.016326904296875,
            -0.049041748046875,
            0.0017414093017578125,
            -0.061126708984375,
            0.0082244873046875,
            0.013458251953125,
            -0.0103759765625,
            0.0038204193115234375,
            0.047027587890625,
            0.023101806640625,
            -0.021331787109375,
            0.008056640625,
            -0.0007486343383789062,
            -0.01171112060546875,
            0.0124969482421875,
            -0.0128326416015625,
            -0.00868988037109375,
            -0.027252197265625,
            -0.00653839111328125,
            0.0226593017578125,
            -0.01055908203125,
            0.005863189697265625,
            0.004268646240234375,
            0.02679443359375,
            0.005596160888671875,
            0.045166015625,
            -0.00920867919921875,
            -0.01219940185546875,
            -0.006320953369140625,
            -0.023712158203125,
            0.0025272369384765625,
            0.01068878173828125,
            -0.008087158203125,
            -0.0216217041015625,
            0.020355224609375,
            0.0185089111328125,
            0.0008554458618164062,
            0.01119232177734375,
            -0.01413726806640625,
            0.0009202957153320312,
            0.012451171875,
            -0.0019588470458984375,
            0.0174102783203125,
            0.006633758544921875,
            0.045562744140625,
            0.0232696533203125,
            0.01259613037109375,
            -0.0064544677734375,
            -0.0704345703125,
            0.006473541259765625,
            0.00907135009765625,
            -0.0304107666015625,
            -0.0157012939453125,
            0.00768280029296875,
            0.0142822265625,
            -0.0238800048828125,
            0.011962890625,
            -0.02490234375,
            -0.0012111663818359375,
            0.00739288330078125,
            -0.023773193359375,
            -0.01110076904296875,
            0.0208892822265625,
            -0.038787841796875,
            0.004245758056640625,
            -0.01493072509765625,
            -0.01280975341796875,
            -0.019134521484375,
            -0.0018548965454101562,
            0.01061248779296875,
            -0.00989532470703125,
            -0.0244598388671875,
            0.0276336669921875,
            -0.0280303955078125,
            0.020172119140625,
            0.0025997161865234375,
            -0.038482666015625,
            -0.0010061264038085938,
            0.0204010009765625,
            0.030120849609375,
            -0.01096343994140625,
            0.002155303955078125,
            -0.0024471282958984375,
            -0.022186279296875,
            0.0016794204711914062,
            0.031768798828125,
            -0.01226043701171875,
            -0.0193023681640625,
            0.0199127197265625,
            -0.0164031982421875,
            -0.031585693359375,
            0.01953125,
            -0.0234527587890625,
            -0.0017499923706054688,
            0.013763427734375,
            -0.01488494873046875,
            0.0005865097045898438,
            -0.009979248046875,
            0.0263214111328125,
            0.0260772705078125,
            0.020843505859375,
            0.01486968994140625,
            -0.01708984375,
            -0.01861572265625,
            -0.0022602081298828125,
            0.0389404296875,
            0.021240234375,
            -0.0274810791015625,
            0.00958251953125,
            0.0118865966796875,
            -0.010711669921875,
            -0.002956390380859375,
            0.0175018310546875,
            -0.01068878173828125,
            -0.0250244140625,
            0.03387451171875,
            0.038177490234375,
            -0.0167388916015625,
            0.007110595703125,
            -0.012664794921875,
            -0.00641632080078125,
            0.01262664794921875,
            0.012725830078125,
            -0.01018524169921875,
            0.01132965087890625,
            0.0035610198974609375,
            -0.01806640625,
            0.005706787109375,
            -0.0142822265625,
            -0.01934814453125,
            -0.01371002197265625,
            0.0245513916015625,
            -0.037353515625,
            0.0014896392822265625,
            0.01163482666015625,
            0.0034084320068359375,
            -0.005275726318359375,
            0.036376953125,
            0.021575927734375,
            -0.035247802734375,
            -0.036102294921875,
            0.0091400146484375,
            -0.020416259765625,
            0.021881103515625,
            -0.037750244140625,
            0.03680419921875,
            -0.03131103515625,
            0.050567626953125,
            0.006496429443359375,
            0.010406494140625,
            -0.026580810546875,
            0.0224456787109375,
            0.00015938282012939453,
            0.01050567626953125,
            -0.006256103515625,
            0.030914306640625,
            -0.02764892578125,
            0.0214385986328125,
            0.01261138916015625,
            -0.011444091796875,
            0.0133209228515625,
            0.034271240234375,
            -0.01418304443359375,
            0.040008544921875,
            0.0147247314453125,
            -0.01385498046875,
            0.00942230224609375,
            -0.006649017333984375,
            -0.024322509765625,
            0.03997802734375,
            -0.00962066650390625,
            0.0020847320556640625,
            0.0308990478515625,
            -0.0006542205810546875,
            0.01317596435546875,
            0.0182647705078125,
            -0.004550933837890625,
            -0.0058441162109375,
            0.0228118896484375,
            0.0290985107421875,
            0.040130615234375,
            -0.0177154541015625,
            -0.02337646484375,
            0.0380859375,
            0.01194000244140625,
            0.006214141845703125,
            -0.01116180419921875,
            -0.015594482421875,
            -0.0202178955078125,
            0.020416259765625,
            -0.004383087158203125,
            0.04473876953125,
            -0.00592803955078125,
            -0.0467529296875,
            -0.0307464599609375,
            0.02178955078125,
            -0.006824493408203125,
            -0.0216522216796875,
            0.00007104873657226562,
            -0.0222930908203125,
            -0.01453399658203125,
            -0.0244293212890625,
            0.0181121826171875,
            0.02288818359375,
            0.043853759765625,
            -0.00567626953125,
            0.01641845703125,
            -0.0077667236328125,
            -0.0156707763671875,
            -0.0108184814453125,
            0.006473541259765625,
            0.023284912109375,
            0.0264739990234375,
            0.0132293701171875,
            0.006687164306640625,
            -0.01503753662109375,
            0.03143310546875,
            -0.021209716796875,
            -0.00412750244140625,
            0.0099945068359375,
            0.00434112548828125,
            -0.0102081298828125,
            -0.00039076805114746094,
            -0.000644683837890625,
            -0.010528564453125,
            0.001953125,
            -0.0212249755859375,
            0.004734039306640625,
            0.01032257080078125,
            0.004116058349609375,
            -0.01605224609375,
            -0.00943756103515625,
            -0.028778076171875,
            -0.0108489990234375,
            -0.0182037353515625,
            -0.011962890625,
            -0.019561767578125,
            -0.015869140625,
            -0.007083892822265625,
            -0.004528045654296875,
            -0.0121917724609375,
            0.0052032470703125,
            0.05438232421875,
            -0.0233306884765625,
            -0.003936767578125,
            0.01458740234375,
            -0.043731689453125,
            0.0152587890625,
            0.010986328125,
            0.0450439453125,
            0.02606201171875,
            -0.0306854248046875,
            0.020751953125,
            0.022705078125,
            0.00890350341796875,
            -0.03070068359375,
            0.05078125,
            -0.00960540771484375,
            -0.00855255126953125,
            -0.0011606216430664062,
            0.003414154052734375,
            -0.0136871337890625,
            0.01061248779296875,
            -0.03631591796875,
            -0.023284912109375,
            0.00737762451171875,
            -0.00644683837890625,
            -0.005161285400390625,
            -0.0170440673828125,
            -0.004673004150390625,
            0.03216552734375,
            0.00542449951171875,
            -0.041351318359375,
            -0.0201873779296875,
            0.02001953125,
            0.0167999267578125,
            0.01493072509765625,
            0.0084381103515625,
            -0.018524169921875,
            -0.00146484375,
            0.0243988037109375,
            0.00836944580078125,
            0.004047393798828125,
            -0.05755615234375,
            0.00897216796875,
            0.00820159912109375,
            -0.03668212890625,
            -0.005046844482421875,
            -0.037506103515625,
            -0.0012693405151367188,
            0.00890350341796875,
            0.0240936279296875,
            0.021820068359375,
            -0.01514434814453125,
            0.0102386474609375,
            -0.0369873046875,
            -0.00579833984375,
            0.03265380859375,
            -0.0284881591796875,
            0.03863525390625,
            -0.04864501953125,
            0.00223541259765625,
            -0.021331787109375,
            -0.0158233642578125,
            -0.02789306640625,
            0.0338134765625,
            0.019012451171875,
            -0.032958984375,
            0.01214599609375,
            -0.020416259765625,
            -0.0250244140625,
            -0.007350921630859375,
            0.017364501953125,
            0.029388427734375,
            -0.003261566162109375,
            -0.023590087890625,
            -0.0248565673828125,
            -0.0283966064453125,
            0.00760650634765625,
            0.006938934326171875,
            -0.00274658203125,
            -0.056182861328125,
            -0.018280029296875,
            -0.01561737060546875,
            -0.0167694091796875,
            -0.0118408203125,
            -0.01654052734375,
            0.001007080078125,
            -0.01200103759765625,
            -0.0168914794921875,
            0.0209197998046875,
            0.016204833984375,
            -0.00701141357421875,
            0.0305938720703125,
            0.024383544921875,
            0.031005859375,
            -0.01464080810546875,
            0.03411865234375,
            -0.0118560791015625,
            0.0017175674438476562,
            0.0014095306396484375,
            0.0015134811401367188,
            -0.016326904296875,
            0.0289306640625,
            0.0308380126953125,
            0.033538818359375,
            0.01247406005859375,
            0.0013980865478515625,
            0.0218658447265625,
            -0.0034999847412109375,
            -0.01165771484375,
            -0.0357666015625,
            -0.0028896331787109375,
            -0.03131103515625,
            -0.01044464111328125,
            -0.004253387451171875,
            0.024261474609375,
            0.02935791015625,
            0.043365478515625,
            0.0255126953125,
            0.01424407958984375,
            0.030303955078125,
            -0.0037593841552734375,
            -0.004192352294921875,
            0.029510498046875,
            0.025299072265625,
            0.0278167724609375,
            -0.0252227783203125,
            -0.001636505126953125,
            -0.019073486328125,
            -0.00022161006927490234,
            0.018646240234375,
            0.032073974609375,
            0.0287933349609375,
            0.01436614990234375,
            0.0016765594482421875,
            -0.037078857421875,
            -0.006866455078125,
            0.007598876953125,
            -0.0234832763671875,
            -0.015380859375,
            -0.02081298828125,
            -0.014434814453125,
            0.015167236328125,
            -0.0352783203125,
            0.0025386810302734375,
            -0.026123046875,
            -0.01010894775390625,
            -0.0096435546875,
            -0.0030841827392578125,
            0.01525115966796875,
            -0.01132965087890625,
            0.0002187490463256836,
            -0.01120758056640625,
            0.0053863525390625,
            -0.016815185546875,
            0.0046844482421875,
            0.01016998291015625,
            0.00202178955078125,
            0.014129638671875,
            -0.0206756591796875,
            0.00936126708984375,
            -0.031982421875,
            -0.0015316009521484375,
            -0.0009355545043945312,
            -0.0126190185546875,
            -0.030914306640625,
            -0.01160430908203125,
            0.0259552001953125,
            -0.04339599609375,
            0.00714111328125,
            -0.050506591796875,
            -0.014984130859375,
            -0.0159454345703125,
            0.041595458984375,
            -0.01165771484375,
            -0.0019521713256835938,
            0.03369140625,
            0.0506591796875,
            0.045623779296875,
            0.014862060546875,
            0.01280975341796875,
            -0.00542449951171875,
            0.0156707763671875,
            0.004085540771484375,
            -0.0543212890625,
            0.0273284912109375,
            0.03302001953125,
            0.027374267578125,
            0.04156494140625,
            -0.0003590583801269531,
            0.0213470458984375,
            -0.0215911865234375,
            -0.007625579833984375,
            -0.01241302490234375,
            -0.00672149658203125,
            0.038726806640625,
            0.00019919872283935547,
            -0.006256103515625,
            0.019287109375,
            0.0009169578552246094,
            -0.0033321380615234375,
            -0.007080078125,
            -0.01120758056640625,
            -0.001583099365234375,
            0.0268707275390625,
            0.0269622802734375,
            -0.024261474609375,
            0.0440673828125,
            0.00652313232421875,
            0.042633056640625,
            -0.0024394989013671875,
            0.0181427001953125,
            -0.043365478515625,
            0.002254486083984375,
            0.01441192626953125,
            0.02471923828125,
            -0.0245819091796875,
            -0.0270538330078125,
            0.0054779052734375,
            0.0087890625,
            0.030792236328125,
            -0.0004911422729492188,
            -0.01239013671875,
            0.0027408599853515625,
            -0.015228271484375,
            0.021881103515625,
            -0.0161895751953125,
            -0.00039958953857421875,
            -0.007785797119140625,
            -0.034820556640625,
            -0.0290679931640625,
            0.0080108642578125,
            -0.0002300739288330078,
            0.0081939697265625,
            -0.028228759765625,
            0.0032939910888671875,
            0.0213470458984375,
            -0.0151214599609375,
            -0.027984619140625,
            0.050384521484375,
            -0.004486083984375,
            -0.0184783935546875,
            0.007724761962890625,
            -0.03106689453125,
            -0.041351318359375,
            0.00970458984375,
            -0.005550384521484375,
            0.016632080078125,
            0.01032257080078125,
            -0.0098876953125,
            -0.025970458984375,
            -0.0233154296875,
            -0.020904541015625,
            0.00695037841796875,
            0.00022602081298828125,
            -0.0170440673828125,
            0.034698486328125,
            0.03570556640625,
            0.0203857421875,
            0.00112152099609375,
            -0.00530242919921875,
            0.0145111083984375,
            0.0206146240234375,
            -0.039825439453125,
            -0.0234222412109375,
            0.01004791259765625,
            -0.002651214599609375,
            -0.016357421875,
            -0.0244903564453125,
            -0.03131103515625,
            -0.000015914440155029297,
            -0.01702880859375,
            -0.01393890380859375,
            -0.022613525390625,
            -0.0135650634765625,
            0.0224456787109375,
            -0.0245513916015625,
            -0.025115966796875,
            0.00815582275390625,
            -0.002079010009765625,
            -0.0262603759765625,
            0.029449462890625,
            0.028533935546875,
            -0.0014429092407226562,
            0.0163726806640625,
            0.01065826416015625,
            0.031005859375,
            0.01486968994140625,
            0.01464080810546875,
            0.004344940185546875,
            -0.049346923828125,
            -0.022369384765625,
            0.0203399658203125,
            -0.01385498046875,
            0.03375244140625,
            0.010498046875,
            0.00017070770263671875,
            0.003314971923828125,
            0.0004010200500488281,
            0.016998291015625,
            0.01099395751953125,
            0.0174407958984375,
            -0.00873565673828125,
            0.0195159912109375,
            -0.006984710693359375,
            -0.01129913330078125,
            0.02032470703125,
            0.03375244140625,
            0.0132904052734375,
            0.004680633544921875,
            0.002132415771484375,
            0.01093292236328125,
            0.0176849365234375,
            0.017791748046875,
            0.0005469322204589844,
            -0.005161285400390625,
            0.007091522216796875,
            -0.00023305416107177734,
            0.0018415451049804688,
            -0.0016450881958007812,
            0.003665924072265625,
            -0.0243988037109375,
            -0.012176513671875,
            0.00647735595703125,
            -0.0288238525390625,
            0.004482269287109375,
            0.01381683349609375,
            0.0147552490234375,
            0.007770538330078125,
            -0.04144287109375,
            0.0283660888671875,
            -0.03924560546875,
            -0.0304718017578125,
            0.018585205078125,
            0.003299713134765625,
            0.0031337738037109375,
            -0.01361083984375,
            0.0081024169921875,
            -0.0217437744140625,
            -0.0181121826171875,
            -0.01837158203125,
            -0.0205230712890625,
            -0.0123443603515625,
            0.002399444580078125,
            0.01102447509765625,
            0.034637451171875,
            0.03558349609375,
            -0.0027256011962890625,
            0.028778076171875,
            0.007503509521484375,
            -0.005413055419921875,
            -0.08233642578125,
            0.00991058349609375,
            0.004894256591796875,
            0.00902557373046875,
            -0.048553466796875,
            -0.01213836669921875,
            0.02642822265625,
            -0.0237579345703125,
            -0.00634002685546875,
            -0.0283203125,
            0.0183868408203125,
            0.0122528076171875,
            -0.00977325439453125,
            0.00904083251953125,
            0.041961669921875,
            0.01224517822265625,
            0.005886077880859375,
            0.006198883056640625,
            -0.0192413330078125,
            -0.0013942718505859375,
            -0.01146697998046875,
            -0.018402099609375,
            0.040802001953125,
            0.01047515869140625,
            -0.007282257080078125,
            0.0056610107421875,
            -0.005954742431640625,
            0.01027679443359375,
            0.006084442138671875,
            -0.0302581787109375,
            -0.015533447265625,
            -0.004520416259765625,
            0.001983642578125,
            -0.0439453125,
            0.0240936279296875,
            0.0265960693359375,
            0.0150604248046875,
            0.0151214599609375,
            0.004314422607421875,
            -0.029296875,
            0.004009246826171875,
            -0.00641632080078125,
            0.036651611328125,
            0.0135498046875,
            -0.0159149169921875,
            -0.0106048583984375,
            0.00627899169921875,
            -0.0013227462768554688,
            0.004924774169921875,
            -0.0379638671875,
            -0.0200958251953125,
            -0.0011014938354492188,
            0.0245208740234375,
            0.0244903564453125,
            0.0123138427734375,
            0.0228118896484375,
            -0.0051116943359375,
            -0.0169830322265625,
            0.045654296875,
            0.036590576171875,
            -0.00868988037109375,
            -0.0092620849609375,
            -0.0027675628662109375,
            0.01209259033203125,
            -0.0214691162109375,
            -0.003353118896484375,
            -0.01416778564453125,
            0.00865936279296875,
            -0.032470703125,
            -0.043731689453125,
            0.01471710205078125,
            0.01519775390625,
            0.027374267578125,
            0.0216827392578125,
            -0.0234222412109375,
            0.00582122802734375,
            0.0008797645568847656,
            -0.00501251220703125,
            0.0016117095947265625,
            -0.0251922607421875,
            0.0084686279296875,
            -0.0153656005859375,
            0.00788116455078125,
            -0.01421356201171875,
            0.033416748046875,
            0.0018243789672851562,
            0.00888824462890625,
            -0.033294677734375,
            0.019134521484375,
            0.02703857421875,
            0.0255279541015625,
            -0.02557373046875,
            0.01523590087890625,
            -0.001049041748046875,
            0.0265350341796875,
            -0.057342529296875,
            0.00685882568359375,
            0.0176239013671875,
            0.01483917236328125,
            0.005290985107421875,
            0.011688232421875,
            0.020843505859375,
            0.01480865478515625,
            0.01568603515625,
            -0.0256195068359375,
            0.012054443359375,
            0.0250091552734375,
            -0.00354766845703125,
            -0.00021386146545410156,
            -0.0096588134765625,
            -0.04327392578125,
            0.01209259033203125,
            -0.021514892578125,
            0.046417236328125,
            -0.01258087158203125,
            0.0233612060546875,
            0.009033203125,
            0.0035400390625,
            -0.0035991668701171875,
            -0.010284423828125,
            -0.03216552734375,
            0.025299072265625,
            0.0316162109375,
            -0.0391845703125,
            -0.01082611083984375,
            -0.0080413818359375,
            -0.023101806640625,
            -0.02911376953125,
            -0.003204345703125,
            0.01519775390625,
            -0.01410675048828125,
            0.020599365234375,
            0.007305145263671875,
            -0.01134490966796875,
            0.016693115234375,
            -0.0159912109375,
            0.00614166259765625,
            0.0209503173828125,
            0.00074005126953125,
            0.0131988525390625,
            -0.00494384765625,
            0.00255584716796875,
            0.046173095703125,
            -0.005260467529296875,
            0.0016546249389648438,
            0.0269622802734375,
            -0.005702972412109375,
            0.032318115234375,
            0.024322509765625,
            0.0003635883331298828,
            0.0335693359375,
            -0.00801849365234375,
            -0.036407470703125,
            0.01116180419921875,
            -0.015869140625,
            -0.026123046875,
            0.0153350830078125,
            0.025054931640625,
            0.00875091552734375,
            -0.0323486328125,
            -0.0024433135986328125,
            -0.040191650390625,
            -0.01293182373046875,
            -0.017242431640625,
            0.02545166015625,
            -0.0235595703125,
            -0.00035643577575683594,
            0.0139617919921875,
            -0.0270538330078125,
            -0.0118255615234375,
            -0.0191650390625,
            -0.029998779296875,
            0.0189208984375,
            -0.005397796630859375,
            0.03314208984375,
            -0.021087646484375,
            0.0028533935546875,
            -0.0157012939453125,
            -0.041900634765625,
            0.02703857421875,
            -0.01898193359375,
            0.014190673828125,
            -0.0004284381866455078,
            0.036163330078125,
            -0.0013275146484375,
            -0.01727294921875,
            -0.01318359375,
            0.014312744140625,
            0.0171356201171875,
            0.028778076171875,
            0.003047943115234375,
            -0.038970947265625,
            -0.0144195556640625,
            -0.05181884765625,
            -0.00547027587890625,
            -0.01788330078125,
            -0.033050537109375,
            -0.0035114288330078125,
            0.005279541015625,
            0.0022869110107421875,
            0.05596923828125,
            0.01151275634765625,
            0.00653839111328125,
            0.0041351318359375,
            -0.00725555419921875,
            -0.004871368408203125,
            0.000759124755859375,
            -0.031494140625,
            0.023162841796875,
            0.00695037841796875,
            0.02105712890625,
            -0.00020682811737060547,
            -0.0008940696716308594,
            -0.0295562744140625,
            0.004779815673828125
          ],
          "source": "upload",
          "createdAt": "2026-06-15T00:24:38.845Z",
          "updatedAt": "2026-06-15T00:24:38.845Z",
          "divisionKey": null,
          "filename": "rincian Biaya SI,TI dan BD Tahun Ajaran 2026-2027.pdf",
          "sourceFile": "rincian Biaya SI,TI dan BD Tahun Ajaran 2026-2027.pdf",
          "fileHash": null,
          "trainingVersion": null,
          "uploadedById": null,
          "program": null,
          "programName": null,
          "programAliases": [],
          "wave": null,
          "academicYear": null,
          "partner": null,
          "campus": null,
          "jalur": "REGULER",
          "feeType": "DPP",
          "category": "PMB",
          "pageNumber": null,
          "docCategory": "BIAYA"
        },
        {
          "id": "9fb44de0-a82a-44ba-bd55-086c72243698",
          "filename": "rincian Biaya SI,TI dan BD Tahun Ajaran 2026-2027.pdf",
          "chunk": "Rp. 2.000.000,- Jika Registrasi pada Gelombang I"
        }
      ],
      "fieldSources": {
        "dpp": {
          "id": "0e2f1b54-9317-49c3-a4b8-9adc9e3f596e",
          "filename": "rincian Biaya SI,TI dan BD Tahun Ajaran 2026-2027.pdf",
          "sourceText": "a. Dana Pendidikan Pokok (DPP)\n- Jumlah pengakuan SKS antara 85 s/d 100 SKS dikenakan biaya DPP\nsebesar Rp. 4.500.000\n- Jumlah pengakuan SKS antara 44 s/d 84 SKS dikenakan biaya DPP\nsebesar Rp. 5.000.000\n- Jumlah pengakuan SKS antara 20 s/d 43 SKS dikenakan biaya DPP\nsebesar Rp. 7.000.000\n- Dibawah 20 SKS, biaya DPP sama dengan dari SMA / akan masuk ke\njalur regular.\n- Ketentuan pendaftaran dan registrasi per gelombang berlaku.\n13. Biaya yang sudah dibayar, tidak dapat dikembalikan dengan alasan apapun, kecuali\nditerima di PTN dibawah naungan Kementerian Pendidikan dan Kebudayaan jalur\nSNMPTN dan jalur SBMPTN (tidak termasuk jalur Mandiri, Politeknik, D3 dan\nEksekutif). Pengurusan pengambilan biaya yang sudah di bayar dilayani maksimal 21"
        },
        "registrationDiscount": {
          "id": "9fb44de0-a82a-44ba-bd55-086c72243698",
          "filename": "rincian Biaya SI,TI dan BD Tahun Ajaran 2026-2027.pdf",
          "sourceText": "Rp. 2.000.000,- Jika Registrasi pada Gelombang I"
        }
      },
      "initialCostItems": [],
      "registrationTotal": "Rp 0",
      "uniformFee": "Rp 0",
      "capFee": "Rp 0",
      "shirtFee": "Rp 0",
      "gmtiFee": "Rp 0",
      "bagFee": "Rp 0",
      "subtotalAwalMasuk": "Rp 7.000.000",
      "totalBiayaMasuk": "Rp 7.000.000"
    }

      at console.fn [as log] (tests/jest.setup.js:37:12)

  console.log
    FEE_FIELDS {
      registrationFee: null,
      dpp: 'Rp 7.000.000',
      jas: 'Rp 0',
      topi: 'Rp 0',
      kaos: 'Rp 0',
      gmti: 'Rp 0',
      tas: 'Rp 0',
      gelombang: '1A',
      program: null
    }

      at console.fn [as log] (tests/jest.setup.js:37:12)

  console.log
    FEE_FIELD_SOURCES {
      registrationFee: null,
      dpp: {
        id: '0e2f1b54-9317-49c3-a4b8-9adc9e3f596e',
        filename: 'rincian Biaya SI,TI dan BD Tahun Ajaran 2026-2027.pdf'
      },
      registrationDiscount: {
        id: '9fb44de0-a82a-44ba-bd55-086c72243698',
        filename: 'rincian Biaya SI,TI dan BD Tahun Ajaran 2026-2027.pdf'
      },
      dppDiscount: null
    }

      at console.fn [as log] (tests/jest.setup.js:37:12)

  console.log
    MONEY_CANDIDATES [
      {
        lineIndex: 0,
        line: 'a. Dana Pendidikan Pokok  DPP - Jumlah pengakuan SKS antara 85 s d 100 SKS dikenakan biaya DPP sebesar Rp. 4.500.000 - Jumlah pengakuan SKS antara 44 s d 84 SKS dikenakan biaya DPP sebesar Rp. 5.000.000 - Jumlah pengakuan SKS antara 20 s d 43 SKS dikenakan biaya DPP sebesar Rp. 7.000.000 - Dibawah 20 SKS, biaya DPP sama dengan dari SMA   akan masuk ke jalur regular. - Ketentuan pendaftaran dan registrasi per gelombang berlaku. 13. Biaya yang sudah dibayar, tidak dapat dikembalikan dengan alasan apapun, kecuali diterima di PTN dibawah naungan Kementerian Pendidikan dan Kebudayaan jalur SNMPTN dan jalur SBMPTN  tidak termasuk jalur Mandiri, Politeknik, D3 dan Eksekutif . Pengurusan pengambilan biaya yang sudah di bayar dilayani maksimal 21',
        token: '85',
        parsed: 'Rp 85',
        digits: 85,
        hasSeparator: false,
        index: 60,
        window: 'a. Dana Pendidikan Pokok  DPP - Jumlah pengakuan SKS antara 85 s d 100 SKS dikenakan biaya DPP sebesar Rp. 4.500.000 - Juml',
        label: 'DPP'
      },
      {
        lineIndex: 0,
        line: 'a. Dana Pendidikan Pokok  DPP - Jumlah pengakuan SKS antara 85 s d 100 SKS dikenakan biaya DPP sebesar Rp. 4.500.000 - Jumlah pengakuan SKS antara 44 s d 84 SKS dikenakan biaya DPP sebesar Rp. 5.000.000 - Jumlah pengakuan SKS antara 20 s d 43 SKS dikenakan biaya DPP sebesar Rp. 7.000.000 - Dibawah 20 SKS, biaya DPP sama dengan dari SMA   akan masuk ke jalur regular. - Ketentuan pendaftaran dan registrasi per gelombang berlaku. 13. Biaya yang sudah dibayar, tidak dapat dikembalikan dengan alasan apapun, kecuali diterima di PTN dibawah naungan Kementerian Pendidikan dan Kebudayaan jalur SNMPTN dan jalur SBMPTN  tidak termasuk jalur Mandiri, Politeknik, D3 dan Eksekutif . Pengurusan pengambilan biaya yang sudah di bayar dilayani maksimal 21',
        token: '100',
        parsed: 'Rp 100',
        digits: 100,
        hasSeparator: false,
        index: 67,
        window: ' Pendidikan Pokok  DPP - Jumlah pengakuan SKS antara 85 s d 100 SKS dikenakan biaya DPP sebesar Rp. 4.500.000 - Jumlah penga',
        label: 'DPP'
      },
      {
        lineIndex: 0,
        line: 'a. Dana Pendidikan Pokok  DPP - Jumlah pengakuan SKS antara 85 s d 100 SKS dikenakan biaya DPP sebesar Rp. 4.500.000 - Jumlah pengakuan SKS antara 44 s d 84 SKS dikenakan biaya DPP sebesar Rp. 5.000.000 - Jumlah pengakuan SKS antara 20 s d 43 SKS dikenakan biaya DPP sebesar Rp. 7.000.000 - Dibawah 20 SKS, biaya DPP sama dengan dari SMA   akan masuk ke jalur regular. - Ketentuan pendaftaran dan registrasi per gelombang berlaku. 13. Biaya yang sudah dibayar, tidak dapat dikembalikan dengan alasan apapun, kecuali diterima di PTN dibawah naungan Kementerian Pendidikan dan Kebudayaan jalur SNMPTN dan jalur SBMPTN  tidak termasuk jalur Mandiri, Politeknik, D3 dan Eksekutif . Pengurusan pengambilan biaya yang sudah di bayar dilayani maksimal 21',
        token: '4.500.000',
        parsed: 'Rp 4.500.000',
        digits: 4500000,
        hasSeparator: true,
        index: 107,
        window: 'n SKS antara 85 s d 100 SKS dikenakan biaya DPP sebesar Rp. 4.500.000 - Jumlah pengakuan SKS antara 44 s d 84 SKS dikenakan biaya ',
        label: 'DPP'
      },
      {
        lineIndex: 0,
        line: 'a. Dana Pendidikan Pokok  DPP - Jumlah pengakuan SKS antara 85 s d 100 SKS dikenakan biaya DPP sebesar Rp. 4.500.000 - Jumlah pengakuan SKS antara 44 s d 84 SKS dikenakan biaya DPP sebesar Rp. 5.000.000 - Jumlah pengakuan SKS antara 20 s d 43 SKS dikenakan biaya DPP sebesar Rp. 7.000.000 - Dibawah 20 SKS, biaya DPP sama dengan dari SMA   akan masuk ke jalur regular. - Ketentuan pendaftaran dan registrasi per gelombang berlaku. 13. Biaya yang sudah dibayar, tidak dapat dikembalikan dengan alasan apapun, kecuali diterima di PTN dibawah naungan Kementerian Pendidikan dan Kebudayaan jalur SNMPTN dan jalur SBMPTN  tidak termasuk jalur Mandiri, Politeknik, D3 dan Eksekutif . Pengurusan pengambilan biaya yang sudah di bayar dilayani maksimal 21',
        token: '44',
        parsed: 'Rp 44',
        digits: 44,
        hasSeparator: false,
        index: 147,
        window: 'aya DPP sebesar Rp. 4.500.000 - Jumlah pengakuan SKS antara 44 s d 84 SKS dikenakan biaya DPP sebesar Rp. 5.000.000 - Jumla',
        label: 'DPP'
      },
      {
        lineIndex: 0,
        line: 'a. Dana Pendidikan Pokok  DPP - Jumlah pengakuan SKS antara 85 s d 100 SKS dikenakan biaya DPP sebesar Rp. 4.500.000 - Jumlah pengakuan SKS antara 44 s d 84 SKS dikenakan biaya DPP sebesar Rp. 5.000.000 - Jumlah pengakuan SKS antara 20 s d 43 SKS dikenakan biaya DPP sebesar Rp. 7.000.000 - Dibawah 20 SKS, biaya DPP sama dengan dari SMA   akan masuk ke jalur regular. - Ketentuan pendaftaran dan registrasi per gelombang berlaku. 13. Biaya yang sudah dibayar, tidak dapat dikembalikan dengan alasan apapun, kecuali diterima di PTN dibawah naungan Kementerian Pendidikan dan Kebudayaan jalur SNMPTN dan jalur SBMPTN  tidak termasuk jalur Mandiri, Politeknik, D3 dan Eksekutif . Pengurusan pengambilan biaya yang sudah di bayar dilayani maksimal 21',
        token: '84',
        parsed: 'Rp 84',
        digits: 84,
        hasSeparator: false,
        index: 154,
        window: ' sebesar Rp. 4.500.000 - Jumlah pengakuan SKS antara 44 s d 84 SKS dikenakan biaya DPP sebesar Rp. 5.000.000 - Jumlah penga',
        label: 'DPP'
      },
      {
        lineIndex: 0,
        line: 'a. Dana Pendidikan Pokok  DPP - Jumlah pengakuan SKS antara 85 s d 100 SKS dikenakan biaya DPP sebesar Rp. 4.500.000 - Jumlah pengakuan SKS antara 44 s d 84 SKS dikenakan biaya DPP sebesar Rp. 5.000.000 - Jumlah pengakuan SKS antara 20 s d 43 SKS dikenakan biaya DPP sebesar Rp. 7.000.000 - Dibawah 20 SKS, biaya DPP sama dengan dari SMA   akan masuk ke jalur regular. - Ketentuan pendaftaran dan registrasi per gelombang berlaku. 13. Biaya yang sudah dibayar, tidak dapat dikembalikan dengan alasan apapun, kecuali diterima di PTN dibawah naungan Kementerian Pendidikan dan Kebudayaan jalur SNMPTN dan jalur SBMPTN  tidak termasuk jalur Mandiri, Politeknik, D3 dan Eksekutif . Pengurusan pengambilan biaya yang sudah di bayar dilayani maksimal 21',
        token: '5.000.000',
        parsed: 'Rp 5.000.000',
        digits: 5000000,
        hasSeparator: true,
        index: 193,
        window: 'an SKS antara 44 s d 84 SKS dikenakan biaya DPP sebesar Rp. 5.000.000 - Jumlah pengakuan SKS antara 20 s d 43 SKS dikenakan biaya ',
        label: 'DPP'
      },
      {
        lineIndex: 0,
        line: 'a. Dana Pendidikan Pokok  DPP - Jumlah pengakuan SKS antara 85 s d 100 SKS dikenakan biaya DPP sebesar Rp. 4.500.000 - Jumlah pengakuan SKS antara 44 s d 84 SKS dikenakan biaya DPP sebesar Rp. 5.000.000 - Jumlah pengakuan SKS antara 20 s d 43 SKS dikenakan biaya DPP sebesar Rp. 7.000.000 - Dibawah 20 SKS, biaya DPP sama dengan dari SMA   akan masuk ke jalur regular. - Ketentuan pendaftaran dan registrasi per gelombang berlaku. 13. Biaya yang sudah dibayar, tidak dapat dikembalikan dengan alasan apapun, kecuali diterima di PTN dibawah naungan Kementerian Pendidikan dan Kebudayaan jalur SNMPTN dan jalur SBMPTN  tidak termasuk jalur Mandiri, Politeknik, D3 dan Eksekutif . Pengurusan pengambilan biaya yang sudah di bayar dilayani maksimal 21',
        token: '20',
        parsed: 'Rp 20',
        digits: 20,
        hasSeparator: false,
        index: 233,
        window: 'aya DPP sebesar Rp. 5.000.000 - Jumlah pengakuan SKS antara 20 s d 43 SKS dikenakan biaya DPP sebesar Rp. 7.000.000 - Dibaw',
        label: 'DPP'
      },
      {
        lineIndex: 0,
        line: 'a. Dana Pendidikan Pokok  DPP - Jumlah pengakuan SKS antara 85 s d 100 SKS dikenakan biaya DPP sebesar Rp. 4.500.000 - Jumlah pengakuan SKS antara 44 s d 84 SKS dikenakan biaya DPP sebesar Rp. 5.000.000 - Jumlah pengakuan SKS antara 20 s d 43 SKS dikenakan biaya DPP sebesar Rp. 7.000.000 - Dibawah 20 SKS, biaya DPP sama dengan dari SMA   akan masuk ke jalur regular. - Ketentuan pendaftaran dan registrasi per gelombang berlaku. 13. Biaya yang sudah dibayar, tidak dapat dikembalikan dengan alasan apapun, kecuali diterima di PTN dibawah naungan Kementerian Pendidikan dan Kebudayaan jalur SNMPTN dan jalur SBMPTN  tidak termasuk jalur Mandiri, Politeknik, D3 dan Eksekutif . Pengurusan pengambilan biaya yang sudah di bayar dilayani maksimal 21',
        token: '43',
        parsed: 'Rp 43',
        digits: 43,
        hasSeparator: false,
        index: 240,
        window: ' sebesar Rp. 5.000.000 - Jumlah pengakuan SKS antara 20 s d 43 SKS dikenakan biaya DPP sebesar Rp. 7.000.000 - Dibawah 20 S',
        label: 'DPP'
      },
      {
        lineIndex: 0,
        line: 'a. Dana Pendidikan Pokok  DPP - Jumlah pengakuan SKS antara 85 s d 100 SKS dikenakan biaya DPP sebesar Rp. 4.500.000 - Jumlah pengakuan SKS antara 44 s d 84 SKS dikenakan biaya DPP sebesar Rp. 5.000.000 - Jumlah pengakuan SKS antara 20 s d 43 SKS dikenakan biaya DPP sebesar Rp. 7.000.000 - Dibawah 20 SKS, biaya DPP sama dengan dari SMA   akan masuk ke jalur regular. - Ketentuan pendaftaran dan registrasi per gelombang berlaku. 13. Biaya yang sudah dibayar, tidak dapat dikembalikan dengan alasan apapun, kecuali diterima di PTN dibawah naungan Kementerian Pendidikan dan Kebudayaan jalur SNMPTN dan jalur SBMPTN  tidak termasuk jalur Mandiri, Politeknik, D3 dan Eksekutif . Pengurusan pengambilan biaya yang sudah di bayar dilayani maksimal 21',
        token: '7.000.000',
        parsed: 'Rp 7.000.000',
        digits: 7000000,
        hasSeparator: true,
        index: 279,
        window: 'an SKS antara 20 s d 43 SKS dikenakan biaya DPP sebesar Rp. 7.000.000 - Dibawah 20 SKS, biaya DPP sama dengan dari SMA   akan masu',
        label: 'DPP'
      },
      {
        lineIndex: 0,
        line: 'a. Dana Pendidikan Pokok  DPP - Jumlah pengakuan SKS antara 85 s d 100 SKS dikenakan biaya DPP sebesar Rp. 4.500.000 - Jumlah pengakuan SKS antara 44 s d 84 SKS dikenakan biaya DPP sebesar Rp. 5.000.000 - Jumlah pengakuan SKS antara 20 s d 43 SKS dikenakan biaya DPP sebesar Rp. 7.000.000 - Dibawah 20 SKS, biaya DPP sama dengan dari SMA   akan masuk ke jalur regular. - Ketentuan pendaftaran dan registrasi per gelombang berlaku. 13. Biaya yang sudah dibayar, tidak dapat dikembalikan dengan alasan apapun, kecuali diterima di PTN dibawah naungan Kementerian Pendidikan dan Kebudayaan jalur SNMPTN dan jalur SBMPTN  tidak termasuk jalur Mandiri, Politeknik, D3 dan Eksekutif . Pengurusan pengambilan biaya yang sudah di bayar dilayani maksimal 21',
        token: '20',
        parsed: 'Rp 20',
        digits: 20,
        hasSeparator: false,
        index: 299,
        window: ' 43 SKS dikenakan biaya DPP sebesar Rp. 7.000.000 - Dibawah 20 SKS, biaya DPP sama dengan dari SMA   akan masuk ke jalur re',
        label: 'DPP'
      },
      {
        lineIndex: 0,
        line: 'a. Dana Pendidikan Pokok  DPP - Jumlah pengakuan SKS antara 85 s d 100 SKS dikenakan biaya DPP sebesar Rp. 4.500.000 - Jumlah pengakuan SKS antara 44 s d 84 SKS dikenakan biaya DPP sebesar Rp. 5.000.000 - Jumlah pengakuan SKS antara 20 s d 43 SKS dikenakan biaya DPP sebesar Rp. 7.000.000 - Dibawah 20 SKS, biaya DPP sama dengan dari SMA   akan masuk ke jalur regular. - Ketentuan pendaftaran dan registrasi per gelombang berlaku. 13. Biaya yang sudah dibayar, tidak dapat dikembalikan dengan alasan apapun, kecuali diterima di PTN dibawah naungan Kementerian Pendidikan dan Kebudayaan jalur SNMPTN dan jalur SBMPTN  tidak termasuk jalur Mandiri, Politeknik, D3 dan Eksekutif . Pengurusan pengambilan biaya yang sudah di bayar dilayani maksimal 21',
        token: '13.',
        parsed: 'Rp 13',
        digits: 13,
        hasSeparator: true,
        index: 431,
        window: 'Ketentuan pendaftaran dan registrasi per gelombang berlaku. 13. Biaya yang sudah dibayar, tidak dapat dikembalikan dengan al',
        label: 'BIAYA_PENDAFTARAN'
      },
      {
        lineIndex: 0,
        line: 'a. Dana Pendidikan Pokok  DPP - Jumlah pengakuan SKS antara 85 s d 100 SKS dikenakan biaya DPP sebesar Rp. 4.500.000 - Jumlah pengakuan SKS antara 44 s d 84 SKS dikenakan biaya DPP sebesar Rp. 5.000.000 - Jumlah pengakuan SKS antara 20 s d 43 SKS dikenakan biaya DPP sebesar Rp. 7.000.000 - Dibawah 20 SKS, biaya DPP sama dengan dari SMA   akan masuk ke jalur regular. - Ketentuan pendaftaran dan registrasi per gelombang berlaku. 13. Biaya yang sudah dibayar, tidak dapat dikembalikan dengan alasan apapun, kecuali diterima di PTN dibawah naungan Kementerian Pendidikan dan Kebudayaan jalur SNMPTN dan jalur SBMPTN  tidak termasuk jalur Mandiri, Politeknik, D3 dan Eksekutif . Pengurusan pengambilan biaya yang sudah di bayar dilayani maksimal 21',
        token: '3',
        parsed: 'Rp 3',
        digits: 3,
        hasSeparator: false,
        index: 660,
        window: 'an jalur SBMPTN  tidak termasuk jalur Mandiri, Politeknik, D3 dan Eksekutif . Pengurusan pengambilan biaya yang sudah di b',
        label: 'OTHER'
      },
      {
        lineIndex: 0,
        line: 'a. Dana Pendidikan Pokok  DPP - Jumlah pengakuan SKS antara 85 s d 100 SKS dikenakan biaya DPP sebesar Rp. 4.500.000 - Jumlah pengakuan SKS antara 44 s d 84 SKS dikenakan biaya DPP sebesar Rp. 5.000.000 - Jumlah pengakuan SKS antara 20 s d 43 SKS dikenakan biaya DPP sebesar Rp. 7.000.000 - Dibawah 20 SKS, biaya DPP sama dengan dari SMA   akan masuk ke jalur regular. - Ketentuan pendaftaran dan registrasi per gelombang berlaku. 13. Biaya yang sudah dibayar, tidak dapat dikembalikan dengan alasan apapun, kecuali diterima di PTN dibawah naungan Kementerian Pendidikan dan Kebudayaan jalur SNMPTN dan jalur SBMPTN  tidak termasuk jalur Mandiri, Politeknik, D3 dan Eksekutif . Pengurusan pengambilan biaya yang sudah di bayar dilayani maksimal 21',
        token: '21',
        parsed: 'Rp 21',
        digits: 21,
        hasSeparator: false,
        index: 745,
        window: 'san pengambilan biaya yang sudah di bayar dilayani maksimal 21',
        label: 'OTHER'
      },
      {
        lineIndex: 0,
        line: 'a. Dana Pendidikan Pokok  DPP - Jumlah pengakuan SKS antara 85 s d 100 SKS dikenakan biaya DPP sebesar Rp. 4.500.000 - Jumlah pengakuan SKS antara 44 s d 84 SKS dikenakan biaya DPP sebesar Rp. 5.000.000 - Jumlah pengakuan SKS antara 20 s d 43 SKS dikenakan biaya DPP sebesar Rp. 7.000.000 - Dibawah 20 SKS, biaya DPP sama dengan dari SMA   akan masuk ke jalur regular. - Ketentuan pendaftaran dan registrasi per gelombang berlaku. 13. Biaya yang sudah dibayar, tidak dapat dikembalikan dengan alasan apapun, kecuali diterima di PTN dibawah naungan Kementerian Pendidikan dan Kebudayaan jalur SNMPTN dan jalur SBMPTN  tidak termasuk jalur Mandiri, Politeknik, D3 dan Eksekutif . Pengurusan pengambilan biaya yang sudah di bayar dilayani maksimal 21',
        token: 'Rp 4.500.000',
        parsed: 'Rp 4.500.000',
        digits: 4500000,
        hasSeparator: true,
        index: 103,
        window: 'akuan SKS antara 85 s d 100 SKS dikenakan biaya DPP sebesar Rp. 4.500.000 - Jumlah pengakuan SKS antara 44 s d 84 SKS dikenakan biaya ',
        label: 'DPP'
      },
      {
        lineIndex: 0,
        line: 'a. Dana Pendidikan Pokok  DPP - Jumlah pengakuan SKS antara 85 s d 100 SKS dikenakan biaya DPP sebesar Rp. 4.500.000 - Jumlah pengakuan SKS antara 44 s d 84 SKS dikenakan biaya DPP sebesar Rp. 5.000.000 - Jumlah pengakuan SKS antara 20 s d 43 SKS dikenakan biaya DPP sebesar Rp. 7.000.000 - Dibawah 20 SKS, biaya DPP sama dengan dari SMA   akan masuk ke jalur regular. - Ketentuan pendaftaran dan registrasi per gelombang berlaku. 13. Biaya yang sudah dibayar, tidak dapat dikembalikan dengan alasan apapun, kecuali diterima di PTN dibawah naungan Kementerian Pendidikan dan Kebudayaan jalur SNMPTN dan jalur SBMPTN  tidak termasuk jalur Mandiri, Politeknik, D3 dan Eksekutif . Pengurusan pengambilan biaya yang sudah di bayar dilayani maksimal 21',
        token: 'Rp 5.000.000',
        parsed: 'Rp 5.000.000',
        digits: 5000000,
        hasSeparator: true,
        index: 189,
        window: 'gakuan SKS antara 44 s d 84 SKS dikenakan biaya DPP sebesar Rp. 5.000.000 - Jumlah pengakuan SKS antara 20 s d 43 SKS dikenakan biaya ',
        label: 'DPP'
      },
      {
        lineIndex: 0,
        line: 'a. Dana Pendidikan Pokok  DPP - Jumlah pengakuan SKS antara 85 s d 100 SKS dikenakan biaya DPP sebesar Rp. 4.500.000 - Jumlah pengakuan SKS antara 44 s d 84 SKS dikenakan biaya DPP sebesar Rp. 5.000.000 - Jumlah pengakuan SKS antara 20 s d 43 SKS dikenakan biaya DPP sebesar Rp. 7.000.000 - Dibawah 20 SKS, biaya DPP sama dengan dari SMA   akan masuk ke jalur regular. - Ketentuan pendaftaran dan registrasi per gelombang berlaku. 13. Biaya yang sudah dibayar, tidak dapat dikembalikan dengan alasan apapun, kecuali diterima di PTN dibawah naungan Kementerian Pendidikan dan Kebudayaan jalur SNMPTN dan jalur SBMPTN  tidak termasuk jalur Mandiri, Politeknik, D3 dan Eksekutif . Pengurusan pengambilan biaya yang sudah di bayar dilayani maksimal 21',
        token: 'Rp 7.000.000',
        parsed: 'Rp 7.000.000',
        digits: 7000000,
        hasSeparator: true,
        index: 275,
        window: 'gakuan SKS antara 20 s d 43 SKS dikenakan biaya DPP sebesar Rp. 7.000.000 - Dibawah 20 SKS, biaya DPP sama dengan dari SMA   akan masu',
        label: 'DPP'
      }
    ]

      at console.fn [as log] (tests/jest.setup.js:37:12)

  console.log
    SELECTED_FEE_RECORD {
      program: null,
      wave: '1A',
      registrationFee: null,
      dpp: 'Rp 7.000.000',
      sourceChunks: [
        {
          id: '0e2f1b54-9317-49c3-a4b8-9adc9e3f596e',
          filename: 'rincian Biaya SI,TI dan BD Tahun Ajaran 2026-2027.pdf',
          chunkPreview: 'a. Dana Pendidikan Pokok (DPP)\n' +
            '- Jumlah pengakuan SKS antara 85 s/d 100 SKS dikenakan biaya DPP\n' +
            'sebesar Rp. 4.500.000\n' +
            '- Jumlah pengakuan SKS antara 44 s/d 84 SKS dikenakan biaya DPP\n' +
            'sebesar Rp. 5.000.'
        },
        {
          id: '9fb44de0-a82a-44ba-bd55-086c72243698',
          filename: 'rincian Biaya SI,TI dan BD Tahun Ajaran 2026-2027.pdf',
          chunkPreview: 'Rp. 2.000.000,- Jika Registrasi pada Gelombang I'
        }
      ]
    }

      at console.fn [as log] (tests/jest.setup.js:37:12)

  console.log
    RAW_FEE_TEXT {
      rawChunk: 'a. Dana Pendidikan Pokok (DPP)\n' +
        '- Jumlah pengakuan SKS antara 85 s/d 100 SKS dikenakan biaya DPP\n' +
        'sebesar Rp. 4.500.000\n' +
        '- Jumlah pengakuan SKS antara 44 s/d 84 SKS dikenakan biaya DPP\n' +
        'sebesar Rp. 5.000.000\n' +
        '- Jumlah pengakuan SKS antara 20 s/d 43 SKS dikenakan biaya DPP\n' +
        'sebesar Rp. 7.000.000\n' +
        '- Dibawah 20 SKS, biaya DPP sama dengan dari SMA / akan masuk ke\n' +
        'jalur regular.\n' +
        '- Ketentuan pendaftaran dan registrasi per gelombang berlaku.\n' +
        '13. Biaya yang sudah dibayar, tidak dapat dikembalikan dengan alasan apapun, kecuali\n' +
        'diterima di PTN dibawah naungan Kementerian Pendidikan dan Kebudayaan jalur\n' +
        'SNMPTN dan jalur SBMPTN (tidak termasuk jalur Mandiri, Politeknik, D3 dan\n' +
        'Eksekutif). Pengurusan pengambilan biaya yang sudah di bayar dilayani maksimal 21'
    }

      at console.fn [as log] (tests/jest.setup.js:37:12)

  console.log
    PARSED_FEE_STRUCTURE {
      registrationFee: null,
      registrationDiscount: 'Rp 2.000.000',
      registrationTotal: 'Rp 0',
      dpp: 'Rp 7.000.000',
      dppDiscount: null,
      subtotalAwalMasuk: 'Rp 7.000.000',
      totalBiayaMasuk: 'Rp 7.000.000'
    }

      at console.fn [as log] (tests/jest.setup.js:37:12)

  console.log
    FINAL_FEE_RESPONSE {
      type: 'structured',
      answer: 'Program Studi: SI\n' +
        'Gelombang: 1A\n' +
        'Tahun Akademik: Tahun Akademik tidak tersedia\n' +
        '\n' +
        '\n' +
        'Pendaftaran:\n' +
        'Potongan Pendaftaran Gelombang 1:\n' +
        'Rp 2.000.000\n' +
        'Total Pendaftaran:\n' +
        'Rp 0\n' +
        '\n' +
        'DPP:\n' +
        'Rp 7.000.000\n' +
        '\n' +
        'Biaya Perlengkapan:\n' +
        '- Jas almamater: Rp 0\n' +
        '- Topi: Rp 0\n' +
        '- Kaos: Rp 0\n' +
        '- GMTI: Rp 0\n' +
        '- Tas: Rp 0\n' +
        '\n' +
        'Subtotal Awal Masuk: Rp 7.000.000\n' +
        '\n' +
        'Total Biaya Masuk: Rp 7.000.000\n' +
        'Sumber:\n' +
        '- rincian Biaya SI,TI dan BD Tahun Ajaran 2026-2027.pdf',
      source: 'rag-fee-structured',
      contexts: [
        'rincian Biaya SI,TI dan BD Tahun Ajaran 2026-2027.pdf',
        'rincian Biaya SI,TI dan BD Tahun Ajaran 2026-2027.pdf'
      ],
      feeStructPreview: {
        program: null,
        wave: '1A',
        registrationFee: null,
        dpp: 'Rp 7.000.000'
      }
    }

      at console.fn [as log] (tests/jest.setup.js:37:12)

  console.log
    [TRACE_FEE_ROUTE] {
      route: 'tryStructuredExactCostAnswer',
      question: 'berapa biaya prodi ti gelombang 2C?',
      queryEntities: {
        intent: 'COST',
        program: 'TI',
        wave: '2C',
        waveGroup: '2',
        academicYear: '2025'
      },
      indexCount: 1,
      topK: 3
    }

      at console.fn [as log] (tests/jest.setup.js:37:12)

  console.log
    [TRACE_COST_INPUT_1_PARAMS] {
      question: 'berapa biaya prodi ti gelombang 2C?',
      queryEntities: '{"intent":"COST","program":"TI","wave":"2C","waveGroup":"2","academicYear":"2025"}',
      indexCount: 1,
      topK: 3
    }

      at console.fn [as log] (tests/jest.setup.js:37:12)

  console.log
    [PROGRAM_REQUESTED] { programRequested: 'ti' }

      at console.fn [as log] (tests/jest.setup.js:37:12)

  console.log
    [TRACE_REQUESTED_WAVE_LABEL] { requestedWaveLabel: '2C' }

      at console.fn [as log] (tests/jest.setup.js:37:12)

  console.log
    [TRACE_COST_ALLOWED_TRAINING_IDS] {
      programRequested: 'ti',
      count: 10,
      trainingIds: [
        '396fba62-a94b-4fb6-a1d9-dfcf1e5cd2ee',
        '00200a21-fab7-45c8-953c-0ae5574b4aa1',
        '4f3faa7b-3a20-416e-8379-a4d1fc9fa9ff',
        'd540ae42-ca48-4750-b5dd-5a1fbdbc05a0',
        '5dd6cc3e-eab8-4c04-97b4-1aa28bf0f1d9',
        '9e78055e-aaa5-43ac-aa43-476a1f6e48ba',
        'd7cb3406-660e-4b40-9506-066e7aa686ab',
        'a4834fc1-bb66-4146-8774-88b321fba707',
        'a4b4fba8-bc5a-40ce-b08a-122c729999cc',
        'file-6467e454a2de'
      ]
    }

      at console.fn [as log] (tests/jest.setup.js:37:12)

  console.log
    [TRACE_TOP20_CANDIDATES_RAW] {
      totalCandidates: 1,
      top20Detailed: [
        {
          rank: 1,
          id: undefined,
          trainingId: undefined,
          filename: 'ti_2c_biaya_detail.pdf',
          totalScore: 670,
          exactMatchScore: 240,
          keywordScore: 10,
          semanticScore: 0,
          feeSignalScore: 140,
          tableBoost: 160,
          waveBoost: 120,
          breakdown: [Object],
          meta: [Object],
          chunkPreview: 'PROGRAM STUDI TEKNOLOGI INFORMASI TA 2025/2026 Gelombang 2C\n' +
            'Pendaftaran Rp 650.000\n' +
            'Dana Pendidikan Pokok (DPP) Rp 11.000.000\n' +
            'Jas almamater dan topi\n' +
            'Kaos, tas, GMTI'
        }
      ]
    }

      at console.fn [as log] (tests/jest.setup.js:37:12)

  console.log
    [TRACE_TARGET_CHUNK_MISSING_FROM_CANDIDATES] { id: '7f6efb1c-4559-438e-857b-22537be53952', rejectedReason: null }

      at console.fn [as log] (tests/jest.setup.js:37:12)

  console.log
    [TRACE_COST_INPUT_2_INDEX_SCAN] {
      totalItemsScanned: 1,
      items: [
        {
          id: undefined,
          filename: 'ti_2c_biaya_detail.pdf',
          updatedAt: '2026-07-04T02:46:47.477Z',
          itemProgram: 'TI',
          itemWave: '2C',
          itemWaveGroup: '2',
          chunkPreview: 'PROGRAM STUDI TEKNOLOGI INFORMASI TA 2025/2026 Gelombang 2C\n' +
            'Pendaftaran Rp 650.0'
        }
      ]
    }

      at console.fn [as log] (tests/jest.setup.js:37:12)

  console.log
    [TRACE_COST_MATCH_3_CANDIDATES] {
      question: 'berapa biaya prodi ti gelombang 2C?',
      queryEntities: {
        intent: 'COST',
        program: 'TI',
        wave: '2C',
        waveGroup: '2',
        academicYear: '2025'
      },
      exactCandidateCount: 1,
      exactCandidates: [
        {
          id: null,
          filename: 'ti_2c_biaya_detail.pdf',
          updatedAt: '2026-07-04T02:46:47.477Z',
          program: 'TI',
          wave: '2C',
          waveGroup: '2',
          academicYear: '2025',
          totalScore: 670,
          exactMatchScore: 240,
          keywordScore: 10,
          semanticScore: 0,
          isGlobalDiscount: false,
          matchMeta: [Object]
        }
      ],
      candidateRejectionCount: 0
    }

      at console.fn [as log] (tests/jest.setup.js:37:12)

  console.log
    [TRACE_COST_MATCH_3_ALL_CANDIDATES] {
      question: 'berapa biaya prodi ti gelombang 2C?',
      queryEntities: {
        intent: 'COST',
        program: 'TI',
        wave: '2C',
        waveGroup: '2',
        academicYear: '2025'
      },
      allCandidates: [
        {
          id: null,
          filename: 'ti_2c_biaya_detail.pdf',
          program: 'TI',
          wave: '2C',
          waveGroup: '2',
          academicYear: '2025',
          totalScore: 670,
          exactMatchScore: 240,
          keywordScore: 10,
          semanticScore: 0,
          isGlobalDiscount: false,
          matchMeta: [Object]
        }
      ]
    }

      at console.fn [as log] (tests/jest.setup.js:37:12)

  console.log
    [TRACE_COST_MATCH_3_REJECTED] {
      question: 'berapa biaya prodi ti gelombang 2C?',
      queryEntities: {
        intent: 'COST',
        program: 'TI',
        wave: '2C',
        waveGroup: '2',
        academicYear: '2025'
      },
      rejectedCandidateCount: 0,
      rejectedCandidateReasons: []
    }

      at console.fn [as log] (tests/jest.setup.js:37:12)

  console.log
    [TRACE_COST_BEST_EXACT_CANDIDATE] {
      id: null,
      filename: 'ti_2c_biaya_detail.pdf',
      exactMatchScore: 240,
      matchMeta: { waveGroupMatched: false },
      itemEntities: {
        program: 'TI',
        programMode: null,
        wave: '2C',
        waveGroup: '2',
        academicYear: '2025',
        partner: null,
        campus: null,
        jalur: null,
        feeType: 'DPP',
        category: 'PMB',
        pageNumber: null
      },
      chunkPreview: 'PROGRAM STUDI TEKNOLOGI INFORMASI TA 2025/2026 Gelombang 2C\n' +
        'Pendaftaran Rp 650.000\n' +
        'Dana Pendidikan Pokok (DPP) Rp 11.000'
    }

      at console.fn [as log] (tests/jest.setup.js:37:12)

  console.log
    [TRACE_COST_TOP10_CANDIDATES] {
      question: 'berapa biaya prodi ti gelombang 2C?',
      queryEntities: {
        intent: 'COST',
        program: 'TI',
        wave: '2C',
        waveGroup: '2',
        academicYear: '2025'
      },
      top10: [
        {
          rank: 1,
          id: null,
          filename: 'ti_2c_biaya_detail.pdf',
          program: 'TI',
          wave: '2C',
          totalScore: 670,
          exactMatchScore: 240,
          keywordScore: 10,
          semanticScore: 0,
          isGlobalDiscount: false,
          meta: [Object],
          chunkPreview: 'PROGRAM STUDI TEKNOLOGI INFORMASI TA 2025/2026 Gelombang 2C\n' +
            'Pendaftaran Rp 650.000\n' +
            'Dana Pendidikan Pokok (DPP) Rp 11.000.000\n' +
            'Jas almamater dan topi\n' +
            'Kaos, tas, GMTI'
        }
      ]
    }

      at console.fn [as log] (tests/jest.setup.js:37:12)

  console.log
    [TRACE_COST_SELECT_3_5_EXPAND_SAME_FILE] {
      topChunksCount: 1,
      uniqueTrainingIds: [],
      reason: 'expand_to_include_all_chunks_from_same_file_for_fee_table_completeness'
    }

      at console.fn [as log] (tests/jest.setup.js:37:12)

  console.log
    [TRACE_COST_SELECT_4_TOP_CHUNKS] {
      selectedCount: 1,
      topChunks: [
        {
          id: undefined,
          trainingId: null,
          filename: 'ti_2c_biaya_detail.pdf',
          sourceFile: null,
          chunkType: 'COST',
          programName: 'TI',
          wave: '2C',
          updatedAt: '2026-07-04T02:46:47.477Z',
          source: 'upload',
          category: undefined,
          chunkPreview: 'PROGRAM STUDI TEKNOLOGI INFORMASI TA 2025/2026 Gelombang 2C\n' +
            'Pendaftaran Rp 650.000\n' +
            'Dana Pendidikan P',
          entities: [Object]
        }
      ]
    }

      at console.fn [as log] (tests/jest.setup.js:37:12)

  console.log
    [TRACE_PARSE_6a_ALL_CHUNKS] {
      inputChunksCount: 1,
      inputChunks: [
        {
          id: undefined,
          filename: 'ti_2c_biaya_detail.pdf',
          updatedAt: '2026-07-04T02:46:47.477Z',
          chunkPreview: 'PROGRAM STUDI TEKNOLOGI INFORMASI TA 2025/2026 Gelombang 2C\n' +
            'Pendaftaran Rp 650.000\n' +
            'Dana Pendidikan P'
        }
      ]
    }

      at console.fn [as log] (tests/jest.setup.js:37:12)

  console.log
    [TRACE_PARSE_FEE_INPUT] {
      filename: 'ti_2c_biaya_detail.pdf',
      chunkId: undefined,
      queryEntities: {
        intent: 'COST',
        program: 'TI',
        wave: '2C',
        waveGroup: '2',
        academicYear: '2025'
      },
      chunkPreview: 'PROGRAM STUDI TEKNOLOGI INFORMASI TA 2025/2026 Gelombang 2C\n' +
        'Pendaftaran Rp 650.000\n' +
        'Dana Pendidikan Pokok (DPP) Rp 11.000.000\n' +
        'Jas almamater dan topi\n' +
        'Kaos, tas, GMTI',
      academicYear: '2025'
    }

      at console.fn [as log] (tests/jest.setup.js:37:12)

  console.log
    [TRACE_PARSE_CHUNK_1_INPUT] {
      filename: 'ti_2c_biaya_detail.pdf',
      chunkId: undefined,
      isGlobalDiscount: false,
      queryProgram: 'TI',
      entProgram: 'TI',
      queryWave: '2C',
      entWave: '2C',
      queryWaveGroup: '2',
      entWaveGroup: '2',
      queryAcademicYear: '2025',
      entAcademicYear: '2025',
      chunkPreview: 'PROGRAM STUDI TEKNOLOGI INFORMASI TA 2025/2026 Gelombang 2C\n' +
        'Pendaftaran Rp 650.000\n' +
        'Dana Pendidikan P'
    }

      at console.fn [as log] (tests/jest.setup.js:37:12)

  console.log
    TRACE_FIND_MONEY {
      keyword: '(?<!\\b(?:potongan|diskon)\\s+)(?:biaya\\s+pendaftaran|pendaftaran|registrasi)[^\\n]{0,120}?([0-9][0-9\\s\\.,]{1,40})',
      candidates: [
        {
          token: '650.000',
          candParsed: 'Rp 650.000',
          candDigits: 650000,
          hasSeparator: true,
          index: 75
        },
        {
          token: '11.000.000',
          candParsed: 'Rp 11.000.000',
          candDigits: 11000000,
          hasSeparator: true,
          index: 114
        }
      ],
      discardedPercents: [],
      selected: 'Rp 11.000.000',
      reason: 'line_level_best'
    }

      at console.fn [as log] (tests/jest.setup.js:37:12)
          at Array.reduce (<anonymous>)

  console.log
    [TRACE_VALIDATE_REGISTRATION_PROXIMITY_FAIL] {
      filename: 'ti_2c_biaya_detail.pdf',
      registrationFee: 'Rp 11.000.000'
    }

      at console.fn [as log] (tests/jest.setup.js:37:12)

  console.log
    TRACE_WAVE_SECTION_FOUND {
      filename: 'ti_2c_biaya_detail.pdf',
      wavePattern: '(?:2C|2|II)',
      sectionLinesCount: 1
    }

      at console.fn [as log] (tests/jest.setup.js:37:12)

  console.log
    TRACE_WAVE_SECTION_LINES {
      filename: 'ti_2c_biaya_detail.pdf',
      lines: [
        'PROGRAM STUDI TEKNOLOGI INFORMASI TA 2025 2026 Gelombang 2C Pendaftaran Rp 650.000 Dana Pendidikan Pokok  DPP  Rp 11.000.000 Jas almamater dan topi Kaos, tas, GMTI'
      ]
    }

      at console.fn [as log] (tests/jest.setup.js:37:12)

  console.log
    TRACE_WAVE_MONEY_SELECTED {
      keyword: '(?<!\\b(?:potongan|diskon)\\s+)(?:dana\\s+pendidikan\\s+pokok|dpp)[^\\n]{0,120}?([0-9][0-9\\s\\.,]{1,40})',
      candidates: [
        {
          token: '650.000',
          candParsed: 'Rp 650.000',
          candDigits: 650000,
          hasSeparator: true,
          index: 75
        },
        {
          token: '11.000.000',
          candParsed: 'Rp 11.000.000',
          candDigits: 11000000,
          hasSeparator: true,
          index: 114
        }
      ],
      discardedPercents: [],
      selected: 'Rp 11.000.000',
      reason: 'line_level_best'
    }

      at console.fn [as log] (tests/jest.setup.js:37:12)

  console.log
    TRACE_WAVE_MONEY_CANDIDATES { filename: 'ti_2c_biaya_detail.pdf', candidateDpp: 'Rp 11.000.000' }

      at console.fn [as log] (tests/jest.setup.js:37:12)

  console.log
    [TRACE_PROVENANCE_REJECT] {
      field: 'registrationDiscount',
      value: 'Rp 650.000',
      chunkId: undefined,
      reason: 'disallowed_context'
    }

      at console.fn [as log] (tests/jest.setup.js:37:12)

  console.log
    [TRACE_PARSE_CHUNK_2_MONEY] {
      filename: 'ti_2c_biaya_detail.pdf',
      registrationFee: null,
      dpp: 'Rp 11.000.000',
      dppDiscount: 'Rp 650.000',
      registrationDiscount: null,
      ukt: null,
      scholarship: null
    }

      at console.fn [as log] (tests/jest.setup.js:37:12)

  console.log
    [TRACE_PARSE_CHUNK_4_COST_PRESENCE] {
      filename: 'ti_2c_biaya_detail.pdf',
      registrationFee: false,
      dpp: true,
      dppDiscount: true,
      registrationDiscount: false,
      ukt: false,
      scholarship: false,
      hasAnyCost: 'Rp 11.000.000'
    }

      at console.fn [as log] (tests/jest.setup.js:37:12)

  console.log
    RAW_CHUNK_TEXT {
      filename: 'ti_2c_biaya_detail.pdf',
      chunk: 'PROGRAM STUDI TEKNOLOGI INFORMASI TA 2025/2026 Gelombang 2C\n' +
        'Pendaftaran Rp 650.000\n' +
        'Dana Pendidikan Pokok (DPP) Rp 11.000.000\n' +
        'Jas almamater dan topi\n' +
        'Kaos, tas, GMTI'
    }

      at console.fn [as log] (tests/jest.setup.js:37:12)

  console.log
    PARSED_FIELDS {
      registrationFeeRaw: '650.000',
      registrationFee: null,
      registrationFeeDigits: null,
      dppRaw: '650.000',
      dpp: 'Rp 11.000.000',
      dppDigits: '11000000',
      registrationDiscountRaw: null,
      registrationDiscount: null,
      registrationDiscountDigits: null,
      dppDiscountRaw: null,
      dppDiscount: 'Rp 650.000',
      dppDiscountDigits: '650000',
      uktRaw: null,
      ukt: null,
      scholarshipRaw: null,
      scholarship: null
    }

      at console.fn [as log] (tests/jest.setup.js:37:12)

  console.log
    [VALIDATE_PARSED_FEE_STRUCT_INPUT] {
      chunkObjKeys: [ 'chunk', 'filename', 'updatedAt', 'source', 'embedding' ],
      chunkObjOcrQualityScore: undefined,
      chunkObjFilename: 'ti_2c_biaya_detail.pdf',
      chunkObjSource: 'upload'
    }

      at console.fn [as log] (tests/jest.setup.js:37:12)

  console.log
    [VALIDATE_PARSED_FEE_STRUCT_PASS_THROUGH] {
      field: 'dpp',
      sourceChunkForValidation: {
        chunk: 'PROGRAM STUDI TEKNOLOGI INFORMASI TA 2025/2026 Gelombang 2C\n' +
          'Pendaftaran Rp 650.000\n' +
          'Dana Pendidikan Pokok (DPP) Rp 11.000.000\n' +
          'Jas almamater dan topi\n' +
          'Kaos, tas, GMTI',
        filename: 'ti_2c_biaya_detail.pdf',
        sourceFile: null,
        ocrQualityScore: null,
        source: 'upload',
        lowConfidence: null
      }
    }

      at console.fn [as log] (tests/jest.setup.js:37:12)

  console.log
    [NUMERIC_AUDIT] validateNumericGrounding:start { normalizedValue: '11000000', sourceChunksLength: 1, context: '' }

      at console.fn [as log] (tests/jest.setup.js:37:12)

  console.log
    [NUMERIC_AUDIT] chunk {
      textPreview: 'PROGRAM STUDI TEKNOLOGI INFORMASI TA 2025/2026 Gelombang 2C\n' +
        'Pendaftaran Rp 650.0',
      repairedPreview: 'PROGRAM STUDI TEKNOLOGI INFORMASI TA 2025 2026 Gelombang 2C Pendaftaran Rp 650.0',
      digitsOnly: '20252026265000011000000',
      digitsOnlyRepaired: '20252026265000011000000',
      fname: 'ti_2c_biaya_detail.pdf',
      sourceFile: null,
      isOfficialDoc: true,
      ocrQuality: null
    }

      at console.fn [as log] (tests/jest.setup.js:37:12)

  console.log
    [NUMERIC_AUDIT] parseAttempts {
      tokens: [
        'Rp 650.000 ',
        'Rp 11.000.000 ',
        '2025 2026 ',
        '2',
        '650.000 ',
        '11.000.000 '
      ],
      parsedAttempts: [ 650000, 11000000, 20252026, 2, 650000, 11000000 ]
    }

      at console.fn [as log] (tests/jest.setup.js:37:12)

  console.log
    [NUMERIC_AUDIT] matchedFoundIn-parse {
      fname: 'ti_2c_biaya_detail.pdf',
      token: 'Rp 11.000.000 ',
      numericNormalized: 11000000
    }

      at console.fn [as log] (tests/jest.setup.js:37:12)

  console.log
    [NUMERIC_AUDIT] finalDecision {
      foundInCount: 1,
      officialSourcesCount: 1,
      firstFoundInOcrQuality: null,
      firstFoundInIsOfficial: true
    }

      at console.fn [as log] (tests/jest.setup.js:37:12)

  console.log
    [NUMERIC_AUDIT] returnReason found_in_official

      at console.fn [as log] (tests/jest.setup.js:37:12)

  console.log
    [VALIDATE_PARSED_FEE_STRUCT_PASS_THROUGH] {
      field: 'dppDiscount',
      sourceChunkForValidation: {
        chunk: 'PROGRAM STUDI TEKNOLOGI INFORMASI TA 2025/2026 Gelombang 2C\n' +
          'Pendaftaran Rp 650.000\n' +
          'Dana Pendidikan Pokok (DPP) Rp 11.000.000\n' +
          'Jas almamater dan topi\n' +
          'Kaos, tas, GMTI',
        filename: 'ti_2c_biaya_detail.pdf',
        sourceFile: null,
        ocrQualityScore: null,
        source: 'upload',
        lowConfidence: null
      }
    }

      at console.fn [as log] (tests/jest.setup.js:37:12)

  console.log
    [NUMERIC_AUDIT] validateNumericGrounding:start { normalizedValue: '650000', sourceChunksLength: 1, context: '' }

      at console.fn [as log] (tests/jest.setup.js:37:12)

  console.log
    [NUMERIC_AUDIT] chunk {
      textPreview: 'PROGRAM STUDI TEKNOLOGI INFORMASI TA 2025/2026 Gelombang 2C\n' +
        'Pendaftaran Rp 650.0',
      repairedPreview: 'PROGRAM STUDI TEKNOLOGI INFORMASI TA 2025 2026 Gelombang 2C Pendaftaran Rp 650.0',
      digitsOnly: '20252026265000011000000',
      digitsOnlyRepaired: '20252026265000011000000',
      fname: 'ti_2c_biaya_detail.pdf',
      sourceFile: null,
      isOfficialDoc: true,
      ocrQuality: null
    }

      at console.fn [as log] (tests/jest.setup.js:37:12)

  console.log
    [NUMERIC_AUDIT] parseAttempts {
      tokens: [
        'Rp 650.000 ',
        'Rp 11.000.000 ',
        '2025 2026 ',
        '2',
        '650.000 ',
        '11.000.000 '
      ],
      parsedAttempts: [ 650000, 11000000, 20252026, 2, 650000, 11000000 ]
    }

      at console.fn [as log] (tests/jest.setup.js:37:12)

  console.log
    [NUMERIC_AUDIT] matchedFoundIn-parse {
      fname: 'ti_2c_biaya_detail.pdf',
      token: 'Rp 650.000 ',
      numericNormalized: 650000
    }

      at console.fn [as log] (tests/jest.setup.js:37:12)

  console.log
    [NUMERIC_AUDIT] finalDecision {
      foundInCount: 1,
      officialSourcesCount: 1,
      firstFoundInOcrQuality: null,
      firstFoundInIsOfficial: true
    }

      at console.fn [as log] (tests/jest.setup.js:37:12)

  console.log
    [NUMERIC_AUDIT] returnReason found_in_official

      at console.fn [as log] (tests/jest.setup.js:37:12)

  console.log
    [TRACE_PARSE_CHUNK_3_VALIDATION] {
      filename: 'ti_2c_biaya_detail.pdf',
      chunkId: undefined,
      isValid: true,
      feeStruct: {
        program: 'TI',
        wave: '2C',
        waveGroup: '2',
        academicYear: '2025',
        registrationFee: null,
        dpp: 'Rp 11.000.000',
        dppDiscount: 'Rp 650.000',
        registrationDiscount: null,
        ukt: null,
        scholarship: null,
        isGlobalDiscount: false
      }
    }

      at console.fn [as log] (tests/jest.setup.js:37:12)

  console.log
    [TRACE_PARSE_FEE_RESULT] {
      filename: 'ti_2c_biaya_detail.pdf',
      chunkId: undefined,
      feeStruct: {
        program: 'TI',
        wave: '2C',
        waveGroup: '2',
        academicYear: '2025',
        registrationFee: null,
        dpp: 'Rp 11.000.000',
        registrationDiscount: null,
        dppDiscount: 'Rp 650.000',
        ukt: null,
        scholarship: null,
        isGlobalDiscount: false
      }
    }

      at console.fn [as log] (tests/jest.setup.js:37:12)

  console.log
    [TRACE_PARSE_FEE_RESULT] {
      filename: 'ti_2c_biaya_detail.pdf',
      chunkId: undefined,
      parsed: {
        program: 'TI',
        wave: '2C',
        waveGroup: '2',
        academicYear: '2025',
        registrationFee: null,
        dpp: 'Rp 11.000.000',
        registrationDiscount: null,
        dppDiscount: 'Rp 650.000',
        ukt: null,
        scholarship: null
      }
    }

      at console.fn [as log] (tests/jest.setup.js:37:12)

  console.log
    [TRACE_FEE_STRUCT] {
      costCandidatesCount: 1,
      globalDiscountCandidatesCount: 0,
      costCandidates: [
        {
          trainingId: null,
          filename: 'ti_2c_biaya_detail.pdf',
          chunkType: 'COST',
          programName: 'TI',
          wave: '2C',
          waveGroup: '2',
          academicYear: '2025',
          registrationFee: null,
          dpp: 'Rp 11.000.000',
          sourceChunk: [Object]
        }
      ],
      globalDiscounts: []
    }

      at console.fn [as log] (tests/jest.setup.js:37:12)

  console.log
    [TRACE_PARSE_6b_YEAR_FILTER] {
      queryAcademicYear: '2025',
      selectedCandidateCount: 1,
      selectedType: 'exact_year_match'
    }

      at console.fn [as log] (tests/jest.setup.js:37:12)

  console.log
    [TRACE_PARSE_6c_BEFORE_YEAR_SELECT] {
      queryEntitiesAcademicYear: '2025',
      baseCandidatesCount: 1,
      baseCandidates: [
        {
          program: 'TI',
          wave: '2C',
          academicYear: '2025',
          parseYearKey: 2025,
          updatedAt: '2026-07-04T02:46:47.477Z'
        }
      ]
    }

      at console.fn [as log] (tests/jest.setup.js:37:12)

  console.log
    [TRACE_PARSE_6c2_YEAR_SELECTION] {
      method: 'REQUESTED_YEAR',
      requestedYear: '2025',
      beforeCount: 1,
      explicitYearCandidatesCount: 1,
      matchingYearCandidatesCount: 1,
      yearlessCandidatesCount: 0,
      candidatesToFilter: [ { academicYear: '2025', matches: true } ]
    }

      at console.fn [as log] (tests/jest.setup.js:37:12)

  console.log
    [TRACE_PARSE_6d_AFTER_YEAR_SELECT] {
      baseCandidatesCountAfterYearFilter: 1,
      baseCandidates: [
        {
          program: 'TI',
          wave: '2C',
          academicYear: '2025',
          updatedAt: '2026-07-04T02:46:47.477Z'
        }
      ]
    }

      at console.fn [as log] (tests/jest.setup.js:37:12)

  console.log
    [PROGRAM_FILTER_APPLIED] { programRequested: 'ti', before: 'TI', after: 'TI' }

      at console.fn [as log] (tests/jest.setup.js:37:12)

  console.log
    [TRACE_PARSE_6e_BASE_SELECTED] {
      baseSelected: {
        program: 'TI',
        wave: '2C',
        waveGroup: '2',
        academicYear: '2025',
        updatedAt: '2026-07-04T02:46:47.477Z',
        registrationFee: null,
        dpp: 'Rp 11.000.000'
      },
      globalDiscountCandidatesCount: 0,
      globalDiscounts: []
    }

      at console.fn [as log] (tests/jest.setup.js:37:12)

  console.log
    [TRACE_PARSE_6f_DISCOUNT_FILTER] {
      baseWaveGroup: '2',
      globalDiscountCandidatesCount: 0,
      eligibleDiscountsAfterFilter: 0,
      discountFilterResults: []
    }

      at console.fn [as log] (tests/jest.setup.js:37:12)

  console.log
    [TRACE_PARSE_6g_BEST_DISCOUNTS] {
      registrationDiscountFound: false,
      registrationDiscountValue: null,
      dppDiscountFound: false,
      dppDiscountValue: null,
      bestRegistrationDiscountSource: null,
      bestDppDiscountSource: null
    }

      at console.fn [as log] (tests/jest.setup.js:37:12)

  console.log
    [TRACE_PARSE_6h_FINAL_MERGED] {
      merged: {
        program: 'TI',
        wave: '2C',
        academicYear: '2025',
        registrationFee: null,
        registrationDiscount: null,
        dpp: 'Rp 11.000.000',
        dppDiscount: 'Rp 650.000',
        sourceChunksCount: 1
      }
    }

      at console.fn [as log] (tests/jest.setup.js:37:12)

  console.log
    [PROGRAM_SELECTED] { program: 'TI' }

      at console.fn [as log] (tests/jest.setup.js:37:12)

  console.log
    [SELECTED_FILE] { files: [ { id: undefined, filename: 'ti_2c_biaya_detail.pdf' } ] }

      at console.fn [as log] (tests/jest.setup.js:37:12)

  console.log
    [FIELD_PROVENANCE] {
      dpp: {
        id: undefined,
        filename: 'ti_2c_biaya_detail.pdf',
        sourceText: 'PROGRAM STUDI TEKNOLOGI INFORMASI TA 2025/2026 Gelombang 2C\n' +
          'Pendaftaran Rp 650.000\n' +
          'Dana Pendidikan Pokok (DPP) Rp 11.000.000\n' +
          'Jas almamater dan topi\n' +
          'Kaos, tas, GMTI'
      },
      dppDiscount: {
        id: undefined,
        filename: 'ti_2c_biaya_detail.pdf',
        sourceText: 'PROGRAM STUDI TEKNOLOGI INFORMASI TA 2025/2026 Gelombang 2C\n' +
          'Pendaftaran Rp 650.000\n' +
          'Dana Pendidikan Pokok (DPP) Rp 11.000.000\n' +
          'Jas almamater dan topi\n' +
          'Kaos, tas, GMTI'
      }
    }

      at console.fn [as log] (tests/jest.setup.js:37:12)

  console.log
    SELECTED_FEE_RECORD {
      program: 'TI',
      wave: '2C',
      academicYear: '2025',
      registrationFee: null,
      dpp: 'Rp 11.000.000',
      initialCostItems: [],
      sourceChunks: [
        {
          id: null,
          filename: 'ti_2c_biaya_detail.pdf',
          chunkPreview: 'PROGRAM STUDI TEKNOLOGI INFORMASI TA 2025/2026 Gelombang 2C\n' +
            'Pendaftaran Rp 650.000\n' +
            'Dana Pendidikan Pokok (DPP) Rp 11.000.000\n' +
            'Jas almamater dan topi\n' +
            'Kaos, tas, GMTI'
        }
      ]
    }

      at console.fn [as log] (tests/jest.setup.js:37:12)

  console.log
    CALCULATED_TOTAL {
      registrationFeeAmt: 0,
      registrationDiscountAmt: 0,
      registrationTotalAmt: 0,
      dppAmt: 11000000,
      uniformSum: 0,
      capSum: 0,
      shirtSum: 0,
      gmtiSum: 0,
      bagSum: 0,
      subtotalAwalMasukAmt: 11000000,
      dppDiscountAmt: 650000,
      totalBiayaMasukAmt: 10350000,
      formatted: {
        registrationTotal: 'Rp 0',
        subtotalAwalMasuk: 'Rp 11.000.000',
        totalBiayaMasuk: 'Rp 10.350.000'
      }
    }

      at console.fn [as log] (tests/jest.setup.js:37:12)

  console.log
    [TRACE_COST_PARSE_5_FEE_STRUCT] {
      feeStructExists: true,
      feeStruct: {
        registrationFee: null,
        dppFee: undefined,
        dppDiscountAmount: undefined,
        registrationDiscountAmount: undefined,
        semester: undefined,
        totalAwalMasuk: undefined,
        academicYear: '2025',
        wave: '2C',
        waveGroup: '2',
        program: 'TI',
        sourceChunksCount: 1,
        sourceChunks: [ [Object] ]
      },
      queryEntitiesRequested: {
        intent: 'COST',
        program: 'TI',
        wave: '2C',
        waveGroup: '2',
        academicYear: '2025'
      }
    }

      at console.fn [as log] (tests/jest.setup.js:37:12)

  console.log
    [TRACE_PARSE_CHUNK_1_INPUT] {
      filename: 'ti_2c_biaya_detail.pdf',
      chunkId: undefined,
      isGlobalDiscount: false,
      queryProgram: 'TI',
      entProgram: 'TI',
      queryWave: '2C',
      entWave: '2C',
      queryWaveGroup: '2',
      entWaveGroup: '2',
      queryAcademicYear: '2025',
      entAcademicYear: '2025',
      chunkPreview: 'PROGRAM STUDI TEKNOLOGI INFORMASI TA 2025/2026 Gelombang 2C\n' +
        'Pendaftaran Rp 650.000\n' +
        'Dana Pendidikan P'
    }

      at console.fn [as log] (tests/jest.setup.js:37:12)
          at Array.map (<anonymous>)

  console.log
    TRACE_FIND_MONEY {
      keyword: '(?<!\\b(?:potongan|diskon)\\s+)(?:biaya\\s+pendaftaran|pendaftaran|registrasi)[^\\n]{0,120}?([0-9][0-9\\s\\.,]{1,40})',
      candidates: [
        {
          token: '650.000',
          candParsed: 'Rp 650.000',
          candDigits: 650000,
          hasSeparator: true,
          index: 75
        },
        {
          token: '11.000.000',
          candParsed: 'Rp 11.000.000',
          candDigits: 11000000,
          hasSeparator: true,
          index: 114
        }
      ],
      discardedPercents: [],
      selected: 'Rp 11.000.000',
      reason: 'line_level_best'
    }

      at console.fn [as log] (tests/jest.setup.js:37:12)
          at Array.reduce (<anonymous>)
          at Array.map (<anonymous>)

  console.log
    [TRACE_VALIDATE_REGISTRATION_PROXIMITY_FAIL] {
      filename: 'ti_2c_biaya_detail.pdf',
      registrationFee: 'Rp 11.000.000'
    }

      at console.fn [as log] (tests/jest.setup.js:37:12)
          at Array.map (<anonymous>)

  console.log
    TRACE_WAVE_SECTION_FOUND {
      filename: 'ti_2c_biaya_detail.pdf',
      wavePattern: '(?:2C|2|II)',
      sectionLinesCount: 1
    }

      at console.fn [as log] (tests/jest.setup.js:37:12)
          at Array.map (<anonymous>)

  console.log
    TRACE_WAVE_SECTION_LINES {
      filename: 'ti_2c_biaya_detail.pdf',
      lines: [
        'PROGRAM STUDI TEKNOLOGI INFORMASI TA 2025 2026 Gelombang 2C Pendaftaran Rp 650.000 Dana Pendidikan Pokok  DPP  Rp 11.000.000 Jas almamater dan topi Kaos, tas, GMTI'
      ]
    }

      at console.fn [as log] (tests/jest.setup.js:37:12)
          at Array.map (<anonymous>)

  console.log
    TRACE_WAVE_MONEY_SELECTED {
      keyword: '(?<!\\b(?:potongan|diskon)\\s+)(?:dana\\s+pendidikan\\s+pokok|dpp)[^\\n]{0,120}?([0-9][0-9\\s\\.,]{1,40})',
      candidates: [
        {
          token: '650.000',
          candParsed: 'Rp 650.000',
          candDigits: 650000,
          hasSeparator: true,
          index: 75
        },
        {
          token: '11.000.000',
          candParsed: 'Rp 11.000.000',
          candDigits: 11000000,
          hasSeparator: true,
          index: 114
        }
      ],
      discardedPercents: [],
      selected: 'Rp 11.000.000',
      reason: 'line_level_best'
    }

      at console.fn [as log] (tests/jest.setup.js:37:12)
          at Array.map (<anonymous>)

  console.log
    TRACE_WAVE_MONEY_CANDIDATES { filename: 'ti_2c_biaya_detail.pdf', candidateDpp: 'Rp 11.000.000' }

      at console.fn [as log] (tests/jest.setup.js:37:12)
          at Array.map (<anonymous>)

  console.log
    [TRACE_PROVENANCE_REJECT] {
      field: 'registrationDiscount',
      value: 'Rp 650.000',
      chunkId: undefined,
      reason: 'disallowed_context'
    }

      at console.fn [as log] (tests/jest.setup.js:37:12)
          at Array.map (<anonymous>)

  console.log
    [TRACE_PARSE_CHUNK_2_MONEY] {
      filename: 'ti_2c_biaya_detail.pdf',
      registrationFee: null,
      dpp: 'Rp 11.000.000',
      dppDiscount: 'Rp 650.000',
      registrationDiscount: null,
      ukt: null,
      scholarship: null
    }

      at console.fn [as log] (tests/jest.setup.js:37:12)
          at Array.map (<anonymous>)

  console.log
    [TRACE_PARSE_CHUNK_4_COST_PRESENCE] {
      filename: 'ti_2c_biaya_detail.pdf',
      registrationFee: false,
      dpp: true,
      dppDiscount: true,
      registrationDiscount: false,
      ukt: false,
      scholarship: false,
      hasAnyCost: 'Rp 11.000.000'
    }

      at console.fn [as log] (tests/jest.setup.js:37:12)
          at Array.map (<anonymous>)

  console.log
    RAW_CHUNK_TEXT {
      filename: 'ti_2c_biaya_detail.pdf',
      chunk: 'PROGRAM STUDI TEKNOLOGI INFORMASI TA 2025/2026 Gelombang 2C\n' +
        'Pendaftaran Rp 650.000\n' +
        'Dana Pendidikan Pokok (DPP) Rp 11.000.000\n' +
        'Jas almamater dan topi\n' +
        'Kaos, tas, GMTI'
    }

      at console.fn [as log] (tests/jest.setup.js:37:12)
          at Array.map (<anonymous>)

  console.log
    PARSED_FIELDS {
      registrationFeeRaw: '650.000',
      registrationFee: null,
      registrationFeeDigits: null,
      dppRaw: '650.000',
      dpp: 'Rp 11.000.000',
      dppDigits: '11000000',
      registrationDiscountRaw: null,
      registrationDiscount: null,
      registrationDiscountDigits: null,
      dppDiscountRaw: null,
      dppDiscount: 'Rp 650.000',
      dppDiscountDigits: '650000',
      uktRaw: null,
      ukt: null,
      scholarshipRaw: null,
      scholarship: null
    }

      at console.fn [as log] (tests/jest.setup.js:37:12)
          at Array.map (<anonymous>)

  console.log
    [VALIDATE_PARSED_FEE_STRUCT_INPUT] {
      chunkObjKeys: [ 'chunk', 'filename', 'updatedAt', 'source', 'embedding' ],
      chunkObjOcrQualityScore: undefined,
      chunkObjFilename: 'ti_2c_biaya_detail.pdf',
      chunkObjSource: 'upload'
    }

      at console.fn [as log] (tests/jest.setup.js:37:12)
          at Array.map (<anonymous>)

  console.log
    [VALIDATE_PARSED_FEE_STRUCT_PASS_THROUGH] {
      field: 'dpp',
      sourceChunkForValidation: {
        chunk: 'PROGRAM STUDI TEKNOLOGI INFORMASI TA 2025/2026 Gelombang 2C\n' +
          'Pendaftaran Rp 650.000\n' +
          'Dana Pendidikan Pokok (DPP) Rp 11.000.000\n' +
          'Jas almamater dan topi\n' +
          'Kaos, tas, GMTI',
        filename: 'ti_2c_biaya_detail.pdf',
        sourceFile: null,
        ocrQualityScore: null,
        source: 'upload',
        lowConfidence: null
      }
    }

      at console.fn [as log] (tests/jest.setup.js:37:12)
          at Array.map (<anonymous>)

  console.log
    [NUMERIC_AUDIT] validateNumericGrounding:start { normalizedValue: '11000000', sourceChunksLength: 1, context: '' }

      at console.fn [as log] (tests/jest.setup.js:37:12)
          at Array.map (<anonymous>)

  console.log
    [NUMERIC_AUDIT] chunk {
      textPreview: 'PROGRAM STUDI TEKNOLOGI INFORMASI TA 2025/2026 Gelombang 2C\n' +
        'Pendaftaran Rp 650.0',
      repairedPreview: 'PROGRAM STUDI TEKNOLOGI INFORMASI TA 2025 2026 Gelombang 2C Pendaftaran Rp 650.0',
      digitsOnly: '20252026265000011000000',
      digitsOnlyRepaired: '20252026265000011000000',
      fname: 'ti_2c_biaya_detail.pdf',
      sourceFile: null,
      isOfficialDoc: true,
      ocrQuality: null
    }

      at console.fn [as log] (tests/jest.setup.js:37:12)
          at Array.map (<anonymous>)

  console.log
    [NUMERIC_AUDIT] parseAttempts {
      tokens: [
        'Rp 650.000 ',
        'Rp 11.000.000 ',
        '2025 2026 ',
        '2',
        '650.000 ',
        '11.000.000 '
      ],
      parsedAttempts: [ 650000, 11000000, 20252026, 2, 650000, 11000000 ]
    }

      at console.fn [as log] (tests/jest.setup.js:37:12)
          at Array.map (<anonymous>)

  console.log
    [NUMERIC_AUDIT] matchedFoundIn-parse {
      fname: 'ti_2c_biaya_detail.pdf',
      token: 'Rp 11.000.000 ',
      numericNormalized: 11000000
    }

      at console.fn [as log] (tests/jest.setup.js:37:12)
          at Array.map (<anonymous>)

  console.log
    [NUMERIC_AUDIT] finalDecision {
      foundInCount: 1,
      officialSourcesCount: 1,
      firstFoundInOcrQuality: null,
      firstFoundInIsOfficial: true
    }

      at console.fn [as log] (tests/jest.setup.js:37:12)
          at Array.map (<anonymous>)

  console.log
    [NUMERIC_AUDIT] returnReason found_in_official

      at console.fn [as log] (tests/jest.setup.js:37:12)
          at Array.map (<anonymous>)

  console.log
    [VALIDATE_PARSED_FEE_STRUCT_PASS_THROUGH] {
      field: 'dppDiscount',
      sourceChunkForValidation: {
        chunk: 'PROGRAM STUDI TEKNOLOGI INFORMASI TA 2025/2026 Gelombang 2C\n' +
          'Pendaftaran Rp 650.000\n' +
          'Dana Pendidikan Pokok (DPP) Rp 11.000.000\n' +
          'Jas almamater dan topi\n' +
          'Kaos, tas, GMTI',
        filename: 'ti_2c_biaya_detail.pdf',
        sourceFile: null,
        ocrQualityScore: null,
        source: 'upload',
        lowConfidence: null
      }
    }

      at console.fn [as log] (tests/jest.setup.js:37:12)
          at Array.map (<anonymous>)

  console.log
    [NUMERIC_AUDIT] validateNumericGrounding:start { normalizedValue: '650000', sourceChunksLength: 1, context: '' }

      at console.fn [as log] (tests/jest.setup.js:37:12)
          at Array.map (<anonymous>)

  console.log
    [NUMERIC_AUDIT] chunk {
      textPreview: 'PROGRAM STUDI TEKNOLOGI INFORMASI TA 2025/2026 Gelombang 2C\n' +
        'Pendaftaran Rp 650.0',
      repairedPreview: 'PROGRAM STUDI TEKNOLOGI INFORMASI TA 2025 2026 Gelombang 2C Pendaftaran Rp 650.0',
      digitsOnly: '20252026265000011000000',
      digitsOnlyRepaired: '20252026265000011000000',
      fname: 'ti_2c_biaya_detail.pdf',
      sourceFile: null,
      isOfficialDoc: true,
      ocrQuality: null
    }

      at console.fn [as log] (tests/jest.setup.js:37:12)
          at Array.map (<anonymous>)

  console.log
    [NUMERIC_AUDIT] parseAttempts {
      tokens: [
        'Rp 650.000 ',
        'Rp 11.000.000 ',
        '2025 2026 ',
        '2',
        '650.000 ',
        '11.000.000 '
      ],
      parsedAttempts: [ 650000, 11000000, 20252026, 2, 650000, 11000000 ]
    }

      at console.fn [as log] (tests/jest.setup.js:37:12)
          at Array.map (<anonymous>)

  console.log
    [NUMERIC_AUDIT] matchedFoundIn-parse {
      fname: 'ti_2c_biaya_detail.pdf',
      token: 'Rp 650.000 ',
      numericNormalized: 650000
    }

      at console.fn [as log] (tests/jest.setup.js:37:12)
          at Array.map (<anonymous>)

  console.log
    [NUMERIC_AUDIT] finalDecision {
      foundInCount: 1,
      officialSourcesCount: 1,
      firstFoundInOcrQuality: null,
      firstFoundInIsOfficial: true
    }

      at console.fn [as log] (tests/jest.setup.js:37:12)
          at Array.map (<anonymous>)

  console.log
    [NUMERIC_AUDIT] returnReason found_in_official

      at console.fn [as log] (tests/jest.setup.js:37:12)
          at Array.map (<anonymous>)

  console.log
    [TRACE_PARSE_CHUNK_3_VALIDATION] {
      filename: 'ti_2c_biaya_detail.pdf',
      chunkId: undefined,
      isValid: true,
      feeStruct: {
        program: 'TI',
        wave: '2C',
        waveGroup: '2',
        academicYear: '2025',
        registrationFee: null,
        dpp: 'Rp 11.000.000',
        dppDiscount: 'Rp 650.000',
        registrationDiscount: null,
        ukt: null,
        scholarship: null,
        isGlobalDiscount: false
      }
    }

      at console.fn [as log] (tests/jest.setup.js:37:12)
          at Array.map (<anonymous>)

  console.log
    [TRACE_PARSE_FEE_RESULT] {
      filename: 'ti_2c_biaya_detail.pdf',
      chunkId: undefined,
      feeStruct: {
        program: 'TI',
        wave: '2C',
        waveGroup: '2',
        academicYear: '2025',
        registrationFee: null,
        dpp: 'Rp 11.000.000',
        registrationDiscount: null,
        dppDiscount: 'Rp 650.000',
        ukt: null,
        scholarship: null,
        isGlobalDiscount: false
      }
    }

      at console.fn [as log] (tests/jest.setup.js:37:12)
          at Array.map (<anonymous>)

  console.log
    [AUDIT_PARSE_PREVIEWS] {
      count: 1,
      perChunkParsePreviews: [
        {
          id: undefined,
          filename: 'ti_2c_biaya_detail.pdf',
          program: 'TI',
          registrationFee: null,
          dpp: 'Rp 11.000.000',
          registrationFeeRaw: undefined,
          dppRaw: undefined,
          dppDiscountRaw: undefined,
          registrationDiscountRaw: undefined,
          moneyCandidatesCount: 6,
          chunkPreview: 'PROGRAM STUDI TEKNOLOGI INFORMASI TA 2025/2026 Gelombang 2C\n' +
            'Pendaftaran Rp 650.000\n' +
            'Dana Pendidikan Pokok (DPP) Rp 11.000.000\n' +
            'Jas almamater dan topi\n' +
            'Kaos, tas, GMTI'
        }
      ]
    }

      at console.fn [as log] (tests/jest.setup.js:37:12)

  console.log
    [TRACE_VALIDATE_SOURCE_TRUST] {
      filename: 'ti_2c_biaya_detail.pdf',
      id: null,
      score: 75,
      minScore: 30,
      chunkType: null,
      ocrQualityScore: null,
      updatedAt: '2026-07-04T02:46:47.477Z',
      lowConfidence: false
    }

      at console.fn [as log] (tests/jest.setup.js:37:12)
          at Array.map (<anonymous>)

  console.log
    [TRACE_COST_SOURCE_TRUST_RESULTS] {
      trustResults: [ { chunkId: null, score: 75, trusted: true, metadata: [Object] } ]
    }

      at console.fn [as log] (tests/jest.setup.js:37:12)

  console.log
    FEE_RECORD_RAW {
      "program": "TI",
      "programName": null,
      "wave": "2C",
      "waveGroup": "2",
      "academicYear": "2025",
      "partner": null,
      "campus": null,
      "sourceFile": "ti_2c_biaya_detail.pdf",
      "updatedAt": "2026-07-04T02:46:47.477Z",
      "registrationFee": null,
      "dpp": "Rp 11.000.000",
      "dppDiscount": "Rp 650.000",
      "registrationDiscount": null,
      "ukt": null,
      "scholarship": null,
      "isGlobalDiscount": false,
      "rawChunk": "PROGRAM STUDI TEKNOLOGI INFORMASI TA 2025/2026 Gelombang 2C\nPendaftaran Rp 650.000\nDana Pendidikan Pokok (DPP) Rp 11.000.000\nJas almamater dan topi\nKaos, tas, GMTI",
      "sourceChunk": {
        "chunk": "PROGRAM STUDI TEKNOLOGI INFORMASI TA 2025/2026 Gelombang 2C\nPendaftaran Rp 650.000\nDana Pendidikan Pokok (DPP) Rp 11.000.000\nJas almamater dan topi\nKaos, tas, GMTI",
        "filename": "ti_2c_biaya_detail.pdf",
        "updatedAt": "2026-07-04T02:46:47.477Z",
        "source": "upload",
        "embedding": [
          0,
          0,
          0,
          0,
          0,
          0,
          0,
          0,
          0,
          0,
          0,
          0,
          0,
          0,
          0,
          0,
          0,
          0,
          0,
          0,
          0,
          0,
          0,
          0,
          0,
          0,
          0,
          0,
          0,
          0,
          0,
          0,
          0,
          0,
          0,
          0,
          0,
          0,
          0,
          0,
          0,
          0,
          0,
          0,
          0,
          0,
          0,
          0,
          0,
          0,
          0,
          0,
          0,
          0,
          0,
          0,
          0,
          0,
          0,
          0,
          0,
          0,
          0,
          0
        ]
      },
      "moneyCandidates": [
        {
          "lineIndex": 0,
          "line": "PROGRAM STUDI TEKNOLOGI INFORMASI TA 2025 2026 Gelombang 2C Pendaftaran Rp 650.000 Dana Pendidikan Pokok  DPP  Rp 11.000.000 Jas almamater dan topi Kaos, tas, GMTI",
          "token": "2025 2026",
          "parsed": "Rp 20.252.026",
          "digits": 20252026,
          "hasSeparator": true,
          "index": 37,
          "window": "PROGRAM STUDI TEKNOLOGI INFORMASI TA 2025 2026 Gelombang 2C Pendaftaran Rp 650.000 Dana Pendidikan Pokok  D",
          "label": "BIAYA_PENDAFTARAN"
        },
        {
          "lineIndex": 0,
          "line": "PROGRAM STUDI TEKNOLOGI INFORMASI TA 2025 2026 Gelombang 2C Pendaftaran Rp 650.000 Dana Pendidikan Pokok  DPP  Rp 11.000.000 Jas almamater dan topi Kaos, tas, GMTI",
          "token": "2",
          "parsed": "Rp 2",
          "digits": 2,
          "hasSeparator": false,
          "index": 57,
          "window": "PROGRAM STUDI TEKNOLOGI INFORMASI TA 2025 2026 Gelombang 2C Pendaftaran Rp 650.000 Dana Pendidikan Pokok  DPP  Rp 11.0",
          "label": "BIAYA_PENDAFTARAN"
        },
        {
          "lineIndex": 0,
          "line": "PROGRAM STUDI TEKNOLOGI INFORMASI TA 2025 2026 Gelombang 2C Pendaftaran Rp 650.000 Dana Pendidikan Pokok  DPP  Rp 11.000.000 Jas almamater dan topi Kaos, tas, GMTI",
          "token": "650.000",
          "parsed": "Rp 650.000",
          "digits": 650000,
          "hasSeparator": true,
          "index": 75,
          "window": "EKNOLOGI INFORMASI TA 2025 2026 Gelombang 2C Pendaftaran Rp 650.000 Dana Pendidikan Pokok  DPP  Rp 11.000.000 Jas almamater dan ",
          "label": "BIAYA_PENDAFTARAN"
        },
        {
          "lineIndex": 0,
          "line": "PROGRAM STUDI TEKNOLOGI INFORMASI TA 2025 2026 Gelombang 2C Pendaftaran Rp 650.000 Dana Pendidikan Pokok  DPP  Rp 11.000.000 Jas almamater dan topi Kaos, tas, GMTI",
          "token": "11.000.000",
          "parsed": "Rp 11.000.000",
          "digits": 11000000,
          "hasSeparator": true,
          "index": 114,
          "window": "ng 2C Pendaftaran Rp 650.000 Dana Pendidikan Pokok  DPP  Rp 11.000.000 Jas almamater dan topi Kaos, tas, GMTI",
          "label": "BIAYA_PENDAFTARAN"
        },
        {
          "lineIndex": 0,
          "line": "PROGRAM STUDI TEKNOLOGI INFORMASI TA 2025 2026 Gelombang 2C Pendaftaran Rp 650.000 Dana Pendidikan Pokok  DPP  Rp 11.000.000 Jas almamater dan topi Kaos, tas, GMTI",
          "token": "Rp 650.000",
          "parsed": "Rp 650.000",
          "digits": 650000,
          "hasSeparator": true,
          "index": 72,
          "window": "I TEKNOLOGI INFORMASI TA 2025 2026 Gelombang 2C Pendaftaran Rp 650.000 Dana Pendidikan Pokok  DPP  Rp 11.000.000 Jas almamater dan ",
          "label": "BIAYA_PENDAFTARAN"
        },
        {
          "lineIndex": 0,
          "line": "PROGRAM STUDI TEKNOLOGI INFORMASI TA 2025 2026 Gelombang 2C Pendaftaran Rp 650.000 Dana Pendidikan Pokok  DPP  Rp 11.000.000 Jas almamater dan topi Kaos, tas, GMTI",
          "token": "Rp 11.000.000",
          "parsed": "Rp 11.000.000",
          "digits": 11000000,
          "hasSeparator": true,
          "index": 111,
          "window": "mbang 2C Pendaftaran Rp 650.000 Dana Pendidikan Pokok  DPP  Rp 11.000.000 Jas almamater dan topi Kaos, tas, GMTI",
          "label": "BIAYA_PENDAFTARAN"
        }
      ],
      "sourceChunks": [
        {
          "chunk": "PROGRAM STUDI TEKNOLOGI INFORMASI TA 2025/2026 Gelombang 2C\nPendaftaran Rp 650.000\nDana Pendidikan Pokok (DPP) Rp 11.000.000\nJas almamater dan topi\nKaos, tas, GMTI",
          "filename": "ti_2c_biaya_detail.pdf",
          "updatedAt": "2026-07-04T02:46:47.477Z",
          "source": "upload",
          "embedding": [
            0,
            0,
            0,
            0,
            0,
            0,
            0,
            0,
            0,
            0,
            0,
            0,
            0,
            0,
            0,
            0,
            0,
            0,
            0,
            0,
            0,
            0,
            0,
            0,
            0,
            0,
            0,
            0,
            0,
            0,
            0,
            0,
            0,
            0,
            0,
            0,
            0,
            0,
            0,
            0,
            0,
            0,
            0,
            0,
            0,
            0,
            0,
            0,
            0,
            0,
            0,
            0,
            0,
            0,
            0,
            0,
            0,
            0,
            0,
            0,
            0,
            0,
            0,
            0
          ]
        }
      ],
      "fieldSources": {
        "dpp": {
          "filename": "ti_2c_biaya_detail.pdf",
          "sourceText": "PROGRAM STUDI TEKNOLOGI INFORMASI TA 2025/2026 Gelombang 2C\nPendaftaran Rp 650.000\nDana Pendidikan Pokok (DPP) Rp 11.000.000\nJas almamater dan topi\nKaos, tas, GMTI"
        },
        "dppDiscount": {
          "filename": "ti_2c_biaya_detail.pdf",
          "sourceText": "PROGRAM STUDI TEKNOLOGI INFORMASI TA 2025/2026 Gelombang 2C\nPendaftaran Rp 650.000\nDana Pendidikan Pokok (DPP) Rp 11.000.000\nJas almamater dan topi\nKaos, tas, GMTI"
        }
      },
      "initialCostItems": [],
      "registrationTotal": "Rp 0",
      "uniformFee": "Rp 0",
      "capFee": "Rp 0",
      "shirtFee": "Rp 0",
      "gmtiFee": "Rp 0",
      "bagFee": "Rp 0",
      "subtotalAwalMasuk": "Rp 11.000.000",
      "totalBiayaMasuk": "Rp 10.350.000"
    }

      at console.fn [as log] (tests/jest.setup.js:37:12)

  console.log
    FEE_FIELDS {
      registrationFee: null,
      dpp: 'Rp 11.000.000',
      jas: 'Rp 0',
      topi: 'Rp 0',
      kaos: 'Rp 0',
      gmti: 'Rp 0',
      tas: 'Rp 0',
      gelombang: '2C',
      program: 'TI'
    }

      at console.fn [as log] (tests/jest.setup.js:37:12)

  console.log
    FEE_FIELD_SOURCES {
      registrationFee: null,
      dpp: { id: undefined, filename: 'ti_2c_biaya_detail.pdf' },
      registrationDiscount: null,
      dppDiscount: { id: undefined, filename: 'ti_2c_biaya_detail.pdf' }
    }

      at console.fn [as log] (tests/jest.setup.js:37:12)

  console.log
    MONEY_CANDIDATES [
      {
        lineIndex: 0,
        line: 'PROGRAM STUDI TEKNOLOGI INFORMASI TA 2025 2026 Gelombang 2C Pendaftaran Rp 650.000 Dana Pendidikan Pokok  DPP  Rp 11.000.000 Jas almamater dan topi Kaos, tas, GMTI',
        token: '2025 2026',
        parsed: 'Rp 20.252.026',
        digits: 20252026,
        hasSeparator: true,
        index: 37,
        window: 'PROGRAM STUDI TEKNOLOGI INFORMASI TA 2025 2026 Gelombang 2C Pendaftaran Rp 650.000 Dana Pendidikan Pokok  D',
        label: 'BIAYA_PENDAFTARAN'
      },
      {
        lineIndex: 0,
        line: 'PROGRAM STUDI TEKNOLOGI INFORMASI TA 2025 2026 Gelombang 2C Pendaftaran Rp 650.000 Dana Pendidikan Pokok  DPP  Rp 11.000.000 Jas almamater dan topi Kaos, tas, GMTI',
        token: '2',
        parsed: 'Rp 2',
        digits: 2,
        hasSeparator: false,
        index: 57,
        window: 'PROGRAM STUDI TEKNOLOGI INFORMASI TA 2025 2026 Gelombang 2C Pendaftaran Rp 650.000 Dana Pendidikan Pokok  DPP  Rp 11.0',
        label: 'BIAYA_PENDAFTARAN'
      },
      {
        lineIndex: 0,
        line: 'PROGRAM STUDI TEKNOLOGI INFORMASI TA 2025 2026 Gelombang 2C Pendaftaran Rp 650.000 Dana Pendidikan Pokok  DPP  Rp 11.000.000 Jas almamater dan topi Kaos, tas, GMTI',
        token: '650.000',
        parsed: 'Rp 650.000',
        digits: 650000,
        hasSeparator: true,
        index: 75,
        window: 'EKNOLOGI INFORMASI TA 2025 2026 Gelombang 2C Pendaftaran Rp 650.000 Dana Pendidikan Pokok  DPP  Rp 11.000.000 Jas almamater dan ',
        label: 'BIAYA_PENDAFTARAN'
      },
      {
        lineIndex: 0,
        line: 'PROGRAM STUDI TEKNOLOGI INFORMASI TA 2025 2026 Gelombang 2C Pendaftaran Rp 650.000 Dana Pendidikan Pokok  DPP  Rp 11.000.000 Jas almamater dan topi Kaos, tas, GMTI',
        token: '11.000.000',
        parsed: 'Rp 11.000.000',
        digits: 11000000,
        hasSeparator: true,
        index: 114,
        window: 'ng 2C Pendaftaran Rp 650.000 Dana Pendidikan Pokok  DPP  Rp 11.000.000 Jas almamater dan topi Kaos, tas, GMTI',
        label: 'BIAYA_PENDAFTARAN'
      },
      {
        lineIndex: 0,
        line: 'PROGRAM STUDI TEKNOLOGI INFORMASI TA 2025 2026 Gelombang 2C Pendaftaran Rp 650.000 Dana Pendidikan Pokok  DPP  Rp 11.000.000 Jas almamater dan topi Kaos, tas, GMTI',
        token: 'Rp 650.000',
        parsed: 'Rp 650.000',
        digits: 650000,
        hasSeparator: true,
        index: 72,
        window: 'I TEKNOLOGI INFORMASI TA 2025 2026 Gelombang 2C Pendaftaran Rp 650.000 Dana Pendidikan Pokok  DPP  Rp 11.000.000 Jas almamater dan ',
        label: 'BIAYA_PENDAFTARAN'
      },
      {
        lineIndex: 0,
        line: 'PROGRAM STUDI TEKNOLOGI INFORMASI TA 2025 2026 Gelombang 2C Pendaftaran Rp 650.000 Dana Pendidikan Pokok  DPP  Rp 11.000.000 Jas almamater dan topi Kaos, tas, GMTI',
        token: 'Rp 11.000.000',
        parsed: 'Rp 11.000.000',
        digits: 11000000,
        hasSeparator: true,
        index: 111,
        window: 'mbang 2C Pendaftaran Rp 650.000 Dana Pendidikan Pokok  DPP  Rp 11.000.000 Jas almamater dan topi Kaos, tas, GMTI',
        label: 'BIAYA_PENDAFTARAN'
      }
    ]

      at console.fn [as log] (tests/jest.setup.js:37:12)

  console.log
    SELECTED_FEE_RECORD {
      program: 'TI',
      wave: '2C',
      registrationFee: null,
      dpp: 'Rp 11.000.000',
      sourceChunks: [
        {
          id: undefined,
          filename: 'ti_2c_biaya_detail.pdf',
          chunkPreview: 'PROGRAM STUDI TEKNOLOGI INFORMASI TA 2025/2026 Gelombang 2C\n' +
            'Pendaftaran Rp 650.000\n' +
            'Dana Pendidikan Pokok (DPP) Rp 11.000.000\n' +
            'Jas almamater dan topi\n' +
            'Kaos, tas, GMTI'
        }
      ]
    }

      at console.fn [as log] (tests/jest.setup.js:37:12)

  console.log
    RAW_FEE_TEXT {
      rawChunk: 'PROGRAM STUDI TEKNOLOGI INFORMASI TA 2025/2026 Gelombang 2C\n' +
        'Pendaftaran Rp 650.000\n' +
        'Dana Pendidikan Pokok (DPP) Rp 11.000.000\n' +
        'Jas almamater dan topi\n' +
        'Kaos, tas, GMTI'
    }

      at console.fn [as log] (tests/jest.setup.js:37:12)

  console.log
    PARSED_FEE_STRUCTURE {
      registrationFee: null,
      registrationDiscount: null,
      registrationTotal: 'Rp 0',
      dpp: 'Rp 11.000.000',
      dppDiscount: 'Rp 650.000',
      subtotalAwalMasuk: 'Rp 11.000.000',
      totalBiayaMasuk: 'Rp 10.350.000'
    }

      at console.fn [as log] (tests/jest.setup.js:37:12)

  console.log
    FINAL_FEE_RESPONSE {
      type: 'structured',
      answer: 'Program Studi: TI\n' +
        'Gelombang: 2C\n' +
        'Tahun Akademik: 2025\n' +
        '\n' +
        '\n' +
        'Pendaftaran:\n' +
        'Total Pendaftaran:\n' +
        'Rp 0\n' +
        '\n' +
        'DPP:\n' +
        'Rp 11.000.000\n' +
        'Potongan DPP Gelombang 2:\n' +
        'Rp 650.000\n' +
        '\n' +
        'Biaya Perlengkapan:\n' +
        '- Jas almamater: Rp 0\n' +
        '- Topi: Rp 0\n' +
        '- Kaos: Rp 0\n' +
        '- GMTI: Rp 0\n' +
        '- Tas: Rp 0\n' +
        '\n' +
        'Subtotal Awal Masuk: Rp 11.000.000\n' +
        '\n' +
        'Total Biaya Masuk: Rp 10.350.000\n' +
        'Sumber:\n' +
        '- ti_2c_biaya_detail.pdf',
      source: 'rag-fee-structured',
      contexts: [ 'ti_2c_biaya_detail.pdf' ],
      feeStructPreview: {
        program: 'TI',
        wave: '2C',
        registrationFee: null,
        dpp: 'Rp 11.000.000'
      }
    }

      at console.fn [as log] (tests/jest.setup.js:37:12)

  console.log
    [TRACE_FEE_ROUTE] {
      route: 'tryStructuredExactCostAnswer',
      question: 'berapa rincian biaya prodi ti gelombang 1C?',
      queryEntities: {
        intent: 'COST',
        program: 'TI',
        wave: '1C',
        waveGroup: '1',
        academicYear: '2026'
      },
      indexCount: 1,
      topK: 3
    }

      at console.fn [as log] (tests/jest.setup.js:37:12)

  console.log
    [TRACE_COST_INPUT_1_PARAMS] {
      question: 'berapa rincian biaya prodi ti gelombang 1C?',
      queryEntities: '{"intent":"COST","program":"TI","wave":"1C","waveGroup":"1","academicYear":"2026"}',
      indexCount: 1,
      topK: 3
    }

      at console.fn [as log] (tests/jest.setup.js:37:12)

  console.log
    [PROGRAM_REQUESTED] { programRequested: 'ti' }

      at console.fn [as log] (tests/jest.setup.js:37:12)

  console.log
    [TRACE_REQUESTED_WAVE_LABEL] { requestedWaveLabel: '1C' }

      at console.fn [as log] (tests/jest.setup.js:37:12)

  console.log
    [TRACE_COST_ALLOWED_TRAINING_IDS] {
      programRequested: 'ti',
      count: 10,
      trainingIds: [
        '396fba62-a94b-4fb6-a1d9-dfcf1e5cd2ee',
        '00200a21-fab7-45c8-953c-0ae5574b4aa1',
        '4f3faa7b-3a20-416e-8379-a4d1fc9fa9ff',
        'd540ae42-ca48-4750-b5dd-5a1fbdbc05a0',
        '5dd6cc3e-eab8-4c04-97b4-1aa28bf0f1d9',
        '9e78055e-aaa5-43ac-aa43-476a1f6e48ba',
        'd7cb3406-660e-4b40-9506-066e7aa686ab',
        'a4834fc1-bb66-4146-8774-88b321fba707',
        'a4b4fba8-bc5a-40ce-b08a-122c729999cc',
        'file-6467e454a2de'
      ]
    }

      at console.fn [as log] (tests/jest.setup.js:37:12)

  console.log
    [TRACE_TOP20_CANDIDATES_RAW] {
      totalCandidates: 1,
      top20Detailed: [
        {
          rank: 1,
          id: undefined,
          trainingId: undefined,
          filename: 'ti_1c_biaya_detail.pdf',
          totalScore: 668,
          exactMatchScore: 240,
          keywordScore: 8,
          semanticScore: 0,
          feeSignalScore: 140,
          tableBoost: 160,
          waveBoost: 120,
          breakdown: [Object],
          meta: [Object],
          chunkPreview: 'PROGRAM STUDI TEKNOLOGI INFORMASI TA 2026/2027 Gelombang 1C\n' +
            'Pendaftaran Rp 500.000\n' +
            'Dana Pendidikan Pokok (DPP) Rp 14.000.000\n' +
            'Jas almamater, Topi, Kaos, Tas, GMTI'
        }
      ]
    }

      at console.fn [as log] (tests/jest.setup.js:37:12)

  console.log
    [TRACE_TARGET_CHUNK_MISSING_FROM_CANDIDATES] { id: '7f6efb1c-4559-438e-857b-22537be53952', rejectedReason: null }

      at console.fn [as log] (tests/jest.setup.js:37:12)

  console.log
    [TRACE_COST_INPUT_2_INDEX_SCAN] {
      totalItemsScanned: 1,
      items: [
        {
          id: undefined,
          filename: 'ti_1c_biaya_detail.pdf',
          updatedAt: '2026-07-04T02:47:36.574Z',
          itemProgram: 'TI',
          itemWave: '1C',
          itemWaveGroup: '1',
          chunkPreview: 'PROGRAM STUDI TEKNOLOGI INFORMASI TA 2026/2027 Gelombang 1C\n' +
            'Pendaftaran Rp 500.0'
        }
      ]
    }

      at console.fn [as log] (tests/jest.setup.js:37:12)

  console.log
    [TRACE_COST_MATCH_3_CANDIDATES] {
      question: 'berapa rincian biaya prodi ti gelombang 1C?',
      queryEntities: {
        intent: 'COST',
        program: 'TI',
        wave: '1C',
        waveGroup: '1',
        academicYear: '2026'
      },
      exactCandidateCount: 1,
      exactCandidates: [
        {
          id: null,
          filename: 'ti_1c_biaya_detail.pdf',
          updatedAt: '2026-07-04T02:47:36.574Z',
          program: 'TI',
          wave: '1C',
          waveGroup: '1',
          academicYear: '2026',
          totalScore: 668,
          exactMatchScore: 240,
          keywordScore: 8,
          semanticScore: 0,
          isGlobalDiscount: false,
          matchMeta: [Object]
        }
      ],
      candidateRejectionCount: 0
    }

      at console.fn [as log] (tests/jest.setup.js:37:12)

  console.log
    [TRACE_COST_MATCH_3_ALL_CANDIDATES] {
      question: 'berapa rincian biaya prodi ti gelombang 1C?',
      queryEntities: {
        intent: 'COST',
        program: 'TI',
        wave: '1C',
        waveGroup: '1',
        academicYear: '2026'
      },
      allCandidates: [
        {
          id: null,
          filename: 'ti_1c_biaya_detail.pdf',
          program: 'TI',
          wave: '1C',
          waveGroup: '1',
          academicYear: '2026',
          totalScore: 668,
          exactMatchScore: 240,
          keywordScore: 8,
          semanticScore: 0,
          isGlobalDiscount: false,
          matchMeta: [Object]
        }
      ]
    }

      at console.fn [as log] (tests/jest.setup.js:37:12)

  console.log
    [TRACE_COST_MATCH_3_REJECTED] {
      question: 'berapa rincian biaya prodi ti gelombang 1C?',
      queryEntities: {
        intent: 'COST',
        program: 'TI',
        wave: '1C',
        waveGroup: '1',
        academicYear: '2026'
      },
      rejectedCandidateCount: 0,
      rejectedCandidateReasons: []
    }

      at console.fn [as log] (tests/jest.setup.js:37:12)

  console.log
    [TRACE_COST_BEST_EXACT_CANDIDATE] {
      id: null,
      filename: 'ti_1c_biaya_detail.pdf',
      exactMatchScore: 240,
      matchMeta: { waveGroupMatched: false },
      itemEntities: {
        program: 'TI',
        programMode: null,
        wave: '1C',
        waveGroup: '1',
        academicYear: '2026',
        partner: null,
        campus: null,
        jalur: null,
        feeType: 'DPP',
        category: 'PMB',
        pageNumber: null
      },
      chunkPreview: 'PROGRAM STUDI TEKNOLOGI INFORMASI TA 2026/2027 Gelombang 1C\n' +
        'Pendaftaran Rp 500.000\n' +
        'Dana Pendidikan Pokok (DPP) Rp 14.000'
    }

      at console.fn [as log] (tests/jest.setup.js:37:12)

  console.log
    [TRACE_COST_TOP10_CANDIDATES] {
      question: 'berapa rincian biaya prodi ti gelombang 1C?',
      queryEntities: {
        intent: 'COST',
        program: 'TI',
        wave: '1C',
        waveGroup: '1',
        academicYear: '2026'
      },
      top10: [
        {
          rank: 1,
          id: null,
          filename: 'ti_1c_biaya_detail.pdf',
          program: 'TI',
          wave: '1C',
          totalScore: 668,
          exactMatchScore: 240,
          keywordScore: 8,
          semanticScore: 0,
          isGlobalDiscount: false,
          meta: [Object],
          chunkPreview: 'PROGRAM STUDI TEKNOLOGI INFORMASI TA 2026/2027 Gelombang 1C\n' +
            'Pendaftaran Rp 500.000\n' +
            'Dana Pendidikan Pokok (DPP) Rp 14.000.000\n' +
            'Jas almamater, Topi, Kaos, Tas, GMTI'
        }
      ]
    }

      at console.fn [as log] (tests/jest.setup.js:37:12)

  console.log
    [TRACE_COST_SELECT_3_5_EXPAND_SAME_FILE] {
      topChunksCount: 1,
      uniqueTrainingIds: [],
      reason: 'expand_to_include_all_chunks_from_same_file_for_fee_table_completeness'
    }

      at console.fn [as log] (tests/jest.setup.js:37:12)

  console.log
    [TRACE_COST_SELECT_4_TOP_CHUNKS] {
      selectedCount: 1,
      topChunks: [
        {
          id: undefined,
          trainingId: null,
          filename: 'ti_1c_biaya_detail.pdf',
          sourceFile: null,
          chunkType: 'COST',
          programName: 'TI',
          wave: '1C',
          updatedAt: '2026-07-04T02:47:36.574Z',
          source: 'upload',
          category: undefined,
          chunkPreview: 'PROGRAM STUDI TEKNOLOGI INFORMASI TA 2026/2027 Gelombang 1C\n' +
            'Pendaftaran Rp 500.000\n' +
            'Dana Pendidikan P',
          entities: [Object]
        }
      ]
    }

      at console.fn [as log] (tests/jest.setup.js:37:12)

  console.log
    [TRACE_PARSE_6a_ALL_CHUNKS] {
      inputChunksCount: 1,
      inputChunks: [
        {
          id: undefined,
          filename: 'ti_1c_biaya_detail.pdf',
          updatedAt: '2026-07-04T02:47:36.574Z',
          chunkPreview: 'PROGRAM STUDI TEKNOLOGI INFORMASI TA 2026/2027 Gelombang 1C\n' +
            'Pendaftaran Rp 500.000\n' +
            'Dana Pendidikan P'
        }
      ]
    }

      at console.fn [as log] (tests/jest.setup.js:37:12)

  console.log
    [TRACE_PARSE_FEE_INPUT] {
      filename: 'ti_1c_biaya_detail.pdf',
      chunkId: undefined,
      queryEntities: {
        intent: 'COST',
        program: 'TI',
        wave: '1C',
        waveGroup: '1',
        academicYear: '2026'
      },
      chunkPreview: 'PROGRAM STUDI TEKNOLOGI INFORMASI TA 2026/2027 Gelombang 1C\n' +
        'Pendaftaran Rp 500.000\n' +
        'Dana Pendidikan Pokok (DPP) Rp 14.000.000\n' +
        'Jas almamater, Topi, Kaos, Tas, GMTI',
      academicYear: '2026'
    }

      at console.fn [as log] (tests/jest.setup.js:37:12)

  console.log
    [TRACE_PARSE_CHUNK_1_INPUT] {
      filename: 'ti_1c_biaya_detail.pdf',
      chunkId: undefined,
      isGlobalDiscount: false,
      queryProgram: 'TI',
      entProgram: 'TI',
      queryWave: '1C',
      entWave: '1C',
      queryWaveGroup: '1',
      entWaveGroup: '1',
      queryAcademicYear: '2026',
      entAcademicYear: '2026',
      chunkPreview: 'PROGRAM STUDI TEKNOLOGI INFORMASI TA 2026/2027 Gelombang 1C\n' +
        'Pendaftaran Rp 500.000\n' +
        'Dana Pendidikan P'
    }

      at console.fn [as log] (tests/jest.setup.js:37:12)

  console.log
    TRACE_FIND_MONEY {
      keyword: '(?<!\\b(?:potongan|diskon)\\s+)(?:biaya\\s+pendaftaran|pendaftaran|registrasi)[^\\n]{0,120}?([0-9][0-9\\s\\.,]{1,40})',
      candidates: [
        {
          token: '500.000',
          candParsed: 'Rp 500.000',
          candDigits: 500000,
          hasSeparator: true,
          index: 75
        },
        {
          token: '14.000.000',
          candParsed: 'Rp 14.000.000',
          candDigits: 14000000,
          hasSeparator: true,
          index: 114
        }
      ],
      discardedPercents: [],
      selected: 'Rp 14.000.000',
      reason: 'line_level_best'
    }

      at console.fn [as log] (tests/jest.setup.js:37:12)
          at Array.reduce (<anonymous>)

  console.log
    [TRACE_VALIDATE_REGISTRATION_PROXIMITY_FAIL] {
      filename: 'ti_1c_biaya_detail.pdf',
      registrationFee: 'Rp 14.000.000'
    }

      at console.fn [as log] (tests/jest.setup.js:37:12)

  console.log
    TRACE_WAVE_SECTION_FOUND {
      filename: 'ti_1c_biaya_detail.pdf',
      wavePattern: '(?:1C|1|I)',
      sectionLinesCount: 1
    }

      at console.fn [as log] (tests/jest.setup.js:37:12)

  console.log
    TRACE_WAVE_SECTION_LINES {
      filename: 'ti_1c_biaya_detail.pdf',
      lines: [
        'PROGRAM STUDI TEKNOLOGI INFORMASI TA 2026 2027 Gelombang 1C Pendaftaran Rp 500.000 Dana Pendidikan Pokok  DPP  Rp 14.000.000 Jas almamater, Topi, Kaos, Tas, GMTI'
      ]
    }

      at console.fn [as log] (tests/jest.setup.js:37:12)

  console.log
    TRACE_WAVE_MONEY_SELECTED {
      keyword: '(?<!\\b(?:potongan|diskon)\\s+)(?:dana\\s+pendidikan\\s+pokok|dpp)[^\\n]{0,120}?([0-9][0-9\\s\\.,]{1,40})',
      candidates: [
        {
          token: '500.000',
          candParsed: 'Rp 500.000',
          candDigits: 500000,
          hasSeparator: true,
          index: 75
        },
        {
          token: '14.000.000',
          candParsed: 'Rp 14.000.000',
          candDigits: 14000000,
          hasSeparator: true,
          index: 114
        }
      ],
      discardedPercents: [],
      selected: 'Rp 14.000.000',
      reason: 'line_level_best'
    }

      at console.fn [as log] (tests/jest.setup.js:37:12)

  console.log
    TRACE_WAVE_MONEY_CANDIDATES { filename: 'ti_1c_biaya_detail.pdf', candidateDpp: 'Rp 14.000.000' }

      at console.fn [as log] (tests/jest.setup.js:37:12)

  console.log
    [TRACE_PROVENANCE_REJECT] {
      field: 'registrationDiscount',
      value: 'Rp 500.000',
      chunkId: undefined,
      reason: 'disallowed_context'
    }

      at console.fn [as log] (tests/jest.setup.js:37:12)

  console.log
    [TRACE_PARSE_CHUNK_2_MONEY] {
      filename: 'ti_1c_biaya_detail.pdf',
      registrationFee: null,
      dpp: 'Rp 14.000.000',
      dppDiscount: 'Rp 500.000',
      registrationDiscount: null,
      ukt: null,
      scholarship: null
    }

      at console.fn [as log] (tests/jest.setup.js:37:12)

  console.log
    [TRACE_PARSE_CHUNK_4_COST_PRESENCE] {
      filename: 'ti_1c_biaya_detail.pdf',
      registrationFee: false,
      dpp: true,
      dppDiscount: true,
      registrationDiscount: false,
      ukt: false,
      scholarship: false,
      hasAnyCost: 'Rp 14.000.000'
    }

      at console.fn [as log] (tests/jest.setup.js:37:12)

  console.log
    RAW_CHUNK_TEXT {
      filename: 'ti_1c_biaya_detail.pdf',
      chunk: 'PROGRAM STUDI TEKNOLOGI INFORMASI TA 2026/2027 Gelombang 1C\n' +
        'Pendaftaran Rp 500.000\n' +
        'Dana Pendidikan Pokok (DPP) Rp 14.000.000\n' +
        'Jas almamater, Topi, Kaos, Tas, GMTI'
    }

      at console.fn [as log] (tests/jest.setup.js:37:12)

  console.log
    PARSED_FIELDS {
      registrationFeeRaw: '500.000',
      registrationFee: null,
      registrationFeeDigits: null,
      dppRaw: '500.000',
      dpp: 'Rp 14.000.000',
      dppDigits: '14000000',
      registrationDiscountRaw: null,
      registrationDiscount: null,
      registrationDiscountDigits: null,
      dppDiscountRaw: null,
      dppDiscount: 'Rp 500.000',
      dppDiscountDigits: '500000',
      uktRaw: null,
      ukt: null,
      scholarshipRaw: null,
      scholarship: null
    }

      at console.fn [as log] (tests/jest.setup.js:37:12)

  console.log
    [VALIDATE_PARSED_FEE_STRUCT_INPUT] {
      chunkObjKeys: [ 'chunk', 'filename', 'updatedAt', 'source', 'embedding' ],
      chunkObjOcrQualityScore: undefined,
      chunkObjFilename: 'ti_1c_biaya_detail.pdf',
      chunkObjSource: 'upload'
    }

      at console.fn [as log] (tests/jest.setup.js:37:12)

  console.log
    [VALIDATE_PARSED_FEE_STRUCT_PASS_THROUGH] {
      field: 'dpp',
      sourceChunkForValidation: {
        chunk: 'PROGRAM STUDI TEKNOLOGI INFORMASI TA 2026/2027 Gelombang 1C\n' +
          'Pendaftaran Rp 500.000\n' +
          'Dana Pendidikan Pokok (DPP) Rp 14.000.000\n' +
          'Jas almamater, Topi, Kaos, Tas, GMTI',
        filename: 'ti_1c_biaya_detail.pdf',
        sourceFile: null,
        ocrQualityScore: null,
        source: 'upload',
        lowConfidence: null
      }
    }

      at console.fn [as log] (tests/jest.setup.js:37:12)

  console.log
    [NUMERIC_AUDIT] validateNumericGrounding:start { normalizedValue: '14000000', sourceChunksLength: 1, context: '' }

      at console.fn [as log] (tests/jest.setup.js:37:12)

  console.log
    [NUMERIC_AUDIT] chunk {
      textPreview: 'PROGRAM STUDI TEKNOLOGI INFORMASI TA 2026/2027 Gelombang 1C\n' +
        'Pendaftaran Rp 500.0',
      repairedPreview: 'PROGRAM STUDI TEKNOLOGI INFORMASI TA 2026 2027 Gelombang 1C Pendaftaran Rp 500.0',
      digitsOnly: '20262027150000014000000',
      digitsOnlyRepaired: '20262027150000014000000',
      fname: 'ti_1c_biaya_detail.pdf',
      sourceFile: null,
      isOfficialDoc: true,
      ocrQuality: null
    }

      at console.fn [as log] (tests/jest.setup.js:37:12)

  console.log
    [NUMERIC_AUDIT] parseAttempts {
      tokens: [
        'Rp 500.000 ',
        'Rp 14.000.000 ',
        '2026 2027 ',
        '1',
        '500.000 ',
        '14.000.000 '
      ],
      parsedAttempts: [ 500000, 14000000, 20262027, 1, 500000, 14000000 ]
    }

      at console.fn [as log] (tests/jest.setup.js:37:12)

  console.log
    [NUMERIC_AUDIT] matchedFoundIn-parse {
      fname: 'ti_1c_biaya_detail.pdf',
      token: 'Rp 14.000.000 ',
      numericNormalized: 14000000
    }

      at console.fn [as log] (tests/jest.setup.js:37:12)

  console.log
    [NUMERIC_AUDIT] finalDecision {
      foundInCount: 1,
      officialSourcesCount: 1,
      firstFoundInOcrQuality: null,
      firstFoundInIsOfficial: true
    }

      at console.fn [as log] (tests/jest.setup.js:37:12)

  console.log
    [NUMERIC_AUDIT] returnReason found_in_official

      at console.fn [as log] (tests/jest.setup.js:37:12)

  console.log
    [VALIDATE_PARSED_FEE_STRUCT_PASS_THROUGH] {
      field: 'dppDiscount',
      sourceChunkForValidation: {
        chunk: 'PROGRAM STUDI TEKNOLOGI INFORMASI TA 2026/2027 Gelombang 1C\n' +
          'Pendaftaran Rp 500.000\n' +
          'Dana Pendidikan Pokok (DPP) Rp 14.000.000\n' +
          'Jas almamater, Topi, Kaos, Tas, GMTI',
        filename: 'ti_1c_biaya_detail.pdf',
        sourceFile: null,
        ocrQualityScore: null,
        source: 'upload',
        lowConfidence: null
      }
    }

      at console.fn [as log] (tests/jest.setup.js:37:12)

  console.log
    [NUMERIC_AUDIT] validateNumericGrounding:start { normalizedValue: '500000', sourceChunksLength: 1, context: '' }

      at console.fn [as log] (tests/jest.setup.js:37:12)

  console.log
    [NUMERIC_AUDIT] chunk {
      textPreview: 'PROGRAM STUDI TEKNOLOGI INFORMASI TA 2026/2027 Gelombang 1C\n' +
        'Pendaftaran Rp 500.0',
      repairedPreview: 'PROGRAM STUDI TEKNOLOGI INFORMASI TA 2026 2027 Gelombang 1C Pendaftaran Rp 500.0',
      digitsOnly: '20262027150000014000000',
      digitsOnlyRepaired: '20262027150000014000000',
      fname: 'ti_1c_biaya_detail.pdf',
      sourceFile: null,
      isOfficialDoc: true,
      ocrQuality: null
    }

      at console.fn [as log] (tests/jest.setup.js:37:12)

  console.log
    [NUMERIC_AUDIT] parseAttempts {
      tokens: [
        'Rp 500.000 ',
        'Rp 14.000.000 ',
        '2026 2027 ',
        '1',
        '500.000 ',
        '14.000.000 '
      ],
      parsedAttempts: [ 500000, 14000000, 20262027, 1, 500000, 14000000 ]
    }

      at console.fn [as log] (tests/jest.setup.js:37:12)

  console.log
    [NUMERIC_AUDIT] matchedFoundIn-parse {
      fname: 'ti_1c_biaya_detail.pdf',
      token: 'Rp 500.000 ',
      numericNormalized: 500000
    }

      at console.fn [as log] (tests/jest.setup.js:37:12)

  console.log
    [NUMERIC_AUDIT] finalDecision {
      foundInCount: 1,
      officialSourcesCount: 1,
      firstFoundInOcrQuality: null,
      firstFoundInIsOfficial: true
    }

      at console.fn [as log] (tests/jest.setup.js:37:12)

  console.log
    [NUMERIC_AUDIT] returnReason found_in_official

      at console.fn [as log] (tests/jest.setup.js:37:12)

  console.log
    [TRACE_PARSE_CHUNK_3_VALIDATION] {
      filename: 'ti_1c_biaya_detail.pdf',
      chunkId: undefined,
      isValid: true,
      feeStruct: {
        program: 'TI',
        wave: '1C',
        waveGroup: '1',
        academicYear: '2026',
        registrationFee: null,
        dpp: 'Rp 14.000.000',
        dppDiscount: 'Rp 500.000',
        registrationDiscount: null,
        ukt: null,
        scholarship: null,
        isGlobalDiscount: false
      }
    }

      at console.fn [as log] (tests/jest.setup.js:37:12)

  console.log
    [TRACE_PARSE_FEE_RESULT] {
      filename: 'ti_1c_biaya_detail.pdf',
      chunkId: undefined,
      feeStruct: {
        program: 'TI',
        wave: '1C',
        waveGroup: '1',
        academicYear: '2026',
        registrationFee: null,
        dpp: 'Rp 14.000.000',
        registrationDiscount: null,
        dppDiscount: 'Rp 500.000',
        ukt: null,
        scholarship: null,
        isGlobalDiscount: false
      }
    }

      at console.fn [as log] (tests/jest.setup.js:37:12)

  console.log
    [TRACE_PARSE_FEE_RESULT] {
      filename: 'ti_1c_biaya_detail.pdf',
      chunkId: undefined,
      parsed: {
        program: 'TI',
        wave: '1C',
        waveGroup: '1',
        academicYear: '2026',
        registrationFee: null,
        dpp: 'Rp 14.000.000',
        registrationDiscount: null,
        dppDiscount: 'Rp 500.000',
        ukt: null,
        scholarship: null
      }
    }

      at console.fn [as log] (tests/jest.setup.js:37:12)

  console.log
    [TRACE_FEE_STRUCT] {
      costCandidatesCount: 1,
      globalDiscountCandidatesCount: 0,
      costCandidates: [
        {
          trainingId: null,
          filename: 'ti_1c_biaya_detail.pdf',
          chunkType: 'COST',
          programName: 'TI',
          wave: '1C',
          waveGroup: '1',
          academicYear: '2026',
          registrationFee: null,
          dpp: 'Rp 14.000.000',
          sourceChunk: [Object]
        }
      ],
      globalDiscounts: []
    }

      at console.fn [as log] (tests/jest.setup.js:37:12)

  console.log
    [TRACE_PARSE_6b_YEAR_FILTER] {
      queryAcademicYear: '2026',
      selectedCandidateCount: 1,
      selectedType: 'exact_year_match'
    }

      at console.fn [as log] (tests/jest.setup.js:37:12)

  console.log
    [TRACE_PARSE_6c_BEFORE_YEAR_SELECT] {
      queryEntitiesAcademicYear: '2026',
      baseCandidatesCount: 1,
      baseCandidates: [
        {
          program: 'TI',
          wave: '1C',
          academicYear: '2026',
          parseYearKey: 2026,
          updatedAt: '2026-07-04T02:47:36.574Z'
        }
      ]
    }

      at console.fn [as log] (tests/jest.setup.js:37:12)

  console.log
    [TRACE_PARSE_6c2_YEAR_SELECTION] {
      method: 'REQUESTED_YEAR',
      requestedYear: '2026',
      beforeCount: 1,
      explicitYearCandidatesCount: 1,
      matchingYearCandidatesCount: 1,
      yearlessCandidatesCount: 0,
      candidatesToFilter: [ { academicYear: '2026', matches: true } ]
    }

      at console.fn [as log] (tests/jest.setup.js:37:12)

  console.log
    [TRACE_PARSE_6d_AFTER_YEAR_SELECT] {
      baseCandidatesCountAfterYearFilter: 1,
      baseCandidates: [
        {
          program: 'TI',
          wave: '1C',
          academicYear: '2026',
          updatedAt: '2026-07-04T02:47:36.574Z'
        }
      ]
    }

      at console.fn [as log] (tests/jest.setup.js:37:12)

  console.log
    [PROGRAM_FILTER_APPLIED] { programRequested: 'ti', before: 'TI', after: 'TI' }

      at console.fn [as log] (tests/jest.setup.js:37:12)

  console.log
    [TRACE_PARSE_6e_BASE_SELECTED] {
      baseSelected: {
        program: 'TI',
        wave: '1C',
        waveGroup: '1',
        academicYear: '2026',
        updatedAt: '2026-07-04T02:47:36.574Z',
        registrationFee: null,
        dpp: 'Rp 14.000.000'
      },
      globalDiscountCandidatesCount: 0,
      globalDiscounts: []
    }

      at console.fn [as log] (tests/jest.setup.js:37:12)

  console.log
    [TRACE_PARSE_6f_DISCOUNT_FILTER] {
      baseWaveGroup: '1',
      globalDiscountCandidatesCount: 0,
      eligibleDiscountsAfterFilter: 0,
      discountFilterResults: []
    }

      at console.fn [as log] (tests/jest.setup.js:37:12)

  console.log
    [TRACE_PARSE_6g_BEST_DISCOUNTS] {
      registrationDiscountFound: false,
      registrationDiscountValue: null,
      dppDiscountFound: false,
      dppDiscountValue: null,
      bestRegistrationDiscountSource: null,
      bestDppDiscountSource: null
    }

      at console.fn [as log] (tests/jest.setup.js:37:12)

  console.log
    [TRACE_PARSE_6h_FINAL_MERGED] {
      merged: {
        program: 'TI',
        wave: '1C',
        academicYear: '2026',
        registrationFee: null,
        registrationDiscount: null,
        dpp: 'Rp 14.000.000',
        dppDiscount: 'Rp 500.000',
        sourceChunksCount: 1
      }
    }

      at console.fn [as log] (tests/jest.setup.js:37:12)

  console.log
    [PROGRAM_SELECTED] { program: 'TI' }

      at console.fn [as log] (tests/jest.setup.js:37:12)

  console.log
    [SELECTED_FILE] { files: [ { id: undefined, filename: 'ti_1c_biaya_detail.pdf' } ] }

      at console.fn [as log] (tests/jest.setup.js:37:12)

  console.log
    [FIELD_PROVENANCE] {
      dpp: {
        id: undefined,
        filename: 'ti_1c_biaya_detail.pdf',
        sourceText: 'PROGRAM STUDI TEKNOLOGI INFORMASI TA 2026/2027 Gelombang 1C\n' +
          'Pendaftaran Rp 500.000\n' +
          'Dana Pendidikan Pokok (DPP) Rp 14.000.000\n' +
          'Jas almamater, Topi, Kaos, Tas, GMTI'
      },
      dppDiscount: {
        id: undefined,
        filename: 'ti_1c_biaya_detail.pdf',
        sourceText: 'PROGRAM STUDI TEKNOLOGI INFORMASI TA 2026/2027 Gelombang 1C\n' +
          'Pendaftaran Rp 500.000\n' +
          'Dana Pendidikan Pokok (DPP) Rp 14.000.000\n' +
          'Jas almamater, Topi, Kaos, Tas, GMTI'
      }
    }

      at console.fn [as log] (tests/jest.setup.js:37:12)

  console.log
    SELECTED_FEE_RECORD {
      program: 'TI',
      wave: '1C',
      academicYear: '2026',
      registrationFee: null,
      dpp: 'Rp 14.000.000',
      initialCostItems: [],
      sourceChunks: [
        {
          id: null,
          filename: 'ti_1c_biaya_detail.pdf',
          chunkPreview: 'PROGRAM STUDI TEKNOLOGI INFORMASI TA 2026/2027 Gelombang 1C\n' +
            'Pendaftaran Rp 500.000\n' +
            'Dana Pendidikan Pokok (DPP) Rp 14.000.000\n' +
            'Jas almamater, Topi, Kaos, Tas, GMTI'
        }
      ]
    }

      at console.fn [as log] (tests/jest.setup.js:37:12)

  console.log
    CALCULATED_TOTAL {
      registrationFeeAmt: 0,
      registrationDiscountAmt: 0,
      registrationTotalAmt: 0,
      dppAmt: 14000000,
      uniformSum: 0,
      capSum: 0,
      shirtSum: 0,
      gmtiSum: 0,
      bagSum: 0,
      subtotalAwalMasukAmt: 14000000,
      dppDiscountAmt: 500000,
      totalBiayaMasukAmt: 13500000,
      formatted: {
        registrationTotal: 'Rp 0',
        subtotalAwalMasuk: 'Rp 14.000.000',
        totalBiayaMasuk: 'Rp 13.500.000'
      }
    }

      at console.fn [as log] (tests/jest.setup.js:37:12)

  console.log
    [TRACE_COST_PARSE_5_FEE_STRUCT] {
      feeStructExists: true,
      feeStruct: {
        registrationFee: null,
        dppFee: undefined,
        dppDiscountAmount: undefined,
        registrationDiscountAmount: undefined,
        semester: undefined,
        totalAwalMasuk: undefined,
        academicYear: '2026',
        wave: '1C',
        waveGroup: '1',
        program: 'TI',
        sourceChunksCount: 1,
        sourceChunks: [ [Object] ]
      },
      queryEntitiesRequested: {
        intent: 'COST',
        program: 'TI',
        wave: '1C',
        waveGroup: '1',
        academicYear: '2026'
      }
    }

      at console.fn [as log] (tests/jest.setup.js:37:12)

  console.log
    [TRACE_PARSE_CHUNK_1_INPUT] {
      filename: 'ti_1c_biaya_detail.pdf',
      chunkId: undefined,
      isGlobalDiscount: false,
      queryProgram: 'TI',
      entProgram: 'TI',
      queryWave: '1C',
      entWave: '1C',
      queryWaveGroup: '1',
      entWaveGroup: '1',
      queryAcademicYear: '2026',
      entAcademicYear: '2026',
      chunkPreview: 'PROGRAM STUDI TEKNOLOGI INFORMASI TA 2026/2027 Gelombang 1C\n' +
        'Pendaftaran Rp 500.000\n' +
        'Dana Pendidikan P'
    }

      at console.fn [as log] (tests/jest.setup.js:37:12)
          at Array.map (<anonymous>)

  console.log
    TRACE_FIND_MONEY {
      keyword: '(?<!\\b(?:potongan|diskon)\\s+)(?:biaya\\s+pendaftaran|pendaftaran|registrasi)[^\\n]{0,120}?([0-9][0-9\\s\\.,]{1,40})',
      candidates: [
        {
          token: '500.000',
          candParsed: 'Rp 500.000',
          candDigits: 500000,
          hasSeparator: true,
          index: 75
        },
        {
          token: '14.000.000',
          candParsed: 'Rp 14.000.000',
          candDigits: 14000000,
          hasSeparator: true,
          index: 114
        }
      ],
      discardedPercents: [],
      selected: 'Rp 14.000.000',
      reason: 'line_level_best'
    }

      at console.fn [as log] (tests/jest.setup.js:37:12)
          at Array.reduce (<anonymous>)
          at Array.map (<anonymous>)

  console.log
    [TRACE_VALIDATE_REGISTRATION_PROXIMITY_FAIL] {
      filename: 'ti_1c_biaya_detail.pdf',
      registrationFee: 'Rp 14.000.000'
    }

      at console.fn [as log] (tests/jest.setup.js:37:12)
          at Array.map (<anonymous>)

  console.log
    TRACE_WAVE_SECTION_FOUND {
      filename: 'ti_1c_biaya_detail.pdf',
      wavePattern: '(?:1C|1|I)',
      sectionLinesCount: 1
    }

      at console.fn [as log] (tests/jest.setup.js:37:12)
          at Array.map (<anonymous>)

  console.log
    TRACE_WAVE_SECTION_LINES {
      filename: 'ti_1c_biaya_detail.pdf',
      lines: [
        'PROGRAM STUDI TEKNOLOGI INFORMASI TA 2026 2027 Gelombang 1C Pendaftaran Rp 500.000 Dana Pendidikan Pokok  DPP  Rp 14.000.000 Jas almamater, Topi, Kaos, Tas, GMTI'
      ]
    }

      at console.fn [as log] (tests/jest.setup.js:37:12)
          at Array.map (<anonymous>)

  console.log
    TRACE_WAVE_MONEY_SELECTED {
      keyword: '(?<!\\b(?:potongan|diskon)\\s+)(?:dana\\s+pendidikan\\s+pokok|dpp)[^\\n]{0,120}?([0-9][0-9\\s\\.,]{1,40})',
      candidates: [
        {
          token: '500.000',
          candParsed: 'Rp 500.000',
          candDigits: 500000,
          hasSeparator: true,
          index: 75
        },
        {
          token: '14.000.000',
          candParsed: 'Rp 14.000.000',
          candDigits: 14000000,
          hasSeparator: true,
          index: 114
        }
      ],
      discardedPercents: [],
      selected: 'Rp 14.000.000',
      reason: 'line_level_best'
    }

      at console.fn [as log] (tests/jest.setup.js:37:12)
          at Array.map (<anonymous>)

  console.log
    TRACE_WAVE_MONEY_CANDIDATES { filename: 'ti_1c_biaya_detail.pdf', candidateDpp: 'Rp 14.000.000' }

      at console.fn [as log] (tests/jest.setup.js:37:12)
          at Array.map (<anonymous>)

  console.log
    [TRACE_PROVENANCE_REJECT] {
      field: 'registrationDiscount',
      value: 'Rp 500.000',
      chunkId: undefined,
      reason: 'disallowed_context'
    }

      at console.fn [as log] (tests/jest.setup.js:37:12)
          at Array.map (<anonymous>)

  console.log
    [TRACE_PARSE_CHUNK_2_MONEY] {
      filename: 'ti_1c_biaya_detail.pdf',
      registrationFee: null,
      dpp: 'Rp 14.000.000',
      dppDiscount: 'Rp 500.000',
      registrationDiscount: null,
      ukt: null,
      scholarship: null
    }

      at console.fn [as log] (tests/jest.setup.js:37:12)
          at Array.map (<anonymous>)

  console.log
    [TRACE_PARSE_CHUNK_4_COST_PRESENCE] {
      filename: 'ti_1c_biaya_detail.pdf',
      registrationFee: false,
      dpp: true,
      dppDiscount: true,
      registrationDiscount: false,
      ukt: false,
      scholarship: false,
      hasAnyCost: 'Rp 14.000.000'
    }

      at console.fn [as log] (tests/jest.setup.js:37:12)
          at Array.map (<anonymous>)

  console.log
    RAW_CHUNK_TEXT {
      filename: 'ti_1c_biaya_detail.pdf',
      chunk: 'PROGRAM STUDI TEKNOLOGI INFORMASI TA 2026/2027 Gelombang 1C\n' +
        'Pendaftaran Rp 500.000\n' +
        'Dana Pendidikan Pokok (DPP) Rp 14.000.000\n' +
        'Jas almamater, Topi, Kaos, Tas, GMTI'
    }

      at console.fn [as log] (tests/jest.setup.js:37:12)
          at Array.map (<anonymous>)

  console.log
    PARSED_FIELDS {
      registrationFeeRaw: '500.000',
      registrationFee: null,
      registrationFeeDigits: null,
      dppRaw: '500.000',
      dpp: 'Rp 14.000.000',
      dppDigits: '14000000',
      registrationDiscountRaw: null,
      registrationDiscount: null,
      registrationDiscountDigits: null,
      dppDiscountRaw: null,
      dppDiscount: 'Rp 500.000',
      dppDiscountDigits: '500000',
      uktRaw: null,
      ukt: null,
      scholarshipRaw: null,
      scholarship: null
    }

      at console.fn [as log] (tests/jest.setup.js:37:12)
          at Array.map (<anonymous>)

  console.log
    [VALIDATE_PARSED_FEE_STRUCT_INPUT] {
      chunkObjKeys: [ 'chunk', 'filename', 'updatedAt', 'source', 'embedding' ],
      chunkObjOcrQualityScore: undefined,
      chunkObjFilename: 'ti_1c_biaya_detail.pdf',
      chunkObjSource: 'upload'
    }

      at console.fn [as log] (tests/jest.setup.js:37:12)
          at Array.map (<anonymous>)

  console.log
    [VALIDATE_PARSED_FEE_STRUCT_PASS_THROUGH] {
      field: 'dpp',
      sourceChunkForValidation: {
        chunk: 'PROGRAM STUDI TEKNOLOGI INFORMASI TA 2026/2027 Gelombang 1C\n' +
          'Pendaftaran Rp 500.000\n' +
          'Dana Pendidikan Pokok (DPP) Rp 14.000.000\n' +
          'Jas almamater, Topi, Kaos, Tas, GMTI',
        filename: 'ti_1c_biaya_detail.pdf',
        sourceFile: null,
        ocrQualityScore: null,
        source: 'upload',
        lowConfidence: null
      }
    }

      at console.fn [as log] (tests/jest.setup.js:37:12)
          at Array.map (<anonymous>)

  console.log
    [NUMERIC_AUDIT] validateNumericGrounding:start { normalizedValue: '14000000', sourceChunksLength: 1, context: '' }

      at console.fn [as log] (tests/jest.setup.js:37:12)
          at Array.map (<anonymous>)

  console.log
    [NUMERIC_AUDIT] chunk {
      textPreview: 'PROGRAM STUDI TEKNOLOGI INFORMASI TA 2026/2027 Gelombang 1C\n' +
        'Pendaftaran Rp 500.0',
      repairedPreview: 'PROGRAM STUDI TEKNOLOGI INFORMASI TA 2026 2027 Gelombang 1C Pendaftaran Rp 500.0',
      digitsOnly: '20262027150000014000000',
      digitsOnlyRepaired: '20262027150000014000000',
      fname: 'ti_1c_biaya_detail.pdf',
      sourceFile: null,
      isOfficialDoc: true,
      ocrQuality: null
    }

      at console.fn [as log] (tests/jest.setup.js:37:12)
          at Array.map (<anonymous>)

  console.log
    [NUMERIC_AUDIT] parseAttempts {
      tokens: [
        'Rp 500.000 ',
        'Rp 14.000.000 ',
        '2026 2027 ',
        '1',
        '500.000 ',
        '14.000.000 '
      ],
      parsedAttempts: [ 500000, 14000000, 20262027, 1, 500000, 14000000 ]
    }

      at console.fn [as log] (tests/jest.setup.js:37:12)
          at Array.map (<anonymous>)

  console.log
    [NUMERIC_AUDIT] matchedFoundIn-parse {
      fname: 'ti_1c_biaya_detail.pdf',
      token: 'Rp 14.000.000 ',
      numericNormalized: 14000000
    }

      at console.fn [as log] (tests/jest.setup.js:37:12)
          at Array.map (<anonymous>)

  console.log
    [NUMERIC_AUDIT] finalDecision {
      foundInCount: 1,
      officialSourcesCount: 1,
      firstFoundInOcrQuality: null,
      firstFoundInIsOfficial: true
    }

      at console.fn [as log] (tests/jest.setup.js:37:12)
          at Array.map (<anonymous>)

  console.log
    [NUMERIC_AUDIT] returnReason found_in_official

      at console.fn [as log] (tests/jest.setup.js:37:12)
          at Array.map (<anonymous>)

  console.log
    [VALIDATE_PARSED_FEE_STRUCT_PASS_THROUGH] {
      field: 'dppDiscount',
      sourceChunkForValidation: {
        chunk: 'PROGRAM STUDI TEKNOLOGI INFORMASI TA 2026/2027 Gelombang 1C\n' +
          'Pendaftaran Rp 500.000\n' +
          'Dana Pendidikan Pokok (DPP) Rp 14.000.000\n' +
          'Jas almamater, Topi, Kaos, Tas, GMTI',
        filename: 'ti_1c_biaya_detail.pdf',
        sourceFile: null,
        ocrQualityScore: null,
        source: 'upload',
        lowConfidence: null
      }
    }

      at console.fn [as log] (tests/jest.setup.js:37:12)
          at Array.map (<anonymous>)

  console.log
    [NUMERIC_AUDIT] validateNumericGrounding:start { normalizedValue: '500000', sourceChunksLength: 1, context: '' }

      at console.fn [as log] (tests/jest.setup.js:37:12)
          at Array.map (<anonymous>)

  console.log
    [NUMERIC_AUDIT] chunk {
      textPreview: 'PROGRAM STUDI TEKNOLOGI INFORMASI TA 2026/2027 Gelombang 1C\n' +
        'Pendaftaran Rp 500.0',
      repairedPreview: 'PROGRAM STUDI TEKNOLOGI INFORMASI TA 2026 2027 Gelombang 1C Pendaftaran Rp 500.0',
      digitsOnly: '20262027150000014000000',
      digitsOnlyRepaired: '20262027150000014000000',
      fname: 'ti_1c_biaya_detail.pdf',
      sourceFile: null,
      isOfficialDoc: true,
      ocrQuality: null
    }

      at console.fn [as log] (tests/jest.setup.js:37:12)
          at Array.map (<anonymous>)

  console.log
    [NUMERIC_AUDIT] parseAttempts {
      tokens: [
        'Rp 500.000 ',
        'Rp 14.000.000 ',
        '2026 2027 ',
        '1',
        '500.000 ',
        '14.000.000 '
      ],
      parsedAttempts: [ 500000, 14000000, 20262027, 1, 500000, 14000000 ]
    }

      at console.fn [as log] (tests/jest.setup.js:37:12)
          at Array.map (<anonymous>)

  console.log
    [NUMERIC_AUDIT] matchedFoundIn-parse {
      fname: 'ti_1c_biaya_detail.pdf',
      token: 'Rp 500.000 ',
      numericNormalized: 500000
    }

      at console.fn [as log] (tests/jest.setup.js:37:12)
          at Array.map (<anonymous>)

  console.log
    [NUMERIC_AUDIT] finalDecision {
      foundInCount: 1,
      officialSourcesCount: 1,
      firstFoundInOcrQuality: null,
      firstFoundInIsOfficial: true
    }

      at console.fn [as log] (tests/jest.setup.js:37:12)
          at Array.map (<anonymous>)

  console.log
    [NUMERIC_AUDIT] returnReason found_in_official

      at console.fn [as log] (tests/jest.setup.js:37:12)
          at Array.map (<anonymous>)

  console.log
    [TRACE_PARSE_CHUNK_3_VALIDATION] {
      filename: 'ti_1c_biaya_detail.pdf',
      chunkId: undefined,
      isValid: true,
      feeStruct: {
        program: 'TI',
        wave: '1C',
        waveGroup: '1',
        academicYear: '2026',
        registrationFee: null,
        dpp: 'Rp 14.000.000',
        dppDiscount: 'Rp 500.000',
        registrationDiscount: null,
        ukt: null,
        scholarship: null,
        isGlobalDiscount: false
      }
    }

      at console.fn [as log] (tests/jest.setup.js:37:12)
          at Array.map (<anonymous>)

  console.log
    [TRACE_PARSE_FEE_RESULT] {
      filename: 'ti_1c_biaya_detail.pdf',
      chunkId: undefined,
      feeStruct: {
        program: 'TI',
        wave: '1C',
        waveGroup: '1',
        academicYear: '2026',
        registrationFee: null,
        dpp: 'Rp 14.000.000',
        registrationDiscount: null,
        dppDiscount: 'Rp 500.000',
        ukt: null,
        scholarship: null,
        isGlobalDiscount: false
      }
    }

      at console.fn [as log] (tests/jest.setup.js:37:12)
          at Array.map (<anonymous>)

  console.log
    [AUDIT_PARSE_PREVIEWS] {
      count: 1,
      perChunkParsePreviews: [
        {
          id: undefined,
          filename: 'ti_1c_biaya_detail.pdf',
          program: 'TI',
          registrationFee: null,
          dpp: 'Rp 14.000.000',
          registrationFeeRaw: undefined,
          dppRaw: undefined,
          dppDiscountRaw: undefined,
          registrationDiscountRaw: undefined,
          moneyCandidatesCount: 6,
          chunkPreview: 'PROGRAM STUDI TEKNOLOGI INFORMASI TA 2026/2027 Gelombang 1C\n' +
            'Pendaftaran Rp 500.000\n' +
            'Dana Pendidikan Pokok (DPP) Rp 14.000.000\n' +
            'Jas almamater, Topi, Kaos, Tas, GMTI'
        }
      ]
    }

      at console.fn [as log] (tests/jest.setup.js:37:12)

  console.log
    [TRACE_VALIDATE_SOURCE_TRUST] {
      filename: 'ti_1c_biaya_detail.pdf',
      id: null,
      score: 75,
      minScore: 30,
      chunkType: null,
      ocrQualityScore: null,
      updatedAt: '2026-07-04T02:47:36.574Z',
      lowConfidence: false
    }

      at console.fn [as log] (tests/jest.setup.js:37:12)
          at Array.map (<anonymous>)

  console.log
    [TRACE_COST_SOURCE_TRUST_RESULTS] {
      trustResults: [ { chunkId: null, score: 75, trusted: true, metadata: [Object] } ]
    }

      at console.fn [as log] (tests/jest.setup.js:37:12)

  console.log
    FEE_RECORD_RAW {
      "program": "TI",
      "programName": null,
      "wave": "1C",
      "waveGroup": "1",
      "academicYear": "2026",
      "partner": null,
      "campus": null,
      "sourceFile": "ti_1c_biaya_detail.pdf",
      "updatedAt": "2026-07-04T02:47:36.574Z",
      "registrationFee": null,
      "dpp": "Rp 14.000.000",
      "dppDiscount": "Rp 500.000",
      "registrationDiscount": null,
      "ukt": null,
      "scholarship": null,
      "isGlobalDiscount": false,
      "rawChunk": "PROGRAM STUDI TEKNOLOGI INFORMASI TA 2026/2027 Gelombang 1C\nPendaftaran Rp 500.000\nDana Pendidikan Pokok (DPP) Rp 14.000.000\nJas almamater, Topi, Kaos, Tas, GMTI",
      "sourceChunk": {
        "chunk": "PROGRAM STUDI TEKNOLOGI INFORMASI TA 2026/2027 Gelombang 1C\nPendaftaran Rp 500.000\nDana Pendidikan Pokok (DPP) Rp 14.000.000\nJas almamater, Topi, Kaos, Tas, GMTI",
        "filename": "ti_1c_biaya_detail.pdf",
        "updatedAt": "2026-07-04T02:47:36.574Z",
        "source": "upload",
        "embedding": [
          0,
          0,
          0,
          0,
          0,
          0,
          0,
          0,
          0,
          0,
          0,
          0,
          0,
          0,
          0,
          0,
          0,
          0,
          0,
          0,
          0,
          0,
          0,
          0,
          0,
          0,
          0,
          0,
          0,
          0,
          0,
          0,
          0,
          0,
          0,
          0,
          0,
          0,
          0,
          0,
          0,
          0,
          0,
          0,
          0,
          0,
          0,
          0,
          0,
          0,
          0,
          0,
          0,
          0,
          0,
          0,
          0,
          0,
          0,
          0,
          0,
          0,
          0,
          0
        ]
      },
      "moneyCandidates": [
        {
          "lineIndex": 0,
          "line": "PROGRAM STUDI TEKNOLOGI INFORMASI TA 2026 2027 Gelombang 1C Pendaftaran Rp 500.000 Dana Pendidikan Pokok  DPP  Rp 14.000.000 Jas almamater, Topi, Kaos, Tas, GMTI",
          "token": "2026 2027",
          "parsed": "Rp 20.262.027",
          "digits": 20262027,
          "hasSeparator": true,
          "index": 37,
          "window": "PROGRAM STUDI TEKNOLOGI INFORMASI TA 2026 2027 Gelombang 1C Pendaftaran Rp 500.000 Dana Pendidikan Pokok  D",
          "label": "BIAYA_PENDAFTARAN"
        },
        {
          "lineIndex": 0,
          "line": "PROGRAM STUDI TEKNOLOGI INFORMASI TA 2026 2027 Gelombang 1C Pendaftaran Rp 500.000 Dana Pendidikan Pokok  DPP  Rp 14.000.000 Jas almamater, Topi, Kaos, Tas, GMTI",
          "token": "1",
          "parsed": "Rp 1",
          "digits": 1,
          "hasSeparator": false,
          "index": 57,
          "window": "PROGRAM STUDI TEKNOLOGI INFORMASI TA 2026 2027 Gelombang 1C Pendaftaran Rp 500.000 Dana Pendidikan Pokok  DPP  Rp 14.0",
          "label": "BIAYA_PENDAFTARAN"
        },
        {
          "lineIndex": 0,
          "line": "PROGRAM STUDI TEKNOLOGI INFORMASI TA 2026 2027 Gelombang 1C Pendaftaran Rp 500.000 Dana Pendidikan Pokok  DPP  Rp 14.000.000 Jas almamater, Topi, Kaos, Tas, GMTI",
          "token": "500.000",
          "parsed": "Rp 500.000",
          "digits": 500000,
          "hasSeparator": true,
          "index": 75,
          "window": "EKNOLOGI INFORMASI TA 2026 2027 Gelombang 1C Pendaftaran Rp 500.000 Dana Pendidikan Pokok  DPP  Rp 14.000.000 Jas almamater, Top",
          "label": "BIAYA_PENDAFTARAN"
        },
        {
          "lineIndex": 0,
          "line": "PROGRAM STUDI TEKNOLOGI INFORMASI TA 2026 2027 Gelombang 1C Pendaftaran Rp 500.000 Dana Pendidikan Pokok  DPP  Rp 14.000.000 Jas almamater, Topi, Kaos, Tas, GMTI",
          "token": "14.000.000",
          "parsed": "Rp 14.000.000",
          "digits": 14000000,
          "hasSeparator": true,
          "index": 114,
          "window": "ng 1C Pendaftaran Rp 500.000 Dana Pendidikan Pokok  DPP  Rp 14.000.000 Jas almamater, Topi, Kaos, Tas, GMTI",
          "label": "BIAYA_PENDAFTARAN"
        },
        {
          "lineIndex": 0,
          "line": "PROGRAM STUDI TEKNOLOGI INFORMASI TA 2026 2027 Gelombang 1C Pendaftaran Rp 500.000 Dana Pendidikan Pokok  DPP  Rp 14.000.000 Jas almamater, Topi, Kaos, Tas, GMTI",
          "token": "Rp 500.000",
          "parsed": "Rp 500.000",
          "digits": 500000,
          "hasSeparator": true,
          "index": 72,
          "window": "I TEKNOLOGI INFORMASI TA 2026 2027 Gelombang 1C Pendaftaran Rp 500.000 Dana Pendidikan Pokok  DPP  Rp 14.000.000 Jas almamater, Top",
          "label": "BIAYA_PENDAFTARAN"
        },
        {
          "lineIndex": 0,
          "line": "PROGRAM STUDI TEKNOLOGI INFORMASI TA 2026 2027 Gelombang 1C Pendaftaran Rp 500.000 Dana Pendidikan Pokok  DPP  Rp 14.000.000 Jas almamater, Topi, Kaos, Tas, GMTI",
          "token": "Rp 14.000.000",
          "parsed": "Rp 14.000.000",
          "digits": 14000000,
          "hasSeparator": true,
          "index": 111,
          "window": "mbang 1C Pendaftaran Rp 500.000 Dana Pendidikan Pokok  DPP  Rp 14.000.000 Jas almamater, Topi, Kaos, Tas, GMTI",
          "label": "BIAYA_PENDAFTARAN"
        }
      ],
      "sourceChunks": [
        {
          "chunk": "PROGRAM STUDI TEKNOLOGI INFORMASI TA 2026/2027 Gelombang 1C\nPendaftaran Rp 500.000\nDana Pendidikan Pokok (DPP) Rp 14.000.000\nJas almamater, Topi, Kaos, Tas, GMTI",
          "filename": "ti_1c_biaya_detail.pdf",
          "updatedAt": "2026-07-04T02:47:36.574Z",
          "source": "upload",
          "embedding": [
            0,
            0,
            0,
            0,
            0,
            0,
            0,
            0,
            0,
            0,
            0,
            0,
            0,
            0,
            0,
            0,
            0,
            0,
            0,
            0,
            0,
            0,
            0,
            0,
            0,
            0,
            0,
            0,
            0,
            0,
            0,
            0,
            0,
            0,
            0,
            0,
            0,
            0,
            0,
            0,
            0,
            0,
            0,
            0,
            0,
            0,
            0,
            0,
            0,
            0,
            0,
            0,
            0,
            0,
            0,
            0,
            0,
            0,
            0,
            0,
            0,
            0,
            0,
            0
          ]
        }
      ],
      "fieldSources": {
        "dpp": {
          "filename": "ti_1c_biaya_detail.pdf",
          "sourceText": "PROGRAM STUDI TEKNOLOGI INFORMASI TA 2026/2027 Gelombang 1C\nPendaftaran Rp 500.000\nDana Pendidikan Pokok (DPP) Rp 14.000.000\nJas almamater, Topi, Kaos, Tas, GMTI"
        },
        "dppDiscount": {
          "filename": "ti_1c_biaya_detail.pdf",
          "sourceText": "PROGRAM STUDI TEKNOLOGI INFORMASI TA 2026/2027 Gelombang 1C\nPendaftaran Rp 500.000\nDana Pendidikan Pokok (DPP) Rp 14.000.000\nJas almamater, Topi, Kaos, Tas, GMTI"
        }
      },
      "initialCostItems": [],
      "registrationTotal": "Rp 0",
      "uniformFee": "Rp 0",
      "capFee": "Rp 0",
      "shirtFee": "Rp 0",
      "gmtiFee": "Rp 0",
      "bagFee": "Rp 0",
      "subtotalAwalMasuk": "Rp 14.000.000",
      "totalBiayaMasuk": "Rp 13.500.000"
    }

      at console.fn [as log] (tests/jest.setup.js:37:12)

  console.log
    FEE_FIELDS {
      registrationFee: null,
      dpp: 'Rp 14.000.000',
      jas: 'Rp 0',
      topi: 'Rp 0',
      kaos: 'Rp 0',
      gmti: 'Rp 0',
      tas: 'Rp 0',
      gelombang: '1C',
      program: 'TI'
    }

      at console.fn [as log] (tests/jest.setup.js:37:12)

  console.log
    FEE_FIELD_SOURCES {
      registrationFee: null,
      dpp: { id: undefined, filename: 'ti_1c_biaya_detail.pdf' },
      registrationDiscount: null,
      dppDiscount: { id: undefined, filename: 'ti_1c_biaya_detail.pdf' }
    }

      at console.fn [as log] (tests/jest.setup.js:37:12)

  console.log
    MONEY_CANDIDATES [
      {
        lineIndex: 0,
        line: 'PROGRAM STUDI TEKNOLOGI INFORMASI TA 2026 2027 Gelombang 1C Pendaftaran Rp 500.000 Dana Pendidikan Pokok  DPP  Rp 14.000.000 Jas almamater, Topi, Kaos, Tas, GMTI',
        token: '2026 2027',
        parsed: 'Rp 20.262.027',
        digits: 20262027,
        hasSeparator: true,
        index: 37,
        window: 'PROGRAM STUDI TEKNOLOGI INFORMASI TA 2026 2027 Gelombang 1C Pendaftaran Rp 500.000 Dana Pendidikan Pokok  D',
        label: 'BIAYA_PENDAFTARAN'
      },
      {
        lineIndex: 0,
        line: 'PROGRAM STUDI TEKNOLOGI INFORMASI TA 2026 2027 Gelombang 1C Pendaftaran Rp 500.000 Dana Pendidikan Pokok  DPP  Rp 14.000.000 Jas almamater, Topi, Kaos, Tas, GMTI',
        token: '1',
        parsed: 'Rp 1',
        digits: 1,
        hasSeparator: false,
        index: 57,
        window: 'PROGRAM STUDI TEKNOLOGI INFORMASI TA 2026 2027 Gelombang 1C Pendaftaran Rp 500.000 Dana Pendidikan Pokok  DPP  Rp 14.0',
        label: 'BIAYA_PENDAFTARAN'
      },
      {
        lineIndex: 0,
        line: 'PROGRAM STUDI TEKNOLOGI INFORMASI TA 2026 2027 Gelombang 1C Pendaftaran Rp 500.000 Dana Pendidikan Pokok  DPP  Rp 14.000.000 Jas almamater, Topi, Kaos, Tas, GMTI',
        token: '500.000',
        parsed: 'Rp 500.000',
        digits: 500000,
        hasSeparator: true,
        index: 75,
        window: 'EKNOLOGI INFORMASI TA 2026 2027 Gelombang 1C Pendaftaran Rp 500.000 Dana Pendidikan Pokok  DPP  Rp 14.000.000 Jas almamater, Top',
        label: 'BIAYA_PENDAFTARAN'
      },
      {
        lineIndex: 0,
        line: 'PROGRAM STUDI TEKNOLOGI INFORMASI TA 2026 2027 Gelombang 1C Pendaftaran Rp 500.000 Dana Pendidikan Pokok  DPP  Rp 14.000.000 Jas almamater, Topi, Kaos, Tas, GMTI',
        token: '14.000.000',
        parsed: 'Rp 14.000.000',
        digits: 14000000,
        hasSeparator: true,
        index: 114,
        window: 'ng 1C Pendaftaran Rp 500.000 Dana Pendidikan Pokok  DPP  Rp 14.000.000 Jas almamater, Topi, Kaos, Tas, GMTI',
        label: 'BIAYA_PENDAFTARAN'
      },
      {
        lineIndex: 0,
        line: 'PROGRAM STUDI TEKNOLOGI INFORMASI TA 2026 2027 Gelombang 1C Pendaftaran Rp 500.000 Dana Pendidikan Pokok  DPP  Rp 14.000.000 Jas almamater, Topi, Kaos, Tas, GMTI',
        token: 'Rp 500.000',
        parsed: 'Rp 500.000',
        digits: 500000,
        hasSeparator: true,
        index: 72,
        window: 'I TEKNOLOGI INFORMASI TA 2026 2027 Gelombang 1C Pendaftaran Rp 500.000 Dana Pendidikan Pokok  DPP  Rp 14.000.000 Jas almamater, Top',
        label: 'BIAYA_PENDAFTARAN'
      },
      {
        lineIndex: 0,
        line: 'PROGRAM STUDI TEKNOLOGI INFORMASI TA 2026 2027 Gelombang 1C Pendaftaran Rp 500.000 Dana Pendidikan Pokok  DPP  Rp 14.000.000 Jas almamater, Topi, Kaos, Tas, GMTI',
        token: 'Rp 14.000.000',
        parsed: 'Rp 14.000.000',
        digits: 14000000,
        hasSeparator: true,
        index: 111,
        window: 'mbang 1C Pendaftaran Rp 500.000 Dana Pendidikan Pokok  DPP  Rp 14.000.000 Jas almamater, Topi, Kaos, Tas, GMTI',
        label: 'BIAYA_PENDAFTARAN'
      }
    ]

      at console.fn [as log] (tests/jest.setup.js:37:12)

  console.log
    SELECTED_FEE_RECORD {
      program: 'TI',
      wave: '1C',
      registrationFee: null,
      dpp: 'Rp 14.000.000',
      sourceChunks: [
        {
          id: undefined,
          filename: 'ti_1c_biaya_detail.pdf',
          chunkPreview: 'PROGRAM STUDI TEKNOLOGI INFORMASI TA 2026/2027 Gelombang 1C\n' +
            'Pendaftaran Rp 500.000\n' +
            'Dana Pendidikan Pokok (DPP) Rp 14.000.000\n' +
            'Jas almamater, Topi, Kaos, Tas, GMTI'
        }
      ]
    }

      at console.fn [as log] (tests/jest.setup.js:37:12)

  console.log
    RAW_FEE_TEXT {
      rawChunk: 'PROGRAM STUDI TEKNOLOGI INFORMASI TA 2026/2027 Gelombang 1C\n' +
        'Pendaftaran Rp 500.000\n' +
        'Dana Pendidikan Pokok (DPP) Rp 14.000.000\n' +
        'Jas almamater, Topi, Kaos, Tas, GMTI'
    }

      at console.fn [as log] (tests/jest.setup.js:37:12)

  console.log
    PARSED_FEE_STRUCTURE {
      registrationFee: null,
      registrationDiscount: null,
      registrationTotal: 'Rp 0',
      dpp: 'Rp 14.000.000',
      dppDiscount: 'Rp 500.000',
      subtotalAwalMasuk: 'Rp 14.000.000',
      totalBiayaMasuk: 'Rp 13.500.000'
    }

      at console.fn [as log] (tests/jest.setup.js:37:12)

  console.log
    FINAL_FEE_RESPONSE {
      type: 'structured',
      answer: 'Program Studi: TI\n' +
        'Gelombang: 1C\n' +
        'Tahun Akademik: 2026\n' +
        '\n' +
        '\n' +
        'Pendaftaran:\n' +
        'Total Pendaftaran:\n' +
        'Rp 0\n' +
        '\n' +
        'DPP:\n' +
        'Rp 14.000.000\n' +
        'Potongan DPP Gelombang 1:\n' +
        'Rp 500.000\n' +
        '\n' +
        'Biaya Perlengkapan:\n' +
        '- Jas almamater: Rp 0\n' +
        '- Topi: Rp 0\n' +
        '- Kaos: Rp 0\n' +
        '- GMTI: Rp 0\n' +
        '- Tas: Rp 0\n' +
        '\n' +
        'Subtotal Awal Masuk: Rp 14.000.000\n' +
        '\n' +
        'Total Biaya Masuk: Rp 13.500.000\n' +
        'Sumber:\n' +
        '- ti_1c_biaya_detail.pdf',
      source: 'rag-fee-structured',
      contexts: [ 'ti_1c_biaya_detail.pdf' ],
      feeStructPreview: {
        program: 'TI',
        wave: '1C',
        registrationFee: null,
        dpp: 'Rp 14.000.000'
      }
    }

      at console.fn [as log] (tests/jest.setup.js:37:12)

node.exe : FAIL tests/ragEngine.test.js (604.081 s)
At line:1 char:1
+ & "C:\Program Files\nodejs/node.exe" "C:\Program Files\nodejs/node_mo ...
+ ~~~~~~~~~~~~~~~~~~~~~~~~~~~~~~~~~~~~~~~~~~~~~~~~~~~~~~~~~~~~~~~~~~~~~
    + CategoryInfo          : NotSpecified: (FAIL tests/ragEngine.test.js (604 
   .081 s):String) [], RemoteException
    + FullyQualifiedErrorId : NativeCommandError
 
  ragEngine helpers
    ΓêÜ regression: fee intent wins when prodi and gelombang present (6 ms)
    ├ù query returns enrollment discount output with requested wave formatting 
for 1A (503125 ms)
    ├ù tryStructuredExactCostAnswer uses full fee formatter when fee data 
exists in a single chunk without OCR quality metadata (49081 ms)
    ├ù tryStructuredExactCostAnswer does not duplicate wave label in full fee 
answer (49650 ms)
    Γùï skipped regression: all greeting aliases return identical 
deterministic greeting
    Γùï skipped regression: PMB information is not routed to biaya answer
    Γùï skipped regression: SK in PMB/program context means Sistem Komputer, 
not SKS
    Γùï skipped regression: TI and SI program definitions are complete and no 
resolver internals leak
    Γùï skipped regression: detailed fee answer uses normalized requested 
format without duplicate headings
    Γùï skipped regression: cost intent wins over program profile for TI fee 
queries
    Γùï skipped regression: SK course code should not be parsed as semester 
fee label
    Γùï skipped regression: extractStructuredEntities recognizes SK semester 
cost intent
    Γùï skipped chunkText respects size and overlap
    Γùï skipped cleanAnswerLanguage removes confusing phrases
    Γùï skipped formatRagAnswer does not insert explicit Follow-up label
    Γùï skipped formatRagAnswer uses context-specific follow-up for 
scholarship answers
    Γùï skipped tryStructuredProgramComparisonAnswer returns numeric fee 
comparison for cost questions
    Γùï skipped validateFinalAnswer rejects medium confidence numeric answers
    Γùï skipped validateNumericGrounding accepts explicit numeric values from 
official documents
    Γùï skipped validateNumericGrounding accepts official documents via 
sourceFile when filename is missing
    Γùï skipped validateNumericGrounding accepts explicit numeric evidence 
from a single chunk without OCR quality metadata
    Γùï skipped normalizeProgramLabel derives canonical alias from full 
program name and program abbreviation in context
    Γùï skipped extractStructuredEntities preserves TI when the prompt 
contains pengakuan SKS
    Γùï skipped extractStructuredEntities recognizes program abbreviations and 
canonical program labels
    Γùï skipped extractStructuredEntities recognizes S.Kom program alias for 
Sistem Komputer
    Γùï skipped extractAcademicIntent recognizes academic program sub-intents
    Γùï skipped regression: career-prospect questions use retrieval context 
instead of generic lexical fallback
    Γùï skipped common question apa kabar? is answered with relevant content
    Γùï skipped common question apa itu prodi ti? is answered with relevant 
content
    Γùï skipped common question gelombang apa saja yang ada? is answered with 
relevant content
    Γùï skipped common question sekarang buka gelombang berapa? is answered 
with relevant content
    Γùï skipped common question apa saja program double degree? is answered 
with relevant content
    Γùï skipped common question apakah ada program double degree 
internasional? is answered with relevant content
    Γùï skipped common question apakah ada program double degree nasional? is 
answered with relevant content
    Γùï skipped common question biaya mana yang paling murah? is answered with 
relevant content
    Γùï skipped filterRelevantChunks removes off-topic academic chunks for 
program definition queries
    Γùï skipped validateAcademicProgramContexts rejects irrelevant academic 
contexts
    Γùï skipped tokenizeForRelevanceGuard preserves short program aliases like 
BD and SI
    Γùï skipped normalizeWaveLabel normalizes wave variants to compact 
canonical forms
    Γùï skipped tryStructuredExactCostAnswer merges global wave 1 discounts 
into SK 1A cost output
    Γùï skipped tryStructuredExactCostAnswer repairs OCR noise in numeric fee 
values
    Γùï skipped tryStructuredExactCostAnswer prioritizes latest academic year 
when year not specified
    Γùï skipped tryStructuredExactCostAnswer rejects inconsistent exact cost 
queries without reliable fee evidence
    Γùï skipped tryStructuredExactCostAnswer rejects explicit exact match cost 
query when no matching chunk exists
    Γùï skipped tryStructuredExactCostAnswer does not fall back to different 
wave for explicit suffix wave
    Γùï skipped validateFinalAnswer rejects high confidence numeric without 
explicit source evidence
    Γùï skipped isSafeForInference blocks numeric/temporal inference questions
    Γùï skipped program recommendation heuristic does not trigger on 
curriculum detail questions
  ragEngine schedule overview guard
    Γùï skipped accreditation question for BD is answered from index text 
(deterministic)
    Γùï skipped schedule-only question without wave triggers schedule overview 
prompt
    Γùï skipped hobby business signals: "tawar-menawar" maps to Bisnis Digital 
(handles "cocokan" typo)
    Γùï skipped coding hobby routes to Teknologi Informasi (TI)
    Γùï skipped unknown hobby does not default to SK (asks for concrete 
activity examples)
    Γùï skipped wave list question returns available waves (no wave guessing)
    Γùï skipped confidence threshold: below 0.65 is treated as no answer
    Γùï skipped program registration fee question returns short answer (SI)
    Γùï skipped fee breakdown follow-up for SI returns structured breakdown 
(not program list)
    Γùï skipped UKT/per-semester question for SI returns semester-only fee (no 
full breakdown)
    Γùï skipped avoid misparsing SK course codes as semester fee amounts
    Γùï skipped fee breakdown: prior dual-degree mention does not override 
current SI shorthand
    Γùï skipped general dual degree question lists UTB, DNUI, and HELP
    Γùï skipped double degree international question lists only international 
partners
    Γùï skipped double degree national question lists only UTB
    Γùï skipped dual/double degree discount question returns only DPP discount 
list (no UTB/DNUI/HELP)
    Γùï skipped current wave question returns currently open waves (realtime 
by date)
    Γùï skipped current wave question before first window returns upcoming wave
    Γùï skipped wave list phrasing variants still return wave list
    Γùï skipped anchored follow-up still parses wave list from current 
question only
    Γùï skipped mentions specific wave without intent triggers clarify-wave 
(not wave list)
    Γùï skipped must-pay phrasing counts as intent (does not trigger 
clarify-wave menu)
    Γùï skipped schedule for roman-only wave is grouped and deduped (no 
repeated IV A/B/C blocks)
    Γùï skipped PMB overview multi-aspect question should not be hijacked by 
schedule overview prompt
    Γùï skipped ranking scholarship question is not misrouted to enrollment 
discount
    Γùï skipped ranking follow-up mentioning semesters is not misrouted to fee 
breakdown
    Γùï skipped follow-up question about "sekolah tertentu" is answered (no 
web fallback)
    Γùï skipped asking which schools are in the lampiran does not return a 
misleading short list
    Γùï skipped general scholarship question returns types overview first
    Γùï skipped short reply "ranking" returns ranking scholarship explanation 
(not generic fallback)
    Γùï skipped DNUI follow-up "rangkum biaya lainnya" returns main fee 
components (no semester-5 drift)
    Γùï skipped UTB fee breakdown works even for short query
    Γùï skipped follow-up asking HELP after DNUI returns HELP breakdown (not 
DNUI)

  ΓùÅ ragEngine helpers ΓÇ║ query returns enrollment discount output with 
requested wave formatting for 1A

    expect(received).toMatch(expected)

    Expected pattern: /Gelombang\s*1A/i
    Received string:  "Program Studi: SI
    Gelombang: 1A
    Tahun Akademik: Tahun Akademik tidak tersedia┬╖
    Pendaftaran:┬╖
    Potongan Pendaftaran Gelombang 1:
    Rp 2.000.000┬╖
    Total Pendaftaran:
    Rp 0┬╖
    DPP:
    Rp 7.000.000┬╖
    Biaya Perlengkapan:┬╖
    - Jas almamater: Rp 0
    - Topi: Rp 0
    - Kaos: Rp 0
    - GMTI: Rp 0
    - Tas: Rp 0┬╖
    Subtotal Awal Masuk: Rp 7.000.000
    Total Biaya Masuk: Rp 7.000.000┬╖
    Sumber:┬╖
    - rincian Biaya SI, TI dan BD Tahun Ajaran 2026-2027.pdf┬╖
    Mau saya jelaskan komponen biaya lain atau opsi potongan yang relevan?"

    [0m [90m 386 |[39m     [36mconst[39m res [33m=[39m [36mawait[39m 
query([32m'biaya prodi si gelombang 1A?'[39m)[33m;[39m
     [90m 387 |[39m     expect(res [33m&&[39m 
res[33m.[39msuccess)[33m.[39mtoBe([36mtrue[39m)[33m;[39m
    [31m[1m>[22m[39m[90m 388 |[39m     
expect([33mString[39m(res[33m.[39manswer [33m||[39m 
[32m''[39m))[33m.[39mtoMatch([35m/Gelombang\s*1A/i[39m)[33m;[39m
     [90m     |[39m                                      [31m[1m^[22m[39m
     [90m 389 |[39m     expect([33mString[39m(res[33m.[39manswer 
[33m||[39m 
[32m''[39m))[33m.[39mtoMatch([35m/Rp\s*250\.000/i[39m)[33m;[39m
     [90m 390 |[39m   })[33m;[39m
     [90m 391 |[39m[0m

      at Object.toMatch (tests/ragEngine.test.js:388:38)

  ΓùÅ ragEngine helpers ΓÇ║ tryStructuredExactCostAnswer uses full fee 
formatter when fee data exists in a single chunk without OCR quality metadata

    expect(received).toContain(expected) // indexOf

    Expected substring: "Biaya Pendaftaran"
    Received string:    "Program Studi: TI
    Gelombang: 2C
    Tahun Akademik: 2025┬╖┬╖
    Pendaftaran:
    Total Pendaftaran:
    Rp 0┬╖
    DPP:
    Rp 11.000.000
    Potongan DPP Gelombang 2:
    Rp 650.000┬╖
    Biaya Perlengkapan:
    - Jas almamater: Rp 0
    - Topi: Rp 0
    - Kaos: Rp 0
    - GMTI: Rp 0
    - Tas: Rp 0┬╖
    Subtotal Awal Masuk: Rp 11.000.000┬╖
    Total Biaya Masuk: Rp 10.350.000
    Sumber:
    - ti_2c_biaya_detail.pdf"

    [0m [90m 444 |[39m     expect(result)[33m.[39mtoBeTruthy()[33m;[39m
     [90m 445 |[39m     expect(result[33m.[39msource)[33m.[39mtoBe([32m'
rag-fee-structured'[39m)[33m;[39m
    [31m[1m>[22m[39m[90m 446 |[39m     
expect(result[33m.[39manswer)[33m.[39mtoContain([32m'Biaya 
Pendaftaran'[39m)[33m;[39m
     [90m     |[39m                           [31m[1m^[22m[39m
     [90m 447 |[39m     expect(result[33m.[39manswer)[33m.[39mtoContain(
[32m'DPP:'[39m)[33m;[39m
     [90m 448 |[39m   })[33m;[39m
     [90m 449 |[39m[0m

      at Object.toContain (tests/ragEngine.test.js:446:27)

  ΓùÅ ragEngine helpers ΓÇ║ tryStructuredExactCostAnswer does not duplicate 
wave label in full fee answer

    expect(received).toBe(expected) // Object.is equality

    Expected: 1
    Received: 2

    [0m [90m 463 |[39m     
expect(result[33m.[39manswer)[33m.[39mtoContain([32m'Gelombang: 
1C'[39m)[33m;[39m
     [90m 464 |[39m     [36mconst[39m waveMatches [33m=[39m [33mString[
39m(result[33m.[39manswer)[33m.[39mmatch([35m/Gelombang\b/gi[39m) 
[33m||[39m [][33m;[39m
    [31m[1m>[22m[39m[90m 465 |[39m     
expect(waveMatches[33m.[39mlength)[33m.[39mtoBe([35m1[39m)[33m;[39m
     [90m     |[39m                                [31m[1m^[22m[39m
     [90m 466 |[39m   })[33m;[39m
     [90m 467 |[39m
     [90m 468 |[39m   test([32m'tryStructuredExactCostAnswer rejects 
inconsistent exact cost queries without reliable fee evidence'[39m[33m,[39m 
() [33m=>[39m {[0m

      at Object.toBe (tests/ragEngine.test.js:465:32)

Test Suites: 1 failed, 1 total
Tests:       3 failed, 77 skipped, 1 passed, 81 total
Snapshots:   0 total
Time:        604.359 s
Ran all test suites matching /tests\\ragEngine.test.js/i with tests matching 
"tryStructuredExactCostAnswer does not duplicate wave label in full fee 
answer|query returns enrollment discount output with requested wave formatting 
for 1A|tryStructuredExactCostAnswer uses full fee formatter when fee data 
exists in a single chunk without OCR quality metadata|regression: fee intent 
wins when prodi and gelombang present".
